\BOOKMARK [1][-]{section.1}{\376\377\006\107\006\057\006\101\000\040\006\042\006\062\006\105\006\047\006\314\006\064}{}% 1
\BOOKMARK [1][-]{section.2}{\376\377\006\064\006\061\006\055\000\040\006\105\006\063\006\046\006\104\006\107\000\040\006\110\000\040\006\052\006\065\006\105\006\314\006\105\040\014\006\107\006\047\006\314\000\040\006\067\006\061\006\047\006\055\006\314}{}% 2
\BOOKMARK [2][-]{subsection.2.1}{\376\377\006\061\006\101\006\052\006\047\006\061\000\040\006\176\006\064\006\052\006\107}{section.2}% 3
\BOOKMARK [2][-]{subsection.2.2}{\376\377\006\110\006\061\006\110\006\057\006\314\040\014\006\107\006\047\000\040\006\110\000\040\006\056\006\061\006\110\006\054\006\314\040\014\006\107\006\047}{section.2}% 4
\BOOKMARK [2][-]{subsection.2.3}{\376\377\006\106\006\251\006\052\006\300\000\040\006\105\006\061\006\050\006\110\006\067\000\040\006\050\006\107\000\040\006\063\006\314\006\257\006\106\006\047\006\104\000\040\000E\000m\000p\000t\000y}{section.2}% 5
\BOOKMARK [2][-]{subsection.2.4}{\376\377\006\061\006\101\006\052\006\047\006\061\000\040\006\107\006\105\040\014\006\062\006\105\006\047\006\106\000\040\006\057\006\110\000\040\006\101\006\061\006\105\006\047\006\106}{section.2}% 6
\BOOKMARK [1][-]{section.3}{\376\377\006\067\006\061\006\047\006\055\006\314\000\040\006\176\006\064\006\052\006\107\000\040\006\050\006\047\000\040\006\071\006\105\006\102\000\040\006\370\000\040\006\110\000\040\006\176\006\107\006\106\006\047\006\314\000\040\006\364\000\040\006\050\006\314\006\052}{}% 7
\BOOKMARK [2][-]{subsection.3.1}{\376\377\006\063\006\047\006\056\006\052\006\047\006\061\000\040\006\057\006\047\006\056\006\104\006\314}{section.3}% 8
\BOOKMARK [2][-]{subsection.3.2}{\376\377\006\251\006\057\000\040\000V\000e\000r\000i\000l\000o\000g\000\040\006\106\006\063\006\056\006\300\000\040\006\053\006\047\006\050\006\052}{section.3}% 9
\BOOKMARK [1][-]{section.4}{\376\377\006\063\006\106\006\052\006\062\000\040\006\110\000\040\006\105\006\064\006\047\006\107\006\057\006\300\000\040\006\063\006\047\006\056\006\052\006\047\006\061\000\040\006\106\006\063\006\056\006\300\000\040\006\053\006\047\006\050\006\052\000\040\006\057\006\061\000\040\000Q\000u\000a\000r\000t\000u\000s}{}% 10
\BOOKMARK [2][-]{subsection.4.1}{\376\377\006\061\006\110\006\106\006\057\000\040\006\047\006\106\006\054\006\047\006\105\000\040\006\251\006\047\006\061\000\040\006\057\006\061\000\040\000Q\000u\000a\000r\000t\000u\000s}{section.4}% 11
\BOOKMARK [2][-]{subsection.4.2}{\376\377\006\106\006\105\006\047\006\314\000\040\000R\000T\000L}{section.4}% 12
\BOOKMARK [2][-]{subsection.4.3}{\376\377\006\106\006\105\006\047\006\314\000\040\006\176\006\063\000\040\006\047\006\062\000\040\006\106\006\257\006\047\006\064\006\052}{section.4}% 13
\BOOKMARK [2][-]{subsection.4.4}{\376\377\006\106\006\105\006\047\006\314\000\040\006\176\006\063\000\040\006\047\006\062\000\040\006\054\006\047\006\314\006\047\006\050\006\314\000\040\006\110\000\040\006\052\006\067\006\050\006\314\006\102}{section.4}% 14
\BOOKMARK [2][-]{subsection.4.5}{\376\377\006\106\006\052\006\314\006\054\006\300\000\040\006\251\006\047\006\105\006\176\006\047\006\314\006\104\000\040\006\106\006\063\006\056\006\300\000\040\006\053\006\047\006\050\006\052}{section.4}% 15
\BOOKMARK [1][-]{section.5}{\376\377\006\042\006\062\006\105\006\110\006\106\000\040\006\176\006\064\006\052\006\107\006\124\000\040\006\053\006\047\006\050\006\052}{}% 16
\BOOKMARK [2][-]{subsection.5.1}{\376\377\006\063\006\047\006\056\006\052\006\047\006\061\000\040\006\101\006\047\006\314\006\104\000\040\006\042\006\062\006\105\006\110\006\106}{section.5}% 17
\BOOKMARK [2][-]{subsection.5.2}{\376\377\006\064\006\251\006\104\000\040\006\105\006\110\006\054\000\040\006\101\006\047\006\314\006\104\000\040\006\042\006\062\006\105\006\110\006\106\000\040\006\053\006\047\006\050\006\052}{section.5}% 18
\BOOKMARK [1][-]{section.6}{\376\377\006\052\006\110\006\063\006\071\006\300\000\040\006\176\006\047\006\061\006\047\006\105\006\052\006\061\006\314\000\040\006\176\006\064\006\052\006\107}{}% 19
\BOOKMARK [2][-]{subsection.6.1}{\376\377\006\176\006\047\006\061\006\047\006\105\006\052\006\061\006\107\006\047\006\314\000\040\006\102\006\047\006\050\006\104\000\040\006\052\006\106\006\070\006\314\006\105}{section.6}% 20
\BOOKMARK [2][-]{subsection.6.2}{\376\377\006\251\006\057\000\040\000V\000e\000r\000i\000l\000o\000g\000\040\006\106\006\063\006\056\006\300\000\040\006\176\006\047\006\061\006\047\006\105\006\052\006\061\006\314}{section.6}% 21
\BOOKMARK [1][-]{section.7}{\376\377\006\063\006\106\006\052\006\062\000\040\006\106\006\063\006\056\006\300\000\040\006\176\006\047\006\061\006\047\006\105\006\052\006\061\006\314\000\040\006\057\006\061\000\040\000Q\000u\000a\000r\000t\000u\000s}{}% 22
\BOOKMARK [2][-]{subsection.7.1}{\376\377\006\176\006\064\006\052\006\107\006\124\000\040\006\176\006\047\006\061\006\047\006\105\006\052\006\061\006\314\000\040\006\050\006\047\000\040\000D\000E\000P\000T\000H\000=\0008\000\040\006\110\000\040\000W\000I\000D\000T\000H\000=\0004}{section.7}% 23
\BOOKMARK [2][-]{subsection.7.2}{\376\377\006\176\006\064\006\052\006\107\006\124\000\040\006\176\006\047\006\061\006\047\006\105\006\052\006\061\006\314\000\040\006\050\006\047\000\040\000D\000E\000P\000T\000H\000=\0004\000\040\006\110\000\040\000W\000I\000D\000T\000H\000=\0002}{section.7}% 24
\BOOKMARK [2][-]{subsection.7.3}{\376\377\006\106\006\052\006\314\006\054\006\300\000\040\006\251\006\047\006\105\006\176\006\047\006\314\006\104\000\040\006\106\006\063\006\056\006\300\000\040\006\176\006\047\006\061\006\047\006\105\006\052\006\061\006\314}{section.7}% 25
\BOOKMARK [1][-]{section.8}{\376\377\006\101\006\047\006\314\006\104\000\040\006\042\006\062\006\105\006\110\006\106\000\040\006\054\006\047\006\105\006\071\000\040\006\106\006\063\006\056\006\300\000\040\006\176\006\047\006\061\006\047\006\105\006\052\006\061\006\314}{}% 26
\BOOKMARK [2][-]{subsection.8.1}{\376\377\006\107\006\057\006\101\000\040\006\047\006\062\000\040\006\067\006\061\006\047\006\055\006\314\000\040\006\101\006\047\006\314\006\104\000\040\006\042\006\062\006\105\006\110\006\106\000\040\006\054\006\047\006\105\006\071}{section.8}% 27
\BOOKMARK [2][-]{subsection.8.2}{\376\377\006\061\006\110\006\106\006\057\000\040\006\047\006\054\006\061\006\047\006\314\000\040\006\107\006\061\000\040\006\071\006\105\006\104\006\314\006\047\006\052}{section.8}% 28
\BOOKMARK [2][-]{subsection.8.3}{\376\377\006\055\006\047\006\104\006\052\040\014\006\107\006\047\006\314\000\040\006\054\006\107\006\052\040\014\006\057\006\047\006\061\000\040\006\110\000\040\006\105\006\061\006\062\006\314}{section.8}% 29
\BOOKMARK [2][-]{subsection.8.4}{\376\377\006\042\006\062\006\105\006\110\006\106\000\040\006\052\006\106\006\064\000\040\006\052\006\065\006\047\006\057\006\101\006\314}{section.8}% 30
\BOOKMARK [1][-]{section.9}{\376\377\006\106\006\052\006\047\006\314\006\054\000\040\006\064\006\050\006\314\006\107\040\014\006\063\006\047\006\062\006\314\000\040\006\106\006\063\006\056\006\300\000\040\006\176\006\047\006\061\006\047\006\105\006\052\006\061\006\314}{}% 31
\BOOKMARK [2][-]{subsection.9.1}{\376\377\006\106\006\052\006\314\006\054\006\300\000\040\000W\000I\000D\000T\000H\000=\0004\000,\000\040\000D\000E\000P\000T\000H\000=\0008}{section.9}% 32
\BOOKMARK [2][-]{subsection.9.2}{\376\377\006\106\006\052\006\314\006\054\006\300\000\040\000W\000I\000D\000T\000H\000=\0002\000,\000\040\000D\000E\000P\000T\000H\000=\0004}{section.9}% 33
\BOOKMARK [2][-]{subsection.9.3}{\376\377\006\106\006\052\006\314\006\054\006\300\000\040\000W\000I\000D\000T\000H\000=\0008\000,\000\040\000D\000E\000P\000T\000H\000=\0008}{section.9}% 34
\BOOKMARK [2][-]{subsection.9.4}{\376\377\006\106\006\052\006\314\006\054\006\300\000\040\000W\000I\000D\000T\000H\000=\0005\000,\000\040\000D\000E\000P\000T\000H\000=\0005}{section.9}% 35
\BOOKMARK [1][-]{section.10}{\376\377\006\101\006\047\006\314\006\104\000\040\006\042\006\062\006\105\006\110\006\106\000\040\006\106\006\105\006\047\006\314\006\064\006\314\000\040\006\110\000\040\006\052\006\055\006\104\006\314\006\104\000\040\006\064\006\251\006\104\000\040\006\105\006\110\006\054\040\014\006\107\006\047}{}% 36
\BOOKMARK [2][-]{subsection.10.1}{\376\377\006\206\006\061\006\047\000\040\006\314\006\251\000\040\006\101\006\047\006\314\006\104\000\040\006\042\006\062\006\105\006\110\006\106\000\040\006\251\006\110\006\052\006\047\006\107\040\014\006\052\006\061\000\040\006\063\006\047\006\056\006\052\006\107\000\040\006\064\006\057\006\037}{section.10}% 37
\BOOKMARK [2][-]{subsection.10.2}{\376\377\006\064\006\251\006\104\000\040\006\105\006\110\006\054\000\040\006\176\006\064\006\052\006\107\006\124\000\040\006\176\006\047\006\061\006\047\006\105\006\052\006\061\006\314\000\040\006\050\006\047\000\040\006\071\006\105\006\102\000\040\006\370\000\040\006\110\000\040\006\176\006\107\006\106\006\047\006\314\000\040\006\364\000\040\006\050\006\314\006\052}{section.10}% 38
\BOOKMARK [2][-]{subsection.10.3}{\376\377\006\064\006\251\006\104\000\040\006\105\006\110\006\054\000\040\006\176\006\064\006\052\006\107\006\124\000\040\006\176\006\047\006\061\006\047\006\105\006\052\006\061\006\314\000\040\006\050\006\047\000\040\006\071\006\105\006\102\000\040\006\364\000\040\006\110\000\040\006\176\006\107\006\106\006\047\006\314\000\040\006\362\000\040\006\050\006\314\006\052}{section.10}% 39
\BOOKMARK [1][-]{section.11}{\376\377\006\050\006\055\006\053\000\040\006\110\000\040\006\054\006\105\006\071\040\014\006\050\006\106\006\057\006\314\000\040\006\106\006\052\006\047\006\314\006\054}{}% 40
\BOOKMARK [1][-]{section.12}{\376\377\006\101\006\047\006\314\006\104\040\014\006\107\006\047\006\314\000\040\006\052\006\055\006\110\006\314\006\104\006\314}{}% 41
