#! /usr/local/bin/vvp
:ivl_version "13.0 (stable)" "(v13_0-dirty)";
:ivl_delay_selection "TYPICAL";
:vpi_time_precision - 12;
:vpi_module "/usr/local/lib/ivl/system.vpi";
:vpi_module "/usr/local/lib/ivl/vhdl_sys.vpi";
:vpi_module "/usr/local/lib/ivl/vhdl_textio.vpi";
:vpi_module "/usr/local/lib/ivl/v2005_math.vpi";
:vpi_module "/usr/local/lib/ivl/va_math.vpi";
S_0x605948a30d90 .scope module, "Tester" "Tester" 2 3;
 .timescale -9 -12;
P_0x605948a2a120 .param/l "BIT_TICKS" 0 2 5, +C4<00000000000000000000000000000100>;
P_0x605948a2a160 .param/l "CLK_PERIOD" 0 2 6, +C4<00000000000000000000000000001010>;
v0x605948a5a910_0 .net "busy", 0 0, v0x605948a59720_0;  1 drivers
v0x605948a5a9d0_0 .var/i "checks", 31 0;
v0x605948a5aab0_0 .var "clk", 0 0;
v0x605948a5abe0_0 .net "correct_data", 0 0, v0x605948a586d0_0;  1 drivers
v0x605948a5ac80_0 .var/i "errors", 31 0;
v0x605948a5ad90_0 .var/i "i", 31 0;
v0x605948a5ae70_0 .net "manual_correct_data", 0 0, v0x605948a56360_0;  1 drivers
v0x605948a5af10_0 .net "manual_rec_data", 6 0, v0x605948a56620_0;  1 drivers
v0x605948a5afb0_0 .net "manual_rec_new_data", 0 0, v0x605948a56700_0;  1 drivers
v0x605948a5b110_0 .var "manual_rx", 0 0;
v0x605948a5b1e0_0 .var/i "manual_rx_count", 31 0;
v0x605948a5b280_0 .var "new_data", 0 0;
v0x605948a5b320_0 .net "rec_data", 6 0, v0x605948a58950_0;  1 drivers
v0x605948a5b410_0 .net "rec_new_data", 0 0, v0x605948a58a30_0;  1 drivers
v0x605948a5b500_0 .var "rstN", 0 0;
v0x605948a5b630_0 .var "send_data", 6 0;
v0x605948a5b6f0_0 .var "test_id", 4 0;
v0x605948a5b7d0_0 .var/i "top_rx_count", 31 0;
v0x605948a5b8b0_0 .net "tx", 0 0, L_0x6059489aafa0;  1 drivers
v0x605948a5b950_0 .var "verbose", 0 0;
S_0x605948a39230 .scope task, "add_check" "add_check" 2 113, 2 113 0, S_0x605948a30d90;
 .timescale -9 -12;
v0x6059489fd1f0_0 .var "condition", 0 0;
v0x6059489fd150_0 .var "message", 767 0;
TD_Tester.add_check ;
    %load/vec4 v0x605948a5a9d0_0;
    %addi 1, 0, 32;
    %store/vec4 v0x605948a5a9d0_0, 0, 32;
    %load/vec4 v0x6059489fd1f0_0;
    %cmpi/ne 1, 0, 1;
    %jmp/0xz  T_0.0, 6;
    %load/vec4 v0x605948a5ac80_0;
    %addi 1, 0, 32;
    %store/vec4 v0x605948a5ac80_0, 0, 32;
    %vpi_call 2 120 "$display", "FAIL: %0s", v0x6059489fd150_0 {0 0 0};
    %jmp T_0.1;
T_0.0 ;
    %load/vec4 v0x605948a5b950_0;
    %flag_set/vec4 8;
    %jmp/0xz  T_0.2, 8;
    %vpi_call 2 123 "$display", "PASS: %0s", v0x6059489fd150_0 {0 0 0};
T_0.2 ;
T_0.1 ;
    %end;
S_0x605948a54440 .scope begin, "busy_reject_test" "busy_reject_test" 2 436, 2 436 0, S_0x605948a30d90;
 .timescale -9 -12;
v0x6059489a9cb0_0 .var/i "before_count", 31 0;
E_0x6059489bd0e0 .event posedge, v0x605948a562a0_0;
E_0x6059489b8580 .event negedge, v0x605948a562a0_0;
E_0x6059489b7680 .event anyedge, v0x605948a59720_0;
S_0x605948a54700 .scope task, "check_manual_data" "check_manual_data" 2 229, 2 229 0, S_0x605948a30d90;
 .timescale -9 -12;
v0x605948a28b00_0 .var "expected_correct", 0 0;
v0x605948a28d00_0 .var "expected_data", 6 0;
E_0x6059489971c0 .event posedge, v0x605948a56700_0;
TD_Tester.check_manual_data ;
    %wait E_0x6059489971c0;
    %delay 1000, 0;
    %load/vec4 v0x605948a5a9d0_0;
    %addi 1, 0, 32;
    %store/vec4 v0x605948a5a9d0_0, 0, 32;
    %load/vec4 v0x605948a5af10_0;
    %load/vec4 v0x605948a28d00_0;
    %cmp/ne;
    %jmp/1 T_1.6, 6;
    %flag_mov 8, 6;
    %load/vec4 v0x605948a5ae70_0;
    %load/vec4 v0x605948a28b00_0;
    %cmp/ne;
    %flag_or 6, 8;
T_1.6;
    %jmp/0xz  T_1.4, 6;
    %load/vec4 v0x605948a5ac80_0;
    %addi 1, 0, 32;
    %store/vec4 v0x605948a5ac80_0, 0, 32;
    %vpi_call 2 240 "$display", "FAIL: manual expected data=%b correct=%b, got data=%b correct=%b", v0x605948a28d00_0, v0x605948a28b00_0, v0x605948a5af10_0, v0x605948a5ae70_0 {0 0 0};
    %jmp T_1.5;
T_1.4 ;
    %load/vec4 v0x605948a5b950_0;
    %flag_set/vec4 8;
    %jmp/0xz  T_1.7, 8;
    %vpi_call 2 245 "$display", "PASS: manual receiver data=%b correct=%b", v0x605948a28d00_0, v0x605948a28b00_0 {0 0 0};
T_1.7 ;
T_1.5 ;
    %wait E_0x6059489bd0e0;
    %delay 1000, 0;
    %load/vec4 v0x605948a5afb0_0;
    %pushi/vec4 0, 0, 1;
    %cmp/e;
    %flag_get/vec4 6;
    %store/vec4 v0x6059489fd1f0_0, 0, 1;
    %pushi/vec4 0, 0, 32; draw_string_vec4
    %pushi/vec4 0, 0, 32; draw_string_vec4
    %concat/vec4; draw_string_vec4
    %pushi/vec4 0, 0, 32; draw_string_vec4
    %concat/vec4; draw_string_vec4
    %pushi/vec4 0, 0, 32; draw_string_vec4
    %concat/vec4; draw_string_vec4
    %pushi/vec4 0, 0, 32; draw_string_vec4
    %concat/vec4; draw_string_vec4
    %pushi/vec4 0, 0, 32; draw_string_vec4
    %concat/vec4; draw_string_vec4
    %pushi/vec4 0, 0, 32; draw_string_vec4
    %concat/vec4; draw_string_vec4
    %pushi/vec4 0, 0, 32; draw_string_vec4
    %concat/vec4; draw_string_vec4
    %pushi/vec4 0, 0, 32; draw_string_vec4
    %concat/vec4; draw_string_vec4
    %pushi/vec4 0, 0, 32; draw_string_vec4
    %concat/vec4; draw_string_vec4
    %pushi/vec4 0, 0, 32; draw_string_vec4
    %concat/vec4; draw_string_vec4
    %pushi/vec4 0, 0, 32; draw_string_vec4
    %concat/vec4; draw_string_vec4
    %pushi/vec4 0, 0, 32; draw_string_vec4
    %concat/vec4; draw_string_vec4
    %pushi/vec4 0, 0, 32; draw_string_vec4
    %concat/vec4; draw_string_vec4
    %pushi/vec4 1835101813, 0, 32; draw_string_vec4
    %concat/vec4; draw_string_vec4
    %pushi/vec4 1634476146, 0, 32; draw_string_vec4
    %concat/vec4; draw_string_vec4
    %pushi/vec4 1701011310, 0, 32; draw_string_vec4
    %concat/vec4; draw_string_vec4
    %pushi/vec4 1702322020, 0, 32; draw_string_vec4
    %concat/vec4; draw_string_vec4
    %pushi/vec4 1635016992, 0, 32; draw_string_vec4
    %concat/vec4; draw_string_vec4
    %pushi/vec4 1769152609, 0, 32; draw_string_vec4
    %concat/vec4; draw_string_vec4
    %pushi/vec4 544173669, 0, 32; draw_string_vec4
    %concat/vec4; draw_string_vec4
    %pushi/vec4 761490543, 0, 32; draw_string_vec4
    %concat/vec4; draw_string_vec4
    %pushi/vec4 1667965040, 0, 32; draw_string_vec4
    %concat/vec4; draw_string_vec4
    %pushi/vec4 1970041701, 0, 32; draw_string_vec4
    %concat/vec4; draw_string_vec4
    %store/vec4 v0x6059489fd150_0, 0, 768;
    %fork TD_Tester.add_check, S_0x605948a39230;
    %join;
    %end;
S_0x605948a54980 .scope task, "check_serial_frame" "check_serial_frame" 2 281, 2 281 0, S_0x605948a30d90;
 .timescale -9 -12;
v0x605948a33380_0 .var "data", 6 0;
v0x605948a33420_0 .var/i "k", 31 0;
v0x605948a54c00_0 .var "parity_bit", 0 0;
TD_Tester.check_serial_frame ;
    %load/vec4 v0x605948a33380_0;
    %xor/r;
    %store/vec4 v0x605948a54c00_0, 0, 1;
T_2.9 ;
    %load/vec4 v0x605948a5a910_0;
    %pushi/vec4 1, 0, 1;
    %cmp/e;
    %flag_get/vec4 6;
    %cmpi/ne 1, 0, 1;
    %jmp/0xz T_2.10, 6;
    %wait E_0x6059489b7680;
    %jmp T_2.9;
T_2.10 ;
    %pushi/vec4 0, 0, 1;
    %store/vec4 v0x605948a551f0_0, 0, 1;
    %fork TD_Tester.check_tx_bit, S_0x605948a55010;
    %join;
    %load/vec4 v0x605948a54c00_0;
    %store/vec4 v0x605948a551f0_0, 0, 1;
    %fork TD_Tester.check_tx_bit, S_0x605948a55010;
    %join;
    %pushi/vec4 0, 0, 32;
    %store/vec4 v0x605948a33420_0, 0, 32;
T_2.11 ; Top of for-loop
    %load/vec4 v0x605948a33420_0;
    %cmpi/s 7, 0, 32;
	  %jmp/0xz T_2.12, 5;
    %load/vec4 v0x605948a33380_0;
    %load/vec4 v0x605948a33420_0;
    %part/s 1;
    %store/vec4 v0x605948a551f0_0, 0, 1;
    %fork TD_Tester.check_tx_bit, S_0x605948a55010;
    %join;
T_2.13 ; for-loop step statement
    %load/vec4 v0x605948a33420_0;
    %addi 1, 0, 32;
    %store/vec4 v0x605948a33420_0, 0, 32;
    %jmp T_2.11;
T_2.12 ; for-loop exit label
    %pushi/vec4 1, 0, 1;
    %store/vec4 v0x605948a551f0_0, 0, 1;
    %fork TD_Tester.check_tx_bit, S_0x605948a55010;
    %join;
    %wait E_0x6059489bd0e0;
    %delay 1000, 0;
    %load/vec4 v0x605948a5a910_0;
    %cmpi/e 0, 0, 1;
    %flag_get/vec4 6;
    %jmp/0 T_2.14, 6;
    %load/vec4 v0x605948a5b8b0_0;
    %pushi/vec4 1, 0, 1;
    %cmp/e;
    %flag_get/vec4 6;
    %and;
T_2.14;
    %store/vec4 v0x6059489fd1f0_0, 0, 1;
    %pushi/vec4 0, 0, 32; draw_string_vec4
    %pushi/vec4 0, 0, 32; draw_string_vec4
    %concat/vec4; draw_string_vec4
    %pushi/vec4 0, 0, 32; draw_string_vec4
    %concat/vec4; draw_string_vec4
    %pushi/vec4 0, 0, 32; draw_string_vec4
    %concat/vec4; draw_string_vec4
    %pushi/vec4 0, 0, 32; draw_string_vec4
    %concat/vec4; draw_string_vec4
    %pushi/vec4 0, 0, 32; draw_string_vec4
    %concat/vec4; draw_string_vec4
    %pushi/vec4 0, 0, 32; draw_string_vec4
    %concat/vec4; draw_string_vec4
    %pushi/vec4 0, 0, 32; draw_string_vec4
    %concat/vec4; draw_string_vec4
    %pushi/vec4 0, 0, 32; draw_string_vec4
    %concat/vec4; draw_string_vec4
    %pushi/vec4 0, 0, 32; draw_string_vec4
    %concat/vec4; draw_string_vec4
    %pushi/vec4 25205, 0, 32; draw_string_vec4
    %concat/vec4; draw_string_vec4
    %pushi/vec4 1937317987, 0, 32; draw_string_vec4
    %concat/vec4; draw_string_vec4
    %pushi/vec4 1818583410, 0, 32; draw_string_vec4
    %concat/vec4; draw_string_vec4
    %pushi/vec4 1931505518, 0, 32; draw_string_vec4
    %concat/vec4; draw_string_vec4
    %pushi/vec4 1819877473, 0, 32; draw_string_vec4
    %concat/vec4; draw_string_vec4
    %pushi/vec4 1718904178, 0, 32; draw_string_vec4
    %concat/vec4; draw_string_vec4
    %pushi/vec4 544437359, 0, 32; draw_string_vec4
    %concat/vec4; draw_string_vec4
    %pushi/vec4 1881170537, 0, 32; draw_string_vec4
    %concat/vec4; draw_string_vec4
    %pushi/vec4 1948279150, 0, 32; draw_string_vec4
    %concat/vec4; draw_string_vec4
    %pushi/vec4 1679848568, 0, 32; draw_string_vec4
    %concat/vec4; draw_string_vec4
    %pushi/vec4 544367988, 0, 32; draw_string_vec4
    %concat/vec4; draw_string_vec4
    %pushi/vec4 1970433651, 0, 32; draw_string_vec4
    %concat/vec4; draw_string_vec4
    %pushi/vec4 544501536, 0, 32; draw_string_vec4
    %concat/vec4; draw_string_vec4
    %pushi/vec4 1768189029, 0, 32; draw_string_vec4
    %concat/vec4; draw_string_vec4
    %store/vec4 v0x6059489fd150_0, 0, 768;
    %fork TD_Tester.add_check, S_0x605948a39230;
    %join;
    %end;
S_0x605948a54ca0 .scope task, "check_top_data" "check_top_data" 2 177, 2 177 0, S_0x605948a30d90;
 .timescale -9 -12;
v0x605948a54f10_0 .var "expected", 6 0;
E_0x605948a386a0 .event posedge, v0x605948a58a30_0;
TD_Tester.check_top_data ;
    %wait E_0x605948a386a0;
    %delay 1000, 0;
    %load/vec4 v0x605948a5a9d0_0;
    %addi 1, 0, 32;
    %store/vec4 v0x605948a5a9d0_0, 0, 32;
    %load/vec4 v0x605948a5b320_0;
    %load/vec4 v0x605948a54f10_0;
    %cmp/ne;
    %jmp/1 T_3.17, 6;
    %flag_mov 8, 6;
    %load/vec4 v0x605948a5abe0_0;
    %cmpi/ne 1, 0, 1;
    %flag_or 6, 8;
T_3.17;
    %jmp/0xz  T_3.15, 6;
    %load/vec4 v0x605948a5ac80_0;
    %addi 1, 0, 32;
    %store/vec4 v0x605948a5ac80_0, 0, 32;
    %vpi_call 2 186 "$display", "FAIL: top expected data=%b correct=1, got data=%b correct=%b", v0x605948a54f10_0, v0x605948a5b320_0, v0x605948a5abe0_0 {0 0 0};
    %jmp T_3.16;
T_3.15 ;
    %load/vec4 v0x605948a5b950_0;
    %flag_set/vec4 8;
    %jmp/0xz  T_3.18, 8;
    %vpi_call 2 190 "$display", "PASS: top received %b correctly", v0x605948a54f10_0 {0 0 0};
T_3.18 ;
T_3.16 ;
    %wait E_0x6059489bd0e0;
    %delay 1000, 0;
    %load/vec4 v0x605948a5b410_0;
    %pushi/vec4 0, 0, 1;
    %cmp/e;
    %flag_get/vec4 6;
    %store/vec4 v0x6059489fd1f0_0, 0, 1;
    %pushi/vec4 0, 0, 32; draw_string_vec4
    %pushi/vec4 0, 0, 32; draw_string_vec4
    %concat/vec4; draw_string_vec4
    %pushi/vec4 0, 0, 32; draw_string_vec4
    %concat/vec4; draw_string_vec4
    %pushi/vec4 0, 0, 32; draw_string_vec4
    %concat/vec4; draw_string_vec4
    %pushi/vec4 0, 0, 32; draw_string_vec4
    %concat/vec4; draw_string_vec4
    %pushi/vec4 0, 0, 32; draw_string_vec4
    %concat/vec4; draw_string_vec4
    %pushi/vec4 0, 0, 32; draw_string_vec4
    %concat/vec4; draw_string_vec4
    %pushi/vec4 0, 0, 32; draw_string_vec4
    %concat/vec4; draw_string_vec4
    %pushi/vec4 0, 0, 32; draw_string_vec4
    %concat/vec4; draw_string_vec4
    %pushi/vec4 0, 0, 32; draw_string_vec4
    %concat/vec4; draw_string_vec4
    %pushi/vec4 0, 0, 32; draw_string_vec4
    %concat/vec4; draw_string_vec4
    %pushi/vec4 0, 0, 32; draw_string_vec4
    %concat/vec4; draw_string_vec4
    %pushi/vec4 0, 0, 32; draw_string_vec4
    %concat/vec4; draw_string_vec4
    %pushi/vec4 0, 0, 32; draw_string_vec4
    %concat/vec4; draw_string_vec4
    %pushi/vec4 0, 0, 32; draw_string_vec4
    %concat/vec4; draw_string_vec4
    %pushi/vec4 114, 0, 32; draw_string_vec4
    %concat/vec4; draw_string_vec4
    %pushi/vec4 1701011310, 0, 32; draw_string_vec4
    %concat/vec4; draw_string_vec4
    %pushi/vec4 1702322020, 0, 32; draw_string_vec4
    %concat/vec4; draw_string_vec4
    %pushi/vec4 1635016992, 0, 32; draw_string_vec4
    %concat/vec4; draw_string_vec4
    %pushi/vec4 1769152609, 0, 32; draw_string_vec4
    %concat/vec4; draw_string_vec4
    %pushi/vec4 544173669, 0, 32; draw_string_vec4
    %concat/vec4; draw_string_vec4
    %pushi/vec4 761490543, 0, 32; draw_string_vec4
    %concat/vec4; draw_string_vec4
    %pushi/vec4 1667965040, 0, 32; draw_string_vec4
    %concat/vec4; draw_string_vec4
    %pushi/vec4 1970041701, 0, 32; draw_string_vec4
    %concat/vec4; draw_string_vec4
    %store/vec4 v0x6059489fd150_0, 0, 768;
    %fork TD_Tester.add_check, S_0x605948a39230;
    %join;
    %end;
S_0x605948a55010 .scope task, "check_tx_bit" "check_tx_bit" 2 258, 2 258 0, S_0x605948a30d90;
 .timescale -9 -12;
v0x605948a551f0_0 .var "expected", 0 0;
v0x605948a552d0_0 .var/i "k", 31 0;
TD_Tester.check_tx_bit ;
    %pushi/vec4 0, 0, 32;
    %store/vec4 v0x605948a552d0_0, 0, 32;
T_4.20 ; Top of for-loop
    %load/vec4 v0x605948a552d0_0;
    %cmpi/s 4, 0, 32;
	  %jmp/0xz T_4.21, 5;
    %wait E_0x6059489b8580;
    %load/vec4 v0x605948a5a9d0_0;
    %addi 1, 0, 32;
    %store/vec4 v0x605948a5a9d0_0, 0, 32;
    %load/vec4 v0x605948a5b8b0_0;
    %load/vec4 v0x605948a551f0_0;
    %cmp/ne;
    %jmp/0xz  T_4.23, 6;
    %load/vec4 v0x605948a5ac80_0;
    %addi 1, 0, 32;
    %store/vec4 v0x605948a5ac80_0, 0, 32;
    %vpi_call 2 267 "$display", "FAIL: tx bit mismatch at test_id=%0d expected=%b got=%b time=%0t", v0x605948a5b6f0_0, v0x605948a551f0_0, v0x605948a5b8b0_0, $time {0 0 0};
T_4.23 ;
    %load/vec4 v0x605948a5a9d0_0;
    %addi 1, 0, 32;
    %store/vec4 v0x605948a5a9d0_0, 0, 32;
    %load/vec4 v0x605948a5a910_0;
    %cmpi/ne 1, 0, 1;
    %jmp/0xz  T_4.25, 6;
    %load/vec4 v0x605948a5ac80_0;
    %addi 1, 0, 32;
    %store/vec4 v0x605948a5ac80_0, 0, 32;
    %vpi_call 2 274 "$display", "FAIL: busy dropped inside a frame at test_id=%0d time=%0t", v0x605948a5b6f0_0, $time {0 0 0};
T_4.25 ;
T_4.22 ; for-loop step statement
    %load/vec4 v0x605948a552d0_0;
    %addi 1, 0, 32;
    %store/vec4 v0x605948a552d0_0, 0, 32;
    %jmp T_4.20;
T_4.21 ; for-loop exit label
    %end;
S_0x605948a553b0 .scope task, "drive_manual_bit" "drive_manual_bit" 2 203, 2 203 0, S_0x605948a30d90;
 .timescale -9 -12;
v0x605948a55590_0 .var "bit_value", 0 0;
TD_Tester.drive_manual_bit ;
    %wait E_0x6059489b8580;
    %load/vec4 v0x605948a55590_0;
    %store/vec4 v0x605948a5b110_0, 0, 1;
    %pushi/vec4 3, 0, 32;
T_5.27 %dup/vec4;
    %cmpi/s 0, 0, 32;
    %jmp/1xz T_5.28, 5;
    %jmp/1 T_5.28, 4;
    %subi 1, 0, 32;
    %wait E_0x6059489b8580;
    %jmp T_5.27;
T_5.28 ;
    %pop/vec4 1;
    %end;
S_0x605948a55670 .scope begin, "exhaustive_test" "exhaustive_test" 2 542, 2 542 0, S_0x605948a30d90;
 .timescale -9 -12;
v0x605948a55850_0 .var/i "errors_before", 31 0;
S_0x605948a55950 .scope begin, "false_start_test" "false_start_test" 2 508, 2 508 0, S_0x605948a30d90;
 .timescale -9 -12;
v0x605948a55b30_0 .var/i "before_count", 31 0;
S_0x605948a55c30 .scope module, "manual_rx_dut" "UARTReceiver" 2 56, 3 1 0, S_0x605948a30d90;
 .timescale -9 -12;
    .port_info 0 /INPUT 1 "clk";
    .port_info 1 /INPUT 1 "rstN";
    .port_info 2 /INPUT 1 "rx";
    .port_info 3 /OUTPUT 7 "rec_data";
    .port_info 4 /OUTPUT 1 "rec_new_data";
    .port_info 5 /OUTPUT 1 "correct_data";
P_0x605948974cd0 .param/l "BIT_TICKS" 0 3 11, +C4<00000000000000000000000000000100>;
P_0x605948974d10 .param/l "DATA" 1 3 17, C4<011>;
P_0x605948974d50 .param/l "HALF_BIT_TICKS" 1 3 20, +C4<00000000000000000000000000000010>;
P_0x605948974d90 .param/l "IDLE" 1 3 14, C4<000>;
P_0x605948974dd0 .param/l "PARITY" 1 3 16, C4<010>;
P_0x605948974e10 .param/l "START" 1 3 15, C4<001>;
P_0x605948974e50 .param/l "STOP" 1 3 18, C4<100>;
v0x605948a561a0_0 .var "bit_idx", 2 0;
v0x605948a562a0_0 .net "clk", 0 0, v0x605948a5aab0_0;  1 drivers
v0x605948a56360_0 .var "correct_data", 0 0;
v0x605948a56430_0 .var "data_reg", 6 0;
v0x605948a56510_0 .var "parity_reg", 0 0;
v0x605948a56620_0 .var "rec_data", 6 0;
v0x605948a56700_0 .var "rec_new_data", 0 0;
v0x605948a567c0_0 .net "rstN", 0 0, v0x605948a5b500_0;  1 drivers
v0x605948a56880_0 .net "rx", 0 0, v0x605948a5b110_0;  1 drivers
v0x605948a56940_0 .var "state", 2 0;
v0x605948a56a20_0 .var/i "tick_count", 31 0;
E_0x605948a56140/0 .event negedge, v0x605948a567c0_0;
E_0x605948a56140/1 .event posedge, v0x605948a562a0_0;
E_0x605948a56140 .event/or E_0x605948a56140/0, E_0x605948a56140/1;
S_0x605948a56c00 .scope task, "reset_all" "reset_all" 2 128, 2 128 0, S_0x605948a30d90;
 .timescale -9 -12;
TD_Tester.reset_all ;
    %pushi/vec4 0, 0, 1;
    %store/vec4 v0x605948a5b500_0, 0, 1;
    %pushi/vec4 0, 0, 1;
    %store/vec4 v0x605948a5b280_0, 0, 1;
    %pushi/vec4 0, 0, 7;
    %store/vec4 v0x605948a5b630_0, 0, 7;
    %pushi/vec4 1, 0, 1;
    %store/vec4 v0x605948a5b110_0, 0, 1;
    %delay 1000, 0;
    %load/vec4 v0x605948a5b8b0_0;
    %cmpi/e 1, 0, 1;
    %flag_get/vec4 6;
    %jmp/0 T_6.29, 6;
    %load/vec4 v0x605948a5a910_0;
    %pushi/vec4 0, 0, 1;
    %cmp/e;
    %flag_get/vec4 6;
    %and;
T_6.29;
    %store/vec4 v0x6059489fd1f0_0, 0, 1;
    %pushi/vec4 0, 0, 32; draw_string_vec4
    %pushi/vec4 0, 0, 32; draw_string_vec4
    %concat/vec4; draw_string_vec4
    %pushi/vec4 0, 0, 32; draw_string_vec4
    %concat/vec4; draw_string_vec4
    %pushi/vec4 0, 0, 32; draw_string_vec4
    %concat/vec4; draw_string_vec4
    %pushi/vec4 0, 0, 32; draw_string_vec4
    %concat/vec4; draw_string_vec4
    %pushi/vec4 0, 0, 32; draw_string_vec4
    %concat/vec4; draw_string_vec4
    %pushi/vec4 0, 0, 32; draw_string_vec4
    %concat/vec4; draw_string_vec4
    %pushi/vec4 0, 0, 32; draw_string_vec4
    %concat/vec4; draw_string_vec4
    %pushi/vec4 0, 0, 32; draw_string_vec4
    %concat/vec4; draw_string_vec4
    %pushi/vec4 0, 0, 32; draw_string_vec4
    %concat/vec4; draw_string_vec4
    %pushi/vec4 0, 0, 32; draw_string_vec4
    %concat/vec4; draw_string_vec4
    %pushi/vec4 0, 0, 32; draw_string_vec4
    %concat/vec4; draw_string_vec4
    %pushi/vec4 7562606, 0, 32; draw_string_vec4
    %concat/vec4; draw_string_vec4
    %pushi/vec4 1684369952, 0, 32; draw_string_vec4
    %concat/vec4; draw_string_vec4
    %pushi/vec4 1919251573, 0, 32; draw_string_vec4
    %concat/vec4; draw_string_vec4
    %pushi/vec4 1919841056, 0, 32; draw_string_vec4
    %concat/vec4; draw_string_vec4
    %pushi/vec4 1953439849, 0, 32; draw_string_vec4
    %concat/vec4; draw_string_vec4
    %pushi/vec4 1684825376, 0, 32; draw_string_vec4
    %concat/vec4; draw_string_vec4
    %pushi/vec4 1768779109, 0, 32; draw_string_vec4
    %concat/vec4; draw_string_vec4
    %pushi/vec4 1684627828, 0, 32; draw_string_vec4
    %concat/vec4; draw_string_vec4
    %pushi/vec4 1701607712, 0, 32; draw_string_vec4
    %concat/vec4; draw_string_vec4
    %pushi/vec4 1685418601, 0, 32; draw_string_vec4
    %concat/vec4; draw_string_vec4
    %pushi/vec4 1852252274, 0, 32; draw_string_vec4
    %concat/vec4; draw_string_vec4
    %pushi/vec4 1702061428, 0, 32; draw_string_vec4
    %concat/vec4; draw_string_vec4
    %store/vec4 v0x6059489fd150_0, 0, 768;
    %fork TD_Tester.add_check, S_0x605948a39230;
    %join;
    %load/vec4 v0x605948a5b410_0;
    %cmpi/e 0, 0, 1;
    %flag_get/vec4 6;
    %jmp/0 T_6.30, 6;
    %load/vec4 v0x605948a5abe0_0;
    %pushi/vec4 0, 0, 1;
    %cmp/e;
    %flag_get/vec4 6;
    %and;
T_6.30;
    %store/vec4 v0x6059489fd1f0_0, 0, 1;
    %pushi/vec4 0, 0, 32; draw_string_vec4
    %pushi/vec4 0, 0, 32; draw_string_vec4
    %concat/vec4; draw_string_vec4
    %pushi/vec4 0, 0, 32; draw_string_vec4
    %concat/vec4; draw_string_vec4
    %pushi/vec4 0, 0, 32; draw_string_vec4
    %concat/vec4; draw_string_vec4
    %pushi/vec4 0, 0, 32; draw_string_vec4
    %concat/vec4; draw_string_vec4
    %pushi/vec4 0, 0, 32; draw_string_vec4
    %concat/vec4; draw_string_vec4
    %pushi/vec4 0, 0, 32; draw_string_vec4
    %concat/vec4; draw_string_vec4
    %pushi/vec4 0, 0, 32; draw_string_vec4
    %concat/vec4; draw_string_vec4
    %pushi/vec4 0, 0, 32; draw_string_vec4
    %concat/vec4; draw_string_vec4
    %pushi/vec4 0, 0, 32; draw_string_vec4
    %concat/vec4; draw_string_vec4
    %pushi/vec4 0, 0, 32; draw_string_vec4
    %concat/vec4; draw_string_vec4
    %pushi/vec4 0, 0, 32; draw_string_vec4
    %concat/vec4; draw_string_vec4
    %pushi/vec4 0, 0, 32; draw_string_vec4
    %concat/vec4; draw_string_vec4
    %pushi/vec4 29285, 0, 32; draw_string_vec4
    %concat/vec4; draw_string_vec4
    %pushi/vec4 1667590518, 0, 32; draw_string_vec4
    %concat/vec4; draw_string_vec4
    %pushi/vec4 1701978227, 0, 32; draw_string_vec4
    %concat/vec4; draw_string_vec4
    %pushi/vec4 1952543861, 0, 32; draw_string_vec4
    %concat/vec4; draw_string_vec4
    %pushi/vec4 1931505525, 0, 32; draw_string_vec4
    %concat/vec4; draw_string_vec4
    %pushi/vec4 1953527156, 0, 32; draw_string_vec4
    %concat/vec4; draw_string_vec4
    %pushi/vec4 1931502444, 0, 32; draw_string_vec4
    %concat/vec4; draw_string_vec4
    %pushi/vec4 1700885024, 0, 32; draw_string_vec4
    %concat/vec4; draw_string_vec4
    %pushi/vec4 1685418601, 0, 32; draw_string_vec4
    %concat/vec4; draw_string_vec4
    %pushi/vec4 1852252274, 0, 32; draw_string_vec4
    %concat/vec4; draw_string_vec4
    %pushi/vec4 1702061428, 0, 32; draw_string_vec4
    %concat/vec4; draw_string_vec4
    %store/vec4 v0x6059489fd150_0, 0, 768;
    %fork TD_Tester.add_check, S_0x605948a39230;
    %join;
    %load/vec4 v0x605948a5afb0_0;
    %cmpi/e 0, 0, 1;
    %flag_get/vec4 6;
    %jmp/0 T_6.31, 6;
    %load/vec4 v0x605948a5ae70_0;
    %pushi/vec4 0, 0, 1;
    %cmp/e;
    %flag_get/vec4 6;
    %and;
T_6.31;
    %store/vec4 v0x6059489fd1f0_0, 0, 1;
    %pushi/vec4 0, 0, 32; draw_string_vec4
    %pushi/vec4 0, 0, 32; draw_string_vec4
    %concat/vec4; draw_string_vec4
    %pushi/vec4 0, 0, 32; draw_string_vec4
    %concat/vec4; draw_string_vec4
    %pushi/vec4 0, 0, 32; draw_string_vec4
    %concat/vec4; draw_string_vec4
    %pushi/vec4 0, 0, 32; draw_string_vec4
    %concat/vec4; draw_string_vec4
    %pushi/vec4 0, 0, 32; draw_string_vec4
    %concat/vec4; draw_string_vec4
    %pushi/vec4 0, 0, 32; draw_string_vec4
    %concat/vec4; draw_string_vec4
    %pushi/vec4 0, 0, 32; draw_string_vec4
    %concat/vec4; draw_string_vec4
    %pushi/vec4 0, 0, 32; draw_string_vec4
    %concat/vec4; draw_string_vec4
    %pushi/vec4 0, 0, 32; draw_string_vec4
    %concat/vec4; draw_string_vec4
    %pushi/vec4 0, 0, 32; draw_string_vec4
    %concat/vec4; draw_string_vec4
    %pushi/vec4 109, 0, 32; draw_string_vec4
    %concat/vec4; draw_string_vec4
    %pushi/vec4 1634628961, 0, 32; draw_string_vec4
    %concat/vec4; draw_string_vec4
    %pushi/vec4 1814065765, 0, 32; draw_string_vec4
    %concat/vec4; draw_string_vec4
    %pushi/vec4 1667590518, 0, 32; draw_string_vec4
    %concat/vec4; draw_string_vec4
    %pushi/vec4 1701978227, 0, 32; draw_string_vec4
    %concat/vec4; draw_string_vec4
    %pushi/vec4 1952543861, 0, 32; draw_string_vec4
    %concat/vec4; draw_string_vec4
    %pushi/vec4 1931505525, 0, 32; draw_string_vec4
    %concat/vec4; draw_string_vec4
    %pushi/vec4 1953527156, 0, 32; draw_string_vec4
    %concat/vec4; draw_string_vec4
    %pushi/vec4 1931502444, 0, 32; draw_string_vec4
    %concat/vec4; draw_string_vec4
    %pushi/vec4 1700885024, 0, 32; draw_string_vec4
    %concat/vec4; draw_string_vec4
    %pushi/vec4 1685418601, 0, 32; draw_string_vec4
    %concat/vec4; draw_string_vec4
    %pushi/vec4 1852252274, 0, 32; draw_string_vec4
    %concat/vec4; draw_string_vec4
    %pushi/vec4 1702061428, 0, 32; draw_string_vec4
    %concat/vec4; draw_string_vec4
    %store/vec4 v0x6059489fd150_0, 0, 768;
    %fork TD_Tester.add_check, S_0x605948a39230;
    %join;
    %pushi/vec4 3, 0, 32;
T_6.32 %dup/vec4;
    %cmpi/s 0, 0, 32;
    %jmp/1xz T_6.33, 5;
    %jmp/1 T_6.33, 4;
    %subi 1, 0, 32;
    %wait E_0x6059489bd0e0;
    %jmp T_6.32;
T_6.33 ;
    %pop/vec4 1;
    %wait E_0x6059489b8580;
    %pushi/vec4 1, 0, 1;
    %store/vec4 v0x605948a5b500_0, 0, 1;
    %pushi/vec4 3, 0, 32;
T_6.34 %dup/vec4;
    %cmpi/s 0, 0, 32;
    %jmp/1xz T_6.35, 5;
    %jmp/1 T_6.35, 4;
    %subi 1, 0, 32;
    %wait E_0x6059489bd0e0;
    %jmp T_6.34;
T_6.35 ;
    %pop/vec4 1;
    %end;
S_0x605948a56d90 .scope begin, "reset_mid_frame_test" "reset_mid_frame_test" 2 471, 2 471 0, S_0x605948a30d90;
 .timescale -9 -12;
v0x605948a56f70_0 .var/i "before_count", 31 0;
S_0x605948a57070 .scope task, "send_manual_frame" "send_manual_frame" 2 212, 2 212 0, S_0x605948a30d90;
 .timescale -9 -12;
v0x605948a57250_0 .var "data", 6 0;
v0x605948a57350_0 .var/i "k", 31 0;
v0x605948a57430_0 .var "parity_bit", 0 0;
v0x605948a574d0_0 .var "stop_bit", 0 0;
TD_Tester.send_manual_frame ;
    %pushi/vec4 0, 0, 1;
    %store/vec4 v0x605948a55590_0, 0, 1;
    %fork TD_Tester.drive_manual_bit, S_0x605948a553b0;
    %join;
    %load/vec4 v0x605948a57430_0;
    %store/vec4 v0x605948a55590_0, 0, 1;
    %fork TD_Tester.drive_manual_bit, S_0x605948a553b0;
    %join;
    %pushi/vec4 0, 0, 32;
    %store/vec4 v0x605948a57350_0, 0, 32;
T_7.36 ; Top of for-loop
    %load/vec4 v0x605948a57350_0;
    %cmpi/s 7, 0, 32;
	  %jmp/0xz T_7.37, 5;
    %load/vec4 v0x605948a57250_0;
    %load/vec4 v0x605948a57350_0;
    %part/s 1;
    %store/vec4 v0x605948a55590_0, 0, 1;
    %fork TD_Tester.drive_manual_bit, S_0x605948a553b0;
    %join;
T_7.38 ; for-loop step statement
    %load/vec4 v0x605948a57350_0;
    %addi 1, 0, 32;
    %store/vec4 v0x605948a57350_0, 0, 32;
    %jmp T_7.36;
T_7.37 ; for-loop exit label
    %load/vec4 v0x605948a574d0_0;
    %store/vec4 v0x605948a55590_0, 0, 1;
    %fork TD_Tester.drive_manual_bit, S_0x605948a553b0;
    %join;
    %pushi/vec4 1, 0, 1;
    %store/vec4 v0x605948a55590_0, 0, 1;
    %fork TD_Tester.drive_manual_bit, S_0x605948a553b0;
    %join;
    %end;
S_0x605948a57590 .scope task, "send_top_data" "send_top_data" 2 163, 2 163 0, S_0x605948a30d90;
 .timescale -9 -12;
v0x605948a57770_0 .var "data", 6 0;
TD_Tester.send_top_data ;
T_8.39 ;
    %load/vec4 v0x605948a5a910_0;
    %pushi/vec4 0, 0, 1;
    %cmp/e;
    %flag_get/vec4 6;
    %cmpi/ne 1, 0, 1;
    %jmp/0xz T_8.40, 6;
    %wait E_0x6059489b7680;
    %jmp T_8.39;
T_8.40 ;
    %wait E_0x6059489b8580;
    %load/vec4 v0x605948a57770_0;
    %store/vec4 v0x605948a5b630_0, 0, 7;
    %pushi/vec4 1, 0, 1;
    %store/vec4 v0x605948a5b280_0, 0, 1;
    %wait E_0x6059489b8580;
    %pushi/vec4 0, 0, 1;
    %store/vec4 v0x605948a5b280_0, 0, 1;
    %end;
S_0x605948a57870 .scope task, "test_gap" "test_gap" 2 153, 2 153 0, S_0x605948a30d90;
 .timescale -9 -12;
TD_Tester.test_gap ;
    %pushi/vec4 0, 0, 5;
    %store/vec4 v0x605948a5b6f0_0, 0, 5;
    %pushi/vec4 0, 0, 1;
    %store/vec4 v0x605948a5b280_0, 0, 1;
    %pushi/vec4 0, 0, 7;
    %store/vec4 v0x605948a5b630_0, 0, 7;
    %pushi/vec4 1, 0, 1;
    %store/vec4 v0x605948a5b110_0, 0, 1;
    %pushi/vec4 4, 0, 32;
T_9.41 %dup/vec4;
    %cmpi/s 0, 0, 32;
    %jmp/1xz T_9.42, 5;
    %jmp/1 T_9.42, 4;
    %subi 1, 0, 32;
    %wait E_0x6059489bd0e0;
    %jmp T_9.41;
T_9.42 ;
    %pop/vec4 1;
    %end;
S_0x605948a57a50 .scope module, "top_dut" "UARTTop" 2 42, 4 1 0, S_0x605948a30d90;
 .timescale -9 -12;
    .port_info 0 /INPUT 1 "clk";
    .port_info 1 /INPUT 1 "rstN";
    .port_info 2 /INPUT 1 "new_data";
    .port_info 3 /INPUT 7 "send_data";
    .port_info 4 /OUTPUT 1 "tx";
    .port_info 5 /OUTPUT 1 "busy";
    .port_info 6 /OUTPUT 1 "rec_new_data";
    .port_info 7 /OUTPUT 7 "rec_data";
    .port_info 8 /OUTPUT 1 "correct_data";
P_0x605948a57c30 .param/l "BIT_TICKS" 0 4 14, +C4<00000000000000000000000000000100>;
L_0x6059489aafa0 .functor BUFZ 1, v0x605948a59f20_0, C4<0>, C4<0>, C4<0>;
v0x605948a5a0a0_0 .net "busy", 0 0, v0x605948a59720_0;  alias, 1 drivers
v0x605948a5a160_0 .net "clk", 0 0, v0x605948a5aab0_0;  alias, 1 drivers
v0x605948a5a200_0 .net "correct_data", 0 0, v0x605948a586d0_0;  alias, 1 drivers
v0x605948a5a2d0_0 .net "new_data", 0 0, v0x605948a5b280_0;  1 drivers
v0x605948a5a3a0_0 .net "rec_data", 6 0, v0x605948a58950_0;  alias, 1 drivers
v0x605948a5a440_0 .net "rec_new_data", 0 0, v0x605948a58a30_0;  alias, 1 drivers
v0x605948a5a510_0 .net "rstN", 0 0, v0x605948a5b500_0;  alias, 1 drivers
v0x605948a5a5b0_0 .net "rx_line", 0 0, v0x605948a59f20_0;  1 drivers
v0x605948a5a6a0_0 .net "send_data", 6 0, v0x605948a5b630_0;  1 drivers
v0x605948a5a7d0_0 .net "tx", 0 0, L_0x6059489aafa0;  alias, 1 drivers
S_0x605948a57de0 .scope module, "receiver_inst" "UARTReceiver" 4 38, 3 1 0, S_0x605948a57a50;
 .timescale -9 -12;
    .port_info 0 /INPUT 1 "clk";
    .port_info 1 /INPUT 1 "rstN";
    .port_info 2 /INPUT 1 "rx";
    .port_info 3 /OUTPUT 7 "rec_data";
    .port_info 4 /OUTPUT 1 "rec_new_data";
    .port_info 5 /OUTPUT 1 "correct_data";
P_0x605948a57fe0 .param/l "BIT_TICKS" 0 3 11, +C4<00000000000000000000000000000100>;
P_0x605948a58020 .param/l "DATA" 1 3 17, C4<011>;
P_0x605948a58060 .param/l "HALF_BIT_TICKS" 1 3 20, +C4<00000000000000000000000000000010>;
P_0x605948a580a0 .param/l "IDLE" 1 3 14, C4<000>;
P_0x605948a580e0 .param/l "PARITY" 1 3 16, C4<010>;
P_0x605948a58120 .param/l "START" 1 3 15, C4<001>;
P_0x605948a58160 .param/l "STOP" 1 3 18, C4<100>;
v0x605948a58500_0 .var "bit_idx", 2 0;
v0x605948a585e0_0 .net "clk", 0 0, v0x605948a5aab0_0;  alias, 1 drivers
v0x605948a586d0_0 .var "correct_data", 0 0;
v0x605948a587a0_0 .var "data_reg", 6 0;
v0x605948a58840_0 .var "parity_reg", 0 0;
v0x605948a58950_0 .var "rec_data", 6 0;
v0x605948a58a30_0 .var "rec_new_data", 0 0;
v0x605948a58af0_0 .net "rstN", 0 0, v0x605948a5b500_0;  alias, 1 drivers
v0x605948a58b90_0 .net "rx", 0 0, v0x605948a59f20_0;  alias, 1 drivers
v0x605948a58c30_0 .var "state", 2 0;
v0x605948a58d10_0 .var/i "tick_count", 31 0;
S_0x605948a58ef0 .scope module, "sender_inst" "UARTSender" 4 25, 5 1 0, S_0x605948a57a50;
 .timescale -9 -12;
    .port_info 0 /INPUT 1 "clk";
    .port_info 1 /INPUT 1 "rstN";
    .port_info 2 /INPUT 1 "new_data";
    .port_info 3 /INPUT 7 "send_data";
    .port_info 4 /OUTPUT 1 "tx";
    .port_info 5 /OUTPUT 1 "busy";
P_0x605948a590a0 .param/l "BIT_TICKS" 0 5 11, +C4<00000000000000000000000000000100>;
P_0x605948a590e0 .param/l "DATA" 1 5 17, C4<011>;
P_0x605948a59120 .param/l "IDLE" 1 5 14, C4<000>;
P_0x605948a59160 .param/l "PARITY" 1 5 16, C4<010>;
P_0x605948a591a0 .param/l "START" 1 5 15, C4<001>;
P_0x605948a591e0 .param/l "STOP" 1 5 18, C4<100>;
v0x605948a59640_0 .var "bit_idx", 2 0;
v0x605948a59720_0 .var "busy", 0 0;
v0x605948a597e0_0 .net "clk", 0 0, v0x605948a5aab0_0;  alias, 1 drivers
v0x605948a59900_0 .var "data_reg", 6 0;
v0x605948a599c0_0 .net "new_data", 0 0, v0x605948a5b280_0;  alias, 1 drivers
v0x605948a59ad0_0 .var "parity_reg", 0 0;
v0x605948a59b90_0 .net "rstN", 0 0, v0x605948a5b500_0;  alias, 1 drivers
v0x605948a59c80_0 .net "send_data", 6 0, v0x605948a5b630_0;  alias, 1 drivers
v0x605948a59d60_0 .var "state", 2 0;
v0x605948a59e40_0 .var/i "tick_count", 31 0;
v0x605948a59f20_0 .var "tx", 0 0;
    .scope S_0x605948a58ef0;
T_10 ;
    %wait E_0x605948a56140;
    %load/vec4 v0x605948a59b90_0;
    %cmpi/e 0, 0, 1;
    %jmp/0xz  T_10.0, 4;
    %pushi/vec4 0, 0, 3;
    %assign/vec4 v0x605948a59d60_0, 0;
    %pushi/vec4 1, 0, 1;
    %assign/vec4 v0x605948a59f20_0, 0;
    %pushi/vec4 0, 0, 1;
    %assign/vec4 v0x605948a59720_0, 0;
    %pushi/vec4 0, 0, 3;
    %assign/vec4 v0x605948a59640_0, 0;
    %pushi/vec4 0, 0, 7;
    %assign/vec4 v0x605948a59900_0, 0;
    %pushi/vec4 0, 0, 1;
    %assign/vec4 v0x605948a59ad0_0, 0;
    %pushi/vec4 0, 0, 32;
    %assign/vec4 v0x605948a59e40_0, 0;
    %jmp T_10.1;
T_10.0 ;
    %load/vec4 v0x605948a59d60_0;
    %dup/vec4;
    %pushi/vec4 0, 0, 3;
    %cmp/u;
    %jmp/1 T_10.2, 6;
    %dup/vec4;
    %pushi/vec4 1, 0, 3;
    %cmp/u;
    %jmp/1 T_10.3, 6;
    %dup/vec4;
    %pushi/vec4 2, 0, 3;
    %cmp/u;
    %jmp/1 T_10.4, 6;
    %dup/vec4;
    %pushi/vec4 3, 0, 3;
    %cmp/u;
    %jmp/1 T_10.5, 6;
    %dup/vec4;
    %pushi/vec4 4, 0, 3;
    %cmp/u;
    %jmp/1 T_10.6, 6;
    %pushi/vec4 0, 0, 3;
    %assign/vec4 v0x605948a59d60_0, 0;
    %pushi/vec4 1, 0, 1;
    %assign/vec4 v0x605948a59f20_0, 0;
    %pushi/vec4 0, 0, 1;
    %assign/vec4 v0x605948a59720_0, 0;
    %pushi/vec4 0, 0, 3;
    %assign/vec4 v0x605948a59640_0, 0;
    %pushi/vec4 0, 0, 32;
    %assign/vec4 v0x605948a59e40_0, 0;
    %jmp T_10.8;
T_10.2 ;
    %pushi/vec4 1, 0, 1;
    %assign/vec4 v0x605948a59f20_0, 0;
    %pushi/vec4 0, 0, 1;
    %assign/vec4 v0x605948a59720_0, 0;
    %pushi/vec4 0, 0, 3;
    %assign/vec4 v0x605948a59640_0, 0;
    %pushi/vec4 0, 0, 32;
    %assign/vec4 v0x605948a59e40_0, 0;
    %load/vec4 v0x605948a599c0_0;
    %flag_set/vec4 8;
    %jmp/0xz  T_10.9, 8;
    %load/vec4 v0x605948a59c80_0;
    %assign/vec4 v0x605948a59900_0, 0;
    %load/vec4 v0x605948a59c80_0;
    %xor/r;
    %assign/vec4 v0x605948a59ad0_0, 0;
    %pushi/vec4 1, 0, 1;
    %assign/vec4 v0x605948a59720_0, 0;
    %pushi/vec4 0, 0, 1;
    %assign/vec4 v0x605948a59f20_0, 0;
    %pushi/vec4 1, 0, 3;
    %assign/vec4 v0x605948a59d60_0, 0;
T_10.9 ;
    %jmp T_10.8;
T_10.3 ;
    %pushi/vec4 1, 0, 1;
    %assign/vec4 v0x605948a59720_0, 0;
    %pushi/vec4 0, 0, 1;
    %assign/vec4 v0x605948a59f20_0, 0;
    %load/vec4 v0x605948a59e40_0;
    %cmpi/e 3, 0, 32;
    %jmp/0xz  T_10.11, 4;
    %pushi/vec4 0, 0, 32;
    %assign/vec4 v0x605948a59e40_0, 0;
    %load/vec4 v0x605948a59ad0_0;
    %assign/vec4 v0x605948a59f20_0, 0;
    %pushi/vec4 2, 0, 3;
    %assign/vec4 v0x605948a59d60_0, 0;
    %jmp T_10.12;
T_10.11 ;
    %load/vec4 v0x605948a59e40_0;
    %addi 1, 0, 32;
    %assign/vec4 v0x605948a59e40_0, 0;
T_10.12 ;
    %jmp T_10.8;
T_10.4 ;
    %pushi/vec4 1, 0, 1;
    %assign/vec4 v0x605948a59720_0, 0;
    %load/vec4 v0x605948a59ad0_0;
    %assign/vec4 v0x605948a59f20_0, 0;
    %load/vec4 v0x605948a59e40_0;
    %cmpi/e 3, 0, 32;
    %jmp/0xz  T_10.13, 4;
    %pushi/vec4 0, 0, 32;
    %assign/vec4 v0x605948a59e40_0, 0;
    %pushi/vec4 0, 0, 3;
    %assign/vec4 v0x605948a59640_0, 0;
    %load/vec4 v0x605948a59900_0;
    %parti/s 1, 0, 2;
    %assign/vec4 v0x605948a59f20_0, 0;
    %pushi/vec4 3, 0, 3;
    %assign/vec4 v0x605948a59d60_0, 0;
    %jmp T_10.14;
T_10.13 ;
    %load/vec4 v0x605948a59e40_0;
    %addi 1, 0, 32;
    %assign/vec4 v0x605948a59e40_0, 0;
T_10.14 ;
    %jmp T_10.8;
T_10.5 ;
    %pushi/vec4 1, 0, 1;
    %assign/vec4 v0x605948a59720_0, 0;
    %load/vec4 v0x605948a59900_0;
    %load/vec4 v0x605948a59640_0;
    %part/u 1;
    %assign/vec4 v0x605948a59f20_0, 0;
    %load/vec4 v0x605948a59e40_0;
    %cmpi/e 3, 0, 32;
    %jmp/0xz  T_10.15, 4;
    %pushi/vec4 0, 0, 32;
    %assign/vec4 v0x605948a59e40_0, 0;
    %load/vec4 v0x605948a59640_0;
    %cmpi/e 6, 0, 3;
    %jmp/0xz  T_10.17, 4;
    %pushi/vec4 1, 0, 1;
    %assign/vec4 v0x605948a59f20_0, 0;
    %pushi/vec4 4, 0, 3;
    %assign/vec4 v0x605948a59d60_0, 0;
    %jmp T_10.18;
T_10.17 ;
    %load/vec4 v0x605948a59640_0;
    %addi 1, 0, 3;
    %assign/vec4 v0x605948a59640_0, 0;
    %load/vec4 v0x605948a59900_0;
    %load/vec4 v0x605948a59640_0;
    %addi 1, 0, 3;
    %part/u 1;
    %assign/vec4 v0x605948a59f20_0, 0;
T_10.18 ;
    %jmp T_10.16;
T_10.15 ;
    %load/vec4 v0x605948a59e40_0;
    %addi 1, 0, 32;
    %assign/vec4 v0x605948a59e40_0, 0;
T_10.16 ;
    %jmp T_10.8;
T_10.6 ;
    %pushi/vec4 1, 0, 1;
    %assign/vec4 v0x605948a59720_0, 0;
    %pushi/vec4 1, 0, 1;
    %assign/vec4 v0x605948a59f20_0, 0;
    %load/vec4 v0x605948a59e40_0;
    %cmpi/e 3, 0, 32;
    %jmp/0xz  T_10.19, 4;
    %pushi/vec4 0, 0, 32;
    %assign/vec4 v0x605948a59e40_0, 0;
    %pushi/vec4 0, 0, 1;
    %assign/vec4 v0x605948a59720_0, 0;
    %pushi/vec4 0, 0, 3;
    %assign/vec4 v0x605948a59d60_0, 0;
    %jmp T_10.20;
T_10.19 ;
    %load/vec4 v0x605948a59e40_0;
    %addi 1, 0, 32;
    %assign/vec4 v0x605948a59e40_0, 0;
T_10.20 ;
    %jmp T_10.8;
T_10.8 ;
    %pop/vec4 1;
T_10.1 ;
    %jmp T_10;
    .thread T_10;
    .scope S_0x605948a57de0;
T_11 ;
    %wait E_0x605948a56140;
    %load/vec4 v0x605948a58af0_0;
    %cmpi/e 0, 0, 1;
    %jmp/0xz  T_11.0, 4;
    %pushi/vec4 0, 0, 3;
    %assign/vec4 v0x605948a58c30_0, 0;
    %pushi/vec4 0, 0, 7;
    %assign/vec4 v0x605948a58950_0, 0;
    %pushi/vec4 0, 0, 1;
    %assign/vec4 v0x605948a58a30_0, 0;
    %pushi/vec4 0, 0, 1;
    %assign/vec4 v0x605948a586d0_0, 0;
    %pushi/vec4 0, 0, 3;
    %assign/vec4 v0x605948a58500_0, 0;
    %pushi/vec4 0, 0, 7;
    %assign/vec4 v0x605948a587a0_0, 0;
    %pushi/vec4 0, 0, 1;
    %assign/vec4 v0x605948a58840_0, 0;
    %pushi/vec4 0, 0, 32;
    %assign/vec4 v0x605948a58d10_0, 0;
    %jmp T_11.1;
T_11.0 ;
    %pushi/vec4 0, 0, 1;
    %assign/vec4 v0x605948a58a30_0, 0;
    %load/vec4 v0x605948a58c30_0;
    %dup/vec4;
    %pushi/vec4 0, 0, 3;
    %cmp/u;
    %jmp/1 T_11.2, 6;
    %dup/vec4;
    %pushi/vec4 1, 0, 3;
    %cmp/u;
    %jmp/1 T_11.3, 6;
    %dup/vec4;
    %pushi/vec4 2, 0, 3;
    %cmp/u;
    %jmp/1 T_11.4, 6;
    %dup/vec4;
    %pushi/vec4 3, 0, 3;
    %cmp/u;
    %jmp/1 T_11.5, 6;
    %dup/vec4;
    %pushi/vec4 4, 0, 3;
    %cmp/u;
    %jmp/1 T_11.6, 6;
    %pushi/vec4 0, 0, 3;
    %assign/vec4 v0x605948a58c30_0, 0;
    %pushi/vec4 0, 0, 1;
    %assign/vec4 v0x605948a58a30_0, 0;
    %pushi/vec4 0, 0, 1;
    %assign/vec4 v0x605948a586d0_0, 0;
    %pushi/vec4 0, 0, 3;
    %assign/vec4 v0x605948a58500_0, 0;
    %pushi/vec4 0, 0, 32;
    %assign/vec4 v0x605948a58d10_0, 0;
    %jmp T_11.8;
T_11.2 ;
    %pushi/vec4 0, 0, 32;
    %assign/vec4 v0x605948a58d10_0, 0;
    %pushi/vec4 0, 0, 3;
    %assign/vec4 v0x605948a58500_0, 0;
    %load/vec4 v0x605948a58b90_0;
    %cmpi/e 0, 0, 1;
    %jmp/0xz  T_11.9, 4;
    %pushi/vec4 0, 0, 1;
    %assign/vec4 v0x605948a586d0_0, 0;
    %pushi/vec4 1, 0, 3;
    %assign/vec4 v0x605948a58c30_0, 0;
T_11.9 ;
    %jmp T_11.8;
T_11.3 ;
    %load/vec4 v0x605948a58d10_0;
    %cmpi/e 1, 0, 32;
    %jmp/0xz  T_11.11, 4;
    %pushi/vec4 0, 0, 32;
    %assign/vec4 v0x605948a58d10_0, 0;
    %load/vec4 v0x605948a58b90_0;
    %cmpi/e 0, 0, 1;
    %jmp/0xz  T_11.13, 4;
    %pushi/vec4 2, 0, 3;
    %assign/vec4 v0x605948a58c30_0, 0;
    %jmp T_11.14;
T_11.13 ;
    %pushi/vec4 0, 0, 3;
    %assign/vec4 v0x605948a58c30_0, 0;
T_11.14 ;
    %jmp T_11.12;
T_11.11 ;
    %load/vec4 v0x605948a58d10_0;
    %addi 1, 0, 32;
    %assign/vec4 v0x605948a58d10_0, 0;
T_11.12 ;
    %jmp T_11.8;
T_11.4 ;
    %load/vec4 v0x605948a58d10_0;
    %cmpi/e 3, 0, 32;
    %jmp/0xz  T_11.15, 4;
    %pushi/vec4 0, 0, 32;
    %assign/vec4 v0x605948a58d10_0, 0;
    %load/vec4 v0x605948a58b90_0;
    %assign/vec4 v0x605948a58840_0, 0;
    %pushi/vec4 0, 0, 3;
    %assign/vec4 v0x605948a58500_0, 0;
    %pushi/vec4 3, 0, 3;
    %assign/vec4 v0x605948a58c30_0, 0;
    %jmp T_11.16;
T_11.15 ;
    %load/vec4 v0x605948a58d10_0;
    %addi 1, 0, 32;
    %assign/vec4 v0x605948a58d10_0, 0;
T_11.16 ;
    %jmp T_11.8;
T_11.5 ;
    %load/vec4 v0x605948a58d10_0;
    %cmpi/e 3, 0, 32;
    %jmp/0xz  T_11.17, 4;
    %pushi/vec4 0, 0, 32;
    %assign/vec4 v0x605948a58d10_0, 0;
    %load/vec4 v0x605948a58b90_0;
    %ix/load 5, 0, 0;
    %ix/getv 4, v0x605948a58500_0;
    %assign/vec4/off/d v0x605948a587a0_0, 4, 5;
    %load/vec4 v0x605948a58500_0;
    %cmpi/e 6, 0, 3;
    %jmp/0xz  T_11.19, 4;
    %pushi/vec4 4, 0, 3;
    %assign/vec4 v0x605948a58c30_0, 0;
    %jmp T_11.20;
T_11.19 ;
    %load/vec4 v0x605948a58500_0;
    %addi 1, 0, 3;
    %assign/vec4 v0x605948a58500_0, 0;
T_11.20 ;
    %jmp T_11.18;
T_11.17 ;
    %load/vec4 v0x605948a58d10_0;
    %addi 1, 0, 32;
    %assign/vec4 v0x605948a58d10_0, 0;
T_11.18 ;
    %jmp T_11.8;
T_11.6 ;
    %load/vec4 v0x605948a58d10_0;
    %cmpi/e 3, 0, 32;
    %jmp/0xz  T_11.21, 4;
    %pushi/vec4 0, 0, 32;
    %assign/vec4 v0x605948a58d10_0, 0;
    %load/vec4 v0x605948a587a0_0;
    %assign/vec4 v0x605948a58950_0, 0;
    %pushi/vec4 1, 0, 1;
    %assign/vec4 v0x605948a58a30_0, 0;
    %load/vec4 v0x605948a58b90_0;
    %cmpi/e 1, 0, 1;
    %flag_get/vec4 4;
    %jmp/0 T_11.25, 4;
    %load/vec4 v0x605948a587a0_0;
    %xor/r;
    %load/vec4 v0x605948a58840_0;
    %cmp/e;
    %flag_get/vec4 4;
    %and;
T_11.25;
    %flag_set/vec4 8;
    %jmp/0xz  T_11.23, 8;
    %pushi/vec4 1, 0, 1;
    %assign/vec4 v0x605948a586d0_0, 0;
    %jmp T_11.24;
T_11.23 ;
    %pushi/vec4 0, 0, 1;
    %assign/vec4 v0x605948a586d0_0, 0;
T_11.24 ;
    %pushi/vec4 0, 0, 3;
    %assign/vec4 v0x605948a58c30_0, 0;
    %jmp T_11.22;
T_11.21 ;
    %load/vec4 v0x605948a58d10_0;
    %addi 1, 0, 32;
    %assign/vec4 v0x605948a58d10_0, 0;
T_11.22 ;
    %jmp T_11.8;
T_11.8 ;
    %pop/vec4 1;
T_11.1 ;
    %jmp T_11;
    .thread T_11;
    .scope S_0x605948a55c30;
T_12 ;
    %wait E_0x605948a56140;
    %load/vec4 v0x605948a567c0_0;
    %cmpi/e 0, 0, 1;
    %jmp/0xz  T_12.0, 4;
    %pushi/vec4 0, 0, 3;
    %assign/vec4 v0x605948a56940_0, 0;
    %pushi/vec4 0, 0, 7;
    %assign/vec4 v0x605948a56620_0, 0;
    %pushi/vec4 0, 0, 1;
    %assign/vec4 v0x605948a56700_0, 0;
    %pushi/vec4 0, 0, 1;
    %assign/vec4 v0x605948a56360_0, 0;
    %pushi/vec4 0, 0, 3;
    %assign/vec4 v0x605948a561a0_0, 0;
    %pushi/vec4 0, 0, 7;
    %assign/vec4 v0x605948a56430_0, 0;
    %pushi/vec4 0, 0, 1;
    %assign/vec4 v0x605948a56510_0, 0;
    %pushi/vec4 0, 0, 32;
    %assign/vec4 v0x605948a56a20_0, 0;
    %jmp T_12.1;
T_12.0 ;
    %pushi/vec4 0, 0, 1;
    %assign/vec4 v0x605948a56700_0, 0;
    %load/vec4 v0x605948a56940_0;
    %dup/vec4;
    %pushi/vec4 0, 0, 3;
    %cmp/u;
    %jmp/1 T_12.2, 6;
    %dup/vec4;
    %pushi/vec4 1, 0, 3;
    %cmp/u;
    %jmp/1 T_12.3, 6;
    %dup/vec4;
    %pushi/vec4 2, 0, 3;
    %cmp/u;
    %jmp/1 T_12.4, 6;
    %dup/vec4;
    %pushi/vec4 3, 0, 3;
    %cmp/u;
    %jmp/1 T_12.5, 6;
    %dup/vec4;
    %pushi/vec4 4, 0, 3;
    %cmp/u;
    %jmp/1 T_12.6, 6;
    %pushi/vec4 0, 0, 3;
    %assign/vec4 v0x605948a56940_0, 0;
    %pushi/vec4 0, 0, 1;
    %assign/vec4 v0x605948a56700_0, 0;
    %pushi/vec4 0, 0, 1;
    %assign/vec4 v0x605948a56360_0, 0;
    %pushi/vec4 0, 0, 3;
    %assign/vec4 v0x605948a561a0_0, 0;
    %pushi/vec4 0, 0, 32;
    %assign/vec4 v0x605948a56a20_0, 0;
    %jmp T_12.8;
T_12.2 ;
    %pushi/vec4 0, 0, 32;
    %assign/vec4 v0x605948a56a20_0, 0;
    %pushi/vec4 0, 0, 3;
    %assign/vec4 v0x605948a561a0_0, 0;
    %load/vec4 v0x605948a56880_0;
    %cmpi/e 0, 0, 1;
    %jmp/0xz  T_12.9, 4;
    %pushi/vec4 0, 0, 1;
    %assign/vec4 v0x605948a56360_0, 0;
    %pushi/vec4 1, 0, 3;
    %assign/vec4 v0x605948a56940_0, 0;
T_12.9 ;
    %jmp T_12.8;
T_12.3 ;
    %load/vec4 v0x605948a56a20_0;
    %cmpi/e 1, 0, 32;
    %jmp/0xz  T_12.11, 4;
    %pushi/vec4 0, 0, 32;
    %assign/vec4 v0x605948a56a20_0, 0;
    %load/vec4 v0x605948a56880_0;
    %cmpi/e 0, 0, 1;
    %jmp/0xz  T_12.13, 4;
    %pushi/vec4 2, 0, 3;
    %assign/vec4 v0x605948a56940_0, 0;
    %jmp T_12.14;
T_12.13 ;
    %pushi/vec4 0, 0, 3;
    %assign/vec4 v0x605948a56940_0, 0;
T_12.14 ;
    %jmp T_12.12;
T_12.11 ;
    %load/vec4 v0x605948a56a20_0;
    %addi 1, 0, 32;
    %assign/vec4 v0x605948a56a20_0, 0;
T_12.12 ;
    %jmp T_12.8;
T_12.4 ;
    %load/vec4 v0x605948a56a20_0;
    %cmpi/e 3, 0, 32;
    %jmp/0xz  T_12.15, 4;
    %pushi/vec4 0, 0, 32;
    %assign/vec4 v0x605948a56a20_0, 0;
    %load/vec4 v0x605948a56880_0;
    %assign/vec4 v0x605948a56510_0, 0;
    %pushi/vec4 0, 0, 3;
    %assign/vec4 v0x605948a561a0_0, 0;
    %pushi/vec4 3, 0, 3;
    %assign/vec4 v0x605948a56940_0, 0;
    %jmp T_12.16;
T_12.15 ;
    %load/vec4 v0x605948a56a20_0;
    %addi 1, 0, 32;
    %assign/vec4 v0x605948a56a20_0, 0;
T_12.16 ;
    %jmp T_12.8;
T_12.5 ;
    %load/vec4 v0x605948a56a20_0;
    %cmpi/e 3, 0, 32;
    %jmp/0xz  T_12.17, 4;
    %pushi/vec4 0, 0, 32;
    %assign/vec4 v0x605948a56a20_0, 0;
    %load/vec4 v0x605948a56880_0;
    %ix/load 5, 0, 0;
    %ix/getv 4, v0x605948a561a0_0;
    %assign/vec4/off/d v0x605948a56430_0, 4, 5;
    %load/vec4 v0x605948a561a0_0;
    %cmpi/e 6, 0, 3;
    %jmp/0xz  T_12.19, 4;
    %pushi/vec4 4, 0, 3;
    %assign/vec4 v0x605948a56940_0, 0;
    %jmp T_12.20;
T_12.19 ;
    %load/vec4 v0x605948a561a0_0;
    %addi 1, 0, 3;
    %assign/vec4 v0x605948a561a0_0, 0;
T_12.20 ;
    %jmp T_12.18;
T_12.17 ;
    %load/vec4 v0x605948a56a20_0;
    %addi 1, 0, 32;
    %assign/vec4 v0x605948a56a20_0, 0;
T_12.18 ;
    %jmp T_12.8;
T_12.6 ;
    %load/vec4 v0x605948a56a20_0;
    %cmpi/e 3, 0, 32;
    %jmp/0xz  T_12.21, 4;
    %pushi/vec4 0, 0, 32;
    %assign/vec4 v0x605948a56a20_0, 0;
    %load/vec4 v0x605948a56430_0;
    %assign/vec4 v0x605948a56620_0, 0;
    %pushi/vec4 1, 0, 1;
    %assign/vec4 v0x605948a56700_0, 0;
    %load/vec4 v0x605948a56880_0;
    %cmpi/e 1, 0, 1;
    %flag_get/vec4 4;
    %jmp/0 T_12.25, 4;
    %load/vec4 v0x605948a56430_0;
    %xor/r;
    %load/vec4 v0x605948a56510_0;
    %cmp/e;
    %flag_get/vec4 4;
    %and;
T_12.25;
    %flag_set/vec4 8;
    %jmp/0xz  T_12.23, 8;
    %pushi/vec4 1, 0, 1;
    %assign/vec4 v0x605948a56360_0, 0;
    %jmp T_12.24;
T_12.23 ;
    %pushi/vec4 0, 0, 1;
    %assign/vec4 v0x605948a56360_0, 0;
T_12.24 ;
    %pushi/vec4 0, 0, 3;
    %assign/vec4 v0x605948a56940_0, 0;
    %jmp T_12.22;
T_12.21 ;
    %load/vec4 v0x605948a56a20_0;
    %addi 1, 0, 32;
    %assign/vec4 v0x605948a56a20_0, 0;
T_12.22 ;
    %jmp T_12.8;
T_12.8 ;
    %pop/vec4 1;
T_12.1 ;
    %jmp T_12;
    .thread T_12;
    .scope S_0x605948a30d90;
T_13 ;
    %pushi/vec4 0, 0, 1;
    %store/vec4 v0x605948a5aab0_0, 0, 1;
T_13.0 ;
    %delay 5000, 0;
    %load/vec4 v0x605948a5aab0_0;
    %inv;
    %store/vec4 v0x605948a5aab0_0, 0, 1;
    %jmp T_13.0;
T_13.1 ;
    %end;
    .thread T_13;
    .scope S_0x605948a30d90;
T_14 ;
    %wait E_0x605948a386a0;
    %load/vec4 v0x605948a5b7d0_0;
    %addi 1, 0, 32;
    %store/vec4 v0x605948a5b7d0_0, 0, 32;
    %jmp T_14;
    .thread T_14;
    .scope S_0x605948a30d90;
T_15 ;
    %wait E_0x6059489971c0;
    %load/vec4 v0x605948a5b1e0_0;
    %addi 1, 0, 32;
    %store/vec4 v0x605948a5b1e0_0, 0, 32;
    %jmp T_15;
    .thread T_15;
    .scope S_0x605948a30d90;
T_16 ;
    %vpi_call 2 83 "$dumpfile", "uart_tests.vcd" {0 0 0};
    %vpi_call 2 84 "$dumpvars", 32'sb00000000000000000000000000000000, v0x605948a5b6f0_0, v0x605948a5aab0_0, v0x605948a5b500_0, v0x605948a5b280_0, v0x605948a5b630_0, v0x605948a5b8b0_0, v0x605948a5a910_0, v0x605948a5b320_0, v0x605948a5b410_0, v0x605948a5abe0_0, v0x605948a5b110_0, v0x605948a5af10_0, v0x605948a5afb0_0, v0x605948a5ae70_0 {0 0 0};
    %end;
    .thread T_16;
    .scope S_0x605948a30d90;
T_17 ;
    %delay 240000000, 0;
    %vpi_call 2 105 "$display", "FATAL: global testbench timeout" {0 0 0};
    %vpi_call 2 106 "$finish" {0 0 0};
    %end;
    .thread T_17;
    .scope S_0x605948a30d90;
T_18 ;
    %pushi/vec4 0, 0, 32;
    %store/vec4 v0x605948a5ac80_0, 0, 32;
    %pushi/vec4 0, 0, 32;
    %store/vec4 v0x605948a5a9d0_0, 0, 32;
    %pushi/vec4 0, 0, 32;
    %store/vec4 v0x605948a5b7d0_0, 0, 32;
    %pushi/vec4 0, 0, 32;
    %store/vec4 v0x605948a5b1e0_0, 0, 32;
    %pushi/vec4 0, 0, 5;
    %store/vec4 v0x605948a5b6f0_0, 0, 5;
    %pushi/vec4 1, 0, 1;
    %store/vec4 v0x605948a5b950_0, 0, 1;
    %pushi/vec4 0, 0, 1;
    %store/vec4 v0x605948a5b500_0, 0, 1;
    %pushi/vec4 0, 0, 1;
    %store/vec4 v0x605948a5b280_0, 0, 1;
    %pushi/vec4 0, 0, 7;
    %store/vec4 v0x605948a5b630_0, 0, 7;
    %pushi/vec4 1, 0, 1;
    %store/vec4 v0x605948a5b110_0, 0, 1;
    %vpi_call 2 320 "$display", "============================================" {0 0 0};
    %vpi_call 2 321 "$display", "Starting comprehensive UART testbench" {0 0 0};
    %vpi_call 2 322 "$display", "BIT_TICKS=%0d, CLK_PERIOD=%0d ns", P_0x605948a2a120, P_0x605948a2a160 {0 0 0};
    %vpi_call 2 323 "$display", "============================================" {0 0 0};
    %fork TD_Tester.reset_all, S_0x605948a56c00;
    %join;
    %fork TD_Tester.test_gap, S_0x605948a57870;
    %join;
    %pushi/vec4 1, 0, 5;
    %store/vec4 v0x605948a5b6f0_0, 0, 5;
    %vpi_call 2 332 "$display", "\012Test 1: reset and idle state" {0 0 0};
    %load/vec4 v0x605948a5b500_0;
    %cmpi/e 1, 0, 1;
    %flag_get/vec4 6;
    %jmp/0 T_18.1, 6;
    %load/vec4 v0x605948a5b8b0_0;
    %pushi/vec4 1, 0, 1;
    %cmp/e;
    %flag_get/vec4 6;
    %and;
T_18.1;
    %flag_set/vec4 8;
    %flag_get/vec4 8;
    %jmp/0 T_18.0, 8;
    %load/vec4 v0x605948a5a910_0;
    %pushi/vec4 0, 0, 1;
    %cmp/e;
    %flag_get/vec4 6;
    %and;
T_18.0;
    %store/vec4 v0x6059489fd1f0_0, 0, 1;
    %pushi/vec4 0, 0, 32; draw_string_vec4
    %pushi/vec4 0, 0, 32; draw_string_vec4
    %concat/vec4; draw_string_vec4
    %pushi/vec4 0, 0, 32; draw_string_vec4
    %concat/vec4; draw_string_vec4
    %pushi/vec4 0, 0, 32; draw_string_vec4
    %concat/vec4; draw_string_vec4
    %pushi/vec4 0, 0, 32; draw_string_vec4
    %concat/vec4; draw_string_vec4
    %pushi/vec4 0, 0, 32; draw_string_vec4
    %concat/vec4; draw_string_vec4
    %pushi/vec4 0, 0, 32; draw_string_vec4
    %concat/vec4; draw_string_vec4
    %pushi/vec4 0, 0, 32; draw_string_vec4
    %concat/vec4; draw_string_vec4
    %pushi/vec4 0, 0, 32; draw_string_vec4
    %concat/vec4; draw_string_vec4
    %pushi/vec4 0, 0, 32; draw_string_vec4
    %concat/vec4; draw_string_vec4
    %pushi/vec4 0, 0, 32; draw_string_vec4
    %concat/vec4; draw_string_vec4
    %pushi/vec4 0, 0, 32; draw_string_vec4
    %concat/vec4; draw_string_vec4
    %pushi/vec4 0, 0, 32; draw_string_vec4
    %concat/vec4; draw_string_vec4
    %pushi/vec4 0, 0, 32; draw_string_vec4
    %concat/vec4; draw_string_vec4
    %pushi/vec4 1768189029, 0, 32; draw_string_vec4
    %concat/vec4; draw_string_vec4
    %pushi/vec4 543975790, 0, 32; draw_string_vec4
    %concat/vec4; draw_string_vec4
    %pushi/vec4 1696622963, 0, 32; draw_string_vec4
    %concat/vec4; draw_string_vec4
    %pushi/vec4 543713639, 0, 32; draw_string_vec4
    %concat/vec4; draw_string_vec4
    %pushi/vec4 1746952558, 0, 32; draw_string_vec4
    %concat/vec4; draw_string_vec4
    %pushi/vec4 1679848293, 0, 32; draw_string_vec4
    %concat/vec4; draw_string_vec4
    %pushi/vec4 1852073330, 0, 32; draw_string_vec4
    %concat/vec4; draw_string_vec4
    %pushi/vec4 543781664, 0, 32; draw_string_vec4
    %concat/vec4; draw_string_vec4
    %pushi/vec4 1852797984, 0, 32; draw_string_vec4
    %concat/vec4; draw_string_vec4
    %pushi/vec4 1651864441, 0, 32; draw_string_vec4
    %concat/vec4; draw_string_vec4
    %store/vec4 v0x6059489fd150_0, 0, 768;
    %fork TD_Tester.add_check, S_0x605948a39230;
    %join;
    %load/vec4 v0x605948a5b410_0;
    %pushi/vec4 0, 0, 1;
    %cmp/e;
    %flag_get/vec4 6;
    %store/vec4 v0x6059489fd1f0_0, 0, 1;
    %pushi/vec4 0, 0, 32; draw_string_vec4
    %pushi/vec4 0, 0, 32; draw_string_vec4
    %concat/vec4; draw_string_vec4
    %pushi/vec4 0, 0, 32; draw_string_vec4
    %concat/vec4; draw_string_vec4
    %pushi/vec4 0, 0, 32; draw_string_vec4
    %concat/vec4; draw_string_vec4
    %pushi/vec4 0, 0, 32; draw_string_vec4
    %concat/vec4; draw_string_vec4
    %pushi/vec4 0, 0, 32; draw_string_vec4
    %concat/vec4; draw_string_vec4
    %pushi/vec4 0, 0, 32; draw_string_vec4
    %concat/vec4; draw_string_vec4
    %pushi/vec4 0, 0, 32; draw_string_vec4
    %concat/vec4; draw_string_vec4
    %pushi/vec4 0, 0, 32; draw_string_vec4
    %concat/vec4; draw_string_vec4
    %pushi/vec4 0, 0, 32; draw_string_vec4
    %concat/vec4; draw_string_vec4
    %pushi/vec4 0, 0, 32; draw_string_vec4
    %concat/vec4; draw_string_vec4
    %pushi/vec4 0, 0, 32; draw_string_vec4
    %concat/vec4; draw_string_vec4
    %pushi/vec4 0, 0, 32; draw_string_vec4
    %concat/vec4; draw_string_vec4
    %pushi/vec4 0, 0, 32; draw_string_vec4
    %concat/vec4; draw_string_vec4
    %pushi/vec4 28271, 0, 32; draw_string_vec4
    %concat/vec4; draw_string_vec4
    %pushi/vec4 544367971, 0, 32; draw_string_vec4
    %concat/vec4; draw_string_vec4
    %pushi/vec4 1701410405, 0, 32; draw_string_vec4
    %concat/vec4; draw_string_vec4
    %pushi/vec4 544241004, 0, 32; draw_string_vec4
    %concat/vec4; draw_string_vec4
    %pushi/vec4 1936007273, 0, 32; draw_string_vec4
    %concat/vec4; draw_string_vec4
    %pushi/vec4 1931505778, 0, 32; draw_string_vec4
    %concat/vec4; draw_string_vec4
    %pushi/vec4 1702061422, 0, 32; draw_string_vec4
    %concat/vec4; draw_string_vec4
    %pushi/vec4 1948284776, 0, 32; draw_string_vec4
    %concat/vec4; draw_string_vec4
    %pushi/vec4 1768711456, 0, 32; draw_string_vec4
    %concat/vec4; draw_string_vec4
    %pushi/vec4 1768189029, 0, 32; draw_string_vec4
    %concat/vec4; draw_string_vec4
    %store/vec4 v0x6059489fd150_0, 0, 768;
    %fork TD_Tester.add_check, S_0x605948a39230;
    %join;
    %fork TD_Tester.test_gap, S_0x605948a57870;
    %join;
    %pushi/vec4 2, 0, 5;
    %store/vec4 v0x605948a5b6f0_0, 0, 5;
    %vpi_call 2 343 "$display", "\012Test 2: correct receive + frame format + busy timing" {0 0 0};
    %fork t_1, S_0x605948a30d90;
    %fork t_2, S_0x605948a30d90;
    %fork t_3, S_0x605948a30d90;
    %join;
    %join;
    %join;
    %jmp t_0;
t_1 ;
    %pushi/vec4 89, 0, 7;
    %store/vec4 v0x605948a57770_0, 0, 7;
    %fork TD_Tester.send_top_data, S_0x605948a57590;
    %join;
    %end;
t_2 ;
    %pushi/vec4 89, 0, 7;
    %store/vec4 v0x605948a33380_0, 0, 7;
    %fork TD_Tester.check_serial_frame, S_0x605948a54980;
    %join;
    %end;
t_3 ;
    %pushi/vec4 89, 0, 7;
    %store/vec4 v0x605948a54f10_0, 0, 7;
    %fork TD_Tester.check_top_data, S_0x605948a54ca0;
    %join;
    %end;
    .scope S_0x605948a30d90;
t_0 ;
    %fork TD_Tester.test_gap, S_0x605948a57870;
    %join;
    %pushi/vec4 3, 0, 5;
    %store/vec4 v0x605948a5b6f0_0, 0, 5;
    %vpi_call 2 361 "$display", "\012Test 3: parity error" {0 0 0};
    %fork t_5, S_0x605948a30d90;
    %fork t_6, S_0x605948a30d90;
    %join;
    %join;
    %jmp t_4;
t_5 ;
    %pushi/vec4 89, 0, 7;
    %store/vec4 v0x605948a57250_0, 0, 7;
    %pushi/vec4 1, 0, 1;
    %store/vec4 v0x605948a57430_0, 0, 1;
    %pushi/vec4 1, 0, 1;
    %store/vec4 v0x605948a574d0_0, 0, 1;
    %fork TD_Tester.send_manual_frame, S_0x605948a57070;
    %join;
    %end;
t_6 ;
    %pushi/vec4 89, 0, 7;
    %store/vec4 v0x605948a28d00_0, 0, 7;
    %pushi/vec4 0, 0, 1;
    %store/vec4 v0x605948a28b00_0, 0, 1;
    %fork TD_Tester.check_manual_data, S_0x605948a54700;
    %join;
    %end;
    .scope S_0x605948a30d90;
t_4 ;
    %fork TD_Tester.test_gap, S_0x605948a57870;
    %join;
    %pushi/vec4 4, 0, 5;
    %store/vec4 v0x605948a5b6f0_0, 0, 5;
    %vpi_call 2 376 "$display", "\012Test 4: stop-bit error" {0 0 0};
    %fork t_8, S_0x605948a30d90;
    %fork t_9, S_0x605948a30d90;
    %join;
    %join;
    %jmp t_7;
t_8 ;
    %pushi/vec4 89, 0, 7;
    %store/vec4 v0x605948a57250_0, 0, 7;
    %pushi/vec4 0, 0, 1;
    %store/vec4 v0x605948a57430_0, 0, 1;
    %pushi/vec4 0, 0, 1;
    %store/vec4 v0x605948a574d0_0, 0, 1;
    %fork TD_Tester.send_manual_frame, S_0x605948a57070;
    %join;
    %end;
t_9 ;
    %pushi/vec4 89, 0, 7;
    %store/vec4 v0x605948a28d00_0, 0, 7;
    %pushi/vec4 0, 0, 1;
    %store/vec4 v0x605948a28b00_0, 0, 1;
    %fork TD_Tester.check_manual_data, S_0x605948a54700;
    %join;
    %end;
    .scope S_0x605948a30d90;
t_7 ;
    %fork TD_Tester.test_gap, S_0x605948a57870;
    %join;
    %pushi/vec4 5, 0, 5;
    %store/vec4 v0x605948a5b6f0_0, 0, 5;
    %vpi_call 2 391 "$display", "\012Test 5: multiple back-to-back frames" {0 0 0};
    %fork t_11, S_0x605948a30d90;
    %fork t_12, S_0x605948a30d90;
    %join;
    %join;
    %jmp t_10;
t_11 ;
    %pushi/vec4 89, 0, 7;
    %store/vec4 v0x605948a57770_0, 0, 7;
    %fork TD_Tester.send_top_data, S_0x605948a57590;
    %join;
T_18.2 ;
    %load/vec4 v0x605948a5a910_0;
    %pushi/vec4 1, 0, 1;
    %cmp/e;
    %flag_get/vec4 6;
    %cmpi/ne 1, 0, 1;
    %jmp/0xz T_18.3, 6;
    %wait E_0x6059489b7680;
    %jmp T_18.2;
T_18.3 ;
T_18.4 ;
    %load/vec4 v0x605948a5a910_0;
    %pushi/vec4 0, 0, 1;
    %cmp/e;
    %flag_get/vec4 6;
    %cmpi/ne 1, 0, 1;
    %jmp/0xz T_18.5, 6;
    %wait E_0x6059489b7680;
    %jmp T_18.4;
T_18.5 ;
    %pushi/vec4 45, 0, 7;
    %store/vec4 v0x605948a57770_0, 0, 7;
    %fork TD_Tester.send_top_data, S_0x605948a57590;
    %join;
    %end;
t_12 ;
    %pushi/vec4 89, 0, 7;
    %store/vec4 v0x605948a54f10_0, 0, 7;
    %fork TD_Tester.check_top_data, S_0x605948a54ca0;
    %join;
    %pushi/vec4 45, 0, 7;
    %store/vec4 v0x605948a54f10_0, 0, 7;
    %fork TD_Tester.check_top_data, S_0x605948a54ca0;
    %join;
    %end;
    .scope S_0x605948a30d90;
t_10 ;
    %fork TD_Tester.test_gap, S_0x605948a57870;
    %join;
    %pushi/vec4 6, 0, 5;
    %store/vec4 v0x605948a5b6f0_0, 0, 5;
    %vpi_call 2 410 "$display", "\012Test 6: minimum payload 0000000" {0 0 0};
    %fork t_14, S_0x605948a30d90;
    %fork t_15, S_0x605948a30d90;
    %join;
    %join;
    %jmp t_13;
t_14 ;
    %pushi/vec4 0, 0, 7;
    %store/vec4 v0x605948a57770_0, 0, 7;
    %fork TD_Tester.send_top_data, S_0x605948a57590;
    %join;
    %end;
t_15 ;
    %pushi/vec4 0, 0, 7;
    %store/vec4 v0x605948a54f10_0, 0, 7;
    %fork TD_Tester.check_top_data, S_0x605948a54ca0;
    %join;
    %end;
    .scope S_0x605948a30d90;
t_13 ;
    %fork TD_Tester.test_gap, S_0x605948a57870;
    %join;
    %pushi/vec4 7, 0, 5;
    %store/vec4 v0x605948a5b6f0_0, 0, 5;
    %vpi_call 2 423 "$display", "\012Test 7: maximum payload 1111111 (valid parity = 1)" {0 0 0};
    %fork t_17, S_0x605948a30d90;
    %fork t_18, S_0x605948a30d90;
    %join;
    %join;
    %jmp t_16;
t_17 ;
    %pushi/vec4 127, 0, 7;
    %store/vec4 v0x605948a57770_0, 0, 7;
    %fork TD_Tester.send_top_data, S_0x605948a57590;
    %join;
    %end;
t_18 ;
    %pushi/vec4 127, 0, 7;
    %store/vec4 v0x605948a54f10_0, 0, 7;
    %fork TD_Tester.check_top_data, S_0x605948a54ca0;
    %join;
    %end;
    .scope S_0x605948a30d90;
t_16 ;
    %fork TD_Tester.test_gap, S_0x605948a57870;
    %join;
    %pushi/vec4 8, 0, 5;
    %store/vec4 v0x605948a5b6f0_0, 0, 5;
    %vpi_call 2 435 "$display", "\012Test 8: new_data while busy is ignored + input data is latched" {0 0 0};
    %fork t_20, S_0x605948a54440;
    %jmp t_19;
    .scope S_0x605948a54440;
t_20 ;
    %load/vec4 v0x605948a5b7d0_0;
    %store/vec4 v0x6059489a9cb0_0, 0, 32;
    %pushi/vec4 22, 0, 7;
    %store/vec4 v0x605948a57770_0, 0, 7;
    %fork TD_Tester.send_top_data, S_0x605948a57590;
    %join;
T_18.6 ;
    %load/vec4 v0x605948a5a910_0;
    %pushi/vec4 1, 0, 1;
    %cmp/e;
    %flag_get/vec4 6;
    %cmpi/ne 1, 0, 1;
    %jmp/0xz T_18.7, 6;
    %wait E_0x6059489b7680;
    %jmp T_18.6;
T_18.7 ;
    %pushi/vec4 5, 0, 32;
T_18.8 %dup/vec4;
    %cmpi/s 0, 0, 32;
    %jmp/1xz T_18.9, 5;
    %jmp/1 T_18.9, 4;
    %subi 1, 0, 32;
    %wait E_0x6059489bd0e0;
    %jmp T_18.8;
T_18.9 ;
    %pop/vec4 1;
    %wait E_0x6059489b8580;
    %pushi/vec4 105, 0, 7;
    %store/vec4 v0x605948a5b630_0, 0, 7;
    %pushi/vec4 1, 0, 1;
    %store/vec4 v0x605948a5b280_0, 0, 1;
    %wait E_0x6059489b8580;
    %pushi/vec4 0, 0, 1;
    %store/vec4 v0x605948a5b280_0, 0, 1;
    %pushi/vec4 22, 0, 7;
    %store/vec4 v0x605948a54f10_0, 0, 7;
    %fork TD_Tester.check_top_data, S_0x605948a54ca0;
    %join;
    %pushi/vec4 14, 0, 32;
T_18.10 %dup/vec4;
    %cmpi/s 0, 0, 32;
    %jmp/1xz T_18.11, 5;
    %jmp/1 T_18.11, 4;
    %subi 1, 0, 32;
    %wait E_0x6059489bd0e0;
    %jmp T_18.10;
T_18.11 ;
    %pop/vec4 1;
    %load/vec4 v0x605948a5b7d0_0;
    %load/vec4 v0x6059489a9cb0_0;
    %addi 1, 0, 32;
    %cmp/e;
    %flag_get/vec4 4;
    %store/vec4 v0x6059489fd1f0_0, 0, 1;
    %pushi/vec4 0, 0, 32; draw_string_vec4
    %pushi/vec4 0, 0, 32; draw_string_vec4
    %concat/vec4; draw_string_vec4
    %pushi/vec4 0, 0, 32; draw_string_vec4
    %concat/vec4; draw_string_vec4
    %pushi/vec4 0, 0, 32; draw_string_vec4
    %concat/vec4; draw_string_vec4
    %pushi/vec4 0, 0, 32; draw_string_vec4
    %concat/vec4; draw_string_vec4
    %pushi/vec4 0, 0, 32; draw_string_vec4
    %concat/vec4; draw_string_vec4
    %pushi/vec4 0, 0, 32; draw_string_vec4
    %concat/vec4; draw_string_vec4
    %pushi/vec4 0, 0, 32; draw_string_vec4
    %concat/vec4; draw_string_vec4
    %pushi/vec4 0, 0, 32; draw_string_vec4
    %concat/vec4; draw_string_vec4
    %pushi/vec4 0, 0, 32; draw_string_vec4
    %concat/vec4; draw_string_vec4
    %pushi/vec4 0, 0, 32; draw_string_vec4
    %concat/vec4; draw_string_vec4
    %pushi/vec4 25205, 0, 32; draw_string_vec4
    %concat/vec4; draw_string_vec4
    %pushi/vec4 1937321332, 0, 32; draw_string_vec4
    %concat/vec4; draw_string_vec4
    %pushi/vec4 1768776992, 0, 32; draw_string_vec4
    %concat/vec4; draw_string_vec4
    %pushi/vec4 1852143455, 0, 32; draw_string_vec4
    %concat/vec4; draw_string_vec4
    %pushi/vec4 1684108385, 0, 32; draw_string_vec4
    %concat/vec4; draw_string_vec4
    %pushi/vec4 543388261, 0, 32; draw_string_vec4
    %concat/vec4; draw_string_vec4
    %pushi/vec4 1635018084, 0, 32; draw_string_vec4
    %concat/vec4; draw_string_vec4
    %pushi/vec4 544108320, 0, 32; draw_string_vec4
    %concat/vec4; draw_string_vec4
    %pushi/vec4 1702392946, 0, 32; draw_string_vec4
    %concat/vec4; draw_string_vec4
    %pushi/vec4 1629516389, 0, 32; draw_string_vec4
    %concat/vec4; draw_string_vec4
    %pushi/vec4 1667590518, 0, 32; draw_string_vec4
    %concat/vec4; draw_string_vec4
    %pushi/vec4 1701060710, 0, 32; draw_string_vec4
    %concat/vec4; draw_string_vec4
    %pushi/vec4 1918987621, 0, 32; draw_string_vec4
    %concat/vec4; draw_string_vec4
    %store/vec4 v0x6059489fd150_0, 0, 768;
    %fork TD_Tester.add_check, S_0x605948a39230;
    %join;
    %load/vec4 v0x605948a5a910_0;
    %pushi/vec4 0, 0, 1;
    %cmp/e;
    %flag_get/vec4 6;
    %store/vec4 v0x6059489fd1f0_0, 0, 1;
    %pushi/vec4 0, 0, 32; draw_string_vec4
    %pushi/vec4 0, 0, 32; draw_string_vec4
    %concat/vec4; draw_string_vec4
    %pushi/vec4 0, 0, 32; draw_string_vec4
    %concat/vec4; draw_string_vec4
    %pushi/vec4 0, 0, 32; draw_string_vec4
    %concat/vec4; draw_string_vec4
    %pushi/vec4 0, 0, 32; draw_string_vec4
    %concat/vec4; draw_string_vec4
    %pushi/vec4 0, 0, 32; draw_string_vec4
    %concat/vec4; draw_string_vec4
    %pushi/vec4 0, 0, 32; draw_string_vec4
    %concat/vec4; draw_string_vec4
    %pushi/vec4 0, 0, 32; draw_string_vec4
    %concat/vec4; draw_string_vec4
    %pushi/vec4 0, 0, 32; draw_string_vec4
    %concat/vec4; draw_string_vec4
    %pushi/vec4 0, 0, 32; draw_string_vec4
    %concat/vec4; draw_string_vec4
    %pushi/vec4 29541, 0, 32; draw_string_vec4
    %concat/vec4; draw_string_vec4
    %pushi/vec4 1852073330, 0, 32; draw_string_vec4
    %concat/vec4; draw_string_vec4
    %pushi/vec4 544367988, 0, 32; draw_string_vec4
    %concat/vec4; draw_string_vec4
    %pushi/vec4 1970433651, 0, 32; draw_string_vec4
    %concat/vec4; draw_string_vec4
    %pushi/vec4 544501536, 0, 32; draw_string_vec4
    %concat/vec4; draw_string_vec4
    %pushi/vec4 1768189029, 0, 32; draw_string_vec4
    %concat/vec4; draw_string_vec4
    %pushi/vec4 543254132, 0, 32; draw_string_vec4
    %concat/vec4; draw_string_vec4
    %pushi/vec4 1701978217, 0, 32; draw_string_vec4
    %concat/vec4; draw_string_vec4
    %pushi/vec4 1735290738, 0, 32; draw_string_vec4
    %concat/vec4; draw_string_vec4
    %pushi/vec4 1701060706, 0, 32; draw_string_vec4
    %concat/vec4; draw_string_vec4
    %pushi/vec4 1970501933, 0, 32; draw_string_vec4
    %concat/vec4; draw_string_vec4
    %pushi/vec4 1953066341, 0, 32; draw_string_vec4
    %concat/vec4; draw_string_vec4
    %pushi/vec4 544367985, 0, 32; draw_string_vec4
    %concat/vec4; draw_string_vec4
    %pushi/vec4 1969582964, 0, 32; draw_string_vec4
    %concat/vec4; draw_string_vec4
    %store/vec4 v0x6059489fd150_0, 0, 768;
    %fork TD_Tester.add_check, S_0x605948a39230;
    %join;
    %end;
    .scope S_0x605948a30d90;
t_19 %join;
    %fork TD_Tester.test_gap, S_0x605948a57870;
    %join;
    %pushi/vec4 9, 0, 5;
    %store/vec4 v0x605948a5b6f0_0, 0, 5;
    %vpi_call 2 470 "$display", "\012Test 9: asynchronous reset during transmission + recovery" {0 0 0};
    %fork t_22, S_0x605948a56d90;
    %jmp t_21;
    .scope S_0x605948a56d90;
t_22 ;
    %load/vec4 v0x605948a5b7d0_0;
    %store/vec4 v0x605948a56f70_0, 0, 32;
    %pushi/vec4 53, 0, 7;
    %store/vec4 v0x605948a57770_0, 0, 7;
    %fork TD_Tester.send_top_data, S_0x605948a57590;
    %join;
T_18.12 ;
    %load/vec4 v0x605948a5a910_0;
    %pushi/vec4 1, 0, 1;
    %cmp/e;
    %flag_get/vec4 6;
    %cmpi/ne 1, 0, 1;
    %jmp/0xz T_18.13, 6;
    %wait E_0x6059489b7680;
    %jmp T_18.12;
T_18.13 ;
    %pushi/vec4 6, 0, 32;
T_18.14 %dup/vec4;
    %cmpi/s 0, 0, 32;
    %jmp/1xz T_18.15, 5;
    %jmp/1 T_18.15, 4;
    %subi 1, 0, 32;
    %wait E_0x6059489bd0e0;
    %jmp T_18.14;
T_18.15 ;
    %pop/vec4 1;
    %wait E_0x6059489b8580;
    %pushi/vec4 0, 0, 1;
    %store/vec4 v0x605948a5b500_0, 0, 1;
    %delay 1000, 0;
    %load/vec4 v0x605948a5b8b0_0;
    %cmpi/e 1, 0, 1;
    %flag_get/vec4 6;
    %jmp/0 T_18.16, 6;
    %load/vec4 v0x605948a5a910_0;
    %pushi/vec4 0, 0, 1;
    %cmp/e;
    %flag_get/vec4 6;
    %and;
T_18.16;
    %store/vec4 v0x6059489fd1f0_0, 0, 1;
    %pushi/vec4 0, 0, 32; draw_string_vec4
    %pushi/vec4 0, 0, 32; draw_string_vec4
    %concat/vec4; draw_string_vec4
    %pushi/vec4 0, 0, 32; draw_string_vec4
    %concat/vec4; draw_string_vec4
    %pushi/vec4 0, 0, 32; draw_string_vec4
    %concat/vec4; draw_string_vec4
    %pushi/vec4 0, 0, 32; draw_string_vec4
    %concat/vec4; draw_string_vec4
    %pushi/vec4 0, 0, 32; draw_string_vec4
    %concat/vec4; draw_string_vec4
    %pushi/vec4 0, 0, 32; draw_string_vec4
    %concat/vec4; draw_string_vec4
    %pushi/vec4 0, 0, 32; draw_string_vec4
    %concat/vec4; draw_string_vec4
    %pushi/vec4 0, 0, 32; draw_string_vec4
    %concat/vec4; draw_string_vec4
    %pushi/vec4 0, 0, 32; draw_string_vec4
    %concat/vec4; draw_string_vec4
    %pushi/vec4 28009, 0, 32; draw_string_vec4
    %concat/vec4; draw_string_vec4
    %pushi/vec4 1680696946, 0, 32; draw_string_vec4
    %concat/vec4; draw_string_vec4
    %pushi/vec4 1634559264, 0, 32; draw_string_vec4
    %concat/vec4; draw_string_vec4
    %pushi/vec4 1634957678, 0, 32; draw_string_vec4
    %concat/vec4; draw_string_vec4
    %pushi/vec4 1667789423, 0, 32; draw_string_vec4
    %concat/vec4; draw_string_vec4
    %pushi/vec4 1852798323, 0, 32; draw_string_vec4
    %concat/vec4; draw_string_vec4
    %pushi/vec4 544367987, 0, 32; draw_string_vec4
    %concat/vec4; draw_string_vec4
    %pushi/vec4 1702109289, 0, 32; draw_string_vec4
    %concat/vec4; draw_string_vec4
    %pushi/vec4 1835885924, 0, 32; draw_string_vec4
    %concat/vec4; draw_string_vec4
    %pushi/vec4 1767994469, 0, 32; draw_string_vec4
    %concat/vec4; draw_string_vec4
    %pushi/vec4 1819877473, 0, 32; draw_string_vec4
    %concat/vec4; draw_string_vec4
    %pushi/vec4 1651470964, 0, 32; draw_string_vec4
    %concat/vec4; draw_string_vec4
    %pushi/vec4 1931506533, 0, 32; draw_string_vec4
    %concat/vec4; draw_string_vec4
    %pushi/vec4 1852073330, 0, 32; draw_string_vec4
    %concat/vec4; draw_string_vec4
    %store/vec4 v0x6059489fd150_0, 0, 768;
    %fork TD_Tester.add_check, S_0x605948a39230;
    %join;
    %load/vec4 v0x605948a5b410_0;
    %cmpi/e 0, 0, 1;
    %flag_get/vec4 6;
    %jmp/0 T_18.17, 6;
    %load/vec4 v0x605948a5abe0_0;
    %pushi/vec4 0, 0, 1;
    %cmp/e;
    %flag_get/vec4 6;
    %and;
T_18.17;
    %store/vec4 v0x6059489fd1f0_0, 0, 1;
    %pushi/vec4 0, 0, 32; draw_string_vec4
    %pushi/vec4 0, 0, 32; draw_string_vec4
    %concat/vec4; draw_string_vec4
    %pushi/vec4 0, 0, 32; draw_string_vec4
    %concat/vec4; draw_string_vec4
    %pushi/vec4 0, 0, 32; draw_string_vec4
    %concat/vec4; draw_string_vec4
    %pushi/vec4 0, 0, 32; draw_string_vec4
    %concat/vec4; draw_string_vec4
    %pushi/vec4 0, 0, 32; draw_string_vec4
    %concat/vec4; draw_string_vec4
    %pushi/vec4 0, 0, 32; draw_string_vec4
    %concat/vec4; draw_string_vec4
    %pushi/vec4 0, 0, 32; draw_string_vec4
    %concat/vec4; draw_string_vec4
    %pushi/vec4 0, 0, 32; draw_string_vec4
    %concat/vec4; draw_string_vec4
    %pushi/vec4 0, 0, 32; draw_string_vec4
    %concat/vec4; draw_string_vec4
    %pushi/vec4 0, 0, 32; draw_string_vec4
    %concat/vec4; draw_string_vec4
    %pushi/vec4 0, 0, 32; draw_string_vec4
    %concat/vec4; draw_string_vec4
    %pushi/vec4 0, 0, 32; draw_string_vec4
    %concat/vec4; draw_string_vec4
    %pushi/vec4 0, 0, 32; draw_string_vec4
    %concat/vec4; draw_string_vec4
    %pushi/vec4 28009, 0, 32; draw_string_vec4
    %concat/vec4; draw_string_vec4
    %pushi/vec4 1680696946, 0, 32; draw_string_vec4
    %concat/vec4; draw_string_vec4
    %pushi/vec4 1634559264, 0, 32; draw_string_vec4
    %concat/vec4; draw_string_vec4
    %pushi/vec4 1919251301, 0, 32; draw_string_vec4
    %concat/vec4; draw_string_vec4
    %pushi/vec4 1948279660, 0, 32; draw_string_vec4
    %concat/vec4; draw_string_vec4
    %pushi/vec4 1700885107, 0, 32; draw_string_vec4
    %concat/vec4; draw_string_vec4
    %pushi/vec4 544367971, 0, 32; draw_string_vec4
    %concat/vec4; draw_string_vec4
    %pushi/vec4 1701410405, 0, 32; draw_string_vec4
    %concat/vec4; draw_string_vec4
    %pushi/vec4 1914729332, 0, 32; draw_string_vec4
    %concat/vec4; draw_string_vec4
    %pushi/vec4 1635022195, 0, 32; draw_string_vec4
    %concat/vec4; draw_string_vec4
    %store/vec4 v0x6059489fd150_0, 0, 768;
    %fork TD_Tester.add_check, S_0x605948a39230;
    %join;
    %pushi/vec4 2, 0, 32;
T_18.18 %dup/vec4;
    %cmpi/s 0, 0, 32;
    %jmp/1xz T_18.19, 5;
    %jmp/1 T_18.19, 4;
    %subi 1, 0, 32;
    %wait E_0x6059489bd0e0;
    %jmp T_18.18;
T_18.19 ;
    %pop/vec4 1;
    %wait E_0x6059489b8580;
    %pushi/vec4 1, 0, 1;
    %store/vec4 v0x605948a5b500_0, 0, 1;
    %pushi/vec4 3, 0, 32;
T_18.20 %dup/vec4;
    %cmpi/s 0, 0, 32;
    %jmp/1xz T_18.21, 5;
    %jmp/1 T_18.21, 4;
    %subi 1, 0, 32;
    %wait E_0x6059489bd0e0;
    %jmp T_18.20;
T_18.21 ;
    %pop/vec4 1;
    %load/vec4 v0x605948a5b7d0_0;
    %load/vec4 v0x605948a56f70_0;
    %cmp/e;
    %flag_get/vec4 4;
    %store/vec4 v0x6059489fd1f0_0, 0, 1;
    %pushi/vec4 0, 0, 32; draw_string_vec4
    %pushi/vec4 0, 0, 32; draw_string_vec4
    %concat/vec4; draw_string_vec4
    %pushi/vec4 0, 0, 32; draw_string_vec4
    %concat/vec4; draw_string_vec4
    %pushi/vec4 0, 0, 32; draw_string_vec4
    %concat/vec4; draw_string_vec4
    %pushi/vec4 0, 0, 32; draw_string_vec4
    %concat/vec4; draw_string_vec4
    %pushi/vec4 0, 0, 32; draw_string_vec4
    %concat/vec4; draw_string_vec4
    %pushi/vec4 0, 0, 32; draw_string_vec4
    %concat/vec4; draw_string_vec4
    %pushi/vec4 0, 0, 32; draw_string_vec4
    %concat/vec4; draw_string_vec4
    %pushi/vec4 0, 0, 32; draw_string_vec4
    %concat/vec4; draw_string_vec4
    %pushi/vec4 0, 0, 32; draw_string_vec4
    %concat/vec4; draw_string_vec4
    %pushi/vec4 0, 0, 32; draw_string_vec4
    %concat/vec4; draw_string_vec4
    %pushi/vec4 0, 0, 32; draw_string_vec4
    %concat/vec4; draw_string_vec4
    %pushi/vec4 24930, 0, 32; draw_string_vec4
    %concat/vec4; draw_string_vec4
    %pushi/vec4 1869771877, 0, 32; draw_string_vec4
    %concat/vec4; draw_string_vec4
    %pushi/vec4 1679844978, 0, 32; draw_string_vec4
    %concat/vec4; draw_string_vec4
    %pushi/vec4 1634559264, 0, 32; draw_string_vec4
    %concat/vec4; draw_string_vec4
    %pushi/vec4 1685022067, 0, 32; draw_string_vec4
    %concat/vec4; draw_string_vec4
    %pushi/vec4 544108404, 0, 32; draw_string_vec4
    %concat/vec4; draw_string_vec4
    %pushi/vec4 544240239, 0, 32; draw_string_vec4
    %concat/vec4; draw_string_vec4
    %pushi/vec4 1685414757, 0, 32; draw_string_vec4
    %concat/vec4; draw_string_vec4
    %pushi/vec4 543236210, 0, 32; draw_string_vec4
    %concat/vec4; draw_string_vec4
    %pushi/vec4 1701012841, 0, 32; draw_string_vec4
    %concat/vec4; draw_string_vec4
    %pushi/vec4 1986338917, 0, 32; draw_string_vec4
    %concat/vec4; draw_string_vec4
    %pushi/vec4 1986358900, 0, 32; draw_string_vec4
    %concat/vec4; draw_string_vec4
    %store/vec4 v0x6059489fd150_0, 0, 768;
    %fork TD_Tester.add_check, S_0x605948a39230;
    %join;
    %fork t_24, S_0x605948a56d90;
    %fork t_25, S_0x605948a56d90;
    %join;
    %join;
    %jmp t_23;
t_24 ;
    %pushi/vec4 67, 0, 7;
    %store/vec4 v0x605948a57770_0, 0, 7;
    %fork TD_Tester.send_top_data, S_0x605948a57590;
    %join;
    %end;
t_25 ;
    %pushi/vec4 67, 0, 7;
    %store/vec4 v0x605948a54f10_0, 0, 7;
    %fork TD_Tester.check_top_data, S_0x605948a54ca0;
    %join;
    %end;
    .scope S_0x605948a56d90;
t_23 ;
    %end;
    .scope S_0x605948a30d90;
t_21 %join;
    %fork TD_Tester.test_gap, S_0x605948a57870;
    %join;
    %pushi/vec4 10, 0, 5;
    %store/vec4 v0x605948a5b6f0_0, 0, 5;
    %vpi_call 2 507 "$display", "\012Test 10: false start rejection + receiver recovery" {0 0 0};
    %fork t_27, S_0x605948a55950;
    %jmp t_26;
    .scope S_0x605948a55950;
t_27 ;
    %load/vec4 v0x605948a5b1e0_0;
    %store/vec4 v0x605948a55b30_0, 0, 32;
    %wait E_0x6059489b8580;
    %pushi/vec4 0, 0, 1;
    %store/vec4 v0x605948a5b110_0, 0, 1;
    %wait E_0x6059489b8580;
    %pushi/vec4 1, 0, 1;
    %store/vec4 v0x605948a5b110_0, 0, 1;
    %pushi/vec4 7, 0, 32;
T_18.22 %dup/vec4;
    %cmpi/s 0, 0, 32;
    %jmp/1xz T_18.23, 5;
    %jmp/1 T_18.23, 4;
    %subi 1, 0, 32;
    %wait E_0x6059489bd0e0;
    %jmp T_18.22;
T_18.23 ;
    %pop/vec4 1;
    %load/vec4 v0x605948a5b1e0_0;
    %load/vec4 v0x605948a55b30_0;
    %cmp/e;
    %flag_get/vec4 4;
    %store/vec4 v0x6059489fd1f0_0, 0, 1;
    %pushi/vec4 0, 0, 32; draw_string_vec4
    %pushi/vec4 0, 0, 32; draw_string_vec4
    %concat/vec4; draw_string_vec4
    %pushi/vec4 0, 0, 32; draw_string_vec4
    %concat/vec4; draw_string_vec4
    %pushi/vec4 0, 0, 32; draw_string_vec4
    %concat/vec4; draw_string_vec4
    %pushi/vec4 0, 0, 32; draw_string_vec4
    %concat/vec4; draw_string_vec4
    %pushi/vec4 0, 0, 32; draw_string_vec4
    %concat/vec4; draw_string_vec4
    %pushi/vec4 0, 0, 32; draw_string_vec4
    %concat/vec4; draw_string_vec4
    %pushi/vec4 0, 0, 32; draw_string_vec4
    %concat/vec4; draw_string_vec4
    %pushi/vec4 0, 0, 32; draw_string_vec4
    %concat/vec4; draw_string_vec4
    %pushi/vec4 0, 0, 32; draw_string_vec4
    %concat/vec4; draw_string_vec4
    %pushi/vec4 0, 0, 32; draw_string_vec4
    %concat/vec4; draw_string_vec4
    %pushi/vec4 0, 0, 32; draw_string_vec4
    %concat/vec4; draw_string_vec4
    %pushi/vec4 0, 0, 32; draw_string_vec4
    %concat/vec4; draw_string_vec4
    %pushi/vec4 0, 0, 32; draw_string_vec4
    %concat/vec4; draw_string_vec4
    %pushi/vec4 0, 0, 32; draw_string_vec4
    %concat/vec4; draw_string_vec4
    %pushi/vec4 7563375, 0, 32; draw_string_vec4
    %concat/vec4; draw_string_vec4
    %pushi/vec4 1920213094, 0, 32; draw_string_vec4
    %concat/vec4; draw_string_vec4
    %pushi/vec4 1634497381, 0, 32; draw_string_vec4
    %concat/vec4; draw_string_vec4
    %pushi/vec4 762541153, 0, 32; draw_string_vec4
    %concat/vec4; draw_string_vec4
    %pushi/vec4 1920213104, 0, 32; draw_string_vec4
    %concat/vec4; draw_string_vec4
    %pushi/vec4 1970041701, 0, 32; draw_string_vec4
    %concat/vec4; draw_string_vec4
    %pushi/vec4 543781664, 0, 32; draw_string_vec4
    %concat/vec4; draw_string_vec4
    %pushi/vec4 1919248997, 0, 32; draw_string_vec4
    %concat/vec4; draw_string_vec4
    %pushi/vec4 1668572516, 0, 32; draw_string_vec4
    %concat/vec4; draw_string_vec4
    %store/vec4 v0x6059489fd150_0, 0, 768;
    %fork TD_Tester.add_check, S_0x605948a39230;
    %join;
    %load/vec4 v0x605948a5ae70_0;
    %pushi/vec4 0, 0, 1;
    %cmp/e;
    %flag_get/vec4 6;
    %store/vec4 v0x6059489fd1f0_0, 0, 1;
    %pushi/vec4 0, 0, 32; draw_string_vec4
    %pushi/vec4 0, 0, 32; draw_string_vec4
    %concat/vec4; draw_string_vec4
    %pushi/vec4 0, 0, 32; draw_string_vec4
    %concat/vec4; draw_string_vec4
    %pushi/vec4 0, 0, 32; draw_string_vec4
    %concat/vec4; draw_string_vec4
    %pushi/vec4 0, 0, 32; draw_string_vec4
    %concat/vec4; draw_string_vec4
    %pushi/vec4 0, 0, 32; draw_string_vec4
    %concat/vec4; draw_string_vec4
    %pushi/vec4 0, 0, 32; draw_string_vec4
    %concat/vec4; draw_string_vec4
    %pushi/vec4 0, 0, 32; draw_string_vec4
    %concat/vec4; draw_string_vec4
    %pushi/vec4 0, 0, 32; draw_string_vec4
    %concat/vec4; draw_string_vec4
    %pushi/vec4 0, 0, 32; draw_string_vec4
    %concat/vec4; draw_string_vec4
    %pushi/vec4 0, 0, 32; draw_string_vec4
    %concat/vec4; draw_string_vec4
    %pushi/vec4 0, 0, 32; draw_string_vec4
    %concat/vec4; draw_string_vec4
    %pushi/vec4 0, 0, 32; draw_string_vec4
    %concat/vec4; draw_string_vec4
    %pushi/vec4 6709612, 0, 32; draw_string_vec4
    %concat/vec4; draw_string_vec4
    %pushi/vec4 1936007283, 0, 32; draw_string_vec4
    %concat/vec4; draw_string_vec4
    %pushi/vec4 1952543348, 0, 32; draw_string_vec4
    %concat/vec4; draw_string_vec4
    %pushi/vec4 543781664, 0, 32; draw_string_vec4
    %concat/vec4; draw_string_vec4
    %pushi/vec4 1852143205, 0, 32; draw_string_vec4
    %concat/vec4; draw_string_vec4
    %pushi/vec4 1914727777, 0, 32; draw_string_vec4
    %concat/vec4; draw_string_vec4
    %pushi/vec4 1919640932, 0, 32; draw_string_vec4
    %concat/vec4; draw_string_vec4
    %pushi/vec4 543257376, 0, 32; draw_string_vec4
    %concat/vec4; draw_string_vec4
    %pushi/vec4 1668248178, 0, 32; draw_string_vec4
    %concat/vec4; draw_string_vec4
    %pushi/vec4 1701016608, 0, 32; draw_string_vec4
    %concat/vec4; draw_string_vec4
    %pushi/vec4 1684108385, 0, 32; draw_string_vec4
    %concat/vec4; draw_string_vec4
    %store/vec4 v0x6059489fd150_0, 0, 768;
    %fork TD_Tester.add_check, S_0x605948a39230;
    %join;
    %fork t_29, S_0x605948a55950;
    %fork t_30, S_0x605948a55950;
    %join;
    %join;
    %jmp t_28;
t_29 ;
    %pushi/vec4 1, 0, 7;
    %store/vec4 v0x605948a57250_0, 0, 7;
    %pushi/vec4 1, 0, 1;
    %store/vec4 v0x605948a57430_0, 0, 1;
    %pushi/vec4 1, 0, 1;
    %store/vec4 v0x605948a574d0_0, 0, 1;
    %fork TD_Tester.send_manual_frame, S_0x605948a57070;
    %join;
    %end;
t_30 ;
    %pushi/vec4 1, 0, 7;
    %store/vec4 v0x605948a28d00_0, 0, 7;
    %pushi/vec4 1, 0, 1;
    %store/vec4 v0x605948a28b00_0, 0, 1;
    %fork TD_Tester.check_manual_data, S_0x605948a54700;
    %join;
    %end;
    .scope S_0x605948a55950;
t_28 ;
    %end;
    .scope S_0x605948a30d90;
t_26 %join;
    %fork TD_Tester.test_gap, S_0x605948a57870;
    %join;
    %pushi/vec4 11, 0, 5;
    %store/vec4 v0x605948a5b6f0_0, 0, 5;
    %vpi_call 2 538 "$display", "\012Test 11: exhaustive sweep of all 128 payload values" {0 0 0};
    %pushi/vec4 0, 0, 1;
    %store/vec4 v0x605948a5b950_0, 0, 1;
    %vpi_call 2 540 "$dumpoff" {0 0 0};
    %fork t_32, S_0x605948a55670;
    %jmp t_31;
    .scope S_0x605948a55670;
t_32 ;
    %load/vec4 v0x605948a5ac80_0;
    %store/vec4 v0x605948a55850_0, 0, 32;
    %pushi/vec4 0, 0, 32;
    %store/vec4 v0x605948a5ad90_0, 0, 32;
T_18.24 ; Top of for-loop
    %load/vec4 v0x605948a5ad90_0;
    %cmpi/s 128, 0, 32;
	  %jmp/0xz T_18.25, 5;
    %fork t_34, S_0x605948a55670;
    %fork t_35, S_0x605948a55670;
    %join;
    %join;
    %jmp t_33;
t_34 ;
    %load/vec4 v0x605948a5ad90_0;
    %pad/s 7;
    %store/vec4 v0x605948a57770_0, 0, 7;
    %fork TD_Tester.send_top_data, S_0x605948a57590;
    %join;
    %end;
t_35 ;
    %load/vec4 v0x605948a5ad90_0;
    %pad/s 7;
    %store/vec4 v0x605948a54f10_0, 0, 7;
    %fork TD_Tester.check_top_data, S_0x605948a54ca0;
    %join;
    %end;
    .scope S_0x605948a55670;
t_33 ;
T_18.26 ; for-loop step statement
    %load/vec4 v0x605948a5ad90_0;
    %addi 1, 0, 32;
    %store/vec4 v0x605948a5ad90_0, 0, 32;
    %jmp T_18.24;
T_18.25 ; for-loop exit label
    %load/vec4 v0x605948a5ac80_0;
    %load/vec4 v0x605948a55850_0;
    %cmp/e;
    %jmp/0xz  T_18.27, 4;
    %vpi_call 2 554 "$display", "PASS: all 128 payload values received correctly" {0 0 0};
    %jmp T_18.28;
T_18.27 ;
    %load/vec4 v0x605948a5ac80_0;
    %load/vec4 v0x605948a55850_0;
    %sub;
    %vpi_call 2 556 "$display", "FAIL: exhaustive payload sweep found %0d new error(s)", S<0,vec4,s32> {1 0 0};
T_18.28 ;
    %end;
    .scope S_0x605948a30d90;
t_31 %join;
    %vpi_call 2 560 "$dumpon" {0 0 0};
    %pushi/vec4 1, 0, 1;
    %store/vec4 v0x605948a5b950_0, 0, 1;
    %fork TD_Tester.test_gap, S_0x605948a57870;
    %join;
    %pushi/vec4 31, 0, 5;
    %store/vec4 v0x605948a5b6f0_0, 0, 5;
    %vpi_call 2 568 "$display", "\012============================================" {0 0 0};
    %vpi_call 2 569 "$display", "UART TEST SUMMARY" {0 0 0};
    %vpi_call 2 570 "$display", "Checks performed : %0d", v0x605948a5a9d0_0 {0 0 0};
    %vpi_call 2 571 "$display", "Errors found     : %0d", v0x605948a5ac80_0 {0 0 0};
    %load/vec4 v0x605948a5ac80_0;
    %cmpi/e 0, 0, 32;
    %jmp/0xz  T_18.29, 4;
    %vpi_call 2 573 "$display", "ALL TESTS PASSED" {0 0 0};
    %jmp T_18.30;
T_18.29 ;
    %vpi_call 2 575 "$display", "TESTBENCH FAILED" {0 0 0};
T_18.30 ;
    %vpi_call 2 576 "$display", "VCD file         : uart_tests.vcd" {0 0 0};
    %vpi_call 2 577 "$display", "============================================\012" {0 0 0};
    %delay 100000, 0;
    %vpi_call 2 580 "$finish" {0 0 0};
    %end;
    .thread T_18;
# The file index is used to find the file name in the following table.
:file_names 6;
    "N/A";
    "<interactive>";
    "Tester.v";
    "UARTReceiver.v";
    "UARTTop.v";
    "UARTSender.v";
