\BOOKMARK [1][-]{section.1}{\376\377\006\107\006\057\006\101\000\040\006\042\006\062\006\105\006\047\006\314\006\064}{}% 1
\BOOKMARK [1][-]{section.2}{\376\377\006\064\006\061\006\055\000\040\006\105\006\063\006\046\006\104\006\107\000\040\006\110\000\040\006\102\006\047\006\104\006\050\000\040\006\102\006\047\006\050\000\040\000U\000A\000R\000T}{}% 2
\BOOKMARK [2][-]{subsection.2.1}{\376\377\006\063\006\047\006\056\006\052\006\047\006\061\000\040\006\102\006\047\006\050}{section.2}% 3
\BOOKMARK [2][-]{subsection.2.2}{\376\377\006\062\006\105\006\047\006\106\040\014\006\050\006\106\006\057\006\314\000\040\006\047\006\106\006\052\006\102\006\047\006\104}{section.2}% 4
\BOOKMARK [1][-]{section.3}{\376\377\006\067\006\061\006\047\006\055\006\314\000\040\006\101\006\061\006\063\006\052\006\106\006\057\006\107}{}% 5
\BOOKMARK [2][-]{subsection.3.1}{\376\377\006\063\006\047\006\056\006\052\006\047\006\061\000\040\006\105\006\047\006\064\006\314\006\106\000\040\006\055\006\047\006\104\006\052\000\040\006\101\006\061\006\063\006\052\006\106\006\057\006\107}{section.3}% 6
\BOOKMARK [2][-]{subsection.3.2}{\376\377\006\251\006\057\000\040\000V\000e\000r\000i\000l\000o\000g\000\040\006\101\006\061\006\063\006\052\006\106\006\057\006\107}{section.3}% 7
\BOOKMARK [1][-]{section.4}{\376\377\006\067\006\061\006\047\006\055\006\314\000\040\006\257\006\314\006\061\006\106\006\057\006\107}{}% 8
\BOOKMARK [2][-]{subsection.4.1}{\376\377\006\063\006\047\006\056\006\052\006\047\006\061\000\040\006\105\006\047\006\064\006\314\006\106\000\040\006\055\006\047\006\104\006\052\000\040\006\257\006\314\006\061\006\106\006\057\006\107}{section.4}% 9
\BOOKMARK [2][-]{subsection.4.2}{\376\377\006\251\006\057\000\040\000V\000e\000r\000i\000l\000o\000g\000\040\006\257\006\314\006\061\006\106\006\057\006\107}{section.4}% 10
\BOOKMARK [1][-]{section.5}{\376\377\006\176\006\314\006\105\006\047\006\106\006\107\006\124\000\040\006\063\006\067\006\055\000\040\006\050\006\047\006\104\006\047\000\040\006\110\000\040\006\047\006\052\006\065\006\047\006\104\000\040\006\050\006\047\006\062\006\257\006\064\006\052\000\040\006\105\006\063\006\052\006\102\006\314\006\105}{}% 11
\BOOKMARK [2][-]{subsection.5.1}{\376\377\006\251\006\057\000\040\000V\000e\000r\000i\000l\000o\000g\000\040\006\176\006\314\006\105\006\047\006\106\006\300\000\040\006\063\006\067\006\055\000\040\006\050\006\047\006\104\006\047}{section.5}% 12
\BOOKMARK [1][-]{section.6}{\376\377\006\063\006\106\006\052\006\062\000\040\006\110\000\040\006\105\006\064\006\047\006\107\006\057\006\300\000\040\006\063\006\047\006\056\006\052\006\047\006\061\000\040\006\057\006\061\000\040\000Q\000u\000a\000r\000t\000u\000s}{}% 13
\BOOKMARK [2][-]{subsection.6.1}{\376\377\006\061\006\110\006\106\006\057\000\040\006\047\006\106\006\054\006\047\006\105\000\040\006\251\006\047\006\061\000\040\006\057\006\061\000\040\000Q\000u\000a\000r\000t\000u\000s}{section.6}% 14
\BOOKMARK [2][-]{subsection.6.2}{\376\377\006\106\006\105\006\047\006\314\000\040\000R\000T\000L\000\040\006\101\006\061\006\063\006\052\006\106\006\057\006\107}{section.6}% 15
\BOOKMARK [2][-]{subsection.6.3}{\376\377\006\106\006\105\006\047\006\314\000\040\000R\000T\000L\000\040\006\257\006\314\006\061\006\106\006\057\006\107}{section.6}% 16
\BOOKMARK [2][-]{subsection.6.4}{\376\377\006\106\006\105\006\047\006\314\000\040\000R\000T\000L\000\040\006\176\006\314\006\105\006\047\006\106\006\300\000\040\006\063\006\067\006\055\000\040\006\050\006\047\006\104\006\047}{section.6}% 17
\BOOKMARK [1][-]{section.7}{\376\377\006\067\006\061\006\047\006\055\006\314\000\040\006\101\006\047\006\314\006\104\000\040\006\042\006\062\006\105\006\110\006\106}{}% 18
\BOOKMARK [2][-]{subsection.7.1}{\376\377\006\107\006\057\006\101\000\040\006\110\000\040\006\063\006\047\006\056\006\052\006\047\006\061\000\040\006\101\006\047\006\314\006\104\000\040\000T\000e\000s\000t\000b\000e\000n\000c\000h}{section.7}% 19
\BOOKMARK [2][-]{subsection.7.2}{\376\377\006\052\006\110\006\104\006\314\006\057\000\040\006\063\006\047\006\071\006\052\006\014\000\040\006\050\006\047\006\062\006\106\006\064\006\047\006\106\006\314\000\040\006\110\000\040\006\053\006\050\006\052\000\040\006\064\006\251\006\104\000\040\006\105\006\110\006\054}{section.7}% 20
\BOOKMARK [2][-]{subsection.7.3}{\376\377\006\110\006\070\006\047\006\314\006\101\000\040\006\251\006\105\006\251\006\314\000\040\006\110\000\040\006\056\006\110\006\057\006\042\006\062\006\105\006\047\006\314\006\314}{section.7}% 21
\BOOKMARK [1][-]{section.8}{\376\377\006\063\006\106\006\047\006\061\006\314\006\110\006\107\006\047\006\314\000\040\006\042\006\062\006\105\006\110\006\106\000\040\006\110\000\040\006\055\006\047\006\104\006\052\040\014\006\107\006\047\006\314\000\040\006\105\006\061\006\062\006\314}{}% 22
\BOOKMARK [2][-]{subsection.8.1}{\376\377\006\042\006\062\006\105\006\110\006\106\000\040\006\361\000:\000\040\006\050\006\047\006\062\006\106\006\064\006\047\006\106\006\314\000\040\006\110\000\040\006\055\006\047\006\104\006\052\000\040\006\050\006\314\040\014\006\251\006\047\006\061}{section.8}% 23
\BOOKMARK [2][-]{subsection.8.2}{\376\377\006\042\006\062\006\105\006\110\006\106\000\040\006\362\000:\000\040\006\057\006\061\006\314\006\047\006\101\006\052\000\040\006\065\006\055\006\314\006\055\006\014\000\040\006\102\006\047\006\104\006\050\000\040\006\102\006\047\006\050\000\040\006\110\000\040\006\062\006\105\006\047\006\106\040\014\006\050\006\106\006\057\006\314\000\040\006\063\006\314\006\257\006\106\006\047\006\104\000\040\000b\000u\000s\000y}{section.8}% 24
\BOOKMARK [2][-]{subsection.8.3}{\376\377\006\042\006\062\006\105\006\110\006\106\000\040\006\363\000:\000\040\006\056\006\067\006\047\006\314\000\040\006\052\006\110\006\047\006\062\006\106}{section.8}% 25
\BOOKMARK [2][-]{subsection.8.4}{\376\377\006\042\006\062\006\105\006\110\006\106\000\040\006\364\000:\000\040\006\056\006\067\006\047\006\314\000\040\006\050\006\314\006\052\000\040\006\052\006\110\006\102\006\101}{section.8}% 26
\BOOKMARK [2][-]{subsection.8.5}{\376\377\006\042\006\062\006\105\006\110\006\106\000\040\006\365\000:\000\040\006\047\006\061\006\063\006\047\006\104\000\040\006\206\006\106\006\057\000\040\006\102\006\047\006\050\000\040\006\176\006\064\006\052\040\014\006\063\006\061\006\107\006\105}{section.8}% 27
\BOOKMARK [2][-]{subsection.8.6}{\376\377\006\042\006\062\006\105\006\110\006\106\000\040\006\366\000:\000\040\006\055\006\057\006\047\006\102\006\104\000\040\006\057\006\047\006\057\006\107}{section.8}% 28
\BOOKMARK [2][-]{subsection.8.7}{\376\377\006\042\006\062\006\105\006\110\006\106\000\040\006\367\000:\000\040\006\055\006\057\006\047\006\251\006\053\006\061\000\040\006\057\006\047\006\057\006\107}{section.8}% 29
\BOOKMARK [2][-]{subsection.8.8}{\376\377\006\042\006\062\006\105\006\110\006\106\000\040\006\370\000:\000\040\006\101\006\071\006\047\006\104\040\014\006\063\006\047\006\062\006\314\000\040\000n\000e\000w\000\137\000d\000a\000t\000a\000\040\006\107\006\106\006\257\006\047\006\105\000\040\006\105\006\064\006\072\006\110\006\104\000\040\006\050\006\110\006\057\006\106\000\040\006\101\006\061\006\063\006\052\006\106\006\057\006\107}{section.8}% 30
\BOOKMARK [2][-]{subsection.8.9}{\376\377\006\042\006\062\006\105\006\110\006\106\000\040\006\371\000:\000\040\006\050\006\047\006\062\006\106\006\064\006\047\006\106\006\314\000\040\006\106\006\047\006\107\006\105\040\014\006\062\006\105\006\047\006\106\000\040\006\057\006\061\000\040\006\105\006\314\006\047\006\106\006\107\006\124\000\040\006\047\006\106\006\052\006\102\006\047\006\104\000\040\006\110\000\040\006\050\006\047\006\062\006\314\006\047\006\050\006\314}{section.8}% 31
\BOOKMARK [2][-]{subsection.8.10}{\376\377\006\042\006\062\006\105\006\110\006\106\000\040\006\361\006\360\000:\000\040\006\061\006\057\000\040\006\064\006\061\006\110\006\071\000\040\006\251\006\047\006\060\006\050\000\040\006\110\000\040\006\050\006\047\006\062\006\314\006\047\006\050\006\314\000\040\006\257\006\314\006\061\006\106\006\057\006\107}{section.8}% 32
\BOOKMARK [2][-]{subsection.8.11}{\376\377\006\042\006\062\006\105\006\110\006\106\000\040\006\361\006\361\000:\000\040\006\176\006\314\006\105\006\047\006\314\006\064\000\040\006\054\006\047\006\105\006\071\000\040\006\052\006\105\006\047\006\105\000\040\006\361\006\362\006\370\000\040\006\105\006\102\006\057\006\047\006\061\000\040\006\057\006\047\006\057\006\107}{section.8}% 33
\BOOKMARK [1][-]{section.9}{\376\377\006\064\006\251\006\104\000\040\006\105\006\110\006\054\040\014\006\107\006\047\006\314\000\040\006\105\006\106\006\052\006\056\006\050\000\040\006\110\000\040\006\052\006\055\006\104\006\314\006\104\000\040\006\042\006\106\040\014\006\107\006\047}{}% 34
\BOOKMARK [2][-]{subsection.9.1}{\376\377\006\064\006\251\006\104\000\040\006\105\006\110\006\054\000\040\006\042\006\062\006\105\006\110\006\106\000\040\006\057\006\061\006\314\006\047\006\101\006\052\000\040\006\065\006\055\006\314\006\055\006\014\000\040\000t\000e\000s\000t\000\137\000i\000d\000=\0002}{section.9}% 35
\BOOKMARK [2][-]{subsection.9.2}{\376\377\006\064\006\251\006\104\000\040\006\105\006\110\006\054\000\040\006\042\006\062\006\105\006\110\006\106\000\040\006\056\006\067\006\047\006\314\000\040\000p\000a\000r\000i\000t\000y\006\014\000\040\000t\000e\000s\000t\000\137\000i\000d\000=\0003}{section.9}% 36
\BOOKMARK [2][-]{subsection.9.3}{\376\377\006\064\006\251\006\104\000\040\006\105\006\110\006\054\000\040\006\042\006\062\006\105\006\110\006\106\000\040\006\056\006\067\006\047\006\314\000\040\006\050\006\314\006\052\000\040\006\052\006\110\006\102\006\101\006\014\000\040\000t\000e\000s\000t\000\137\000i\000d\000=\0004}{section.9}% 37
\BOOKMARK [2][-]{subsection.9.4}{\376\377\006\064\006\251\006\104\000\040\006\105\006\110\006\054\000\040\006\042\006\062\006\105\006\110\006\106\000\040\006\047\006\061\006\063\006\047\006\104\000\040\006\206\006\106\006\057\000\040\006\102\006\047\006\050\006\014\000\040\000t\000e\000s\000t\000\137\000i\000d\000=\0005}{section.9}% 38
\BOOKMARK [2][-]{subsection.9.5}{\376\377\006\064\006\251\006\104\000\040\006\105\006\110\006\054\000\040\006\042\006\062\006\105\006\110\006\106\000\040\006\106\006\047\006\057\006\314\006\057\006\107\040\014\006\257\006\061\006\101\006\052\006\106\000\040\000n\000e\000w\000\137\000d\000a\000t\000a\000\040\006\107\006\106\006\257\006\047\006\105\000\040\000b\000u\000s\000y\006\014\000\040\000t\000e\000s\000t\000\137\000i\000d\000=\0008}{section.9}% 39
\BOOKMARK [2][-]{subsection.9.6}{\376\377\006\064\006\251\006\104\000\040\006\105\006\110\006\054\000\040\006\042\006\062\006\105\006\110\006\106\000\040\006\050\006\047\006\062\006\106\006\064\006\047\006\106\006\314\000\040\006\105\006\314\006\047\006\106\006\107\006\124\000\040\006\047\006\106\006\052\006\102\006\047\006\104\006\014\000\040\000t\000e\000s\000t\000\137\000i\000d\000=\0009}{section.9}% 40
\BOOKMARK [2][-]{subsection.9.7}{\376\377\006\052\006\110\006\066\006\314\006\055\000\040\006\251\006\104\006\314\000\040\006\064\006\251\006\104\000\040\006\105\006\110\006\054\040\014\006\107\006\047}{section.9}% 41
\BOOKMARK [1][-]{section.10}{\376\377\006\056\006\061\006\110\006\054\006\314\000\040\006\106\006\107\006\047\006\314\006\314\000\040\006\101\006\047\006\314\006\104\000\040\006\042\006\062\006\105\006\110\006\106}{}% 42
\BOOKMARK [1][-]{section.11}{\376\377\006\052\006\055\006\104\006\314\006\104\000\040\006\106\006\052\006\047\006\314\006\054\000\040\006\110\000\040\006\054\006\105\006\071\040\014\006\050\006\106\006\057\006\314}{}% 43
\BOOKMARK [1][-]{section.12}{\376\377\006\101\006\047\006\314\006\104\040\014\006\107\006\047\006\314\000\040\006\052\006\055\006\110\006\314\006\104\006\314}{}% 44
