\BOOKMARK [1][-]{section.1}{\376\377\006\107\006\057\006\101\000\040\006\042\006\062\006\105\006\047\006\314\006\064}{}% 1
\BOOKMARK [1][-]{section.2}{\376\377\006\064\006\061\006\055\000\040\006\105\006\063\006\046\006\104\006\107\000\040\006\110\000\040\006\105\006\050\006\047\006\106\006\314\000\040\006\251\006\057\000\040\000B\000C\000D}{}% 2
\BOOKMARK [2][-]{subsection.2.1}{\376\377\006\106\006\047\006\105\040\014\006\257\006\060\006\047\006\061\006\314\000\040\006\061\006\102\006\105\040\014\006\107\006\047\000\040\006\110\000\040\006\050\006\314\006\052\040\014\006\107\006\047\006\314\000\040\006\110\006\061\006\110\006\057\006\314}{section.2}% 3
\BOOKMARK [1][-]{section.3}{\376\377\006\061\006\110\006\064\000\040\006\251\006\104\006\314\000\040\006\067\006\061\006\047\006\055\006\314}{}% 4
\BOOKMARK [1][-]{section.4}{\376\377\006\067\006\061\006\047\006\055\006\314\000\040\006\105\006\057\006\047\006\061\000\040\006\052\006\064\006\056\006\314\006\065\000\040\006\105\006\066\006\061\006\050\000\040\006\363}{}% 5
\BOOKMARK [2][-]{subsection.4.1}{\376\377\006\105\006\050\006\106\006\047\006\314\000\040\006\061\006\314\006\047\006\066\006\314\000\040\006\050\006\056\006\064\040\014\006\176\006\060\006\314\006\061\006\314\000\040\006\050\006\061\000\040\006\363}{section.4}% 6
\BOOKMARK [2][-]{subsection.4.2}{\376\377\006\062\006\314\006\061\006\105\006\057\006\047\006\061\000\040\006\105\006\055\006\047\006\063\006\050\006\107\006\124\000\040\006\050\006\047\006\102\006\314\040\014\006\105\006\047\006\106\006\057\006\107\006\124\000\040\006\314\006\251\000\040\006\061\006\102\006\105\000\040\006\050\006\061\000\040\006\363}{section.4}% 7
\BOOKMARK [3][-]{subsubsection.4.2.1}{\376\377\006\106\006\102\006\064\006\107\040\014\006\107\006\047\006\314\000\040\006\251\006\047\006\061\006\106\006\110\000\040\006\110\000\040\006\061\006\110\006\047\006\050\006\067\000\040\006\063\006\047\006\057\006\107\040\014\006\064\006\057\006\107}{subsection.4.2}% 8
\BOOKMARK [2][-]{subsection.4.3}{\376\377\006\062\006\314\006\061\006\105\006\057\006\047\006\061\000\040\006\054\006\105\006\071\000\040\006\057\006\110\000\040\006\050\006\047\006\102\006\314\040\014\006\105\006\047\006\106\006\057\006\107\000\040\006\050\006\107\000\040\006\176\006\314\006\105\006\047\006\106\006\107\006\124\000\040\006\363}{section.4}% 9
\BOOKMARK [3][-]{subsubsection.4.3.1}{\376\377\006\106\006\102\006\064\006\107\040\014\006\107\006\047\006\314\000\040\006\251\006\047\006\061\006\106\006\110\000\040\006\110\000\040\006\061\006\110\006\047\006\050\006\067\000\040\006\063\006\047\006\057\006\107\040\014\006\064\006\057\006\107}{subsection.4.3}% 10
\BOOKMARK [2][-]{subsection.4.4}{\376\377\006\105\006\057\006\047\006\061\000\040\006\047\006\065\006\104\006\314\000\040\006\052\006\064\006\056\006\314\006\065\000\040\006\105\006\066\006\061\006\050\000\040\006\363}{section.4}% 11
\BOOKMARK [2][-]{subsection.4.5}{\376\377\006\042\006\062\006\105\006\110\006\106\000\040\006\110\000\040\006\064\006\050\006\314\006\107\040\014\006\063\006\047\006\062\006\314\000\040\006\105\006\057\006\047\006\061\000\040\006\105\006\066\006\061\006\050\000\040\006\363}{section.4}% 12
\BOOKMARK [3][-]{subsubsection.4.5.1}{\376\377\006\042\006\062\006\105\006\110\006\106\000\040\006\071\006\057\006\057\000\040\006\364\006\363\006\362\006\361}{subsection.4.5}% 13
\BOOKMARK [3][-]{subsubsection.4.5.2}{\376\377\006\042\006\062\006\105\006\110\006\106\000\040\006\071\006\057\006\057\000\040\006\371\006\371\006\371\006\371}{subsection.4.5}% 14
\BOOKMARK [3][-]{subsubsection.4.5.3}{\376\377\006\042\006\062\006\105\006\110\006\106\000\040\006\071\006\057\006\057\000\040\006\370\006\364\006\362\006\361}{subsection.4.5}% 15
\BOOKMARK [1][-]{section.5}{\376\377\006\067\006\061\006\047\006\055\006\314\000\040\006\105\006\057\006\047\006\061\000\040\006\052\006\064\006\056\006\314\006\065\000\040\006\105\006\066\006\061\006\050\000\040\006\361\006\361}{}% 16
\BOOKMARK [2][-]{subsection.5.1}{\376\377\006\105\006\050\006\106\006\047\006\314\000\040\006\061\006\314\006\047\006\066\006\314\000\040\006\050\006\056\006\064\040\014\006\176\006\060\006\314\006\061\006\314\000\040\006\050\006\061\000\040\006\361\006\361}{section.5}% 17
\BOOKMARK [2][-]{subsection.5.2}{\376\377\006\062\006\314\006\061\006\105\006\057\006\047\006\061\000\040\006\054\006\105\006\071\040\014\006\251\006\106\006\106\006\057\006\107\006\124\000\040\006\251\006\047\006\105\006\104\000\040\006\314\006\251\040\014\006\050\006\314\006\052\006\314}{section.5}% 18
\BOOKMARK [3][-]{subsubsection.5.2.1}{\376\377\006\106\006\102\006\064\006\107\040\014\006\107\006\047\006\314\000\040\006\251\006\047\006\061\006\106\006\110\000\040\006\110\000\040\006\061\006\110\006\047\006\050\006\067\000\040\006\056\006\061\006\110\006\054\006\314}{subsection.5.2}% 19
\BOOKMARK [2][-]{subsection.5.3}{\376\377\006\054\006\105\006\071\040\014\006\251\006\106\006\106\006\057\006\107\006\124\000\040\006\206\006\107\006\047\006\061\040\014\006\050\006\314\006\052\006\314}{section.5}% 20
\BOOKMARK [2][-]{subsection.5.4}{\376\377\006\054\006\105\006\071\040\014\006\251\006\106\006\106\006\057\006\107\006\124\000\040\006\176\006\106\006\054\040\014\006\050\006\314\006\052\006\314}{section.5}% 21
\BOOKMARK [2][-]{subsection.5.5}{\376\377\006\105\006\102\006\047\006\314\006\063\006\107\040\014\006\257\006\061\000\040\006\050\006\061\006\047\006\050\006\061\006\314\000\040\006\176\006\106\006\054\040\014\006\050\006\314\006\052\006\314}{section.5}% 22
\BOOKMARK [2][-]{subsection.5.6}{\376\377\006\105\006\057\006\047\006\061\000\040\006\047\006\065\006\104\006\314\000\040\006\052\006\064\006\056\006\314\006\065\000\040\006\105\006\066\006\061\006\050\000\040\006\361\006\361}{section.5}% 23
\BOOKMARK [2][-]{subsection.5.7}{\376\377\006\042\006\062\006\105\006\110\006\106\000\040\006\110\000\040\006\064\006\050\006\314\006\107\040\014\006\063\006\047\006\062\006\314\000\040\006\105\006\057\006\047\006\061\000\040\006\105\006\066\006\061\006\050\000\040\006\361\006\361}{section.5}% 24
\BOOKMARK [3][-]{subsubsection.5.7.1}{\376\377\006\042\006\062\006\105\006\110\006\106\000\040\006\071\006\057\006\057\000\040\006\361\006\362\006\361\006\360}{subsection.5.7}% 25
\BOOKMARK [3][-]{subsubsection.5.7.2}{\376\377\006\042\006\062\006\105\006\110\006\106\000\040\006\071\006\057\006\057\000\040\006\361\006\371\006\360\006\363}{subsection.5.7}% 26
\BOOKMARK [3][-]{subsubsection.5.7.3}{\376\377\006\042\006\062\006\105\006\110\006\106\000\040\006\071\006\057\006\057\000\040\006\361\006\362\006\363\006\364}{subsection.5.7}% 27
\BOOKMARK [1][-]{section.6}{\376\377\006\054\006\105\006\071\040\014\006\050\006\106\006\057\006\314\000\040\006\106\006\052\006\047\006\314\006\054}{}% 28
\BOOKMARK [1][-]{section.7}{\376\377\006\106\006\052\006\314\006\054\006\107\040\014\006\257\006\314\006\061\006\314}{}% 29
