#! /usr/local/bin/vvp
:ivl_version "13.0 (stable)" "(v13_0-dirty)";
:ivl_delay_selection "TYPICAL";
:vpi_time_precision - 12;
:vpi_module "/usr/local/lib/ivl/system.vpi";
:vpi_module "/usr/local/lib/ivl/vhdl_sys.vpi";
:vpi_module "/usr/local/lib/ivl/vhdl_textio.vpi";
:vpi_module "/usr/local/lib/ivl/v2005_math.vpi";
:vpi_module "/usr/local/lib/ivl/va_math.vpi";
S_0x62a65d673130 .scope module, "stack_tb" "stack_tb" 2 3;
 .timescale -9 -12;
P_0x62a65d684680 .param/l "DEPTH" 0 2 5, +C4<00000000000000000000000000000101>;
P_0x62a65d6846c0 .param/l "WIDTH" 0 2 4, +C4<00000000000000000000000000000101>;
v0x62a65d6ac6b0_0 .var "Clk", 0 0;
v0x62a65d6ac770_0 .var "Data_In", 4 0;
v0x62a65d6ac810_0 .net "Data_Out", 4 0, v0x62a65d6ab070_0;  1 drivers
v0x62a65d6ac910_0 .net "Empty", 0 0, L_0x62a65d6bd6c0;  1 drivers
v0x62a65d6ac9e0_0 .net "Full", 0 0, L_0x62a65d6bd990;  1 drivers
v0x62a65d6acad0_0 .var "RstN", 0 0;
v0x62a65d6acba0_0 .var/i "checks", 31 0;
v0x62a65d6acc40_0 .var/i "errors", 31 0;
v0x62a65d6acce0_0 .var/i "i", 31 0;
v0x62a65d6acda0_0 .var/i "model_count", 31 0;
v0x62a65d6ace80 .array "model_stack", 4 0, 4 0;
v0x62a65d6acf40_0 .var/i "n", 31 0;
v0x62a65d6ad020_0 .var "pop", 0 0;
v0x62a65d6ad0f0_0 .var "push", 0 0;
v0x62a65d6ad1c0_0 .var "rand_data", 4 0;
v0x62a65d6ad260_0 .var/i "rand_op", 31 0;
v0x62a65d6ad340_0 .var/i "seed", 31 0;
S_0x62a65d63dc70 .scope task, "apply_operation" "apply_operation" 2 165, 2 165 0, S_0x62a65d673130;
 .timescale -9 -12;
v0x62a65d63e290_0 .var "do_pop", 0 0;
v0x62a65d66ddf0_0 .var "do_push", 0 0;
v0x62a65d6aa160_0 .var "expected_output", 4 0;
v0x62a65d6aa220_0 .var/i "old_count", 31 0;
v0x62a65d6aa300_0 .var "old_output", 4 0;
v0x62a65d6aa430_0 .var "value", 4 0;
E_0x62a65d638530 .event posedge, v0x62a65d6aaeb0_0;
E_0x62a65d636850 .event negedge, v0x62a65d6aaeb0_0;
TD_stack_tb.apply_operation ;
    %wait E_0x62a65d636850;
    %load/vec4 v0x62a65d6acda0_0;
    %store/vec4 v0x62a65d6aa220_0, 0, 32;
    %load/vec4 v0x62a65d6ac810_0;
    %store/vec4 v0x62a65d6aa300_0, 0, 5;
    %load/vec4 v0x62a65d6aa430_0;
    %store/vec4 v0x62a65d6ac770_0, 0, 5;
    %load/vec4 v0x62a65d66ddf0_0;
    %store/vec4 v0x62a65d6ad0f0_0, 0, 1;
    %load/vec4 v0x62a65d63e290_0;
    %store/vec4 v0x62a65d6ad020_0, 0, 1;
    %wait E_0x62a65d638530;
    %delay 1000, 0;
    %load/vec4 v0x62a65d66ddf0_0;
    %flag_set/vec4 9;
    %flag_get/vec4 9;
    %jmp/0 T_0.2, 9;
    %load/vec4 v0x62a65d63e290_0;
    %and;
T_0.2;
    %flag_set/vec4 8;
    %jmp/0xz  T_0.0, 8;
    %load/vec4 v0x62a65d6aa220_0;
    %cmpi/e 0, 0, 32;
    %jmp/0xz  T_0.3, 4;
    %load/vec4 v0x62a65d6aa430_0;
    %ix/load 4, 0, 0;
    %flag_set/imm 4, 0;
    %store/vec4a v0x62a65d6ace80, 4, 0;
    %pushi/vec4 1, 0, 32;
    %store/vec4 v0x62a65d6acda0_0, 0, 32;
    %load/vec4 v0x62a65d6acba0_0;
    %addi 1, 0, 32;
    %store/vec4 v0x62a65d6acba0_0, 0, 32;
    %load/vec4 v0x62a65d6ac810_0;
    %load/vec4 v0x62a65d6aa300_0;
    %cmp/ne;
    %jmp/0xz  T_0.5, 6;
    %vpi_call 2 203 "$display", "ERROR: Push-Pop on empty changed Data_Out" {0 0 0};
    %load/vec4 v0x62a65d6acc40_0;
    %addi 1, 0, 32;
    %store/vec4 v0x62a65d6acc40_0, 0, 32;
T_0.5 ;
    %jmp T_0.4;
T_0.3 ;
    %load/vec4 v0x62a65d6aa220_0;
    %subi 1, 0, 32;
    %ix/vec4/s 4;
    %load/vec4a v0x62a65d6ace80, 4;
    %store/vec4 v0x62a65d6aa160_0, 0, 5;
    %load/vec4 v0x62a65d6acba0_0;
    %addi 1, 0, 32;
    %store/vec4 v0x62a65d6acba0_0, 0, 32;
    %load/vec4 v0x62a65d6ac810_0;
    %load/vec4 v0x62a65d6aa160_0;
    %cmp/ne;
    %jmp/0xz  T_0.7, 6;
    %vpi_call 2 220 "$display", "ERROR: Push-Pop expected %0d, got %0d", v0x62a65d6aa160_0, v0x62a65d6ac810_0 {0 0 0};
    %load/vec4 v0x62a65d6acc40_0;
    %addi 1, 0, 32;
    %store/vec4 v0x62a65d6acc40_0, 0, 32;
T_0.7 ;
    %load/vec4 v0x62a65d6aa430_0;
    %load/vec4 v0x62a65d6aa220_0;
    %subi 1, 0, 32;
    %ix/vec4/s 4;
    %store/vec4a v0x62a65d6ace80, 4, 0;
    %load/vec4 v0x62a65d6aa220_0;
    %store/vec4 v0x62a65d6acda0_0, 0, 32;
T_0.4 ;
    %jmp T_0.1;
T_0.0 ;
    %load/vec4 v0x62a65d66ddf0_0;
    %flag_set/vec4 8;
    %jmp/0xz  T_0.9, 8;
    %load/vec4 v0x62a65d6aa220_0;
    %cmpi/s 5, 0, 32;
    %jmp/0xz  T_0.11, 5;
    %load/vec4 v0x62a65d6aa430_0;
    %ix/getv/s 4, v0x62a65d6aa220_0;
    %store/vec4a v0x62a65d6ace80, 4, 0;
    %load/vec4 v0x62a65d6aa220_0;
    %addi 1, 0, 32;
    %store/vec4 v0x62a65d6acda0_0, 0, 32;
T_0.11 ;
    %load/vec4 v0x62a65d6acba0_0;
    %addi 1, 0, 32;
    %store/vec4 v0x62a65d6acba0_0, 0, 32;
    %load/vec4 v0x62a65d6ac810_0;
    %load/vec4 v0x62a65d6aa300_0;
    %cmp/ne;
    %jmp/0xz  T_0.13, 6;
    %vpi_call 2 251 "$display", "ERROR: Push changed Data_Out" {0 0 0};
    %load/vec4 v0x62a65d6acc40_0;
    %addi 1, 0, 32;
    %store/vec4 v0x62a65d6acc40_0, 0, 32;
T_0.13 ;
    %jmp T_0.10;
T_0.9 ;
    %load/vec4 v0x62a65d63e290_0;
    %flag_set/vec4 8;
    %jmp/0xz  T_0.15, 8;
    %load/vec4 v0x62a65d6aa220_0;
    %cmpi/s 0, 0, 32;
    %flag_or 5, 4; GT is !LE
    %flag_inv 5;
    %jmp/0xz  T_0.17, 5;
    %load/vec4 v0x62a65d6aa220_0;
    %subi 1, 0, 32;
    %ix/vec4/s 4;
    %load/vec4a v0x62a65d6ace80, 4;
    %store/vec4 v0x62a65d6aa160_0, 0, 5;
    %load/vec4 v0x62a65d6acba0_0;
    %addi 1, 0, 32;
    %store/vec4 v0x62a65d6acba0_0, 0, 32;
    %load/vec4 v0x62a65d6ac810_0;
    %load/vec4 v0x62a65d6aa160_0;
    %cmp/ne;
    %jmp/0xz  T_0.19, 6;
    %vpi_call 2 270 "$display", "ERROR: Pop expected %0d, got %0d", v0x62a65d6aa160_0, v0x62a65d6ac810_0 {0 0 0};
    %load/vec4 v0x62a65d6acc40_0;
    %addi 1, 0, 32;
    %store/vec4 v0x62a65d6acc40_0, 0, 32;
T_0.19 ;
    %load/vec4 v0x62a65d6aa220_0;
    %subi 1, 0, 32;
    %store/vec4 v0x62a65d6acda0_0, 0, 32;
    %jmp T_0.18;
T_0.17 ;
    %load/vec4 v0x62a65d6acba0_0;
    %addi 1, 0, 32;
    %store/vec4 v0x62a65d6acba0_0, 0, 32;
    %load/vec4 v0x62a65d6ac810_0;
    %load/vec4 v0x62a65d6aa300_0;
    %cmp/ne;
    %jmp/0xz  T_0.21, 6;
    %vpi_call 2 288 "$display", "ERROR: Empty pop changed Data_Out" {0 0 0};
    %load/vec4 v0x62a65d6acc40_0;
    %addi 1, 0, 32;
    %store/vec4 v0x62a65d6acc40_0, 0, 32;
T_0.21 ;
T_0.18 ;
    %jmp T_0.16;
T_0.15 ;
    %load/vec4 v0x62a65d6acba0_0;
    %addi 1, 0, 32;
    %store/vec4 v0x62a65d6acba0_0, 0, 32;
    %load/vec4 v0x62a65d6ac810_0;
    %load/vec4 v0x62a65d6aa300_0;
    %cmp/ne;
    %jmp/0xz  T_0.23, 6;
    %vpi_call 2 305 "$display", "ERROR: Idle changed Data_Out" {0 0 0};
    %load/vec4 v0x62a65d6acc40_0;
    %addi 1, 0, 32;
    %store/vec4 v0x62a65d6acc40_0, 0, 32;
T_0.23 ;
T_0.16 ;
T_0.10 ;
T_0.1 ;
    %fork TD_stack_tb.check_flags, S_0x62a65d6aa510;
    %join;
    %pushi/vec4 0, 0, 1;
    %store/vec4 v0x62a65d6ad0f0_0, 0, 1;
    %pushi/vec4 0, 0, 1;
    %store/vec4 v0x62a65d6ad020_0, 0, 1;
    %pushi/vec4 0, 0, 5;
    %store/vec4 v0x62a65d6ac770_0, 0, 5;
    %end;
S_0x62a65d6aa510 .scope task, "check_flags" "check_flags" 2 83, 2 83 0, S_0x62a65d673130;
 .timescale -9 -12;
v0x62a65d6aa710_0 .var "expected_empty", 0 0;
v0x62a65d6aa7d0_0 .var "expected_full", 0 0;
TD_stack_tb.check_flags ;
    %load/vec4 v0x62a65d6acda0_0;
    %pushi/vec4 0, 0, 32;
    %cmp/e;
    %flag_get/vec4 4;
    %store/vec4 v0x62a65d6aa710_0, 0, 1;
    %load/vec4 v0x62a65d6acda0_0;
    %pushi/vec4 5, 0, 32;
    %cmp/e;
    %flag_get/vec4 4;
    %store/vec4 v0x62a65d6aa7d0_0, 0, 1;
    %load/vec4 v0x62a65d6acba0_0;
    %addi 2, 0, 32;
    %store/vec4 v0x62a65d6acba0_0, 0, 32;
    %load/vec4 v0x62a65d6ac910_0;
    %load/vec4 v0x62a65d6aa710_0;
    %cmp/ne;
    %jmp/0xz  T_1.25, 6;
    %vpi_call 2 94 "$display", "ERROR: Empty expected %b, got %b", v0x62a65d6aa710_0, v0x62a65d6ac910_0 {0 0 0};
    %load/vec4 v0x62a65d6acc40_0;
    %addi 1, 0, 32;
    %store/vec4 v0x62a65d6acc40_0, 0, 32;
T_1.25 ;
    %load/vec4 v0x62a65d6ac9e0_0;
    %load/vec4 v0x62a65d6aa7d0_0;
    %cmp/ne;
    %jmp/0xz  T_1.27, 6;
    %vpi_call 2 103 "$display", "ERROR: Full expected %b, got %b", v0x62a65d6aa7d0_0, v0x62a65d6ac9e0_0 {0 0 0};
    %load/vec4 v0x62a65d6acc40_0;
    %addi 1, 0, 32;
    %store/vec4 v0x62a65d6acc40_0, 0, 32;
T_1.27 ;
    %load/vec4 v0x62a65d6acba0_0;
    %addi 1, 0, 32;
    %store/vec4 v0x62a65d6acba0_0, 0, 32;
    %load/vec4 v0x62a65d6ac9e0_0;
    %cmpi/e 1, 0, 1;
    %flag_get/vec4 6;
    %jmp/0 T_1.31, 6;
    %load/vec4 v0x62a65d6ac910_0;
    %pushi/vec4 1, 0, 1;
    %cmp/e;
    %flag_get/vec4 6;
    %and;
T_1.31;
    %flag_set/vec4 8;
    %jmp/0xz  T_1.29, 8;
    %vpi_call 2 115 "$display", "ERROR: Full and Empty are both active" {0 0 0};
    %load/vec4 v0x62a65d6acc40_0;
    %addi 1, 0, 32;
    %store/vec4 v0x62a65d6acc40_0, 0, 32;
T_1.29 ;
    %end;
S_0x62a65d6aa890 .scope task, "drain_stack" "drain_stack" 2 343, 2 343 0, S_0x62a65d673130;
 .timescale -9 -12;
TD_stack_tb.drain_stack ;
T_2.32 ;
    %load/vec4 v0x62a65d6acda0_0;
    %cmpi/s 0, 0, 32;
    %flag_or 5, 4; GT is !LE
    %flag_inv 5;
    %jmp/0xz T_2.33, 5;
    %pushi/vec4 0, 0, 1;
    %store/vec4 v0x62a65d66ddf0_0, 0, 1;
    %pushi/vec4 1, 0, 1;
    %store/vec4 v0x62a65d63e290_0, 0, 1;
    %pushi/vec4 0, 0, 5;
    %store/vec4 v0x62a65d6aa430_0, 0, 5;
    %fork TD_stack_tb.apply_operation, S_0x62a65d63dc70;
    %join;
    %jmp T_2.32;
T_2.33 ;
    %end;
S_0x62a65d6aaa70 .scope module, "dut" "stack_parametric" 2 45, 3 1 0, S_0x62a65d673130;
 .timescale 0 0;
    .port_info 0 /INPUT 1 "Clk";
    .port_info 1 /INPUT 1 "RstN";
    .port_info 2 /INPUT 1 "push";
    .port_info 3 /INPUT 1 "pop";
    .port_info 4 /INPUT 5 "Data_In";
    .port_info 5 /OUTPUT 1 "Full";
    .port_info 6 /OUTPUT 1 "Empty";
    .port_info 7 /OUTPUT 5 "Data_Out";
P_0x62a65d6aac50 .param/l "DEPTH" 0 3 3, +C4<00000000000000000000000000000101>;
P_0x62a65d6aac90 .param/l "PTR_WIDTH" 1 3 20, +C4<00000000000000000000000000000011>;
P_0x62a65d6aacd0 .param/l "WIDTH" 0 3 2, +C4<00000000000000000000000000000101>;
v0x62a65d6aaeb0_0 .net "Clk", 0 0, v0x62a65d6ac6b0_0;  1 drivers
v0x62a65d6aaf90_0 .net "Data_In", 4 0, v0x62a65d6ac770_0;  1 drivers
v0x62a65d6ab070_0 .var "Data_Out", 4 0;
v0x62a65d6ab160_0 .net "Empty", 0 0, L_0x62a65d6bd6c0;  alias, 1 drivers
v0x62a65d6ab220_0 .net "Full", 0 0, L_0x62a65d6bd990;  alias, 1 drivers
v0x62a65d6ab330_0 .net "RstN", 0 0, v0x62a65d6acad0_0;  1 drivers
v0x62a65d6ab3f0_0 .net *"_ivl_0", 31 0, L_0x62a65d6ad530;  1 drivers
L_0x791575ace0a8 .functor BUFT 1, C4<00000000000000000000000000000>, C4<0>, C4<0>, C4<0>;
v0x62a65d6ab4d0_0 .net *"_ivl_11", 28 0, L_0x791575ace0a8;  1 drivers
L_0x791575ace0f0 .functor BUFT 1, C4<00000000000000000000000000000101>, C4<0>, C4<0>, C4<0>;
v0x62a65d6ab5b0_0 .net/2u *"_ivl_12", 31 0, L_0x791575ace0f0;  1 drivers
L_0x791575ace018 .functor BUFT 1, C4<00000000000000000000000000000>, C4<0>, C4<0>, C4<0>;
v0x62a65d6ab690_0 .net *"_ivl_3", 28 0, L_0x791575ace018;  1 drivers
L_0x791575ace060 .functor BUFT 1, C4<00000000000000000000000000000000>, C4<0>, C4<0>, C4<0>;
v0x62a65d6ab770_0 .net/2u *"_ivl_4", 31 0, L_0x791575ace060;  1 drivers
v0x62a65d6ab850_0 .net *"_ivl_8", 31 0, L_0x62a65d6bd850;  1 drivers
v0x62a65d6ab930_0 .var/i "i", 31 0;
v0x62a65d6aba10_0 .var "pointer", 2 0;
v0x62a65d6abaf0_0 .net "pop", 0 0, v0x62a65d6ad020_0;  1 drivers
v0x62a65d6abbb0_0 .net "push", 0 0, v0x62a65d6ad0f0_0;  1 drivers
v0x62a65d6abc70 .array "stack", 4 0, 4 0;
E_0x62a65d6365f0/0 .event negedge, v0x62a65d6ab330_0;
E_0x62a65d6365f0/1 .event posedge, v0x62a65d6aaeb0_0;
E_0x62a65d6365f0 .event/or E_0x62a65d6365f0/0, E_0x62a65d6365f0/1;
L_0x62a65d6ad530 .concat [ 3 29 0 0], v0x62a65d6aba10_0, L_0x791575ace018;
L_0x62a65d6bd6c0 .cmp/eq 32, L_0x62a65d6ad530, L_0x791575ace060;
L_0x62a65d6bd850 .concat [ 3 29 0 0], v0x62a65d6aba10_0, L_0x791575ace0a8;
L_0x62a65d6bd990 .cmp/eq 32, L_0x62a65d6bd850, L_0x791575ace0f0;
S_0x62a65d6abe30 .scope task, "fill_stack" "fill_stack" 2 326, 2 326 0, S_0x62a65d673130;
 .timescale -9 -12;
v0x62a65d6ac010_0 .var/i "k", 31 0;
TD_stack_tb.fill_stack ;
    %pushi/vec4 0, 0, 32;
    %store/vec4 v0x62a65d6ac010_0, 0, 32;
T_3.34 ; Top of for-loop
    %load/vec4 v0x62a65d6ac010_0;
    %cmpi/s 5, 0, 32;
	  %jmp/0xz T_3.35, 5;
    %pushi/vec4 1, 0, 1;
    %store/vec4 v0x62a65d66ddf0_0, 0, 1;
    %pushi/vec4 0, 0, 1;
    %store/vec4 v0x62a65d63e290_0, 0, 1;
    %load/vec4 v0x62a65d6ac010_0;
    %store/vec4 v0x62a65d6ac4d0_0, 0, 32;
    %callf/vec4 TD_stack_tb.test_value, S_0x62a65d6ac2f0;
    %store/vec4 v0x62a65d6aa430_0, 0, 5;
    %fork TD_stack_tb.apply_operation, S_0x62a65d63dc70;
    %join;
T_3.36 ; for-loop step statement
    %load/vec4 v0x62a65d6ac010_0;
    %addi 1, 0, 32;
    %store/vec4 v0x62a65d6ac010_0, 0, 32;
    %jmp T_3.34;
T_3.35 ; for-loop exit label
    %end;
S_0x62a65d6ac110 .scope task, "reset_stack" "reset_stack" 2 124, 2 124 0, S_0x62a65d673130;
 .timescale -9 -12;
TD_stack_tb.reset_stack ;
    %pushi/vec4 0, 0, 1;
    %store/vec4 v0x62a65d6ad0f0_0, 0, 1;
    %pushi/vec4 0, 0, 1;
    %store/vec4 v0x62a65d6ad020_0, 0, 1;
    %pushi/vec4 0, 0, 5;
    %store/vec4 v0x62a65d6ac770_0, 0, 5;
    %delay 1000, 0;
    %pushi/vec4 0, 0, 1;
    %store/vec4 v0x62a65d6acad0_0, 0, 1;
    %delay 1000, 0;
    %pushi/vec4 0, 0, 32;
    %store/vec4 v0x62a65d6acda0_0, 0, 32;
    %load/vec4 v0x62a65d6acba0_0;
    %addi 3, 0, 32;
    %store/vec4 v0x62a65d6acba0_0, 0, 32;
    %load/vec4 v0x62a65d6ac910_0;
    %pad/u 32;
    %cmpi/ne 1, 0, 32;
    %jmp/0xz  T_4.37, 6;
    %vpi_call 2 141 "$display", "ERROR: Empty must be 1 after reset" {0 0 0};
    %load/vec4 v0x62a65d6acc40_0;
    %addi 1, 0, 32;
    %store/vec4 v0x62a65d6acc40_0, 0, 32;
T_4.37 ;
    %load/vec4 v0x62a65d6ac9e0_0;
    %pad/u 32;
    %cmpi/ne 0, 0, 32;
    %jmp/0xz  T_4.39, 6;
    %vpi_call 2 146 "$display", "ERROR: Full must be 0 after reset" {0 0 0};
    %load/vec4 v0x62a65d6acc40_0;
    %addi 1, 0, 32;
    %store/vec4 v0x62a65d6acc40_0, 0, 32;
T_4.39 ;
    %load/vec4 v0x62a65d6ac810_0;
    %pad/u 32;
    %cmpi/ne 0, 0, 32;
    %jmp/0xz  T_4.41, 6;
    %vpi_call 2 151 "$display", "ERROR: Data_Out must be zero after reset" {0 0 0};
    %load/vec4 v0x62a65d6acc40_0;
    %addi 1, 0, 32;
    %store/vec4 v0x62a65d6acc40_0, 0, 32;
T_4.41 ;
    %wait E_0x62a65d636850;
    %pushi/vec4 1, 0, 1;
    %store/vec4 v0x62a65d6acad0_0, 0, 1;
    %delay 1000, 0;
    %end;
S_0x62a65d6ac2f0 .scope function.vec4.s5, "test_value" "test_value" 2 33, 2 33 0, S_0x62a65d673130;
 .timescale -9 -12;
v0x62a65d6ac4d0_0 .var/i "index", 31 0;
; Variable test_value is vec4 return value of scope S_0x62a65d6ac2f0
TD_stack_tb.test_value ;
    %load/vec4 v0x62a65d6ac4d0_0;
    %muli 3, 0, 32;
    %addi 1, 0, 32;
    %pad/s 5;
    %ret/vec4 0, 0, 5;  Assign to test_value (store_vec4_to_lval)
    %end;
    .scope S_0x62a65d6aaa70;
T_6 ;
    %wait E_0x62a65d6365f0;
    %load/vec4 v0x62a65d6ab330_0;
    %nor/r;
    %flag_set/vec4 8;
    %jmp/0xz  T_6.0, 8;
    %pushi/vec4 0, 0, 3;
    %assign/vec4 v0x62a65d6aba10_0, 0;
    %pushi/vec4 0, 0, 5;
    %assign/vec4 v0x62a65d6ab070_0, 0;
    %pushi/vec4 0, 0, 32;
    %store/vec4 v0x62a65d6ab930_0, 0, 32;
T_6.2 ; Top of for-loop
    %load/vec4 v0x62a65d6ab930_0;
    %cmpi/s 5, 0, 32;
	  %jmp/0xz T_6.3, 5;
    %pushi/vec4 0, 0, 5;
    %ix/getv/s 3, v0x62a65d6ab930_0;
    %ix/load 4, 0, 0; Constant delay
    %assign/vec4/a/d v0x62a65d6abc70, 0, 4;
T_6.4 ; for-loop step statement
    %load/vec4 v0x62a65d6ab930_0;
    %addi 1, 0, 32;
    %store/vec4 v0x62a65d6ab930_0, 0, 32;
    %jmp T_6.2;
T_6.3 ; for-loop exit label
    %jmp T_6.1;
T_6.0 ;
    %load/vec4 v0x62a65d6abbb0_0;
    %flag_set/vec4 9;
    %flag_get/vec4 9;
    %jmp/0 T_6.7, 9;
    %load/vec4 v0x62a65d6abaf0_0;
    %and;
T_6.7;
    %flag_set/vec4 8;
    %jmp/0xz  T_6.5, 8;
    %load/vec4 v0x62a65d6ab160_0;
    %flag_set/vec4 8;
    %jmp/0xz  T_6.8, 8;
    %load/vec4 v0x62a65d6aaf90_0;
    %load/vec4 v0x62a65d6aba10_0;
    %pad/u 4;
    %ix/vec4 3;
    %ix/load 4, 0, 0; Constant delay
    %assign/vec4/a/d v0x62a65d6abc70, 0, 4;
    %load/vec4 v0x62a65d6aba10_0;
    %addi 1, 0, 3;
    %assign/vec4 v0x62a65d6aba10_0, 0;
    %jmp T_6.9;
T_6.8 ;
    %load/vec4 v0x62a65d6aba10_0;
    %pad/u 32;
    %subi 1, 0, 32;
    %ix/vec4 4;
    %load/vec4a v0x62a65d6abc70, 4;
    %assign/vec4 v0x62a65d6ab070_0, 0;
    %load/vec4 v0x62a65d6aaf90_0;
    %load/vec4 v0x62a65d6aba10_0;
    %pad/u 32;
    %subi 1, 0, 32;
    %ix/vec4 3;
    %ix/load 4, 0, 0; Constant delay
    %assign/vec4/a/d v0x62a65d6abc70, 0, 4;
T_6.9 ;
    %jmp T_6.6;
T_6.5 ;
    %load/vec4 v0x62a65d6abbb0_0;
    %flag_set/vec4 8;
    %jmp/0xz  T_6.10, 8;
    %load/vec4 v0x62a65d6ab220_0;
    %nor/r;
    %flag_set/vec4 8;
    %jmp/0xz  T_6.12, 8;
    %load/vec4 v0x62a65d6aaf90_0;
    %load/vec4 v0x62a65d6aba10_0;
    %pad/u 4;
    %ix/vec4 3;
    %ix/load 4, 0, 0; Constant delay
    %assign/vec4/a/d v0x62a65d6abc70, 0, 4;
    %load/vec4 v0x62a65d6aba10_0;
    %addi 1, 0, 3;
    %assign/vec4 v0x62a65d6aba10_0, 0;
T_6.12 ;
    %jmp T_6.11;
T_6.10 ;
    %load/vec4 v0x62a65d6abaf0_0;
    %flag_set/vec4 8;
    %jmp/0xz  T_6.14, 8;
    %load/vec4 v0x62a65d6ab160_0;
    %nor/r;
    %flag_set/vec4 8;
    %jmp/0xz  T_6.16, 8;
    %load/vec4 v0x62a65d6aba10_0;
    %pad/u 32;
    %subi 1, 0, 32;
    %ix/vec4 4;
    %load/vec4a v0x62a65d6abc70, 4;
    %assign/vec4 v0x62a65d6ab070_0, 0;
    %load/vec4 v0x62a65d6aba10_0;
    %subi 1, 0, 3;
    %assign/vec4 v0x62a65d6aba10_0, 0;
T_6.16 ;
T_6.14 ;
T_6.11 ;
T_6.6 ;
T_6.1 ;
    %jmp T_6;
    .thread T_6;
    .scope S_0x62a65d673130;
T_7 ;
    %pushi/vec4 0, 0, 1;
    %store/vec4 v0x62a65d6ac6b0_0, 0, 1;
T_7.0 ;
    %delay 5000, 0;
    %load/vec4 v0x62a65d6ac6b0_0;
    %inv;
    %store/vec4 v0x62a65d6ac6b0_0, 0, 1;
    %jmp T_7.0;
T_7.1 ;
    %end;
    .thread T_7;
    .scope S_0x62a65d673130;
T_8 ;
    %vpi_call 2 66 "$dumpfile", "stack_tb.vcd" {0 0 0};
    %vpi_call 2 68 "$dumpvars", 32'sb00000000000000000000000000000000, v0x62a65d6ac6b0_0, v0x62a65d6acad0_0, v0x62a65d6ad0f0_0, v0x62a65d6ad020_0, v0x62a65d6ac770_0, v0x62a65d6ac810_0, v0x62a65d6ac9e0_0, v0x62a65d6ac910_0 {0 0 0};
    %end;
    .thread T_8;
    .scope S_0x62a65d673130;
T_9 ;
    %pushi/vec4 0, 0, 32;
    %store/vec4 v0x62a65d6acc40_0, 0, 32;
    %pushi/vec4 0, 0, 32;
    %store/vec4 v0x62a65d6acba0_0, 0, 32;
    %pushi/vec4 0, 0, 32;
    %store/vec4 v0x62a65d6acda0_0, 0, 32;
    %pushi/vec4 1, 0, 1;
    %store/vec4 v0x62a65d6acad0_0, 0, 1;
    %pushi/vec4 0, 0, 1;
    %store/vec4 v0x62a65d6ad0f0_0, 0, 1;
    %pushi/vec4 0, 0, 1;
    %store/vec4 v0x62a65d6ad020_0, 0, 1;
    %pushi/vec4 0, 0, 5;
    %store/vec4 v0x62a65d6ac770_0, 0, 5;
    %pushi/vec4 324508639, 0, 32;
    %store/vec4 v0x62a65d6ad340_0, 0, 32;
    %vpi_call 2 379 "$display", "========================================" {0 0 0};
    %vpi_call 2 380 "$display", "STACK TEST: WIDTH=%0d DEPTH=%0d", P_0x62a65d6846c0, P_0x62a65d684680 {0 0 0};
    %vpi_call 2 385 "$display", "========================================" {0 0 0};
    %vpi_call 2 391 "$display", "Test 1: Reset" {0 0 0};
    %fork TD_stack_tb.reset_stack, S_0x62a65d6ac110;
    %join;
    %vpi_call 2 399 "$display", "Test 2: Pop when empty" {0 0 0};
    %fork TD_stack_tb.reset_stack, S_0x62a65d6ac110;
    %join;
    %pushi/vec4 0, 0, 1;
    %store/vec4 v0x62a65d66ddf0_0, 0, 1;
    %pushi/vec4 1, 0, 1;
    %store/vec4 v0x62a65d63e290_0, 0, 1;
    %pushi/vec4 0, 0, 5;
    %store/vec4 v0x62a65d6aa430_0, 0, 5;
    %fork TD_stack_tb.apply_operation, S_0x62a65d63dc70;
    %join;
    %vpi_call 2 413 "$display", "Test 3: Push first element" {0 0 0};
    %fork TD_stack_tb.reset_stack, S_0x62a65d6ac110;
    %join;
    %pushi/vec4 1, 0, 1;
    %store/vec4 v0x62a65d66ddf0_0, 0, 1;
    %pushi/vec4 0, 0, 1;
    %store/vec4 v0x62a65d63e290_0, 0, 1;
    %pushi/vec4 0, 0, 32;
    %store/vec4 v0x62a65d6ac4d0_0, 0, 32;
    %callf/vec4 TD_stack_tb.test_value, S_0x62a65d6ac2f0;
    %store/vec4 v0x62a65d6aa430_0, 0, 5;
    %fork TD_stack_tb.apply_operation, S_0x62a65d63dc70;
    %join;
    %pushi/vec4 0, 0, 1;
    %store/vec4 v0x62a65d66ddf0_0, 0, 1;
    %pushi/vec4 1, 0, 1;
    %store/vec4 v0x62a65d63e290_0, 0, 1;
    %pushi/vec4 0, 0, 5;
    %store/vec4 v0x62a65d6aa430_0, 0, 5;
    %fork TD_stack_tb.apply_operation, S_0x62a65d63dc70;
    %join;
    %vpi_call 2 434 "$display", "Test 4: Push-Pop when empty" {0 0 0};
    %fork TD_stack_tb.reset_stack, S_0x62a65d6ac110;
    %join;
    %pushi/vec4 1, 0, 1;
    %store/vec4 v0x62a65d66ddf0_0, 0, 1;
    %pushi/vec4 1, 0, 1;
    %store/vec4 v0x62a65d63e290_0, 0, 1;
    %pushi/vec4 0, 0, 32;
    %store/vec4 v0x62a65d6ac4d0_0, 0, 32;
    %callf/vec4 TD_stack_tb.test_value, S_0x62a65d6ac2f0;
    %store/vec4 v0x62a65d6aa430_0, 0, 5;
    %fork TD_stack_tb.apply_operation, S_0x62a65d63dc70;
    %join;
    %pushi/vec4 0, 0, 1;
    %store/vec4 v0x62a65d66ddf0_0, 0, 1;
    %pushi/vec4 1, 0, 1;
    %store/vec4 v0x62a65d63e290_0, 0, 1;
    %pushi/vec4 0, 0, 5;
    %store/vec4 v0x62a65d6aa430_0, 0, 5;
    %fork TD_stack_tb.apply_operation, S_0x62a65d63dc70;
    %join;
    %vpi_call 2 455 "$display", "Test 5: Normal LIFO" {0 0 0};
    %fork TD_stack_tb.reset_stack, S_0x62a65d6ac110;
    %join;
    %pushi/vec4 3, 0, 32;
    %store/vec4 v0x62a65d6acf40_0, 0, 32;
    %pushi/vec4 0, 0, 32;
    %store/vec4 v0x62a65d6acce0_0, 0, 32;
T_9.0 ; Top of for-loop
    %load/vec4 v0x62a65d6acce0_0;
    %load/vec4 v0x62a65d6acf40_0;
    %cmp/s;
	  %jmp/0xz T_9.1, 5;
    %pushi/vec4 1, 0, 1;
    %store/vec4 v0x62a65d66ddf0_0, 0, 1;
    %pushi/vec4 0, 0, 1;
    %store/vec4 v0x62a65d63e290_0, 0, 1;
    %load/vec4 v0x62a65d6acce0_0;
    %store/vec4 v0x62a65d6ac4d0_0, 0, 32;
    %callf/vec4 TD_stack_tb.test_value, S_0x62a65d6ac2f0;
    %store/vec4 v0x62a65d6aa430_0, 0, 5;
    %fork TD_stack_tb.apply_operation, S_0x62a65d63dc70;
    %join;
T_9.2 ; for-loop step statement
    %load/vec4 v0x62a65d6acce0_0;
    %addi 1, 0, 32;
    %store/vec4 v0x62a65d6acce0_0, 0, 32;
    %jmp T_9.0;
T_9.1 ; for-loop exit label
    %fork TD_stack_tb.drain_stack, S_0x62a65d6aa890;
    %join;
    %vpi_call 2 475 "$display", "Test 6: Full boundary" {0 0 0};
    %fork TD_stack_tb.reset_stack, S_0x62a65d6ac110;
    %join;
    %pushi/vec4 0, 0, 32;
    %store/vec4 v0x62a65d6acce0_0, 0, 32;
T_9.3 ; Top of for-loop
    %load/vec4 v0x62a65d6acce0_0;
    %cmpi/s 4, 0, 32;
	  %jmp/0xz T_9.4, 5;
    %pushi/vec4 1, 0, 1;
    %store/vec4 v0x62a65d66ddf0_0, 0, 1;
    %pushi/vec4 0, 0, 1;
    %store/vec4 v0x62a65d63e290_0, 0, 1;
    %load/vec4 v0x62a65d6acce0_0;
    %store/vec4 v0x62a65d6ac4d0_0, 0, 32;
    %callf/vec4 TD_stack_tb.test_value, S_0x62a65d6ac2f0;
    %store/vec4 v0x62a65d6aa430_0, 0, 5;
    %fork TD_stack_tb.apply_operation, S_0x62a65d63dc70;
    %join;
T_9.5 ; for-loop step statement
    %load/vec4 v0x62a65d6acce0_0;
    %addi 1, 0, 32;
    %store/vec4 v0x62a65d6acce0_0, 0, 32;
    %jmp T_9.3;
T_9.4 ; for-loop exit label
    %load/vec4 v0x62a65d6acba0_0;
    %addi 1, 0, 32;
    %store/vec4 v0x62a65d6acba0_0, 0, 32;
    %load/vec4 v0x62a65d6ac9e0_0;
    %pad/u 32;
    %cmpi/ne 0, 0, 32;
    %jmp/0xz  T_9.6, 6;
    %vpi_call 2 491 "$display", "ERROR: Full asserted too early" {0 0 0};
    %load/vec4 v0x62a65d6acc40_0;
    %addi 1, 0, 32;
    %store/vec4 v0x62a65d6acc40_0, 0, 32;
T_9.6 ;
    %pushi/vec4 1, 0, 1;
    %store/vec4 v0x62a65d66ddf0_0, 0, 1;
    %pushi/vec4 0, 0, 1;
    %store/vec4 v0x62a65d63e290_0, 0, 1;
    %pushi/vec4 4, 0, 32;
    %store/vec4 v0x62a65d6ac4d0_0, 0, 32;
    %callf/vec4 TD_stack_tb.test_value, S_0x62a65d6ac2f0;
    %store/vec4 v0x62a65d6aa430_0, 0, 5;
    %fork TD_stack_tb.apply_operation, S_0x62a65d63dc70;
    %join;
    %load/vec4 v0x62a65d6acba0_0;
    %addi 1, 0, 32;
    %store/vec4 v0x62a65d6acba0_0, 0, 32;
    %load/vec4 v0x62a65d6ac9e0_0;
    %pad/u 32;
    %cmpi/ne 1, 0, 32;
    %jmp/0xz  T_9.8, 6;
    %vpi_call 2 505 "$display", "ERROR: Full did not assert" {0 0 0};
    %load/vec4 v0x62a65d6acc40_0;
    %addi 1, 0, 32;
    %store/vec4 v0x62a65d6acc40_0, 0, 32;
T_9.8 ;
    %vpi_call 2 513 "$display", "Test 7: Push when full" {0 0 0};
    %pushi/vec4 1, 0, 1;
    %store/vec4 v0x62a65d66ddf0_0, 0, 1;
    %pushi/vec4 0, 0, 1;
    %store/vec4 v0x62a65d63e290_0, 0, 1;
    %pushi/vec4 31, 0, 5;
    %store/vec4 v0x62a65d6aa430_0, 0, 5;
    %fork TD_stack_tb.apply_operation, S_0x62a65d63dc70;
    %join;
    %fork TD_stack_tb.drain_stack, S_0x62a65d6aa890;
    %join;
    %vpi_call 2 529 "$display", "Test 8: Pop from full" {0 0 0};
    %fork TD_stack_tb.reset_stack, S_0x62a65d6ac110;
    %join;
    %fork TD_stack_tb.fill_stack, S_0x62a65d6abe30;
    %join;
    %pushi/vec4 0, 0, 1;
    %store/vec4 v0x62a65d66ddf0_0, 0, 1;
    %pushi/vec4 1, 0, 1;
    %store/vec4 v0x62a65d63e290_0, 0, 1;
    %pushi/vec4 0, 0, 5;
    %store/vec4 v0x62a65d6aa430_0, 0, 5;
    %fork TD_stack_tb.apply_operation, S_0x62a65d63dc70;
    %join;
    %load/vec4 v0x62a65d6acba0_0;
    %addi 1, 0, 32;
    %store/vec4 v0x62a65d6acba0_0, 0, 32;
    %load/vec4 v0x62a65d6ac9e0_0;
    %pad/u 32;
    %cmpi/ne 0, 0, 32;
    %jmp/0xz  T_9.10, 6;
    %vpi_call 2 543 "$display", "ERROR: Full did not clear after pop" {0 0 0};
    %load/vec4 v0x62a65d6acc40_0;
    %addi 1, 0, 32;
    %store/vec4 v0x62a65d6acc40_0, 0, 32;
T_9.10 ;
    %fork TD_stack_tb.drain_stack, S_0x62a65d6aa890;
    %join;
    %vpi_call 2 553 "$display", "Test 9: Push-Pop when full" {0 0 0};
    %fork TD_stack_tb.reset_stack, S_0x62a65d6ac110;
    %join;
    %fork TD_stack_tb.fill_stack, S_0x62a65d6abe30;
    %join;
    %pushi/vec4 1, 0, 1;
    %store/vec4 v0x62a65d66ddf0_0, 0, 1;
    %pushi/vec4 1, 0, 1;
    %store/vec4 v0x62a65d63e290_0, 0, 1;
    %pushi/vec4 31, 0, 5;
    %store/vec4 v0x62a65d6aa430_0, 0, 5;
    %fork TD_stack_tb.apply_operation, S_0x62a65d63dc70;
    %join;
    %load/vec4 v0x62a65d6acba0_0;
    %addi 1, 0, 32;
    %store/vec4 v0x62a65d6acba0_0, 0, 32;
    %load/vec4 v0x62a65d6ac9e0_0;
    %pad/u 32;
    %cmpi/ne 1, 0, 32;
    %jmp/0xz  T_9.12, 6;
    %vpi_call 2 568 "$display", "ERROR: Stack must remain full after Push-Pop" {0 0 0};
    %load/vec4 v0x62a65d6acc40_0;
    %addi 1, 0, 32;
    %store/vec4 v0x62a65d6acc40_0, 0, 32;
T_9.12 ;
    %pushi/vec4 0, 0, 1;
    %store/vec4 v0x62a65d66ddf0_0, 0, 1;
    %pushi/vec4 1, 0, 1;
    %store/vec4 v0x62a65d63e290_0, 0, 1;
    %pushi/vec4 0, 0, 5;
    %store/vec4 v0x62a65d6aa430_0, 0, 5;
    %fork TD_stack_tb.apply_operation, S_0x62a65d63dc70;
    %join;
    %fork TD_stack_tb.drain_stack, S_0x62a65d6aa890;
    %join;
    %vpi_call 2 587 "$display", "Test 10: Push-Pop with one element" {0 0 0};
    %fork TD_stack_tb.reset_stack, S_0x62a65d6ac110;
    %join;
    %pushi/vec4 1, 0, 1;
    %store/vec4 v0x62a65d66ddf0_0, 0, 1;
    %pushi/vec4 0, 0, 1;
    %store/vec4 v0x62a65d63e290_0, 0, 1;
    %pushi/vec4 0, 0, 32;
    %store/vec4 v0x62a65d6ac4d0_0, 0, 32;
    %callf/vec4 TD_stack_tb.test_value, S_0x62a65d6ac2f0;
    %store/vec4 v0x62a65d6aa430_0, 0, 5;
    %fork TD_stack_tb.apply_operation, S_0x62a65d63dc70;
    %join;
    %pushi/vec4 1, 0, 1;
    %store/vec4 v0x62a65d66ddf0_0, 0, 1;
    %pushi/vec4 1, 0, 1;
    %store/vec4 v0x62a65d63e290_0, 0, 1;
    %pushi/vec4 31, 0, 5;
    %store/vec4 v0x62a65d6aa430_0, 0, 5;
    %fork TD_stack_tb.apply_operation, S_0x62a65d63dc70;
    %join;
    %pushi/vec4 0, 0, 1;
    %store/vec4 v0x62a65d66ddf0_0, 0, 1;
    %pushi/vec4 1, 0, 1;
    %store/vec4 v0x62a65d63e290_0, 0, 1;
    %pushi/vec4 0, 0, 5;
    %store/vec4 v0x62a65d6aa430_0, 0, 5;
    %fork TD_stack_tb.apply_operation, S_0x62a65d63dc70;
    %join;
    %vpi_call 2 614 "$display", "Test 11: Normal Push-Pop" {0 0 0};
    %fork TD_stack_tb.reset_stack, S_0x62a65d6ac110;
    %join;
    %pushi/vec4 3, 0, 32;
    %store/vec4 v0x62a65d6acf40_0, 0, 32;
    %pushi/vec4 0, 0, 32;
    %store/vec4 v0x62a65d6acce0_0, 0, 32;
T_9.14 ; Top of for-loop
    %load/vec4 v0x62a65d6acce0_0;
    %load/vec4 v0x62a65d6acf40_0;
    %cmp/s;
	  %jmp/0xz T_9.15, 5;
    %pushi/vec4 1, 0, 1;
    %store/vec4 v0x62a65d66ddf0_0, 0, 1;
    %pushi/vec4 0, 0, 1;
    %store/vec4 v0x62a65d63e290_0, 0, 1;
    %load/vec4 v0x62a65d6acce0_0;
    %store/vec4 v0x62a65d6ac4d0_0, 0, 32;
    %callf/vec4 TD_stack_tb.test_value, S_0x62a65d6ac2f0;
    %store/vec4 v0x62a65d6aa430_0, 0, 5;
    %fork TD_stack_tb.apply_operation, S_0x62a65d63dc70;
    %join;
T_9.16 ; for-loop step statement
    %load/vec4 v0x62a65d6acce0_0;
    %addi 1, 0, 32;
    %store/vec4 v0x62a65d6acce0_0, 0, 32;
    %jmp T_9.14;
T_9.15 ; for-loop exit label
    %pushi/vec4 1, 0, 1;
    %store/vec4 v0x62a65d66ddf0_0, 0, 1;
    %pushi/vec4 1, 0, 1;
    %store/vec4 v0x62a65d63e290_0, 0, 1;
    %pushi/vec4 31, 0, 5;
    %store/vec4 v0x62a65d6aa430_0, 0, 5;
    %fork TD_stack_tb.apply_operation, S_0x62a65d63dc70;
    %join;
    %fork TD_stack_tb.drain_stack, S_0x62a65d6aa890;
    %join;
    %vpi_call 2 641 "$display", "Test 12: Empty boundary" {0 0 0};
    %fork TD_stack_tb.reset_stack, S_0x62a65d6ac110;
    %join;
    %pushi/vec4 1, 0, 1;
    %store/vec4 v0x62a65d66ddf0_0, 0, 1;
    %pushi/vec4 0, 0, 1;
    %store/vec4 v0x62a65d63e290_0, 0, 1;
    %pushi/vec4 0, 0, 32;
    %store/vec4 v0x62a65d6ac4d0_0, 0, 32;
    %callf/vec4 TD_stack_tb.test_value, S_0x62a65d6ac2f0;
    %store/vec4 v0x62a65d6aa430_0, 0, 5;
    %fork TD_stack_tb.apply_operation, S_0x62a65d63dc70;
    %join;
    %pushi/vec4 0, 0, 1;
    %store/vec4 v0x62a65d66ddf0_0, 0, 1;
    %pushi/vec4 1, 0, 1;
    %store/vec4 v0x62a65d63e290_0, 0, 1;
    %pushi/vec4 0, 0, 5;
    %store/vec4 v0x62a65d6aa430_0, 0, 5;
    %fork TD_stack_tb.apply_operation, S_0x62a65d63dc70;
    %join;
    %load/vec4 v0x62a65d6acba0_0;
    %addi 1, 0, 32;
    %store/vec4 v0x62a65d6acba0_0, 0, 32;
    %load/vec4 v0x62a65d6ac910_0;
    %pad/u 32;
    %cmpi/ne 1, 0, 32;
    %jmp/0xz  T_9.17, 6;
    %vpi_call 2 661 "$display", "ERROR: Empty did not assert" {0 0 0};
    %load/vec4 v0x62a65d6acc40_0;
    %addi 1, 0, 32;
    %store/vec4 v0x62a65d6acc40_0, 0, 32;
T_9.17 ;
    %pushi/vec4 0, 0, 1;
    %store/vec4 v0x62a65d66ddf0_0, 0, 1;
    %pushi/vec4 1, 0, 1;
    %store/vec4 v0x62a65d63e290_0, 0, 1;
    %pushi/vec4 0, 0, 5;
    %store/vec4 v0x62a65d6aa430_0, 0, 5;
    %fork TD_stack_tb.apply_operation, S_0x62a65d63dc70;
    %join;
    %vpi_call 2 676 "$display", "Test 13: Idle state" {0 0 0};
    %fork TD_stack_tb.reset_stack, S_0x62a65d6ac110;
    %join;
    %pushi/vec4 1, 0, 1;
    %store/vec4 v0x62a65d66ddf0_0, 0, 1;
    %pushi/vec4 0, 0, 1;
    %store/vec4 v0x62a65d63e290_0, 0, 1;
    %pushi/vec4 0, 0, 32;
    %store/vec4 v0x62a65d6ac4d0_0, 0, 32;
    %callf/vec4 TD_stack_tb.test_value, S_0x62a65d6ac2f0;
    %store/vec4 v0x62a65d6aa430_0, 0, 5;
    %fork TD_stack_tb.apply_operation, S_0x62a65d63dc70;
    %join;
    %pushi/vec4 1, 0, 1;
    %store/vec4 v0x62a65d66ddf0_0, 0, 1;
    %pushi/vec4 0, 0, 1;
    %store/vec4 v0x62a65d63e290_0, 0, 1;
    %pushi/vec4 31, 0, 5;
    %store/vec4 v0x62a65d6aa430_0, 0, 5;
    %fork TD_stack_tb.apply_operation, S_0x62a65d63dc70;
    %join;
    %pushi/vec4 0, 0, 1;
    %store/vec4 v0x62a65d66ddf0_0, 0, 1;
    %pushi/vec4 1, 0, 1;
    %store/vec4 v0x62a65d63e290_0, 0, 1;
    %pushi/vec4 0, 0, 5;
    %store/vec4 v0x62a65d6aa430_0, 0, 5;
    %fork TD_stack_tb.apply_operation, S_0x62a65d63dc70;
    %join;
    %pushi/vec4 3, 0, 32;
T_9.19 %dup/vec4;
    %cmpi/s 0, 0, 32;
    %jmp/1xz T_9.20, 5;
    %jmp/1 T_9.20, 4;
    %subi 1, 0, 32;
    %pushi/vec4 0, 0, 1;
    %store/vec4 v0x62a65d66ddf0_0, 0, 1;
    %pushi/vec4 0, 0, 1;
    %store/vec4 v0x62a65d63e290_0, 0, 1;
    %pushi/vec4 0, 0, 5;
    %store/vec4 v0x62a65d6aa430_0, 0, 5;
    %fork TD_stack_tb.apply_operation, S_0x62a65d63dc70;
    %join;
    %jmp T_9.19;
T_9.20 ;
    %pop/vec4 1;
    %fork TD_stack_tb.drain_stack, S_0x62a65d6aa890;
    %join;
    %vpi_call 2 718 "$display", "Test 14: Reset when non-empty" {0 0 0};
    %fork TD_stack_tb.reset_stack, S_0x62a65d6ac110;
    %join;
    %pushi/vec4 3, 0, 32;
    %store/vec4 v0x62a65d6acf40_0, 0, 32;
    %pushi/vec4 0, 0, 32;
    %store/vec4 v0x62a65d6acce0_0, 0, 32;
T_9.21 ; Top of for-loop
    %load/vec4 v0x62a65d6acce0_0;
    %load/vec4 v0x62a65d6acf40_0;
    %cmp/s;
	  %jmp/0xz T_9.22, 5;
    %pushi/vec4 1, 0, 1;
    %store/vec4 v0x62a65d66ddf0_0, 0, 1;
    %pushi/vec4 0, 0, 1;
    %store/vec4 v0x62a65d63e290_0, 0, 1;
    %load/vec4 v0x62a65d6acce0_0;
    %store/vec4 v0x62a65d6ac4d0_0, 0, 32;
    %callf/vec4 TD_stack_tb.test_value, S_0x62a65d6ac2f0;
    %store/vec4 v0x62a65d6aa430_0, 0, 5;
    %fork TD_stack_tb.apply_operation, S_0x62a65d63dc70;
    %join;
T_9.23 ; for-loop step statement
    %load/vec4 v0x62a65d6acce0_0;
    %addi 1, 0, 32;
    %store/vec4 v0x62a65d6acce0_0, 0, 32;
    %jmp T_9.21;
T_9.22 ; for-loop exit label
    %fork TD_stack_tb.reset_stack, S_0x62a65d6ac110;
    %join;
    %vpi_call 2 738 "$display", "Test 15: Reset when full" {0 0 0};
    %fork TD_stack_tb.reset_stack, S_0x62a65d6ac110;
    %join;
    %fork TD_stack_tb.fill_stack, S_0x62a65d6abe30;
    %join;
    %fork TD_stack_tb.reset_stack, S_0x62a65d6ac110;
    %join;
    %vpi_call 2 749 "$display", "Test 16: Random stress test" {0 0 0};
    %fork TD_stack_tb.reset_stack, S_0x62a65d6ac110;
    %join;
    %pushi/vec4 0, 0, 32;
    %store/vec4 v0x62a65d6acce0_0, 0, 32;
T_9.24 ; Top of for-loop
    %load/vec4 v0x62a65d6acce0_0;
    %cmpi/s 200, 0, 32;
	  %jmp/0xz T_9.25, 5;
    %vpi_func 2 755 "$random" 32, v0x62a65d6ad340_0 {0 0 0};
    %store/vec4 v0x62a65d6ad260_0, 0, 32;
    %vpi_func 2 756 "$random" 32, v0x62a65d6ad340_0 {0 0 0};
    %pad/s 5;
    %store/vec4 v0x62a65d6ad1c0_0, 0, 5;
    %load/vec4 v0x62a65d6ad260_0;
    %pushi/vec4 3, 0, 32;
    %and;
    %dup/vec4;
    %pushi/vec4 0, 0, 32;
    %cmp/u;
    %jmp/1 T_9.27, 6;
    %dup/vec4;
    %pushi/vec4 1, 0, 32;
    %cmp/u;
    %jmp/1 T_9.28, 6;
    %dup/vec4;
    %pushi/vec4 2, 0, 32;
    %cmp/u;
    %jmp/1 T_9.29, 6;
    %dup/vec4;
    %pushi/vec4 3, 0, 32;
    %cmp/u;
    %jmp/1 T_9.30, 6;
    %jmp T_9.31;
T_9.27 ;
    %pushi/vec4 0, 0, 1;
    %store/vec4 v0x62a65d66ddf0_0, 0, 1;
    %pushi/vec4 0, 0, 1;
    %store/vec4 v0x62a65d63e290_0, 0, 1;
    %load/vec4 v0x62a65d6ad1c0_0;
    %store/vec4 v0x62a65d6aa430_0, 0, 5;
    %fork TD_stack_tb.apply_operation, S_0x62a65d63dc70;
    %join;
    %jmp T_9.31;
T_9.28 ;
    %pushi/vec4 1, 0, 1;
    %store/vec4 v0x62a65d66ddf0_0, 0, 1;
    %pushi/vec4 0, 0, 1;
    %store/vec4 v0x62a65d63e290_0, 0, 1;
    %load/vec4 v0x62a65d6ad1c0_0;
    %store/vec4 v0x62a65d6aa430_0, 0, 5;
    %fork TD_stack_tb.apply_operation, S_0x62a65d63dc70;
    %join;
    %jmp T_9.31;
T_9.29 ;
    %pushi/vec4 0, 0, 1;
    %store/vec4 v0x62a65d66ddf0_0, 0, 1;
    %pushi/vec4 1, 0, 1;
    %store/vec4 v0x62a65d63e290_0, 0, 1;
    %load/vec4 v0x62a65d6ad1c0_0;
    %store/vec4 v0x62a65d6aa430_0, 0, 5;
    %fork TD_stack_tb.apply_operation, S_0x62a65d63dc70;
    %join;
    %jmp T_9.31;
T_9.30 ;
    %pushi/vec4 1, 0, 1;
    %store/vec4 v0x62a65d66ddf0_0, 0, 1;
    %pushi/vec4 1, 0, 1;
    %store/vec4 v0x62a65d63e290_0, 0, 1;
    %load/vec4 v0x62a65d6ad1c0_0;
    %store/vec4 v0x62a65d6aa430_0, 0, 5;
    %fork TD_stack_tb.apply_operation, S_0x62a65d63dc70;
    %join;
    %jmp T_9.31;
T_9.31 ;
    %pop/vec4 1;
T_9.26 ; for-loop step statement
    %load/vec4 v0x62a65d6acce0_0;
    %addi 1, 0, 32;
    %store/vec4 v0x62a65d6acce0_0, 0, 32;
    %jmp T_9.24;
T_9.25 ; for-loop exit label
    %fork TD_stack_tb.drain_stack, S_0x62a65d6aa890;
    %join;
    %pushi/vec4 0, 0, 1;
    %store/vec4 v0x62a65d66ddf0_0, 0, 1;
    %pushi/vec4 1, 0, 1;
    %store/vec4 v0x62a65d63e290_0, 0, 1;
    %pushi/vec4 0, 0, 5;
    %store/vec4 v0x62a65d6aa430_0, 0, 5;
    %fork TD_stack_tb.apply_operation, S_0x62a65d63dc70;
    %join;
    %delay 10000, 0;
    %vpi_call 2 812 "$display", "========================================" {0 0 0};
    %vpi_call 2 813 "$display", "Configuration: WIDTH=%0d DEPTH=%0d", P_0x62a65d6846c0, P_0x62a65d684680 {0 0 0};
    %vpi_call 2 819 "$display", "Checks performed: %0d", v0x62a65d6acba0_0 {0 0 0};
    %load/vec4 v0x62a65d6acc40_0;
    %cmpi/e 0, 0, 32;
    %jmp/0xz  T_9.32, 4;
    %vpi_call 2 825 "$display", "ALL TESTS PASSED" {0 0 0};
    %jmp T_9.33;
T_9.32 ;
    %vpi_call 2 827 "$display", "TEST FAILED: %0d error(s)", v0x62a65d6acc40_0 {0 0 0};
T_9.33 ;
    %vpi_call 2 832 "$display", "========================================" {0 0 0};
    %vpi_call 2 834 "$finish" {0 0 0};
    %end;
    .thread T_9;
# The file index is used to find the file name in the following table.
:file_names 4;
    "N/A";
    "<interactive>";
    "stack_parametric_tb.v";
    "stack_parametric.v";
