#! /usr/local/bin/vvp
:ivl_version "13.0 (stable)" "(v13_0-dirty)";
:ivl_delay_selection "TYPICAL";
:vpi_time_precision - 12;
:vpi_module "/usr/local/lib/ivl/system.vpi";
:vpi_module "/usr/local/lib/ivl/vhdl_sys.vpi";
:vpi_module "/usr/local/lib/ivl/vhdl_textio.vpi";
:vpi_module "/usr/local/lib/ivl/v2005_math.vpi";
:vpi_module "/usr/local/lib/ivl/va_math.vpi";
S_0x5fb98fb5cdc0 .scope module, "stack_wave_tb" "stack_wave_tb" 2 3;
 .timescale -9 -12;
P_0x5fb98fb46670 .param/l "DEPTH" 0 2 5, +C4<00000000000000000000000000000100>;
P_0x5fb98fb466b0 .param/l "WIDTH" 0 2 4, +C4<00000000000000000000000000000010>;
v0x5fb98fb80ac0_0 .var "Clk", 0 0;
v0x5fb98fb80b80_0 .var "Data_In", 1 0;
v0x5fb98fb80c50_0 .net "Data_Out", 1 0, v0x5fb98fb4c550_0;  1 drivers
v0x5fb98fb80d50_0 .net "Empty", 0 0, L_0x5fb98fb91340;  1 drivers
v0x5fb98fb80e20_0 .net "Full", 0 0, L_0x5fb98fb91610;  1 drivers
v0x5fb98fb80ec0_0 .var "RstN", 0 0;
v0x5fb98fb80f90_0 .var/i "i", 31 0;
v0x5fb98fb81030_0 .var "pop", 0 0;
v0x5fb98fb81100_0 .var "push", 0 0;
E_0x5fb98fb57530 .event negedge, v0x5fb98fb4b9d0_0;
E_0x5fb98fb55850 .event posedge, v0x5fb98fb4b9d0_0;
S_0x5fb98fb1c6e0 .scope module, "dut" "stack_parametric" 2 25, 3 1 0, S_0x5fb98fb5cdc0;
 .timescale 0 0;
    .port_info 0 /INPUT 1 "Clk";
    .port_info 1 /INPUT 1 "RstN";
    .port_info 2 /INPUT 1 "push";
    .port_info 3 /INPUT 1 "pop";
    .port_info 4 /INPUT 2 "Data_In";
    .port_info 5 /OUTPUT 1 "Full";
    .port_info 6 /OUTPUT 1 "Empty";
    .port_info 7 /OUTPUT 2 "Data_Out";
P_0x5fb98fb1c870 .param/l "DEPTH" 0 3 3, +C4<00000000000000000000000000000100>;
P_0x5fb98fb1c8b0 .param/l "PTR_WIDTH" 1 3 20, +C4<00000000000000000000000000000011>;
P_0x5fb98fb1c8f0 .param/l "WIDTH" 0 3 2, +C4<00000000000000000000000000000010>;
v0x5fb98fb4b9d0_0 .net "Clk", 0 0, v0x5fb98fb80ac0_0;  1 drivers
v0x5fb98fb4c0e0_0 .net "Data_In", 1 0, v0x5fb98fb80b80_0;  1 drivers
v0x5fb98fb4c550_0 .var "Data_Out", 1 0;
v0x5fb98fb4cb60_0 .net "Empty", 0 0, L_0x5fb98fb91340;  alias, 1 drivers
v0x5fb98fb4cf90_0 .net "Full", 0 0, L_0x5fb98fb91610;  alias, 1 drivers
v0x5fb98fb4d2c0_0 .net "RstN", 0 0, v0x5fb98fb80ec0_0;  1 drivers
v0x5fb98fb4d8f0_0 .net *"_ivl_0", 31 0, L_0x5fb98fb811d0;  1 drivers
L_0x7f88f6c810a8 .functor BUFT 1, C4<00000000000000000000000000000>, C4<0>, C4<0>, C4<0>;
v0x5fb98fb80160_0 .net *"_ivl_11", 28 0, L_0x7f88f6c810a8;  1 drivers
L_0x7f88f6c810f0 .functor BUFT 1, C4<00000000000000000000000000000100>, C4<0>, C4<0>, C4<0>;
v0x5fb98fb80240_0 .net/2u *"_ivl_12", 31 0, L_0x7f88f6c810f0;  1 drivers
L_0x7f88f6c81018 .functor BUFT 1, C4<00000000000000000000000000000>, C4<0>, C4<0>, C4<0>;
v0x5fb98fb80320_0 .net *"_ivl_3", 28 0, L_0x7f88f6c81018;  1 drivers
L_0x7f88f6c81060 .functor BUFT 1, C4<00000000000000000000000000000000>, C4<0>, C4<0>, C4<0>;
v0x5fb98fb80400_0 .net/2u *"_ivl_4", 31 0, L_0x7f88f6c81060;  1 drivers
v0x5fb98fb804e0_0 .net *"_ivl_8", 31 0, L_0x5fb98fb914d0;  1 drivers
v0x5fb98fb805c0_0 .var/i "i", 31 0;
v0x5fb98fb806a0_0 .var "pointer", 2 0;
v0x5fb98fb80780_0 .net "pop", 0 0, v0x5fb98fb81030_0;  1 drivers
v0x5fb98fb80840_0 .net "push", 0 0, v0x5fb98fb81100_0;  1 drivers
v0x5fb98fb80900 .array "stack", 3 0, 1 0;
E_0x5fb98fb555f0/0 .event negedge, v0x5fb98fb4d2c0_0;
E_0x5fb98fb555f0/1 .event posedge, v0x5fb98fb4b9d0_0;
E_0x5fb98fb555f0 .event/or E_0x5fb98fb555f0/0, E_0x5fb98fb555f0/1;
L_0x5fb98fb811d0 .concat [ 3 29 0 0], v0x5fb98fb806a0_0, L_0x7f88f6c81018;
L_0x5fb98fb91340 .cmp/eq 32, L_0x5fb98fb811d0, L_0x7f88f6c81060;
L_0x5fb98fb914d0 .concat [ 3 29 0 0], v0x5fb98fb806a0_0, L_0x7f88f6c810a8;
L_0x5fb98fb91610 .cmp/eq 32, L_0x5fb98fb914d0, L_0x7f88f6c810f0;
    .scope S_0x5fb98fb1c6e0;
T_0 ;
    %wait E_0x5fb98fb555f0;
    %load/vec4 v0x5fb98fb4d2c0_0;
    %nor/r;
    %flag_set/vec4 8;
    %jmp/0xz  T_0.0, 8;
    %pushi/vec4 0, 0, 3;
    %assign/vec4 v0x5fb98fb806a0_0, 0;
    %pushi/vec4 0, 0, 2;
    %assign/vec4 v0x5fb98fb4c550_0, 0;
    %pushi/vec4 0, 0, 32;
    %store/vec4 v0x5fb98fb805c0_0, 0, 32;
T_0.2 ; Top of for-loop
    %load/vec4 v0x5fb98fb805c0_0;
    %cmpi/s 4, 0, 32;
	  %jmp/0xz T_0.3, 5;
    %pushi/vec4 0, 0, 2;
    %ix/getv/s 3, v0x5fb98fb805c0_0;
    %ix/load 4, 0, 0; Constant delay
    %assign/vec4/a/d v0x5fb98fb80900, 0, 4;
T_0.4 ; for-loop step statement
    %load/vec4 v0x5fb98fb805c0_0;
    %addi 1, 0, 32;
    %store/vec4 v0x5fb98fb805c0_0, 0, 32;
    %jmp T_0.2;
T_0.3 ; for-loop exit label
    %jmp T_0.1;
T_0.0 ;
    %load/vec4 v0x5fb98fb80840_0;
    %flag_set/vec4 9;
    %flag_get/vec4 9;
    %jmp/0 T_0.7, 9;
    %load/vec4 v0x5fb98fb80780_0;
    %and;
T_0.7;
    %flag_set/vec4 8;
    %jmp/0xz  T_0.5, 8;
    %load/vec4 v0x5fb98fb4cb60_0;
    %flag_set/vec4 8;
    %jmp/0xz  T_0.8, 8;
    %load/vec4 v0x5fb98fb4c0e0_0;
    %load/vec4 v0x5fb98fb806a0_0;
    %pad/u 4;
    %ix/vec4 3;
    %ix/load 4, 0, 0; Constant delay
    %assign/vec4/a/d v0x5fb98fb80900, 0, 4;
    %load/vec4 v0x5fb98fb806a0_0;
    %addi 1, 0, 3;
    %assign/vec4 v0x5fb98fb806a0_0, 0;
    %jmp T_0.9;
T_0.8 ;
    %load/vec4 v0x5fb98fb806a0_0;
    %pad/u 32;
    %subi 1, 0, 32;
    %ix/vec4 4;
    %load/vec4a v0x5fb98fb80900, 4;
    %assign/vec4 v0x5fb98fb4c550_0, 0;
    %load/vec4 v0x5fb98fb4c0e0_0;
    %load/vec4 v0x5fb98fb806a0_0;
    %pad/u 32;
    %subi 1, 0, 32;
    %ix/vec4 3;
    %ix/load 4, 0, 0; Constant delay
    %assign/vec4/a/d v0x5fb98fb80900, 0, 4;
T_0.9 ;
    %jmp T_0.6;
T_0.5 ;
    %load/vec4 v0x5fb98fb80840_0;
    %flag_set/vec4 8;
    %jmp/0xz  T_0.10, 8;
    %load/vec4 v0x5fb98fb4cf90_0;
    %nor/r;
    %flag_set/vec4 8;
    %jmp/0xz  T_0.12, 8;
    %load/vec4 v0x5fb98fb4c0e0_0;
    %load/vec4 v0x5fb98fb806a0_0;
    %pad/u 4;
    %ix/vec4 3;
    %ix/load 4, 0, 0; Constant delay
    %assign/vec4/a/d v0x5fb98fb80900, 0, 4;
    %load/vec4 v0x5fb98fb806a0_0;
    %addi 1, 0, 3;
    %assign/vec4 v0x5fb98fb806a0_0, 0;
T_0.12 ;
    %jmp T_0.11;
T_0.10 ;
    %load/vec4 v0x5fb98fb80780_0;
    %flag_set/vec4 8;
    %jmp/0xz  T_0.14, 8;
    %load/vec4 v0x5fb98fb4cb60_0;
    %nor/r;
    %flag_set/vec4 8;
    %jmp/0xz  T_0.16, 8;
    %load/vec4 v0x5fb98fb806a0_0;
    %pad/u 32;
    %subi 1, 0, 32;
    %ix/vec4 4;
    %load/vec4a v0x5fb98fb80900, 4;
    %assign/vec4 v0x5fb98fb4c550_0, 0;
    %load/vec4 v0x5fb98fb806a0_0;
    %subi 1, 0, 3;
    %assign/vec4 v0x5fb98fb806a0_0, 0;
T_0.16 ;
T_0.14 ;
T_0.11 ;
T_0.6 ;
T_0.1 ;
    %jmp T_0;
    .thread T_0;
    .scope S_0x5fb98fb5cdc0;
T_1 ;
    %pushi/vec4 0, 0, 1;
    %store/vec4 v0x5fb98fb80ac0_0, 0, 1;
T_1.0 ;
    %delay 5000, 0;
    %load/vec4 v0x5fb98fb80ac0_0;
    %inv;
    %store/vec4 v0x5fb98fb80ac0_0, 0, 1;
    %jmp T_1.0;
T_1.1 ;
    %end;
    .thread T_1;
    .scope S_0x5fb98fb5cdc0;
T_2 ;
    %vpi_call 2 46 "$dumpfile", "stack_parametric_wave.vcd" {0 0 0};
    %vpi_call 2 48 "$dumpvars", 32'sb00000000000000000000000000000000, v0x5fb98fb80ac0_0, v0x5fb98fb80ec0_0, v0x5fb98fb81100_0, v0x5fb98fb81030_0, v0x5fb98fb80b80_0, v0x5fb98fb80c50_0, v0x5fb98fb80e20_0, v0x5fb98fb80d50_0 {0 0 0};
    %end;
    .thread T_2;
    .scope S_0x5fb98fb5cdc0;
T_3 ;
    %pushi/vec4 0, 0, 1;
    %store/vec4 v0x5fb98fb80ec0_0, 0, 1;
    %pushi/vec4 0, 0, 1;
    %store/vec4 v0x5fb98fb81100_0, 0, 1;
    %pushi/vec4 0, 0, 1;
    %store/vec4 v0x5fb98fb81030_0, 0, 1;
    %pushi/vec4 0, 0, 2;
    %store/vec4 v0x5fb98fb80b80_0, 0, 2;
    %vpi_call 2 69 "$display", "Waveform test: WIDTH=%0d DEPTH=%0d", P_0x5fb98fb466b0, P_0x5fb98fb46670 {0 0 0};
    %delay 12000, 0;
    %pushi/vec4 1, 0, 1;
    %store/vec4 v0x5fb98fb80ec0_0, 0, 1;
    %pushi/vec4 0, 0, 32;
    %store/vec4 v0x5fb98fb80f90_0, 0, 32;
T_3.0 ; Top of for-loop
    %load/vec4 v0x5fb98fb80f90_0;
    %cmpi/s 4, 0, 32;
	  %jmp/0xz T_3.1, 5;
    %wait E_0x5fb98fb57530;
    %load/vec4 v0x5fb98fb80f90_0;
    %pad/s 2;
    %store/vec4 v0x5fb98fb80b80_0, 0, 2;
    %pushi/vec4 1, 0, 1;
    %store/vec4 v0x5fb98fb81100_0, 0, 1;
    %pushi/vec4 0, 0, 1;
    %store/vec4 v0x5fb98fb81030_0, 0, 1;
T_3.2 ; for-loop step statement
    %load/vec4 v0x5fb98fb80f90_0;
    %addi 1, 0, 32;
    %store/vec4 v0x5fb98fb80f90_0, 0, 32;
    %jmp T_3.0;
T_3.1 ; for-loop exit label
    %wait E_0x5fb98fb57530;
    %pushi/vec4 0, 0, 1;
    %store/vec4 v0x5fb98fb81100_0, 0, 1;
    %pushi/vec4 3, 0, 2;
    %store/vec4 v0x5fb98fb80b80_0, 0, 2;
    %pushi/vec4 1, 0, 1;
    %store/vec4 v0x5fb98fb81100_0, 0, 1;
    %wait E_0x5fb98fb57530;
    %pushi/vec4 0, 0, 1;
    %store/vec4 v0x5fb98fb81100_0, 0, 1;
    %pushi/vec4 1, 0, 1;
    %store/vec4 v0x5fb98fb81030_0, 0, 1;
    %pushi/vec4 4, 0, 32;
T_3.3 %dup/vec4;
    %cmpi/s 0, 0, 32;
    %jmp/1xz T_3.4, 5;
    %jmp/1 T_3.4, 4;
    %subi 1, 0, 32;
    %wait E_0x5fb98fb55850;
    %jmp T_3.3;
T_3.4 ;
    %pop/vec4 1;
    %wait E_0x5fb98fb57530;
    %pushi/vec4 0, 0, 1;
    %store/vec4 v0x5fb98fb81030_0, 0, 1;
    %pushi/vec4 1, 0, 1;
    %store/vec4 v0x5fb98fb81030_0, 0, 1;
    %wait E_0x5fb98fb57530;
    %pushi/vec4 0, 0, 1;
    %store/vec4 v0x5fb98fb81030_0, 0, 1;
    %pushi/vec4 0, 0, 1;
    %store/vec4 v0x5fb98fb80ec0_0, 0, 1;
    %delay 2000, 0;
    %pushi/vec4 1, 0, 1;
    %store/vec4 v0x5fb98fb80ec0_0, 0, 1;
    %wait E_0x5fb98fb57530;
    %pushi/vec4 1, 0, 2;
    %store/vec4 v0x5fb98fb80b80_0, 0, 2;
    %pushi/vec4 1, 0, 1;
    %store/vec4 v0x5fb98fb81100_0, 0, 1;
    %wait E_0x5fb98fb57530;
    %pushi/vec4 2, 0, 2;
    %store/vec4 v0x5fb98fb80b80_0, 0, 2;
    %wait E_0x5fb98fb57530;
    %pushi/vec4 0, 0, 1;
    %store/vec4 v0x5fb98fb81100_0, 0, 1;
    %pushi/vec4 3, 0, 2;
    %store/vec4 v0x5fb98fb80b80_0, 0, 2;
    %pushi/vec4 1, 0, 1;
    %store/vec4 v0x5fb98fb81100_0, 0, 1;
    %pushi/vec4 1, 0, 1;
    %store/vec4 v0x5fb98fb81030_0, 0, 1;
    %wait E_0x5fb98fb57530;
    %pushi/vec4 0, 0, 1;
    %store/vec4 v0x5fb98fb81100_0, 0, 1;
    %pushi/vec4 0, 0, 1;
    %store/vec4 v0x5fb98fb81030_0, 0, 1;
    %pushi/vec4 1, 0, 1;
    %store/vec4 v0x5fb98fb81030_0, 0, 1;
    %wait E_0x5fb98fb57530;
    %pushi/vec4 0, 0, 1;
    %store/vec4 v0x5fb98fb81030_0, 0, 1;
    %delay 20000, 0;
    %vpi_call 2 175 "$finish" {0 0 0};
    %end;
    .thread T_3;
# The file index is used to find the file name in the following table.
:file_names 4;
    "N/A";
    "<interactive>";
    "stack_parametric_wave_tb.v";
    "stack_parametric.v";
