#! /usr/local/bin/vvp
:ivl_version "13.0 (stable)" "(v13_0-dirty)";
:ivl_delay_selection "TYPICAL";
:vpi_time_precision - 12;
:vpi_module "/usr/local/lib/ivl/system.vpi";
:vpi_module "/usr/local/lib/ivl/vhdl_sys.vpi";
:vpi_module "/usr/local/lib/ivl/vhdl_textio.vpi";
:vpi_module "/usr/local/lib/ivl/v2005_math.vpi";
:vpi_module "/usr/local/lib/ivl/va_math.vpi";
S_0x5804399148d0 .scope module, "stack_tb" "stack_tb" 2 3;
 .timescale -9 -12;
v0x580439970dd0_0 .var "Clk", 0 0;
v0x580439970e90_0 .var "Data_In", 3 0;
v0x580439970f30_0 .net "Data_Out", 3 0, v0x580439948a50_0;  1 drivers
v0x580439970fd0_0 .net "Empty", 0 0, L_0x580439981680;  1 drivers
v0x580439971070_0 .net "Full", 0 0, L_0x580439981950;  1 drivers
v0x580439971160_0 .var "RstN", 0 0;
v0x580439971230_0 .var/i "errors", 31 0;
v0x5804399712d0_0 .var/i "i", 31 0;
v0x580439971370_0 .var "pop", 0 0;
v0x580439971440_0 .var "push", 0 0;
S_0x580439923280 .scope module, "dut" "stack" 2 19, 3 1 0, S_0x5804399148d0;
 .timescale 0 0;
    .port_info 0 /INPUT 1 "Clk";
    .port_info 1 /INPUT 1 "RstN";
    .port_info 2 /INPUT 1 "push";
    .port_info 3 /INPUT 1 "pop";
    .port_info 4 /INPUT 4 "Data_In";
    .port_info 5 /OUTPUT 1 "Full";
    .port_info 6 /OUTPUT 1 "Empty";
    .port_info 7 /OUTPUT 4 "Data_Out";
v0x580439918f40_0 .net "Clk", 0 0, v0x580439970dd0_0;  1 drivers
v0x5804399485a0_0 .net "Data_In", 3 0, v0x580439970e90_0;  1 drivers
v0x580439948a50_0 .var "Data_Out", 3 0;
v0x58043990e870_0 .net "Empty", 0 0, L_0x580439981680;  alias, 1 drivers
v0x58043990ed30_0 .net "Full", 0 0, L_0x580439981950;  alias, 1 drivers
v0x58043990d470_0 .net "RstN", 0 0, v0x580439971160_0;  1 drivers
v0x58043990d970_0 .net *"_ivl_0", 31 0, L_0x580439971510;  1 drivers
L_0x7ed69ec7f0a8 .functor BUFT 1, C4<0000000000000000000000000000>, C4<0>, C4<0>, C4<0>;
v0x58043996f8d0_0 .net *"_ivl_11", 27 0, L_0x7ed69ec7f0a8;  1 drivers
L_0x7ed69ec7f0f0 .functor BUFT 1, C4<00000000000000000000000000001000>, C4<0>, C4<0>, C4<0>;
v0x58043996f9b0_0 .net/2u *"_ivl_12", 31 0, L_0x7ed69ec7f0f0;  1 drivers
L_0x7ed69ec7f018 .functor BUFT 1, C4<0000000000000000000000000000>, C4<0>, C4<0>, C4<0>;
v0x58043996fa90_0 .net *"_ivl_3", 27 0, L_0x7ed69ec7f018;  1 drivers
L_0x7ed69ec7f060 .functor BUFT 1, C4<00000000000000000000000000000000>, C4<0>, C4<0>, C4<0>;
v0x58043996fb70_0 .net/2u *"_ivl_4", 31 0, L_0x7ed69ec7f060;  1 drivers
v0x58043996fc50_0 .net *"_ivl_8", 31 0, L_0x580439981810;  1 drivers
v0x58043996fd30_0 .var/i "i", 31 0;
v0x58043996fe10_0 .var "pointer", 3 0;
v0x58043996fef0_0 .net "pop", 0 0, v0x580439971370_0;  1 drivers
v0x58043996ffb0_0 .net "push", 0 0, v0x580439971440_0;  1 drivers
v0x580439970070 .array "stack", 7 0, 3 0;
E_0x58043991db30/0 .event negedge, v0x58043990d470_0;
E_0x58043991db30/1 .event posedge, v0x580439918f40_0;
E_0x58043991db30 .event/or E_0x58043991db30/0, E_0x58043991db30/1;
L_0x580439971510 .concat [ 4 28 0 0], v0x58043996fe10_0, L_0x7ed69ec7f018;
L_0x580439981680 .cmp/eq 32, L_0x580439971510, L_0x7ed69ec7f060;
L_0x580439981810 .concat [ 4 28 0 0], v0x58043996fe10_0, L_0x7ed69ec7f0a8;
L_0x580439981950 .cmp/eq 32, L_0x580439981810, L_0x7ed69ec7f0f0;
S_0x580439970230 .scope task, "pop_value" "pop_value" 2 80, 2 80 0, S_0x5804399148d0;
 .timescale -9 -12;
v0x580439970420_0 .var "expected", 3 0;
E_0x58043991c570 .event posedge, v0x580439918f40_0;
E_0x58043991c320 .event negedge, v0x580439918f40_0;
TD_stack_tb.pop_value ;
    %wait E_0x58043991c320;
    %pushi/vec4 0, 0, 1;
    %store/vec4 v0x580439971440_0, 0, 1;
    %pushi/vec4 1, 0, 1;
    %store/vec4 v0x580439971370_0, 0, 1;
    %wait E_0x58043991c570;
    %delay 1000, 0;
    %load/vec4 v0x580439970f30_0;
    %load/vec4 v0x580439970420_0;
    %cmp/ne;
    %jmp/0xz  T_0.0, 6;
    %vpi_call 2 92 "$display", "ERROR: Pop expected %d, got %d", v0x580439970420_0, v0x580439970f30_0 {0 0 0};
    %load/vec4 v0x580439971230_0;
    %addi 1, 0, 32;
    %store/vec4 v0x580439971230_0, 0, 32;
T_0.0 ;
    %pushi/vec4 0, 0, 1;
    %store/vec4 v0x580439971370_0, 0, 1;
    %end;
S_0x580439970520 .scope task, "push_pop" "push_pop" 2 106, 2 106 0, S_0x5804399148d0;
 .timescale -9 -12;
v0x580439970700_0 .var "expected_out", 3 0;
v0x5804399707e0_0 .var "value", 3 0;
TD_stack_tb.push_pop ;
    %wait E_0x58043991c320;
    %load/vec4 v0x5804399707e0_0;
    %store/vec4 v0x580439970e90_0, 0, 4;
    %pushi/vec4 1, 0, 1;
    %store/vec4 v0x580439971440_0, 0, 1;
    %pushi/vec4 1, 0, 1;
    %store/vec4 v0x580439971370_0, 0, 1;
    %wait E_0x58043991c570;
    %delay 1000, 0;
    %load/vec4 v0x580439970f30_0;
    %load/vec4 v0x580439970700_0;
    %cmp/ne;
    %jmp/0xz  T_1.2, 6;
    %vpi_call 2 120 "$display", "ERROR: Push-Pop expected %d, got %d", v0x580439970700_0, v0x580439970f30_0 {0 0 0};
    %load/vec4 v0x580439971230_0;
    %addi 1, 0, 32;
    %store/vec4 v0x580439971230_0, 0, 32;
T_1.2 ;
    %pushi/vec4 0, 0, 1;
    %store/vec4 v0x580439971440_0, 0, 1;
    %pushi/vec4 0, 0, 1;
    %store/vec4 v0x580439971370_0, 0, 1;
    %pushi/vec4 0, 0, 4;
    %store/vec4 v0x580439970e90_0, 0, 4;
    %end;
S_0x5804399708c0 .scope task, "push_value" "push_value" 2 61, 2 61 0, S_0x5804399148d0;
 .timescale -9 -12;
v0x580439970aa0_0 .var "value", 3 0;
TD_stack_tb.push_value ;
    %wait E_0x58043991c320;
    %load/vec4 v0x580439970aa0_0;
    %store/vec4 v0x580439970e90_0, 0, 4;
    %pushi/vec4 1, 0, 1;
    %store/vec4 v0x580439971440_0, 0, 1;
    %pushi/vec4 0, 0, 1;
    %store/vec4 v0x580439971370_0, 0, 1;
    %wait E_0x58043991c570;
    %delay 1000, 0;
    %pushi/vec4 0, 0, 1;
    %store/vec4 v0x580439971440_0, 0, 1;
    %pushi/vec4 0, 0, 4;
    %store/vec4 v0x580439970e90_0, 0, 4;
    %end;
S_0x580439970ba0 .scope task, "reset_stack" "reset_stack" 2 40, 2 40 0, S_0x5804399148d0;
 .timescale -9 -12;
TD_stack_tb.reset_stack ;
    %pushi/vec4 0, 0, 1;
    %store/vec4 v0x580439971160_0, 0, 1;
    %pushi/vec4 0, 0, 1;
    %store/vec4 v0x580439971440_0, 0, 1;
    %pushi/vec4 0, 0, 1;
    %store/vec4 v0x580439971370_0, 0, 1;
    %pushi/vec4 0, 0, 4;
    %store/vec4 v0x580439970e90_0, 0, 4;
    %delay 2000, 0;
    %load/vec4 v0x580439970fd0_0;
    %pad/u 32;
    %cmpi/ne 1, 0, 32;
    %jmp/1 T_3.6, 6;
    %flag_mov 8, 6;
    %load/vec4 v0x580439971070_0;
    %pad/u 32;
    %cmpi/ne 0, 0, 32;
    %flag_or 6, 8;
T_3.6;
    %jmp/0xz  T_3.4, 6;
    %vpi_call 2 50 "$display", "ERROR: Reset failed" {0 0 0};
    %load/vec4 v0x580439971230_0;
    %addi 1, 0, 32;
    %store/vec4 v0x580439971230_0, 0, 32;
T_3.4 ;
    %pushi/vec4 1, 0, 1;
    %store/vec4 v0x580439971160_0, 0, 1;
    %delay 8000, 0;
    %end;
    .scope S_0x580439923280;
T_4 ;
    %wait E_0x58043991db30;
    %load/vec4 v0x58043990d470_0;
    %nor/r;
    %flag_set/vec4 8;
    %jmp/0xz  T_4.0, 8;
    %pushi/vec4 0, 0, 4;
    %assign/vec4 v0x58043996fe10_0, 0;
    %pushi/vec4 0, 0, 4;
    %assign/vec4 v0x580439948a50_0, 0;
    %pushi/vec4 0, 0, 32;
    %store/vec4 v0x58043996fd30_0, 0, 32;
T_4.2 ; Top of for-loop
    %load/vec4 v0x58043996fd30_0;
    %cmpi/s 8, 0, 32;
	  %jmp/0xz T_4.3, 5;
    %pushi/vec4 0, 0, 4;
    %ix/getv/s 3, v0x58043996fd30_0;
    %ix/load 4, 0, 0; Constant delay
    %assign/vec4/a/d v0x580439970070, 0, 4;
T_4.4 ; for-loop step statement
    %load/vec4 v0x58043996fd30_0;
    %addi 1, 0, 32;
    %store/vec4 v0x58043996fd30_0, 0, 32;
    %jmp T_4.2;
T_4.3 ; for-loop exit label
    %jmp T_4.1;
T_4.0 ;
    %load/vec4 v0x58043996ffb0_0;
    %flag_set/vec4 9;
    %flag_get/vec4 9;
    %jmp/0 T_4.7, 9;
    %load/vec4 v0x58043996fef0_0;
    %and;
T_4.7;
    %flag_set/vec4 8;
    %jmp/0xz  T_4.5, 8;
    %load/vec4 v0x58043990e870_0;
    %flag_set/vec4 8;
    %jmp/0xz  T_4.8, 8;
    %load/vec4 v0x5804399485a0_0;
    %load/vec4 v0x58043996fe10_0;
    %pad/u 5;
    %ix/vec4 3;
    %ix/load 4, 0, 0; Constant delay
    %assign/vec4/a/d v0x580439970070, 0, 4;
    %load/vec4 v0x58043996fe10_0;
    %addi 1, 0, 4;
    %assign/vec4 v0x58043996fe10_0, 0;
    %jmp T_4.9;
T_4.8 ;
    %load/vec4 v0x58043996fe10_0;
    %pad/u 32;
    %subi 1, 0, 32;
    %ix/vec4 4;
    %load/vec4a v0x580439970070, 4;
    %assign/vec4 v0x580439948a50_0, 0;
    %load/vec4 v0x5804399485a0_0;
    %load/vec4 v0x58043996fe10_0;
    %pad/u 32;
    %subi 1, 0, 32;
    %ix/vec4 3;
    %ix/load 4, 0, 0; Constant delay
    %assign/vec4/a/d v0x580439970070, 0, 4;
T_4.9 ;
    %jmp T_4.6;
T_4.5 ;
    %load/vec4 v0x58043996ffb0_0;
    %flag_set/vec4 8;
    %jmp/0xz  T_4.10, 8;
    %load/vec4 v0x58043990ed30_0;
    %nor/r;
    %flag_set/vec4 8;
    %jmp/0xz  T_4.12, 8;
    %load/vec4 v0x5804399485a0_0;
    %load/vec4 v0x58043996fe10_0;
    %pad/u 5;
    %ix/vec4 3;
    %ix/load 4, 0, 0; Constant delay
    %assign/vec4/a/d v0x580439970070, 0, 4;
    %load/vec4 v0x58043996fe10_0;
    %addi 1, 0, 4;
    %assign/vec4 v0x58043996fe10_0, 0;
T_4.12 ;
    %jmp T_4.11;
T_4.10 ;
    %load/vec4 v0x58043996fef0_0;
    %flag_set/vec4 8;
    %jmp/0xz  T_4.14, 8;
    %load/vec4 v0x58043990e870_0;
    %nor/r;
    %flag_set/vec4 8;
    %jmp/0xz  T_4.16, 8;
    %load/vec4 v0x58043996fe10_0;
    %pad/u 32;
    %subi 1, 0, 32;
    %ix/vec4 4;
    %load/vec4a v0x580439970070, 4;
    %assign/vec4 v0x580439948a50_0, 0;
    %load/vec4 v0x58043996fe10_0;
    %subi 1, 0, 4;
    %assign/vec4 v0x58043996fe10_0, 0;
T_4.16 ;
T_4.14 ;
T_4.11 ;
T_4.6 ;
T_4.1 ;
    %jmp T_4;
    .thread T_4;
    .scope S_0x5804399148d0;
T_5 ;
    %vpi_call 2 32 "$dumpfile", "stack_tb.vcd" {0 0 0};
    %vpi_call 2 33 "$dumpvars" {0 0 0};
    %pushi/vec4 0, 0, 1;
    %store/vec4 v0x580439970dd0_0, 0, 1;
T_5.0 ;
    %delay 5000, 0;
    %load/vec4 v0x580439970dd0_0;
    %inv;
    %store/vec4 v0x580439970dd0_0, 0, 1;
    %jmp T_5.0;
T_5.1 ;
    %end;
    .thread T_5;
    .scope S_0x5804399148d0;
T_6 ;
    %pushi/vec4 0, 0, 32;
    %store/vec4 v0x580439971230_0, 0, 32;
    %pushi/vec4 1, 0, 1;
    %store/vec4 v0x580439971160_0, 0, 1;
    %pushi/vec4 0, 0, 1;
    %store/vec4 v0x580439971440_0, 0, 1;
    %pushi/vec4 0, 0, 1;
    %store/vec4 v0x580439971370_0, 0, 1;
    %pushi/vec4 0, 0, 4;
    %store/vec4 v0x580439970e90_0, 0, 4;
    %vpi_call 2 147 "$display", "Test 1: Reset" {0 0 0};
    %fork TD_stack_tb.reset_stack, S_0x580439970ba0;
    %join;
    %load/vec4 v0x580439970f30_0;
    %pad/u 32;
    %cmpi/ne 0, 0, 32;
    %jmp/0xz  T_6.0, 6;
    %vpi_call 2 152 "$display", "ERROR: Data_Out must be zero after reset" {0 0 0};
    %load/vec4 v0x580439971230_0;
    %addi 1, 0, 32;
    %store/vec4 v0x580439971230_0, 0, 32;
T_6.0 ;
    %vpi_call 2 160 "$display", "Test 2: Pop when empty" {0 0 0};
    %wait E_0x58043991c320;
    %pushi/vec4 1, 0, 1;
    %store/vec4 v0x580439971370_0, 0, 1;
    %wait E_0x58043991c570;
    %delay 1000, 0;
    %load/vec4 v0x580439970fd0_0;
    %pad/u 32;
    %cmpi/ne 1, 0, 32;
    %jmp/1 T_6.4, 6;
    %flag_mov 8, 6;
    %load/vec4 v0x580439971070_0;
    %pad/u 32;
    %cmpi/ne 0, 0, 32;
    %flag_or 6, 8;
T_6.4;
    %jmp/0xz  T_6.2, 6;
    %vpi_call 2 169 "$display", "ERROR: Empty pop changed stack state" {0 0 0};
    %load/vec4 v0x580439971230_0;
    %addi 1, 0, 32;
    %store/vec4 v0x580439971230_0, 0, 32;
T_6.2 ;
    %pushi/vec4 0, 0, 1;
    %store/vec4 v0x580439971370_0, 0, 1;
    %vpi_call 2 179 "$display", "Test 3: Push-Pop when empty" {0 0 0};
    %wait E_0x58043991c320;
    %pushi/vec4 10, 0, 4;
    %store/vec4 v0x580439970e90_0, 0, 4;
    %pushi/vec4 1, 0, 1;
    %store/vec4 v0x580439971440_0, 0, 1;
    %pushi/vec4 1, 0, 1;
    %store/vec4 v0x580439971370_0, 0, 1;
    %wait E_0x58043991c570;
    %delay 1000, 0;
    %pushi/vec4 0, 0, 1;
    %store/vec4 v0x580439971440_0, 0, 1;
    %pushi/vec4 0, 0, 1;
    %store/vec4 v0x580439971370_0, 0, 1;
    %load/vec4 v0x580439970fd0_0;
    %pad/u 32;
    %cmpi/ne 0, 0, 32;
    %jmp/0xz  T_6.5, 6;
    %vpi_call 2 194 "$display", "ERROR: Empty simultaneous operation failed" {0 0 0};
    %load/vec4 v0x580439971230_0;
    %addi 1, 0, 32;
    %store/vec4 v0x580439971230_0, 0, 32;
T_6.5 ;
    %pushi/vec4 10, 0, 4;
    %store/vec4 v0x580439970420_0, 0, 4;
    %fork TD_stack_tb.pop_value, S_0x580439970230;
    %join;
    %load/vec4 v0x580439970fd0_0;
    %pad/u 32;
    %cmpi/ne 1, 0, 32;
    %jmp/0xz  T_6.7, 6;
    %vpi_call 2 202 "$display", "ERROR: Stack must be empty" {0 0 0};
    %load/vec4 v0x580439971230_0;
    %addi 1, 0, 32;
    %store/vec4 v0x580439971230_0, 0, 32;
T_6.7 ;
    %vpi_call 2 210 "$display", "Test 4: Normal LIFO" {0 0 0};
    %pushi/vec4 3, 0, 4;
    %store/vec4 v0x580439970aa0_0, 0, 4;
    %fork TD_stack_tb.push_value, S_0x5804399708c0;
    %join;
    %pushi/vec4 6, 0, 4;
    %store/vec4 v0x580439970aa0_0, 0, 4;
    %fork TD_stack_tb.push_value, S_0x5804399708c0;
    %join;
    %pushi/vec4 9, 0, 4;
    %store/vec4 v0x580439970aa0_0, 0, 4;
    %fork TD_stack_tb.push_value, S_0x5804399708c0;
    %join;
    %pushi/vec4 9, 0, 4;
    %store/vec4 v0x580439970420_0, 0, 4;
    %fork TD_stack_tb.pop_value, S_0x580439970230;
    %join;
    %pushi/vec4 6, 0, 4;
    %store/vec4 v0x580439970420_0, 0, 4;
    %fork TD_stack_tb.pop_value, S_0x580439970230;
    %join;
    %pushi/vec4 3, 0, 4;
    %store/vec4 v0x580439970420_0, 0, 4;
    %fork TD_stack_tb.pop_value, S_0x580439970230;
    %join;
    %load/vec4 v0x580439970fd0_0;
    %pad/u 32;
    %cmpi/ne 1, 0, 32;
    %jmp/0xz  T_6.9, 6;
    %vpi_call 2 221 "$display", "ERROR: LIFO test did not end empty" {0 0 0};
    %load/vec4 v0x580439971230_0;
    %addi 1, 0, 32;
    %store/vec4 v0x580439971230_0, 0, 32;
T_6.9 ;
    %vpi_call 2 229 "$display", "Test 5: Fill stack" {0 0 0};
    %fork TD_stack_tb.reset_stack, S_0x580439970ba0;
    %join;
    %pushi/vec4 1, 0, 32;
    %store/vec4 v0x5804399712d0_0, 0, 32;
T_6.11 ; Top of for-loop
    %load/vec4 v0x5804399712d0_0;
    %cmpi/s 8, 0, 32;
    %flag_or 5, 4;
	  %jmp/0xz T_6.12, 5;
    %load/vec4 v0x5804399712d0_0;
    %pad/s 4;
    %store/vec4 v0x580439970aa0_0, 0, 4;
    %fork TD_stack_tb.push_value, S_0x5804399708c0;
    %join;
T_6.13 ; for-loop step statement
    %load/vec4 v0x5804399712d0_0;
    %addi 1, 0, 32;
    %store/vec4 v0x5804399712d0_0, 0, 32;
    %jmp T_6.11;
T_6.12 ; for-loop exit label
    %load/vec4 v0x580439971070_0;
    %pad/u 32;
    %cmpi/ne 1, 0, 32;
    %jmp/1 T_6.16, 6;
    %flag_mov 8, 6;
    %load/vec4 v0x580439970fd0_0;
    %pad/u 32;
    %cmpi/ne 0, 0, 32;
    %flag_or 6, 8;
T_6.16;
    %jmp/0xz  T_6.14, 6;
    %vpi_call 2 238 "$display", "ERROR: Full flag is incorrect" {0 0 0};
    %load/vec4 v0x580439971230_0;
    %addi 1, 0, 32;
    %store/vec4 v0x580439971230_0, 0, 32;
T_6.14 ;
    %vpi_call 2 246 "$display", "Test 6: Push when full" {0 0 0};
    %pushi/vec4 15, 0, 4;
    %store/vec4 v0x580439970aa0_0, 0, 4;
    %fork TD_stack_tb.push_value, S_0x5804399708c0;
    %join;
    %load/vec4 v0x580439971070_0;
    %pad/u 32;
    %cmpi/ne 1, 0, 32;
    %jmp/0xz  T_6.17, 6;
    %vpi_call 2 251 "$display", "ERROR: Full stack changed after extra push" {0 0 0};
    %load/vec4 v0x580439971230_0;
    %addi 1, 0, 32;
    %store/vec4 v0x580439971230_0, 0, 32;
T_6.17 ;
    %pushi/vec4 8, 0, 4;
    %store/vec4 v0x580439970420_0, 0, 4;
    %fork TD_stack_tb.pop_value, S_0x580439970230;
    %join;
    %vpi_call 2 262 "$display", "Test 7: Push-Pop when full" {0 0 0};
    %fork TD_stack_tb.reset_stack, S_0x580439970ba0;
    %join;
    %pushi/vec4 1, 0, 32;
    %store/vec4 v0x5804399712d0_0, 0, 32;
T_6.19 ; Top of for-loop
    %load/vec4 v0x5804399712d0_0;
    %cmpi/s 8, 0, 32;
    %flag_or 5, 4;
	  %jmp/0xz T_6.20, 5;
    %load/vec4 v0x5804399712d0_0;
    %pad/s 4;
    %store/vec4 v0x580439970aa0_0, 0, 4;
    %fork TD_stack_tb.push_value, S_0x5804399708c0;
    %join;
T_6.21 ; for-loop step statement
    %load/vec4 v0x5804399712d0_0;
    %addi 1, 0, 32;
    %store/vec4 v0x5804399712d0_0, 0, 32;
    %jmp T_6.19;
T_6.20 ; for-loop exit label
    %pushi/vec4 12, 0, 4;
    %store/vec4 v0x5804399707e0_0, 0, 4;
    %pushi/vec4 8, 0, 4;
    %store/vec4 v0x580439970700_0, 0, 4;
    %fork TD_stack_tb.push_pop, S_0x580439970520;
    %join;
    %load/vec4 v0x580439971070_0;
    %pad/u 32;
    %cmpi/ne 1, 0, 32;
    %jmp/0xz  T_6.22, 6;
    %vpi_call 2 274 "$display", "ERROR: Stack must remain full" {0 0 0};
    %load/vec4 v0x580439971230_0;
    %addi 1, 0, 32;
    %store/vec4 v0x580439971230_0, 0, 32;
T_6.22 ;
    %pushi/vec4 12, 0, 4;
    %store/vec4 v0x580439970420_0, 0, 4;
    %fork TD_stack_tb.pop_value, S_0x580439970230;
    %join;
    %vpi_call 2 285 "$display", "Test 8: Normal Push-Pop" {0 0 0};
    %fork TD_stack_tb.reset_stack, S_0x580439970ba0;
    %join;
    %pushi/vec4 1, 0, 4;
    %store/vec4 v0x580439970aa0_0, 0, 4;
    %fork TD_stack_tb.push_value, S_0x5804399708c0;
    %join;
    %pushi/vec4 2, 0, 4;
    %store/vec4 v0x580439970aa0_0, 0, 4;
    %fork TD_stack_tb.push_value, S_0x5804399708c0;
    %join;
    %pushi/vec4 3, 0, 4;
    %store/vec4 v0x580439970aa0_0, 0, 4;
    %fork TD_stack_tb.push_value, S_0x5804399708c0;
    %join;
    %pushi/vec4 11, 0, 4;
    %store/vec4 v0x5804399707e0_0, 0, 4;
    %pushi/vec4 3, 0, 4;
    %store/vec4 v0x580439970700_0, 0, 4;
    %fork TD_stack_tb.push_pop, S_0x580439970520;
    %join;
    %pushi/vec4 11, 0, 4;
    %store/vec4 v0x580439970420_0, 0, 4;
    %fork TD_stack_tb.pop_value, S_0x580439970230;
    %join;
    %pushi/vec4 2, 0, 4;
    %store/vec4 v0x580439970420_0, 0, 4;
    %fork TD_stack_tb.pop_value, S_0x580439970230;
    %join;
    %pushi/vec4 1, 0, 4;
    %store/vec4 v0x580439970420_0, 0, 4;
    %fork TD_stack_tb.pop_value, S_0x580439970230;
    %join;
    %load/vec4 v0x580439970fd0_0;
    %pad/u 32;
    %cmpi/ne 1, 0, 32;
    %jmp/0xz  T_6.24, 6;
    %vpi_call 2 304 "$display", "ERROR: Stack should be empty" {0 0 0};
    %load/vec4 v0x580439971230_0;
    %addi 1, 0, 32;
    %store/vec4 v0x580439971230_0, 0, 32;
T_6.24 ;
    %vpi_call 2 312 "$display", "Test 9: Idle state" {0 0 0};
    %fork TD_stack_tb.reset_stack, S_0x580439970ba0;
    %join;
    %pushi/vec4 7, 0, 4;
    %store/vec4 v0x580439970aa0_0, 0, 4;
    %fork TD_stack_tb.push_value, S_0x5804399708c0;
    %join;
    %wait E_0x58043991c320;
    %pushi/vec4 0, 0, 1;
    %store/vec4 v0x580439971440_0, 0, 1;
    %pushi/vec4 0, 0, 1;
    %store/vec4 v0x580439971370_0, 0, 1;
    %pushi/vec4 3, 0, 32;
T_6.26 %dup/vec4;
    %cmpi/s 0, 0, 32;
    %jmp/1xz T_6.27, 5;
    %jmp/1 T_6.27, 4;
    %subi 1, 0, 32;
    %wait E_0x58043991c570;
    %jmp T_6.26;
T_6.27 ;
    %pop/vec4 1;
    %pushi/vec4 7, 0, 4;
    %store/vec4 v0x580439970420_0, 0, 4;
    %fork TD_stack_tb.pop_value, S_0x580439970230;
    %join;
    %load/vec4 v0x580439970fd0_0;
    %pad/u 32;
    %cmpi/ne 1, 0, 32;
    %jmp/0xz  T_6.28, 6;
    %vpi_call 2 328 "$display", "ERROR: Idle state changed stack" {0 0 0};
    %load/vec4 v0x580439971230_0;
    %addi 1, 0, 32;
    %store/vec4 v0x580439971230_0, 0, 32;
T_6.28 ;
    %vpi_call 2 336 "$display", "Test 10: Reset while non-empty" {0 0 0};
    %pushi/vec4 4, 0, 4;
    %store/vec4 v0x580439970aa0_0, 0, 4;
    %fork TD_stack_tb.push_value, S_0x5804399708c0;
    %join;
    %pushi/vec4 5, 0, 4;
    %store/vec4 v0x580439970aa0_0, 0, 4;
    %fork TD_stack_tb.push_value, S_0x5804399708c0;
    %join;
    %pushi/vec4 6, 0, 4;
    %store/vec4 v0x580439970aa0_0, 0, 4;
    %fork TD_stack_tb.push_value, S_0x5804399708c0;
    %join;
    %delay 2000, 0;
    %pushi/vec4 0, 0, 1;
    %store/vec4 v0x580439971160_0, 0, 1;
    %delay 1000, 0;
    %load/vec4 v0x580439970fd0_0;
    %pad/u 32;
    %cmpi/ne 1, 0, 32;
    %jmp/1 T_6.33, 6;
    %flag_mov 8, 6;
    %load/vec4 v0x580439971070_0;
    %pad/u 32;
    %cmpi/ne 0, 0, 32;
    %flag_or 6, 8;
T_6.33;
    %jmp/1 T_6.32, 6;
    %flag_mov 8, 6;
    %load/vec4 v0x580439970f30_0;
    %pad/u 32;
    %cmpi/ne 0, 0, 32;
    %flag_or 6, 8;
T_6.32;
    %jmp/0xz  T_6.30, 6;
    %vpi_call 2 348 "$display", "ERROR: Async reset failed" {0 0 0};
    %load/vec4 v0x580439971230_0;
    %addi 1, 0, 32;
    %store/vec4 v0x580439971230_0, 0, 32;
T_6.30 ;
    %pushi/vec4 1, 0, 1;
    %store/vec4 v0x580439971160_0, 0, 1;
    %vpi_call 2 357 "$display", "Test 11: Push-Pop with one element" {0 0 0};
    %fork TD_stack_tb.reset_stack, S_0x580439970ba0;
    %join;
    %pushi/vec4 5, 0, 4;
    %store/vec4 v0x580439970aa0_0, 0, 4;
    %fork TD_stack_tb.push_value, S_0x5804399708c0;
    %join;
    %pushi/vec4 9, 0, 4;
    %store/vec4 v0x5804399707e0_0, 0, 4;
    %pushi/vec4 5, 0, 4;
    %store/vec4 v0x580439970700_0, 0, 4;
    %fork TD_stack_tb.push_pop, S_0x580439970520;
    %join;
    %load/vec4 v0x580439970fd0_0;
    %pad/u 32;
    %cmpi/ne 0, 0, 32;
    %jmp/1 T_6.36, 6;
    %flag_mov 8, 6;
    %load/vec4 v0x580439971070_0;
    %pad/u 32;
    %cmpi/ne 0, 0, 32;
    %flag_or 6, 8;
T_6.36;
    %jmp/0xz  T_6.34, 6;
    %vpi_call 2 367 "$display", "ERROR: Stack state changed incorrectly" {0 0 0};
    %load/vec4 v0x580439971230_0;
    %addi 1, 0, 32;
    %store/vec4 v0x580439971230_0, 0, 32;
T_6.34 ;
    %pushi/vec4 9, 0, 4;
    %store/vec4 v0x580439970420_0, 0, 4;
    %fork TD_stack_tb.pop_value, S_0x580439970230;
    %join;
    %load/vec4 v0x580439970fd0_0;
    %pad/u 32;
    %cmpi/ne 1, 0, 32;
    %jmp/0xz  T_6.37, 6;
    %vpi_call 2 375 "$display", "ERROR: Stack should be empty" {0 0 0};
    %load/vec4 v0x580439971230_0;
    %addi 1, 0, 32;
    %store/vec4 v0x580439971230_0, 0, 32;
T_6.37 ;
    %vpi_call 2 383 "$display", "Test 12: Reset while full" {0 0 0};
    %fork TD_stack_tb.reset_stack, S_0x580439970ba0;
    %join;
    %pushi/vec4 1, 0, 32;
    %store/vec4 v0x5804399712d0_0, 0, 32;
T_6.39 ; Top of for-loop
    %load/vec4 v0x5804399712d0_0;
    %cmpi/s 8, 0, 32;
    %flag_or 5, 4;
	  %jmp/0xz T_6.40, 5;
    %load/vec4 v0x5804399712d0_0;
    %pad/s 4;
    %store/vec4 v0x580439970aa0_0, 0, 4;
    %fork TD_stack_tb.push_value, S_0x5804399708c0;
    %join;
T_6.41 ; for-loop step statement
    %load/vec4 v0x5804399712d0_0;
    %addi 1, 0, 32;
    %store/vec4 v0x5804399712d0_0, 0, 32;
    %jmp T_6.39;
T_6.40 ; for-loop exit label
    %load/vec4 v0x580439971070_0;
    %pad/u 32;
    %cmpi/ne 1, 0, 32;
    %jmp/0xz  T_6.42, 6;
    %vpi_call 2 392 "$display", "ERROR: Stack must be full before reset" {0 0 0};
    %load/vec4 v0x580439971230_0;
    %addi 1, 0, 32;
    %store/vec4 v0x580439971230_0, 0, 32;
T_6.42 ;
    %delay 2000, 0;
    %pushi/vec4 0, 0, 1;
    %store/vec4 v0x580439971160_0, 0, 1;
    %delay 1000, 0;
    %load/vec4 v0x580439970fd0_0;
    %pad/u 32;
    %cmpi/ne 1, 0, 32;
    %jmp/1 T_6.47, 6;
    %flag_mov 8, 6;
    %load/vec4 v0x580439971070_0;
    %pad/u 32;
    %cmpi/ne 0, 0, 32;
    %flag_or 6, 8;
T_6.47;
    %jmp/1 T_6.46, 6;
    %flag_mov 8, 6;
    %load/vec4 v0x580439970f30_0;
    %pad/u 32;
    %cmpi/ne 0, 0, 32;
    %flag_or 6, 8;
T_6.46;
    %jmp/0xz  T_6.44, 6;
    %vpi_call 2 402 "$display", "ERROR: Reset while full failed" {0 0 0};
    %load/vec4 v0x580439971230_0;
    %addi 1, 0, 32;
    %store/vec4 v0x580439971230_0, 0, 32;
T_6.44 ;
    %pushi/vec4 1, 0, 1;
    %store/vec4 v0x580439971160_0, 0, 1;
    %delay 10000, 0;
    %load/vec4 v0x580439971230_0;
    %cmpi/e 0, 0, 32;
    %jmp/0xz  T_6.48, 4;
    %vpi_call 2 413 "$display", "ALL TESTS PASSED" {0 0 0};
    %jmp T_6.49;
T_6.48 ;
    %vpi_call 2 415 "$display", "TEST FAILED: %d error(s)", v0x580439971230_0 {0 0 0};
T_6.49 ;
    %vpi_call 2 417 "$finish" {0 0 0};
    %end;
    .thread T_6;
# The file index is used to find the file name in the following table.
:file_names 4;
    "N/A";
    "<interactive>";
    "stack_tb.v";
    "stack.v";
