#! /usr/local/bin/vvp
:ivl_version "13.0 (stable)" "(v13_0-dirty)";
:ivl_delay_selection "TYPICAL";
:vpi_time_precision - 12;
:vpi_module "/usr/local/lib/ivl/system.vpi";
:vpi_module "/usr/local/lib/ivl/vhdl_sys.vpi";
:vpi_module "/usr/local/lib/ivl/vhdl_textio.vpi";
:vpi_module "/usr/local/lib/ivl/v2005_math.vpi";
:vpi_module "/usr/local/lib/ivl/va_math.vpi";
S_0x572cf2a4c700 .scope module, "stack_cpu_tb" "stack_cpu_tb" 2 3;
 .timescale -9 -12;
L_0x572cf2afdce0 .functor BUFZ 8, L_0x572cf2afe1d0, C4<00000000>, C4<00000000>, C4<00000000>;
v0x572cf2aec340_0 .net *"_ivl_0", 7 0, L_0x572cf2afe1d0;  1 drivers
v0x572cf2aec440_0 .net *"_ivl_2", 9 0, L_0x572cf2afe270;  1 drivers
L_0x7f175a09d2e8 .functor BUFT 1, C4<00>, C4<0>, C4<0>, C4<0>;
v0x572cf2aec520_0 .net *"_ivl_5", 1 0, L_0x7f175a09d2e8;  1 drivers
v0x572cf2aec5e0_0 .var "clk", 0 0;
v0x572cf2aec680_0 .var/i "failed_tests", 31 0;
v0x572cf2aec790_0 .var/i "i", 31 0;
v0x572cf2aec870 .array "memory", 255 0, 7 0;
v0x572cf2aec930_0 .net "memory_address", 7 0, v0x572cf2aea480_0;  1 drivers
v0x572cf2aec9f0_0 .net "memory_read_data", 7 0, L_0x572cf2afdce0;  1 drivers
v0x572cf2aeca90_0 .net "memory_write_data", 7 0, v0x572cf2aea640_0;  1 drivers
v0x572cf2aecb30_0 .net "memory_write_enable", 0 0, v0x572cf2aea720_0;  1 drivers
v0x572cf2aecbd0_0 .var/i "passed_tests", 31 0;
v0x572cf2aecc70_0 .var "reset", 0 0;
L_0x572cf2afe1d0 .array/port v0x572cf2aec870, L_0x572cf2afe270;
L_0x572cf2afe270 .concat [ 8 2 0 0], v0x572cf2aea480_0, L_0x7f175a09d2e8;
S_0x572cf2a4c890 .scope task, "clear_memory" "clear_memory" 2 59, 2 59 0, S_0x572cf2a4c700;
 .timescale -9 -12;
TD_stack_cpu_tb.clear_memory ;
    %pushi/vec4 0, 0, 32;
    %store/vec4 v0x572cf2aec790_0, 0, 32;
T_0.0 ; Top of for-loop
    %load/vec4 v0x572cf2aec790_0;
    %cmpi/s 256, 0, 32;
	  %jmp/0xz T_0.1, 5;
    %pushi/vec4 0, 0, 8;
    %ix/getv/s 4, v0x572cf2aec790_0;
    %store/vec4a v0x572cf2aec870, 4, 0;
T_0.2 ; for-loop step statement
    %load/vec4 v0x572cf2aec790_0;
    %addi 1, 0, 32;
    %store/vec4 v0x572cf2aec790_0, 0, 32;
    %jmp T_0.0;
T_0.1 ; for-loop exit label
    %end;
S_0x572cf2a9a810 .scope module, "dut" "stack_cpu" 2 23, 3 1 0, S_0x572cf2a4c700;
 .timescale -9 -12;
    .port_info 0 /INPUT 1 "clk";
    .port_info 1 /INPUT 1 "reset";
    .port_info 2 /OUTPUT 8 "memory_address";
    .port_info 3 /INPUT 8 "memory_read_data";
    .port_info 4 /OUTPUT 8 "memory_write_data";
    .port_info 5 /OUTPUT 1 "memory_write_enable";
P_0x572cf2aca000 .param/l "OP_ADD" 1 3 21, C4<0110>;
P_0x572cf2aca040 .param/l "OP_CMP" 1 3 25, C4<1010>;
P_0x572cf2aca080 .param/l "OP_JS" 1 3 20, C4<0101>;
P_0x572cf2aca0c0 .param/l "OP_JUMP" 1 3 18, C4<0011>;
P_0x572cf2aca100 .param/l "OP_JZ" 1 3 19, C4<0100>;
P_0x572cf2aca140 .param/l "OP_POP" 1 3 17, C4<0010>;
P_0x572cf2aca180 .param/l "OP_PUSH" 1 3 16, C4<0001>;
P_0x572cf2aca1c0 .param/l "OP_PUSHC" 1 3 15, C4<0000>;
P_0x572cf2aca200 .param/l "OP_SHL" 1 3 24, C4<1001>;
P_0x572cf2aca240 .param/l "OP_SUB" 1 3 22, C4<0111>;
P_0x572cf2aca280 .param/l "OP_SWAP" 1 3 23, C4<1000>;
P_0x572cf2aca2c0 .param/l "STATE_ADD" 1 3 41, C4<1001>;
P_0x572cf2aca300 .param/l "STATE_CMP" 1 3 45, C4<1101>;
P_0x572cf2aca340 .param/l "STATE_DECODE" 1 3 33, C4<0001>;
P_0x572cf2aca380 .param/l "STATE_FETCH" 1 3 32, C4<0000>;
P_0x572cf2aca3c0 .param/l "STATE_FETCH_OPERAND" 1 3 34, C4<0010>;
P_0x572cf2aca400 .param/l "STATE_JS" 1 3 40, C4<1000>;
P_0x572cf2aca440 .param/l "STATE_JUMP" 1 3 38, C4<0110>;
P_0x572cf2aca480 .param/l "STATE_JZ" 1 3 39, C4<0111>;
P_0x572cf2aca4c0 .param/l "STATE_POP" 1 3 37, C4<0101>;
P_0x572cf2aca500 .param/l "STATE_PUSH" 1 3 36, C4<0100>;
P_0x572cf2aca540 .param/l "STATE_PUSHC" 1 3 35, C4<0011>;
P_0x572cf2aca580 .param/l "STATE_SHL" 1 3 44, C4<1100>;
P_0x572cf2aca5c0 .param/l "STATE_SUB" 1 3 42, C4<1010>;
P_0x572cf2aca600 .param/l "STATE_SWAP" 1 3 43, C4<1011>;
v0x572cf2ac4730_0 .net *"_ivl_10", 7 0, L_0x572cf2afd0f0;  1 drivers
L_0x7f175a09d0a8 .functor BUFT 1, C4<0001>, C4<0>, C4<0>, C4<0>;
v0x572cf2a81b70_0 .net/2u *"_ivl_12", 3 0, L_0x7f175a09d0a8;  1 drivers
v0x572cf2ae9170_0 .net *"_ivl_14", 3 0, L_0x572cf2afd220;  1 drivers
v0x572cf2ae9230_0 .net *"_ivl_16", 4 0, L_0x572cf2afd390;  1 drivers
L_0x7f175a09d0f0 .functor BUFT 1, C4<0>, C4<0>, C4<0>, C4<0>;
v0x572cf2ae9310_0 .net *"_ivl_19", 0 0, L_0x7f175a09d0f0;  1 drivers
v0x572cf2ae9440_0 .net *"_ivl_2", 31 0, L_0x572cf2aece10;  1 drivers
L_0x7f175a09d138 .functor BUFT 1, C4<00000000>, C4<0>, C4<0>, C4<0>;
v0x572cf2ae9520_0 .net/2u *"_ivl_20", 7 0, L_0x7f175a09d138;  1 drivers
v0x572cf2ae9600_0 .net *"_ivl_24", 31 0, L_0x572cf2afd740;  1 drivers
L_0x7f175a09d180 .functor BUFT 1, C4<0000000000000000000000000000>, C4<0>, C4<0>, C4<0>;
v0x572cf2ae96e0_0 .net *"_ivl_27", 27 0, L_0x7f175a09d180;  1 drivers
L_0x7f175a09d1c8 .functor BUFT 1, C4<00000000000000000000000000000001>, C4<0>, C4<0>, C4<0>;
v0x572cf2ae97c0_0 .net/2u *"_ivl_28", 31 0, L_0x7f175a09d1c8;  1 drivers
v0x572cf2ae98a0_0 .net *"_ivl_30", 0 0, L_0x572cf2afd880;  1 drivers
v0x572cf2ae9960_0 .net *"_ivl_32", 7 0, L_0x572cf2afd9c0;  1 drivers
L_0x7f175a09d210 .functor BUFT 1, C4<0010>, C4<0>, C4<0>, C4<0>;
v0x572cf2ae9a40_0 .net/2u *"_ivl_34", 3 0, L_0x7f175a09d210;  1 drivers
v0x572cf2ae9b20_0 .net *"_ivl_36", 3 0, L_0x572cf2afdac0;  1 drivers
v0x572cf2ae9c00_0 .net *"_ivl_38", 4 0, L_0x572cf2afdbf0;  1 drivers
L_0x7f175a09d258 .functor BUFT 1, C4<0>, C4<0>, C4<0>, C4<0>;
v0x572cf2ae9ce0_0 .net *"_ivl_41", 0 0, L_0x7f175a09d258;  1 drivers
L_0x7f175a09d2a0 .functor BUFT 1, C4<00000000>, C4<0>, C4<0>, C4<0>;
v0x572cf2ae9dc0_0 .net/2u *"_ivl_42", 7 0, L_0x7f175a09d2a0;  1 drivers
L_0x7f175a09d018 .functor BUFT 1, C4<0000000000000000000000000000>, C4<0>, C4<0>, C4<0>;
v0x572cf2ae9ea0_0 .net *"_ivl_5", 27 0, L_0x7f175a09d018;  1 drivers
L_0x7f175a09d060 .functor BUFT 1, C4<00000000000000000000000000000000>, C4<0>, C4<0>, C4<0>;
v0x572cf2ae9f80_0 .net/2u *"_ivl_6", 31 0, L_0x7f175a09d060;  1 drivers
v0x572cf2aea060_0 .net *"_ivl_8", 0 0, L_0x572cf2afcf80;  1 drivers
v0x572cf2aea120_0 .net "add_result", 7 0, L_0x572cf2afdf70;  1 drivers
v0x572cf2aea200_0 .net "clk", 0 0, v0x572cf2aec5e0_0;  1 drivers
v0x572cf2aea2c0_0 .var/i "i", 31 0;
v0x572cf2aea3a0_0 .var "instruction_register", 7 0;
v0x572cf2aea480_0 .var "memory_address", 7 0;
v0x572cf2aea560_0 .net "memory_read_data", 7 0, L_0x572cf2afdce0;  alias, 1 drivers
v0x572cf2aea640_0 .var "memory_write_data", 7 0;
v0x572cf2aea720_0 .var "memory_write_enable", 0 0;
v0x572cf2aea7e0_0 .net "opcode", 3 0, L_0x572cf2aecd10;  1 drivers
v0x572cf2aea8c0_0 .var "operand_register", 7 0;
v0x572cf2aea9a0_0 .var "program_counter", 7 0;
v0x572cf2aeaa80_0 .net "reset", 0 0, v0x572cf2aecc70_0;  1 drivers
v0x572cf2aeab40_0 .var "sign_flag", 0 0;
v0x572cf2aeac00 .array "stack", 7 0, 7 0;
v0x572cf2aeacc0_0 .var "stack_pointer", 3 0;
v0x572cf2aeada0_0 .net "stack_second", 7 0, L_0x572cf2afde30;  1 drivers
v0x572cf2aeae80_0 .net "stack_top", 7 0, L_0x572cf2afd5b0;  1 drivers
v0x572cf2aeaf60_0 .var "state", 3 0;
v0x572cf2aeb040_0 .net "sub_result", 7 0, L_0x572cf2afe130;  1 drivers
v0x572cf2aeb120_0 .var "zero_flag", 0 0;
E_0x572cf2aa2280 .event posedge, v0x572cf2aeaa80_0, v0x572cf2aea200_0;
E_0x572cf2a9c190 .event anyedge, v0x572cf2aea9a0_0, v0x572cf2aeaf60_0, v0x572cf2aea8c0_0, v0x572cf2aeae80_0;
L_0x572cf2aecd10 .part v0x572cf2aea3a0_0, 0, 4;
L_0x572cf2aece10 .concat [ 4 28 0 0], v0x572cf2aeacc0_0, L_0x7f175a09d018;
L_0x572cf2afcf80 .cmp/gt 32, L_0x572cf2aece10, L_0x7f175a09d060;
L_0x572cf2afd0f0 .array/port v0x572cf2aeac00, L_0x572cf2afd390;
L_0x572cf2afd220 .arith/sub 4, v0x572cf2aeacc0_0, L_0x7f175a09d0a8;
L_0x572cf2afd390 .concat [ 4 1 0 0], L_0x572cf2afd220, L_0x7f175a09d0f0;
L_0x572cf2afd5b0 .functor MUXZ 8, L_0x7f175a09d138, L_0x572cf2afd0f0, L_0x572cf2afcf80, C4<>;
L_0x572cf2afd740 .concat [ 4 28 0 0], v0x572cf2aeacc0_0, L_0x7f175a09d180;
L_0x572cf2afd880 .cmp/gt 32, L_0x572cf2afd740, L_0x7f175a09d1c8;
L_0x572cf2afd9c0 .array/port v0x572cf2aeac00, L_0x572cf2afdbf0;
L_0x572cf2afdac0 .arith/sub 4, v0x572cf2aeacc0_0, L_0x7f175a09d210;
L_0x572cf2afdbf0 .concat [ 4 1 0 0], L_0x572cf2afdac0, L_0x7f175a09d258;
L_0x572cf2afde30 .functor MUXZ 8, L_0x7f175a09d2a0, L_0x572cf2afd9c0, L_0x572cf2afd880, C4<>;
L_0x572cf2afdf70 .arith/sum 8, L_0x572cf2afde30, L_0x572cf2afd5b0;
L_0x572cf2afe130 .arith/sub 8, L_0x572cf2afde30, L_0x572cf2afd5b0;
S_0x572cf2aeb2a0 .scope task, "start_cpu" "start_cpu" 2 67, 2 67 0, S_0x572cf2a4c700;
 .timescale -9 -12;
E_0x572cf2aa39d0 .event negedge, v0x572cf2aea200_0;
E_0x572cf2ac9700 .event posedge, v0x572cf2aea200_0;
TD_stack_cpu_tb.start_cpu ;
    %pushi/vec4 1, 0, 1;
    %store/vec4 v0x572cf2aecc70_0, 0, 1;
    %pushi/vec4 2, 0, 32;
T_1.3 %dup/vec4;
    %cmpi/s 0, 0, 32;
    %jmp/1xz T_1.4, 5;
    %jmp/1 T_1.4, 4;
    %subi 1, 0, 32;
    %wait E_0x572cf2ac9700;
    %jmp T_1.3;
T_1.4 ;
    %pop/vec4 1;
    %wait E_0x572cf2aa39d0;
    %pushi/vec4 0, 0, 1;
    %store/vec4 v0x572cf2aecc70_0, 0, 1;
    %end;
S_0x572cf2aeb470 .scope task, "test_cmp" "test_cmp" 2 220, 2 220 0, S_0x572cf2a4c700;
 .timescale -9 -12;
v0x572cf2aeb650_0 .var "expected_sign", 0 0;
v0x572cf2aeb730_0 .var "expected_zero", 0 0;
v0x572cf2aeb7f0_0 .var "value_a", 7 0;
v0x572cf2aeb8b0_0 .var "value_b", 7 0;
TD_stack_cpu_tb.test_cmp ;
    %pushi/vec4 1, 0, 1;
    %store/vec4 v0x572cf2aecc70_0, 0, 1;
    %fork TD_stack_cpu_tb.clear_memory, S_0x572cf2a4c890;
    %join;
    %pushi/vec4 0, 0, 8;
    %ix/load 4, 0, 0;
    %flag_set/imm 4, 0;
    %store/vec4a v0x572cf2aec870, 4, 0;
    %load/vec4 v0x572cf2aeb8b0_0;
    %ix/load 4, 1, 0;
    %flag_set/imm 4, 0;
    %store/vec4a v0x572cf2aec870, 4, 0;
    %pushi/vec4 0, 0, 8;
    %ix/load 4, 2, 0;
    %flag_set/imm 4, 0;
    %store/vec4a v0x572cf2aec870, 4, 0;
    %load/vec4 v0x572cf2aeb7f0_0;
    %ix/load 4, 3, 0;
    %flag_set/imm 4, 0;
    %store/vec4a v0x572cf2aec870, 4, 0;
    %pushi/vec4 10, 0, 8;
    %ix/load 4, 4, 0;
    %flag_set/imm 4, 0;
    %store/vec4a v0x572cf2aec870, 4, 0;
    %fork TD_stack_cpu_tb.start_cpu, S_0x572cf2aeb2a0;
    %join;
    %pushi/vec4 5, 0, 8;
    %store/vec4 v0x572cf2aec160_0, 0, 8;
    %fork TD_stack_cpu_tb.wait_for_fetch, S_0x572cf2aebf80;
    %join;
    %load/vec4 v0x572cf2aeacc0_0;
    %cmpi/e 2, 0, 4;
    %flag_get/vec4 4;
    %jmp/0 T_2.10, 4;
    %ix/load 4, 0, 0;
    %flag_set/imm 4, 0;
    %load/vec4a v0x572cf2aeac00, 4;
    %load/vec4 v0x572cf2aeb8b0_0;
    %cmp/e;
    %flag_get/vec4 4;
    %and;
T_2.10;
    %flag_set/vec4 11;
    %flag_get/vec4 11;
    %jmp/0 T_2.9, 11;
    %ix/load 4, 1, 0;
    %flag_set/imm 4, 0;
    %load/vec4a v0x572cf2aeac00, 4;
    %load/vec4 v0x572cf2aeb7f0_0;
    %cmp/e;
    %flag_get/vec4 4;
    %and;
T_2.9;
    %flag_set/vec4 10;
    %flag_get/vec4 10;
    %jmp/0 T_2.8, 10;
    %load/vec4 v0x572cf2aeb120_0;
    %load/vec4 v0x572cf2aeb730_0;
    %cmp/e;
    %flag_get/vec4 4;
    %and;
T_2.8;
    %flag_set/vec4 9;
    %flag_get/vec4 9;
    %jmp/0 T_2.7, 9;
    %load/vec4 v0x572cf2aeab40_0;
    %load/vec4 v0x572cf2aeb650_0;
    %cmp/e;
    %flag_get/vec4 4;
    %and;
T_2.7;
    %flag_set/vec4 8;
    %jmp/0xz  T_2.5, 8;
    %vpi_call 2 253 "$display", "PASS: CMP B=%0d A=%0d | Z=%b S=%b", v0x572cf2aeb8b0_0, v0x572cf2aeb7f0_0, v0x572cf2aeb120_0, v0x572cf2aeab40_0 {0 0 0};
    %load/vec4 v0x572cf2aecbd0_0;
    %addi 1, 0, 32;
    %store/vec4 v0x572cf2aecbd0_0, 0, 32;
    %jmp T_2.6;
T_2.5 ;
    %vpi_call 2 266 "$display", "FAIL: CMP B=%0d A=%0d | Z=%b S=%b SP=%0d", v0x572cf2aeb8b0_0, v0x572cf2aeb7f0_0, v0x572cf2aeb120_0, v0x572cf2aeab40_0, v0x572cf2aeacc0_0 {0 0 0};
    %load/vec4 v0x572cf2aec680_0;
    %addi 1, 0, 32;
    %store/vec4 v0x572cf2aec680_0, 0, 32;
T_2.6 ;
    %end;
S_0x572cf2aeb990 .scope task, "test_shl" "test_shl" 2 167, 2 167 0, S_0x572cf2a4c700;
 .timescale -9 -12;
v0x572cf2aebbc0_0 .var "expected_value", 7 0;
v0x572cf2aebcc0_0 .var "input_value", 7 0;
TD_stack_cpu_tb.test_shl ;
    %pushi/vec4 1, 0, 1;
    %store/vec4 v0x572cf2aecc70_0, 0, 1;
    %fork TD_stack_cpu_tb.clear_memory, S_0x572cf2a4c890;
    %join;
    %pushi/vec4 0, 0, 8;
    %ix/load 4, 0, 0;
    %flag_set/imm 4, 0;
    %store/vec4a v0x572cf2aec870, 4, 0;
    %load/vec4 v0x572cf2aebcc0_0;
    %ix/load 4, 1, 0;
    %flag_set/imm 4, 0;
    %store/vec4a v0x572cf2aec870, 4, 0;
    %pushi/vec4 9, 0, 8;
    %ix/load 4, 2, 0;
    %flag_set/imm 4, 0;
    %store/vec4a v0x572cf2aec870, 4, 0;
    %fork TD_stack_cpu_tb.start_cpu, S_0x572cf2aeb2a0;
    %join;
    %pushi/vec4 3, 0, 8;
    %store/vec4 v0x572cf2aec160_0, 0, 8;
    %fork TD_stack_cpu_tb.wait_for_fetch, S_0x572cf2aebf80;
    %join;
    %load/vec4 v0x572cf2aeacc0_0;
    %cmpi/e 1, 0, 4;
    %flag_get/vec4 4;
    %jmp/0 T_3.13, 4;
    %ix/load 4, 0, 0;
    %flag_set/imm 4, 0;
    %load/vec4a v0x572cf2aeac00, 4;
    %load/vec4 v0x572cf2aebbc0_0;
    %cmp/e;
    %flag_get/vec4 4;
    %and;
T_3.13;
    %flag_set/vec4 8;
    %jmp/0xz  T_3.11, 8;
    %vpi_call 2 191 "$display", "PASS: SHL %0d -> %0d", v0x572cf2aebcc0_0, v0x572cf2aebbc0_0 {0 0 0};
    %load/vec4 v0x572cf2aecbd0_0;
    %addi 1, 0, 32;
    %store/vec4 v0x572cf2aecbd0_0, 0, 32;
    %jmp T_3.12;
T_3.11 ;
    %vpi_call 2 202 "$display", "FAIL: SHL %0d | expected=%0d actual=%0d", v0x572cf2aebcc0_0, v0x572cf2aebbc0_0, &A<v0x572cf2aeac00, 0> {0 0 0};
    %load/vec4 v0x572cf2aec680_0;
    %addi 1, 0, 32;
    %store/vec4 v0x572cf2aec680_0, 0, 32;
T_3.12 ;
    %end;
S_0x572cf2aebda0 .scope task, "test_swap" "test_swap" 2 115, 2 115 0, S_0x572cf2a4c700;
 .timescale -9 -12;
TD_stack_cpu_tb.test_swap ;
    %vpi_call 2 117 "$display", "\012--- SWAP test ---" {0 0 0};
    %pushi/vec4 1, 0, 1;
    %store/vec4 v0x572cf2aecc70_0, 0, 1;
    %fork TD_stack_cpu_tb.clear_memory, S_0x572cf2a4c890;
    %join;
    %pushi/vec4 0, 0, 8;
    %ix/load 4, 0, 0;
    %flag_set/imm 4, 0;
    %store/vec4a v0x572cf2aec870, 4, 0;
    %pushi/vec4 18, 0, 8;
    %ix/load 4, 1, 0;
    %flag_set/imm 4, 0;
    %store/vec4a v0x572cf2aec870, 4, 0;
    %pushi/vec4 0, 0, 8;
    %ix/load 4, 2, 0;
    %flag_set/imm 4, 0;
    %store/vec4a v0x572cf2aec870, 4, 0;
    %pushi/vec4 165, 0, 8;
    %ix/load 4, 3, 0;
    %flag_set/imm 4, 0;
    %store/vec4a v0x572cf2aec870, 4, 0;
    %pushi/vec4 8, 0, 8;
    %ix/load 4, 4, 0;
    %flag_set/imm 4, 0;
    %store/vec4a v0x572cf2aec870, 4, 0;
    %fork TD_stack_cpu_tb.start_cpu, S_0x572cf2aeb2a0;
    %join;
    %pushi/vec4 5, 0, 8;
    %store/vec4 v0x572cf2aec160_0, 0, 8;
    %fork TD_stack_cpu_tb.wait_for_fetch, S_0x572cf2aebf80;
    %join;
    %load/vec4 v0x572cf2aeacc0_0;
    %cmpi/e 2, 0, 4;
    %flag_get/vec4 4;
    %jmp/0 T_4.17, 4;
    %ix/load 4, 0, 0;
    %flag_set/imm 4, 0;
    %load/vec4a v0x572cf2aeac00, 4;
    %pushi/vec4 165, 0, 8;
    %cmp/e;
    %flag_get/vec4 4;
    %and;
T_4.17;
    %flag_set/vec4 9;
    %flag_get/vec4 9;
    %jmp/0 T_4.16, 9;
    %ix/load 4, 1, 0;
    %flag_set/imm 4, 0;
    %load/vec4a v0x572cf2aeac00, 4;
    %pushi/vec4 18, 0, 8;
    %cmp/e;
    %flag_get/vec4 4;
    %and;
T_4.16;
    %flag_set/vec4 8;
    %jmp/0xz  T_4.14, 8;
    %vpi_call 2 143 "$display", "PASS: SWAP" {0 0 0};
    %load/vec4 v0x572cf2aecbd0_0;
    %addi 1, 0, 32;
    %store/vec4 v0x572cf2aecbd0_0, 0, 32;
    %jmp T_4.15;
T_4.14 ;
    %vpi_call 2 149 "$display", "FAIL: SWAP | stack[0]=%02h stack[1]=%02h SP=%0d", &A<v0x572cf2aeac00, 0>, &A<v0x572cf2aeac00, 1>, v0x572cf2aeacc0_0 {0 0 0};
    %load/vec4 v0x572cf2aec680_0;
    %addi 1, 0, 32;
    %store/vec4 v0x572cf2aec680_0, 0, 32;
T_4.15 ;
    %end;
S_0x572cf2aebf80 .scope task, "wait_for_fetch" "wait_for_fetch" 2 80, 2 80 0, S_0x572cf2a4c700;
 .timescale -9 -12;
v0x572cf2aec160_0 .var "expected_pc", 7 0;
v0x572cf2aec260_0 .var/i "timeout", 31 0;
TD_stack_cpu_tb.wait_for_fetch ;
    %pushi/vec4 0, 0, 32;
    %store/vec4 v0x572cf2aec260_0, 0, 32;
T_5.18 ;
    %load/vec4 v0x572cf2aeaf60_0;
    %cmpi/e 0, 0, 4;
    %flag_get/vec4 4;
    %jmp/0 T_5.21, 4;
    %load/vec4 v0x572cf2aea9a0_0;
    %load/vec4 v0x572cf2aec160_0;
    %cmp/e;
    %flag_get/vec4 4;
    %and;
T_5.21;
    %nor/r;
    %flag_set/vec4 9;
    %flag_get/vec4 9;
    %jmp/0 T_5.20, 9;
    %load/vec4 v0x572cf2aec260_0;
    %cmpi/s 100, 0, 32;
    %flag_get/vec4 5;
    %and;
T_5.20;
    %flag_set/vec4 8;
    %jmp/0xz T_5.19, 8;
    %wait E_0x572cf2ac9700;
    %delay 1000, 0;
    %load/vec4 v0x572cf2aec260_0;
    %addi 1, 0, 32;
    %store/vec4 v0x572cf2aec260_0, 0, 32;
    %jmp T_5.18;
T_5.19 ;
    %load/vec4 v0x572cf2aec260_0;
    %cmpi/s 100, 0, 32;
    %flag_inv 5; GE is !LT
    %jmp/0xz  T_5.22, 5;
    %vpi_call 2 100 "$display", "ERROR: Timeout waiting for PC = %02h", v0x572cf2aec160_0 {0 0 0};
    %load/vec4 v0x572cf2aec680_0;
    %addi 1, 0, 32;
    %store/vec4 v0x572cf2aec680_0, 0, 32;
T_5.22 ;
    %end;
    .scope S_0x572cf2a9a810;
T_6 ;
    %wait E_0x572cf2a9c190;
    %load/vec4 v0x572cf2aea9a0_0;
    %store/vec4 v0x572cf2aea480_0, 0, 8;
    %pushi/vec4 0, 0, 8;
    %store/vec4 v0x572cf2aea640_0, 0, 8;
    %pushi/vec4 0, 0, 1;
    %store/vec4 v0x572cf2aea720_0, 0, 1;
    %load/vec4 v0x572cf2aeaf60_0;
    %dup/vec4;
    %pushi/vec4 4, 0, 4;
    %cmp/u;
    %jmp/1 T_6.0, 6;
    %dup/vec4;
    %pushi/vec4 5, 0, 4;
    %cmp/u;
    %jmp/1 T_6.1, 6;
    %load/vec4 v0x572cf2aea9a0_0;
    %store/vec4 v0x572cf2aea480_0, 0, 8;
    %jmp T_6.3;
T_6.0 ;
    %load/vec4 v0x572cf2aea8c0_0;
    %store/vec4 v0x572cf2aea480_0, 0, 8;
    %jmp T_6.3;
T_6.1 ;
    %load/vec4 v0x572cf2aea8c0_0;
    %store/vec4 v0x572cf2aea480_0, 0, 8;
    %load/vec4 v0x572cf2aeae80_0;
    %store/vec4 v0x572cf2aea640_0, 0, 8;
    %pushi/vec4 1, 0, 1;
    %store/vec4 v0x572cf2aea720_0, 0, 1;
    %jmp T_6.3;
T_6.3 ;
    %pop/vec4 1;
    %jmp T_6;
    .thread T_6, $push;
    .scope S_0x572cf2a9a810;
T_7 ;
    %wait E_0x572cf2aa2280;
    %load/vec4 v0x572cf2aeaa80_0;
    %flag_set/vec4 8;
    %jmp/0xz  T_7.0, 8;
    %pushi/vec4 0, 0, 8;
    %assign/vec4 v0x572cf2aea9a0_0, 0;
    %pushi/vec4 0, 0, 8;
    %assign/vec4 v0x572cf2aea3a0_0, 0;
    %pushi/vec4 0, 0, 8;
    %assign/vec4 v0x572cf2aea8c0_0, 0;
    %pushi/vec4 0, 0, 4;
    %assign/vec4 v0x572cf2aeacc0_0, 0;
    %pushi/vec4 0, 0, 1;
    %assign/vec4 v0x572cf2aeb120_0, 0;
    %pushi/vec4 0, 0, 1;
    %assign/vec4 v0x572cf2aeab40_0, 0;
    %pushi/vec4 0, 0, 4;
    %assign/vec4 v0x572cf2aeaf60_0, 0;
    %pushi/vec4 0, 0, 32;
    %store/vec4 v0x572cf2aea2c0_0, 0, 32;
T_7.2 ; Top of for-loop
    %load/vec4 v0x572cf2aea2c0_0;
    %cmpi/s 8, 0, 32;
	  %jmp/0xz T_7.3, 5;
    %pushi/vec4 0, 0, 8;
    %ix/getv/s 3, v0x572cf2aea2c0_0;
    %ix/load 4, 0, 0; Constant delay
    %assign/vec4/a/d v0x572cf2aeac00, 0, 4;
T_7.4 ; for-loop step statement
    %load/vec4 v0x572cf2aea2c0_0;
    %addi 1, 0, 32;
    %store/vec4 v0x572cf2aea2c0_0, 0, 32;
    %jmp T_7.2;
T_7.3 ; for-loop exit label
    %jmp T_7.1;
T_7.0 ;
    %load/vec4 v0x572cf2aeaf60_0;
    %dup/vec4;
    %pushi/vec4 0, 0, 4;
    %cmp/u;
    %jmp/1 T_7.5, 6;
    %dup/vec4;
    %pushi/vec4 1, 0, 4;
    %cmp/u;
    %jmp/1 T_7.6, 6;
    %dup/vec4;
    %pushi/vec4 2, 0, 4;
    %cmp/u;
    %jmp/1 T_7.7, 6;
    %dup/vec4;
    %pushi/vec4 3, 0, 4;
    %cmp/u;
    %jmp/1 T_7.8, 6;
    %dup/vec4;
    %pushi/vec4 4, 0, 4;
    %cmp/u;
    %jmp/1 T_7.9, 6;
    %dup/vec4;
    %pushi/vec4 5, 0, 4;
    %cmp/u;
    %jmp/1 T_7.10, 6;
    %dup/vec4;
    %pushi/vec4 6, 0, 4;
    %cmp/u;
    %jmp/1 T_7.11, 6;
    %dup/vec4;
    %pushi/vec4 7, 0, 4;
    %cmp/u;
    %jmp/1 T_7.12, 6;
    %dup/vec4;
    %pushi/vec4 8, 0, 4;
    %cmp/u;
    %jmp/1 T_7.13, 6;
    %dup/vec4;
    %pushi/vec4 9, 0, 4;
    %cmp/u;
    %jmp/1 T_7.14, 6;
    %dup/vec4;
    %pushi/vec4 10, 0, 4;
    %cmp/u;
    %jmp/1 T_7.15, 6;
    %dup/vec4;
    %pushi/vec4 11, 0, 4;
    %cmp/u;
    %jmp/1 T_7.16, 6;
    %dup/vec4;
    %pushi/vec4 12, 0, 4;
    %cmp/u;
    %jmp/1 T_7.17, 6;
    %dup/vec4;
    %pushi/vec4 13, 0, 4;
    %cmp/u;
    %jmp/1 T_7.18, 6;
    %pushi/vec4 0, 0, 4;
    %assign/vec4 v0x572cf2aeaf60_0, 0;
    %jmp T_7.20;
T_7.5 ;
    %load/vec4 v0x572cf2aea560_0;
    %assign/vec4 v0x572cf2aea3a0_0, 0;
    %load/vec4 v0x572cf2aea9a0_0;
    %addi 1, 0, 8;
    %assign/vec4 v0x572cf2aea9a0_0, 0;
    %pushi/vec4 1, 0, 4;
    %assign/vec4 v0x572cf2aeaf60_0, 0;
    %jmp T_7.20;
T_7.6 ;
    %load/vec4 v0x572cf2aea7e0_0;
    %dup/vec4;
    %pushi/vec4 0, 0, 4;
    %cmp/u;
    %jmp/1 T_7.21, 6;
    %dup/vec4;
    %pushi/vec4 1, 0, 4;
    %cmp/u;
    %jmp/1 T_7.22, 6;
    %dup/vec4;
    %pushi/vec4 2, 0, 4;
    %cmp/u;
    %jmp/1 T_7.23, 6;
    %dup/vec4;
    %pushi/vec4 3, 0, 4;
    %cmp/u;
    %jmp/1 T_7.24, 6;
    %dup/vec4;
    %pushi/vec4 4, 0, 4;
    %cmp/u;
    %jmp/1 T_7.25, 6;
    %dup/vec4;
    %pushi/vec4 5, 0, 4;
    %cmp/u;
    %jmp/1 T_7.26, 6;
    %dup/vec4;
    %pushi/vec4 6, 0, 4;
    %cmp/u;
    %jmp/1 T_7.27, 6;
    %dup/vec4;
    %pushi/vec4 7, 0, 4;
    %cmp/u;
    %jmp/1 T_7.28, 6;
    %dup/vec4;
    %pushi/vec4 8, 0, 4;
    %cmp/u;
    %jmp/1 T_7.29, 6;
    %dup/vec4;
    %pushi/vec4 9, 0, 4;
    %cmp/u;
    %jmp/1 T_7.30, 6;
    %dup/vec4;
    %pushi/vec4 10, 0, 4;
    %cmp/u;
    %jmp/1 T_7.31, 6;
    %pushi/vec4 0, 0, 4;
    %assign/vec4 v0x572cf2aeaf60_0, 0;
    %jmp T_7.33;
T_7.21 ;
    %pushi/vec4 2, 0, 4;
    %assign/vec4 v0x572cf2aeaf60_0, 0;
    %jmp T_7.33;
T_7.22 ;
    %pushi/vec4 2, 0, 4;
    %assign/vec4 v0x572cf2aeaf60_0, 0;
    %jmp T_7.33;
T_7.23 ;
    %pushi/vec4 2, 0, 4;
    %assign/vec4 v0x572cf2aeaf60_0, 0;
    %jmp T_7.33;
T_7.24 ;
    %pushi/vec4 6, 0, 4;
    %assign/vec4 v0x572cf2aeaf60_0, 0;
    %jmp T_7.33;
T_7.25 ;
    %pushi/vec4 7, 0, 4;
    %assign/vec4 v0x572cf2aeaf60_0, 0;
    %jmp T_7.33;
T_7.26 ;
    %pushi/vec4 8, 0, 4;
    %assign/vec4 v0x572cf2aeaf60_0, 0;
    %jmp T_7.33;
T_7.27 ;
    %pushi/vec4 9, 0, 4;
    %assign/vec4 v0x572cf2aeaf60_0, 0;
    %jmp T_7.33;
T_7.28 ;
    %pushi/vec4 10, 0, 4;
    %assign/vec4 v0x572cf2aeaf60_0, 0;
    %jmp T_7.33;
T_7.29 ;
    %pushi/vec4 11, 0, 4;
    %assign/vec4 v0x572cf2aeaf60_0, 0;
    %jmp T_7.33;
T_7.30 ;
    %pushi/vec4 12, 0, 4;
    %assign/vec4 v0x572cf2aeaf60_0, 0;
    %jmp T_7.33;
T_7.31 ;
    %pushi/vec4 13, 0, 4;
    %assign/vec4 v0x572cf2aeaf60_0, 0;
    %jmp T_7.33;
T_7.33 ;
    %pop/vec4 1;
    %jmp T_7.20;
T_7.7 ;
    %load/vec4 v0x572cf2aea560_0;
    %assign/vec4 v0x572cf2aea8c0_0, 0;
    %load/vec4 v0x572cf2aea9a0_0;
    %addi 1, 0, 8;
    %assign/vec4 v0x572cf2aea9a0_0, 0;
    %load/vec4 v0x572cf2aea7e0_0;
    %dup/vec4;
    %pushi/vec4 0, 0, 4;
    %cmp/u;
    %jmp/1 T_7.34, 6;
    %dup/vec4;
    %pushi/vec4 1, 0, 4;
    %cmp/u;
    %jmp/1 T_7.35, 6;
    %dup/vec4;
    %pushi/vec4 2, 0, 4;
    %cmp/u;
    %jmp/1 T_7.36, 6;
    %pushi/vec4 0, 0, 4;
    %assign/vec4 v0x572cf2aeaf60_0, 0;
    %jmp T_7.38;
T_7.34 ;
    %pushi/vec4 3, 0, 4;
    %assign/vec4 v0x572cf2aeaf60_0, 0;
    %jmp T_7.38;
T_7.35 ;
    %pushi/vec4 4, 0, 4;
    %assign/vec4 v0x572cf2aeaf60_0, 0;
    %jmp T_7.38;
T_7.36 ;
    %pushi/vec4 5, 0, 4;
    %assign/vec4 v0x572cf2aeaf60_0, 0;
    %jmp T_7.38;
T_7.38 ;
    %pop/vec4 1;
    %jmp T_7.20;
T_7.8 ;
    %load/vec4 v0x572cf2aea8c0_0;
    %load/vec4 v0x572cf2aeacc0_0;
    %pad/u 5;
    %ix/vec4 3;
    %ix/load 4, 0, 0; Constant delay
    %assign/vec4/a/d v0x572cf2aeac00, 0, 4;
    %load/vec4 v0x572cf2aeacc0_0;
    %addi 1, 0, 4;
    %assign/vec4 v0x572cf2aeacc0_0, 0;
    %pushi/vec4 0, 0, 4;
    %assign/vec4 v0x572cf2aeaf60_0, 0;
    %jmp T_7.20;
T_7.9 ;
    %load/vec4 v0x572cf2aea560_0;
    %load/vec4 v0x572cf2aeacc0_0;
    %pad/u 5;
    %ix/vec4 3;
    %ix/load 4, 0, 0; Constant delay
    %assign/vec4/a/d v0x572cf2aeac00, 0, 4;
    %load/vec4 v0x572cf2aeacc0_0;
    %addi 1, 0, 4;
    %assign/vec4 v0x572cf2aeacc0_0, 0;
    %pushi/vec4 0, 0, 4;
    %assign/vec4 v0x572cf2aeaf60_0, 0;
    %jmp T_7.20;
T_7.10 ;
    %load/vec4 v0x572cf2aeacc0_0;
    %subi 1, 0, 4;
    %assign/vec4 v0x572cf2aeacc0_0, 0;
    %pushi/vec4 0, 0, 4;
    %assign/vec4 v0x572cf2aeaf60_0, 0;
    %jmp T_7.20;
T_7.11 ;
    %load/vec4 v0x572cf2aeae80_0;
    %assign/vec4 v0x572cf2aea9a0_0, 0;
    %load/vec4 v0x572cf2aeacc0_0;
    %subi 1, 0, 4;
    %assign/vec4 v0x572cf2aeacc0_0, 0;
    %pushi/vec4 0, 0, 4;
    %assign/vec4 v0x572cf2aeaf60_0, 0;
    %jmp T_7.20;
T_7.12 ;
    %load/vec4 v0x572cf2aeb120_0;
    %flag_set/vec4 8;
    %jmp/0xz  T_7.39, 8;
    %load/vec4 v0x572cf2aeae80_0;
    %assign/vec4 v0x572cf2aea9a0_0, 0;
T_7.39 ;
    %load/vec4 v0x572cf2aeacc0_0;
    %subi 1, 0, 4;
    %assign/vec4 v0x572cf2aeacc0_0, 0;
    %pushi/vec4 0, 0, 4;
    %assign/vec4 v0x572cf2aeaf60_0, 0;
    %jmp T_7.20;
T_7.13 ;
    %load/vec4 v0x572cf2aeab40_0;
    %flag_set/vec4 8;
    %jmp/0xz  T_7.41, 8;
    %load/vec4 v0x572cf2aeae80_0;
    %assign/vec4 v0x572cf2aea9a0_0, 0;
T_7.41 ;
    %load/vec4 v0x572cf2aeacc0_0;
    %subi 1, 0, 4;
    %assign/vec4 v0x572cf2aeacc0_0, 0;
    %pushi/vec4 0, 0, 4;
    %assign/vec4 v0x572cf2aeaf60_0, 0;
    %jmp T_7.20;
T_7.14 ;
    %load/vec4 v0x572cf2aea120_0;
    %load/vec4 v0x572cf2aeacc0_0;
    %subi 2, 0, 4;
    %pad/u 5;
    %ix/vec4 3;
    %ix/load 4, 0, 0; Constant delay
    %assign/vec4/a/d v0x572cf2aeac00, 0, 4;
    %load/vec4 v0x572cf2aeacc0_0;
    %subi 1, 0, 4;
    %assign/vec4 v0x572cf2aeacc0_0, 0;
    %load/vec4 v0x572cf2aea120_0;
    %pushi/vec4 0, 0, 8;
    %cmp/e;
    %flag_get/vec4 4;
    %assign/vec4 v0x572cf2aeb120_0, 0;
    %load/vec4 v0x572cf2aea120_0;
    %parti/s 1, 7, 4;
    %assign/vec4 v0x572cf2aeab40_0, 0;
    %pushi/vec4 0, 0, 4;
    %assign/vec4 v0x572cf2aeaf60_0, 0;
    %jmp T_7.20;
T_7.15 ;
    %load/vec4 v0x572cf2aeb040_0;
    %load/vec4 v0x572cf2aeacc0_0;
    %subi 2, 0, 4;
    %pad/u 5;
    %ix/vec4 3;
    %ix/load 4, 0, 0; Constant delay
    %assign/vec4/a/d v0x572cf2aeac00, 0, 4;
    %load/vec4 v0x572cf2aeacc0_0;
    %subi 1, 0, 4;
    %assign/vec4 v0x572cf2aeacc0_0, 0;
    %load/vec4 v0x572cf2aeb040_0;
    %pushi/vec4 0, 0, 8;
    %cmp/e;
    %flag_get/vec4 4;
    %assign/vec4 v0x572cf2aeb120_0, 0;
    %load/vec4 v0x572cf2aeb040_0;
    %parti/s 1, 7, 4;
    %assign/vec4 v0x572cf2aeab40_0, 0;
    %pushi/vec4 0, 0, 4;
    %assign/vec4 v0x572cf2aeaf60_0, 0;
    %jmp T_7.20;
T_7.16 ;
    %load/vec4 v0x572cf2aeacc0_0;
    %subi 2, 0, 4;
    %pad/u 5;
    %ix/vec4 4;
    %load/vec4a v0x572cf2aeac00, 4;
    %load/vec4 v0x572cf2aeacc0_0;
    %subi 1, 0, 4;
    %pad/u 5;
    %ix/vec4 3;
    %ix/load 4, 0, 0; Constant delay
    %assign/vec4/a/d v0x572cf2aeac00, 0, 4;
    %load/vec4 v0x572cf2aeacc0_0;
    %subi 1, 0, 4;
    %pad/u 5;
    %ix/vec4 4;
    %load/vec4a v0x572cf2aeac00, 4;
    %load/vec4 v0x572cf2aeacc0_0;
    %subi 2, 0, 4;
    %pad/u 5;
    %ix/vec4 3;
    %ix/load 4, 0, 0; Constant delay
    %assign/vec4/a/d v0x572cf2aeac00, 0, 4;
    %pushi/vec4 0, 0, 4;
    %assign/vec4 v0x572cf2aeaf60_0, 0;
    %jmp T_7.20;
T_7.17 ;
    %load/vec4 v0x572cf2aeae80_0;
    %ix/load 4, 1, 0;
    %flag_set/imm 4, 0;
    %shiftl 4;
    %load/vec4 v0x572cf2aeacc0_0;
    %subi 1, 0, 4;
    %pad/u 5;
    %ix/vec4 3;
    %ix/load 4, 0, 0; Constant delay
    %assign/vec4/a/d v0x572cf2aeac00, 0, 4;
    %pushi/vec4 0, 0, 4;
    %assign/vec4 v0x572cf2aeaf60_0, 0;
    %jmp T_7.20;
T_7.18 ;
    %load/vec4 v0x572cf2aeb040_0;
    %pushi/vec4 0, 0, 8;
    %cmp/e;
    %flag_get/vec4 4;
    %assign/vec4 v0x572cf2aeb120_0, 0;
    %load/vec4 v0x572cf2aeb040_0;
    %parti/s 1, 7, 4;
    %assign/vec4 v0x572cf2aeab40_0, 0;
    %pushi/vec4 0, 0, 4;
    %assign/vec4 v0x572cf2aeaf60_0, 0;
    %jmp T_7.20;
T_7.20 ;
    %pop/vec4 1;
T_7.1 ;
    %jmp T_7;
    .thread T_7;
    .scope S_0x572cf2a4c700;
T_8 ;
    %wait E_0x572cf2ac9700;
    %load/vec4 v0x572cf2aecb30_0;
    %flag_set/vec4 8;
    %jmp/0xz  T_8.0, 8;
    %load/vec4 v0x572cf2aeca90_0;
    %load/vec4 v0x572cf2aec930_0;
    %pad/u 10;
    %ix/vec4 3;
    %ix/load 4, 0, 0; Constant delay
    %assign/vec4/a/d v0x572cf2aec870, 0, 4;
T_8.0 ;
    %jmp T_8;
    .thread T_8;
    .scope S_0x572cf2a4c700;
T_9 ;
    %pushi/vec4 0, 0, 1;
    %store/vec4 v0x572cf2aec5e0_0, 0, 1;
T_9.0 ;
    %delay 5000, 0;
    %load/vec4 v0x572cf2aec5e0_0;
    %inv;
    %store/vec4 v0x572cf2aec5e0_0, 0, 1;
    %jmp T_9.0;
T_9.1 ;
    %end;
    .thread T_9;
    .scope S_0x572cf2a4c700;
T_10 ;
    %pushi/vec4 1, 0, 1;
    %store/vec4 v0x572cf2aecc70_0, 0, 1;
    %pushi/vec4 0, 0, 32;
    %store/vec4 v0x572cf2aecbd0_0, 0, 32;
    %pushi/vec4 0, 0, 32;
    %store/vec4 v0x572cf2aec680_0, 0, 32;
    %fork TD_stack_cpu_tb.clear_memory, S_0x572cf2a4c890;
    %join;
    %fork TD_stack_cpu_tb.test_swap, S_0x572cf2aebda0;
    %join;
    %vpi_call 2 301 "$display", "\012--- SHL tests ---" {0 0 0};
    %pushi/vec4 0, 0, 8;
    %store/vec4 v0x572cf2aebcc0_0, 0, 8;
    %pushi/vec4 0, 0, 8;
    %store/vec4 v0x572cf2aebbc0_0, 0, 8;
    %fork TD_stack_cpu_tb.test_shl, S_0x572cf2aeb990;
    %join;
    %pushi/vec4 1, 0, 8;
    %store/vec4 v0x572cf2aebcc0_0, 0, 8;
    %pushi/vec4 2, 0, 8;
    %store/vec4 v0x572cf2aebbc0_0, 0, 8;
    %fork TD_stack_cpu_tb.test_shl, S_0x572cf2aeb990;
    %join;
    %pushi/vec4 63, 0, 8;
    %store/vec4 v0x572cf2aebcc0_0, 0, 8;
    %pushi/vec4 126, 0, 8;
    %store/vec4 v0x572cf2aebbc0_0, 0, 8;
    %fork TD_stack_cpu_tb.test_shl, S_0x572cf2aeb990;
    %join;
    %pushi/vec4 127, 0, 8;
    %store/vec4 v0x572cf2aebcc0_0, 0, 8;
    %pushi/vec4 254, 0, 8;
    %store/vec4 v0x572cf2aebbc0_0, 0, 8;
    %fork TD_stack_cpu_tb.test_shl, S_0x572cf2aeb990;
    %join;
    %vpi_call 2 310 "$display", "\012--- CMP tests ---" {0 0 0};
    %pushi/vec4 5, 0, 8;
    %store/vec4 v0x572cf2aeb8b0_0, 0, 8;
    %pushi/vec4 9, 0, 8;
    %store/vec4 v0x572cf2aeb7f0_0, 0, 8;
    %pushi/vec4 0, 0, 1;
    %store/vec4 v0x572cf2aeb730_0, 0, 1;
    %pushi/vec4 1, 0, 1;
    %store/vec4 v0x572cf2aeb650_0, 0, 1;
    %fork TD_stack_cpu_tb.test_cmp, S_0x572cf2aeb470;
    %join;
    %pushi/vec4 7, 0, 8;
    %store/vec4 v0x572cf2aeb8b0_0, 0, 8;
    %pushi/vec4 7, 0, 8;
    %store/vec4 v0x572cf2aeb7f0_0, 0, 8;
    %pushi/vec4 1, 0, 1;
    %store/vec4 v0x572cf2aeb730_0, 0, 1;
    %pushi/vec4 0, 0, 1;
    %store/vec4 v0x572cf2aeb650_0, 0, 1;
    %fork TD_stack_cpu_tb.test_cmp, S_0x572cf2aeb470;
    %join;
    %pushi/vec4 9, 0, 8;
    %store/vec4 v0x572cf2aeb8b0_0, 0, 8;
    %pushi/vec4 5, 0, 8;
    %store/vec4 v0x572cf2aeb7f0_0, 0, 8;
    %pushi/vec4 0, 0, 1;
    %store/vec4 v0x572cf2aeb730_0, 0, 1;
    %pushi/vec4 0, 0, 1;
    %store/vec4 v0x572cf2aeb650_0, 0, 1;
    %fork TD_stack_cpu_tb.test_cmp, S_0x572cf2aeb470;
    %join;
    %vpi_call 2 341 "$display", "\012================================" {0 0 0};
    %vpi_call 2 342 "$display", "CPU TEST SUMMARY" {0 0 0};
    %vpi_call 2 343 "$display", "Passed: %0d", v0x572cf2aecbd0_0 {0 0 0};
    %vpi_call 2 344 "$display", "Failed: %0d", v0x572cf2aec680_0 {0 0 0};
    %vpi_call 2 345 "$display", "================================" {0 0 0};
    %load/vec4 v0x572cf2aec680_0;
    %cmpi/e 0, 0, 32;
    %jmp/0xz  T_10.0, 4;
    %vpi_call 2 348 "$display", "ALL CPU TESTS PASSED" {0 0 0};
    %jmp T_10.1;
T_10.0 ;
    %vpi_call 2 350 "$display", "CPU TESTS FAILED" {0 0 0};
T_10.1 ;
    %delay 20000, 0;
    %vpi_call 2 353 "$finish" {0 0 0};
    %end;
    .thread T_10;
    .scope S_0x572cf2a4c700;
T_11 ;
    %vpi_call 2 363 "$dumpfile", "stack_cpu_tb.vcd" {0 0 0};
    %vpi_call 2 364 "$dumpvars", 32'sb00000000000000000000000000000000, S_0x572cf2a4c700 {0 0 0};
    %end;
    .thread T_11;
# The file index is used to find the file name in the following table.
:file_names 4;
    "N/A";
    "<interactive>";
    "stack_cpu_tb.v";
    "stack_cpu.v";
