#! /usr/local/bin/vvp
:ivl_version "13.0 (stable)" "(v13_0-dirty)";
:ivl_delay_selection "TYPICAL";
:vpi_time_precision - 12;
:vpi_module "/usr/local/lib/ivl/system.vpi";
:vpi_module "/usr/local/lib/ivl/vhdl_sys.vpi";
:vpi_module "/usr/local/lib/ivl/vhdl_textio.vpi";
:vpi_module "/usr/local/lib/ivl/v2005_math.vpi";
:vpi_module "/usr/local/lib/ivl/va_math.vpi";
S_0x5b61ec191290 .scope module, "stack_processor_top_tb" "stack_processor_top_tb" 2 3;
 .timescale -9 -12;
v0x5b61ec20e0e0_0 .var "clk", 0 0;
v0x5b61ec20e230_0 .net "done_led", 0 0, v0x5b61ec208ff0_0;  1 drivers
v0x5b61ec20e2f0_0 .net "error_led", 0 0, v0x5b61ec209090_0;  1 drivers
v0x5b61ec20e390_0 .var/i "failed_tests", 31 0;
v0x5b61ec20e430_0 .var "input_x", 7 0;
v0x5b61ec20e4f0_0 .var/i "passed_tests", 31 0;
v0x5b61ec20e5d0_0 .var "reset", 0 0;
v0x5b61ec20e700_0 .net "seven_segment_high", 6 0, v0x5b61ec1e1b60_0;  1 drivers
v0x5b61ec20e7c0_0 .net "seven_segment_low", 6 0, v0x5b61ec204580_0;  1 drivers
v0x5b61ec20e910_0 .var/i "x", 31 0;
S_0x5b61ec191420 .scope module, "dut" "stack_processor_top" 2 26, 3 1 0, S_0x5b61ec191290;
 .timescale -9 -12;
    .port_info 0 /INPUT 1 "clk";
    .port_info 1 /INPUT 1 "reset";
    .port_info 2 /INPUT 8 "input_x";
    .port_info 3 /OUTPUT 7 "seven_segment_low";
    .port_info 4 /OUTPUT 7 "seven_segment_high";
    .port_info 5 /OUTPUT 1 "error_led";
    .port_info 6 /OUTPUT 1 "done_led";
v0x5b61ec20cc30_0 .net "clk", 0 0, v0x5b61ec20e0e0_0;  1 drivers
v0x5b61ec20ccf0_0 .net "done_led", 0 0, v0x5b61ec208ff0_0;  alias, 1 drivers
v0x5b61ec20ce00_0 .net "error_led", 0 0, v0x5b61ec209090_0;  alias, 1 drivers
v0x5b61ec20cef0_0 .net "hex_high", 3 0, v0x5b61ec209130_0;  1 drivers
v0x5b61ec20cf90_0 .net "hex_low", 3 0, v0x5b61ec209220_0;  1 drivers
v0x5b61ec20d080_0 .net "input_x", 7 0, v0x5b61ec20e430_0;  1 drivers
v0x5b61ec20d190_0 .net "reset", 0 0, v0x5b61ec20e5d0_0;  1 drivers
v0x5b61ec20d230_0 .net "seven_segment_high", 6 0, v0x5b61ec1e1b60_0;  alias, 1 drivers
v0x5b61ec20d2f0_0 .net "seven_segment_low", 6 0, v0x5b61ec204580_0;  alias, 1 drivers
S_0x5b61ec1bbad0 .scope module, "high_decoder" "seven_segment_decoder" 3 53, 4 1 0, S_0x5b61ec191420;
 .timescale -9 -12;
    .port_info 0 /INPUT 4 "digit";
    .port_info 1 /OUTPUT 7 "segments";
v0x5b61ec177aa0_0 .net "digit", 3 0, v0x5b61ec209130_0;  alias, 1 drivers
v0x5b61ec1e1b60_0 .var "segments", 6 0;
E_0x5b61ec195e80 .event anyedge, v0x5b61ec177aa0_0;
S_0x5b61ec2042b0 .scope module, "low_decoder" "seven_segment_decoder" 3 43, 4 1 0, S_0x5b61ec191420;
 .timescale -9 -12;
    .port_info 0 /INPUT 4 "digit";
    .port_info 1 /OUTPUT 7 "segments";
v0x5b61ec1e1c00_0 .net "digit", 3 0, v0x5b61ec209220_0;  alias, 1 drivers
v0x5b61ec204580_0 .var "segments", 6 0;
E_0x5b61ec196130 .event anyedge, v0x5b61ec1e1c00_0;
S_0x5b61ec2046c0 .scope module, "processor" "processor_system" 3 26, 5 1 0, S_0x5b61ec191420;
 .timescale -9 -12;
    .port_info 0 /INPUT 1 "clk";
    .port_info 1 /INPUT 1 "reset";
    .port_info 2 /INPUT 8 "input_x";
    .port_info 3 /OUTPUT 4 "hex_low";
    .port_info 4 /OUTPUT 4 "hex_high";
    .port_info 5 /OUTPUT 1 "error_led";
    .port_info 6 /OUTPUT 1 "done_led";
v0x5b61ec20c0b0_0 .net "clk", 0 0, v0x5b61ec20e0e0_0;  alias, 1 drivers
v0x5b61ec20c170_0 .net "done_led", 0 0, v0x5b61ec208ff0_0;  alias, 1 drivers
v0x5b61ec20c230_0 .net "error_led", 0 0, v0x5b61ec209090_0;  alias, 1 drivers
v0x5b61ec20c330_0 .net "hex_high", 3 0, v0x5b61ec209130_0;  alias, 1 drivers
v0x5b61ec20c420_0 .net "hex_low", 3 0, v0x5b61ec209220_0;  alias, 1 drivers
v0x5b61ec20c560_0 .net "input_x", 7 0, v0x5b61ec20e430_0;  alias, 1 drivers
v0x5b61ec20c600_0 .net "memory_address", 7 0, v0x5b61ec207300_0;  1 drivers
v0x5b61ec20c6f0_0 .net "memory_read_data", 7 0, v0x5b61ec20bbf0_0;  1 drivers
v0x5b61ec20c7e0_0 .net "memory_write_data", 7 0, v0x5b61ec2074c0_0;  1 drivers
v0x5b61ec20c930_0 .net "memory_write_enable", 0 0, v0x5b61ec2075a0_0;  1 drivers
v0x5b61ec20ca20_0 .net "reset", 0 0, v0x5b61ec20e5d0_0;  alias, 1 drivers
S_0x5b61ec204990 .scope module, "cpu" "stack_cpu" 5 27, 6 1 0, S_0x5b61ec2046c0;
 .timescale -9 -12;
    .port_info 0 /INPUT 1 "clk";
    .port_info 1 /INPUT 1 "reset";
    .port_info 2 /OUTPUT 8 "memory_address";
    .port_info 3 /INPUT 8 "memory_read_data";
    .port_info 4 /OUTPUT 8 "memory_write_data";
    .port_info 5 /OUTPUT 1 "memory_write_enable";
P_0x5b61ec204b70 .param/l "OP_ADD" 1 6 21, C4<0110>;
P_0x5b61ec204bb0 .param/l "OP_CMP" 1 6 25, C4<1010>;
P_0x5b61ec204bf0 .param/l "OP_JS" 1 6 20, C4<0101>;
P_0x5b61ec204c30 .param/l "OP_JUMP" 1 6 18, C4<0011>;
P_0x5b61ec204c70 .param/l "OP_JZ" 1 6 19, C4<0100>;
P_0x5b61ec204cb0 .param/l "OP_POP" 1 6 17, C4<0010>;
P_0x5b61ec204cf0 .param/l "OP_PUSH" 1 6 16, C4<0001>;
P_0x5b61ec204d30 .param/l "OP_PUSHC" 1 6 15, C4<0000>;
P_0x5b61ec204d70 .param/l "OP_SHL" 1 6 24, C4<1001>;
P_0x5b61ec204db0 .param/l "OP_SUB" 1 6 22, C4<0111>;
P_0x5b61ec204df0 .param/l "OP_SWAP" 1 6 23, C4<1000>;
P_0x5b61ec204e30 .param/l "STATE_ADD" 1 6 41, C4<1001>;
P_0x5b61ec204e70 .param/l "STATE_CMP" 1 6 45, C4<1101>;
P_0x5b61ec204eb0 .param/l "STATE_DECODE" 1 6 33, C4<0001>;
P_0x5b61ec204ef0 .param/l "STATE_FETCH" 1 6 32, C4<0000>;
P_0x5b61ec204f30 .param/l "STATE_FETCH_OPERAND" 1 6 34, C4<0010>;
P_0x5b61ec204f70 .param/l "STATE_JS" 1 6 40, C4<1000>;
P_0x5b61ec204fb0 .param/l "STATE_JUMP" 1 6 38, C4<0110>;
P_0x5b61ec204ff0 .param/l "STATE_JZ" 1 6 39, C4<0111>;
P_0x5b61ec205030 .param/l "STATE_POP" 1 6 37, C4<0101>;
P_0x5b61ec205070 .param/l "STATE_PUSH" 1 6 36, C4<0100>;
P_0x5b61ec2050b0 .param/l "STATE_PUSHC" 1 6 35, C4<0011>;
P_0x5b61ec2050f0 .param/l "STATE_SHL" 1 6 44, C4<1100>;
P_0x5b61ec205130 .param/l "STATE_SUB" 1 6 42, C4<1010>;
P_0x5b61ec205170 .param/l "STATE_SWAP" 1 6 43, C4<1011>;
v0x5b61ec205e10_0 .net *"_ivl_10", 7 0, L_0x5b61ec21ecd0;  1 drivers
L_0x70cf733250a8 .functor BUFT 1, C4<0001>, C4<0>, C4<0>, C4<0>;
v0x5b61ec205f10_0 .net/2u *"_ivl_12", 3 0, L_0x70cf733250a8;  1 drivers
v0x5b61ec205ff0_0 .net *"_ivl_14", 3 0, L_0x5b61ec21eda0;  1 drivers
v0x5b61ec2060b0_0 .net *"_ivl_16", 4 0, L_0x5b61ec21ef10;  1 drivers
L_0x70cf733250f0 .functor BUFT 1, C4<0>, C4<0>, C4<0>, C4<0>;
v0x5b61ec206190_0 .net *"_ivl_19", 0 0, L_0x70cf733250f0;  1 drivers
v0x5b61ec2062c0_0 .net *"_ivl_2", 31 0, L_0x5b61ec20ea90;  1 drivers
L_0x70cf73325138 .functor BUFT 1, C4<00000000>, C4<0>, C4<0>, C4<0>;
v0x5b61ec2063a0_0 .net/2u *"_ivl_20", 7 0, L_0x70cf73325138;  1 drivers
v0x5b61ec206480_0 .net *"_ivl_24", 31 0, L_0x5b61ec21f2c0;  1 drivers
L_0x70cf73325180 .functor BUFT 1, C4<0000000000000000000000000000>, C4<0>, C4<0>, C4<0>;
v0x5b61ec206560_0 .net *"_ivl_27", 27 0, L_0x70cf73325180;  1 drivers
L_0x70cf733251c8 .functor BUFT 1, C4<00000000000000000000000000000001>, C4<0>, C4<0>, C4<0>;
v0x5b61ec206640_0 .net/2u *"_ivl_28", 31 0, L_0x70cf733251c8;  1 drivers
v0x5b61ec206720_0 .net *"_ivl_30", 0 0, L_0x5b61ec21f400;  1 drivers
v0x5b61ec2067e0_0 .net *"_ivl_32", 7 0, L_0x5b61ec21f540;  1 drivers
L_0x70cf73325210 .functor BUFT 1, C4<0010>, C4<0>, C4<0>, C4<0>;
v0x5b61ec2068c0_0 .net/2u *"_ivl_34", 3 0, L_0x70cf73325210;  1 drivers
v0x5b61ec2069a0_0 .net *"_ivl_36", 3 0, L_0x5b61ec21f640;  1 drivers
v0x5b61ec206a80_0 .net *"_ivl_38", 4 0, L_0x5b61ec21f770;  1 drivers
L_0x70cf73325258 .functor BUFT 1, C4<0>, C4<0>, C4<0>, C4<0>;
v0x5b61ec206b60_0 .net *"_ivl_41", 0 0, L_0x70cf73325258;  1 drivers
L_0x70cf733252a0 .functor BUFT 1, C4<00000000>, C4<0>, C4<0>, C4<0>;
v0x5b61ec206c40_0 .net/2u *"_ivl_42", 7 0, L_0x70cf733252a0;  1 drivers
L_0x70cf73325018 .functor BUFT 1, C4<0000000000000000000000000000>, C4<0>, C4<0>, C4<0>;
v0x5b61ec206d20_0 .net *"_ivl_5", 27 0, L_0x70cf73325018;  1 drivers
L_0x70cf73325060 .functor BUFT 1, C4<00000000000000000000000000000000>, C4<0>, C4<0>, C4<0>;
v0x5b61ec206e00_0 .net/2u *"_ivl_6", 31 0, L_0x70cf73325060;  1 drivers
v0x5b61ec206ee0_0 .net *"_ivl_8", 0 0, L_0x5b61ec21eb90;  1 drivers
v0x5b61ec206fa0_0 .net "add_result", 7 0, L_0x5b61ec21faf0;  1 drivers
v0x5b61ec207080_0 .net "clk", 0 0, v0x5b61ec20e0e0_0;  alias, 1 drivers
v0x5b61ec207140_0 .var/i "i", 31 0;
v0x5b61ec207220_0 .var "instruction_register", 7 0;
v0x5b61ec207300_0 .var "memory_address", 7 0;
v0x5b61ec2073e0_0 .net "memory_read_data", 7 0, v0x5b61ec20bbf0_0;  alias, 1 drivers
v0x5b61ec2074c0_0 .var "memory_write_data", 7 0;
v0x5b61ec2075a0_0 .var "memory_write_enable", 0 0;
v0x5b61ec207660_0 .net "opcode", 3 0, L_0x5b61ec20e9f0;  1 drivers
v0x5b61ec207740_0 .var "operand_register", 7 0;
v0x5b61ec207820_0 .var "program_counter", 7 0;
v0x5b61ec207900_0 .net "reset", 0 0, v0x5b61ec20e5d0_0;  alias, 1 drivers
v0x5b61ec2079c0_0 .var "sign_flag", 0 0;
v0x5b61ec207a80 .array "stack", 7 0, 7 0;
v0x5b61ec207b40_0 .var "stack_pointer", 3 0;
v0x5b61ec207c20_0 .net "stack_second", 7 0, L_0x5b61ec21f9b0;  1 drivers
v0x5b61ec207d00_0 .net "stack_top", 7 0, L_0x5b61ec21f130;  1 drivers
v0x5b61ec207de0_0 .var "state", 3 0;
v0x5b61ec207ec0_0 .net "sub_result", 7 0, L_0x5b61ec21fcb0;  1 drivers
v0x5b61ec207fa0_0 .var "zero_flag", 0 0;
E_0x5b61ec1e9330 .event posedge, v0x5b61ec207900_0, v0x5b61ec207080_0;
E_0x5b61ec205da0 .event anyedge, v0x5b61ec207820_0, v0x5b61ec207de0_0, v0x5b61ec207740_0, v0x5b61ec207d00_0;
L_0x5b61ec20e9f0 .part v0x5b61ec207220_0, 0, 4;
L_0x5b61ec20ea90 .concat [ 4 28 0 0], v0x5b61ec207b40_0, L_0x70cf73325018;
L_0x5b61ec21eb90 .cmp/gt 32, L_0x5b61ec20ea90, L_0x70cf73325060;
L_0x5b61ec21ecd0 .array/port v0x5b61ec207a80, L_0x5b61ec21ef10;
L_0x5b61ec21eda0 .arith/sub 4, v0x5b61ec207b40_0, L_0x70cf733250a8;
L_0x5b61ec21ef10 .concat [ 4 1 0 0], L_0x5b61ec21eda0, L_0x70cf733250f0;
L_0x5b61ec21f130 .functor MUXZ 8, L_0x70cf73325138, L_0x5b61ec21ecd0, L_0x5b61ec21eb90, C4<>;
L_0x5b61ec21f2c0 .concat [ 4 28 0 0], v0x5b61ec207b40_0, L_0x70cf73325180;
L_0x5b61ec21f400 .cmp/gt 32, L_0x5b61ec21f2c0, L_0x70cf733251c8;
L_0x5b61ec21f540 .array/port v0x5b61ec207a80, L_0x5b61ec21f770;
L_0x5b61ec21f640 .arith/sub 4, v0x5b61ec207b40_0, L_0x70cf73325210;
L_0x5b61ec21f770 .concat [ 4 1 0 0], L_0x5b61ec21f640, L_0x70cf73325258;
L_0x5b61ec21f9b0 .functor MUXZ 8, L_0x70cf733252a0, L_0x5b61ec21f540, L_0x5b61ec21f400, C4<>;
L_0x5b61ec21faf0 .arith/sum 8, L_0x5b61ec21f9b0, L_0x5b61ec21f130;
L_0x5b61ec21fcb0 .arith/sub 8, L_0x5b61ec21f9b0, L_0x5b61ec21f130;
S_0x5b61ec208160 .scope module, "memory_unit" "memory_io" 5 42, 7 1 0, S_0x5b61ec2046c0;
 .timescale -9 -12;
    .port_info 0 /INPUT 1 "clk";
    .port_info 1 /INPUT 1 "reset";
    .port_info 2 /INPUT 8 "address";
    .port_info 3 /INPUT 8 "write_data";
    .port_info 4 /INPUT 1 "write_enable";
    .port_info 5 /OUTPUT 8 "read_data";
    .port_info 6 /INPUT 8 "input_x";
    .port_info 7 /OUTPUT 4 "hex_low";
    .port_info 8 /OUTPUT 4 "hex_high";
    .port_info 9 /OUTPUT 1 "error_led";
    .port_info 10 /OUTPUT 1 "done_led";
P_0x5b61ec208310 .param/l "ADDR_DONE" 1 7 26, C4<11111100>;
P_0x5b61ec208350 .param/l "ADDR_ERROR" 1 7 25, C4<11111011>;
P_0x5b61ec208390 .param/l "ADDR_HEX_HIGH" 1 7 24, C4<11111010>;
P_0x5b61ec2083d0 .param/l "ADDR_HEX_LOW" 1 7 23, C4<11111001>;
P_0x5b61ec208410 .param/l "ADDR_INPUT_X" 1 7 22, C4<11111000>;
v0x5b61ec208e70_0 .net "address", 7 0, v0x5b61ec207300_0;  alias, 1 drivers
v0x5b61ec208f50_0 .net "clk", 0 0, v0x5b61ec20e0e0_0;  alias, 1 drivers
v0x5b61ec208ff0_0 .var "done_led", 0 0;
v0x5b61ec209090_0 .var "error_led", 0 0;
v0x5b61ec209130_0 .var "hex_high", 3 0;
v0x5b61ec209220_0 .var "hex_low", 3 0;
v0x5b61ec2092c0_0 .var/i "i", 31 0;
v0x5b61ec209380_0 .net "input_x", 7 0, v0x5b61ec20e430_0;  alias, 1 drivers
v0x5b61ec209460 .array "memory", 247 0, 7 0;
v0x5b61ec20bbf0_0 .var "read_data", 7 0;
v0x5b61ec20bce0_0 .net "reset", 0 0, v0x5b61ec20e5d0_0;  alias, 1 drivers
v0x5b61ec20bdb0_0 .net "write_data", 7 0, v0x5b61ec2074c0_0;  alias, 1 drivers
v0x5b61ec20be80_0 .net "write_enable", 0 0, v0x5b61ec2075a0_0;  alias, 1 drivers
v0x5b61ec209460_0 .array/port v0x5b61ec209460, 0;
v0x5b61ec209460_1 .array/port v0x5b61ec209460, 1;
E_0x5b61ec1e92f0/0 .event anyedge, v0x5b61ec207300_0, v0x5b61ec209380_0, v0x5b61ec209460_0, v0x5b61ec209460_1;
v0x5b61ec209460_2 .array/port v0x5b61ec209460, 2;
v0x5b61ec209460_3 .array/port v0x5b61ec209460, 3;
v0x5b61ec209460_4 .array/port v0x5b61ec209460, 4;
v0x5b61ec209460_5 .array/port v0x5b61ec209460, 5;
E_0x5b61ec1e92f0/1 .event anyedge, v0x5b61ec209460_2, v0x5b61ec209460_3, v0x5b61ec209460_4, v0x5b61ec209460_5;
v0x5b61ec209460_6 .array/port v0x5b61ec209460, 6;
v0x5b61ec209460_7 .array/port v0x5b61ec209460, 7;
v0x5b61ec209460_8 .array/port v0x5b61ec209460, 8;
v0x5b61ec209460_9 .array/port v0x5b61ec209460, 9;
E_0x5b61ec1e92f0/2 .event anyedge, v0x5b61ec209460_6, v0x5b61ec209460_7, v0x5b61ec209460_8, v0x5b61ec209460_9;
v0x5b61ec209460_10 .array/port v0x5b61ec209460, 10;
v0x5b61ec209460_11 .array/port v0x5b61ec209460, 11;
v0x5b61ec209460_12 .array/port v0x5b61ec209460, 12;
v0x5b61ec209460_13 .array/port v0x5b61ec209460, 13;
E_0x5b61ec1e92f0/3 .event anyedge, v0x5b61ec209460_10, v0x5b61ec209460_11, v0x5b61ec209460_12, v0x5b61ec209460_13;
v0x5b61ec209460_14 .array/port v0x5b61ec209460, 14;
v0x5b61ec209460_15 .array/port v0x5b61ec209460, 15;
v0x5b61ec209460_16 .array/port v0x5b61ec209460, 16;
v0x5b61ec209460_17 .array/port v0x5b61ec209460, 17;
E_0x5b61ec1e92f0/4 .event anyedge, v0x5b61ec209460_14, v0x5b61ec209460_15, v0x5b61ec209460_16, v0x5b61ec209460_17;
v0x5b61ec209460_18 .array/port v0x5b61ec209460, 18;
v0x5b61ec209460_19 .array/port v0x5b61ec209460, 19;
v0x5b61ec209460_20 .array/port v0x5b61ec209460, 20;
v0x5b61ec209460_21 .array/port v0x5b61ec209460, 21;
E_0x5b61ec1e92f0/5 .event anyedge, v0x5b61ec209460_18, v0x5b61ec209460_19, v0x5b61ec209460_20, v0x5b61ec209460_21;
v0x5b61ec209460_22 .array/port v0x5b61ec209460, 22;
v0x5b61ec209460_23 .array/port v0x5b61ec209460, 23;
v0x5b61ec209460_24 .array/port v0x5b61ec209460, 24;
v0x5b61ec209460_25 .array/port v0x5b61ec209460, 25;
E_0x5b61ec1e92f0/6 .event anyedge, v0x5b61ec209460_22, v0x5b61ec209460_23, v0x5b61ec209460_24, v0x5b61ec209460_25;
v0x5b61ec209460_26 .array/port v0x5b61ec209460, 26;
v0x5b61ec209460_27 .array/port v0x5b61ec209460, 27;
v0x5b61ec209460_28 .array/port v0x5b61ec209460, 28;
v0x5b61ec209460_29 .array/port v0x5b61ec209460, 29;
E_0x5b61ec1e92f0/7 .event anyedge, v0x5b61ec209460_26, v0x5b61ec209460_27, v0x5b61ec209460_28, v0x5b61ec209460_29;
v0x5b61ec209460_30 .array/port v0x5b61ec209460, 30;
v0x5b61ec209460_31 .array/port v0x5b61ec209460, 31;
v0x5b61ec209460_32 .array/port v0x5b61ec209460, 32;
v0x5b61ec209460_33 .array/port v0x5b61ec209460, 33;
E_0x5b61ec1e92f0/8 .event anyedge, v0x5b61ec209460_30, v0x5b61ec209460_31, v0x5b61ec209460_32, v0x5b61ec209460_33;
v0x5b61ec209460_34 .array/port v0x5b61ec209460, 34;
v0x5b61ec209460_35 .array/port v0x5b61ec209460, 35;
v0x5b61ec209460_36 .array/port v0x5b61ec209460, 36;
v0x5b61ec209460_37 .array/port v0x5b61ec209460, 37;
E_0x5b61ec1e92f0/9 .event anyedge, v0x5b61ec209460_34, v0x5b61ec209460_35, v0x5b61ec209460_36, v0x5b61ec209460_37;
v0x5b61ec209460_38 .array/port v0x5b61ec209460, 38;
v0x5b61ec209460_39 .array/port v0x5b61ec209460, 39;
v0x5b61ec209460_40 .array/port v0x5b61ec209460, 40;
v0x5b61ec209460_41 .array/port v0x5b61ec209460, 41;
E_0x5b61ec1e92f0/10 .event anyedge, v0x5b61ec209460_38, v0x5b61ec209460_39, v0x5b61ec209460_40, v0x5b61ec209460_41;
v0x5b61ec209460_42 .array/port v0x5b61ec209460, 42;
v0x5b61ec209460_43 .array/port v0x5b61ec209460, 43;
v0x5b61ec209460_44 .array/port v0x5b61ec209460, 44;
v0x5b61ec209460_45 .array/port v0x5b61ec209460, 45;
E_0x5b61ec1e92f0/11 .event anyedge, v0x5b61ec209460_42, v0x5b61ec209460_43, v0x5b61ec209460_44, v0x5b61ec209460_45;
v0x5b61ec209460_46 .array/port v0x5b61ec209460, 46;
v0x5b61ec209460_47 .array/port v0x5b61ec209460, 47;
v0x5b61ec209460_48 .array/port v0x5b61ec209460, 48;
v0x5b61ec209460_49 .array/port v0x5b61ec209460, 49;
E_0x5b61ec1e92f0/12 .event anyedge, v0x5b61ec209460_46, v0x5b61ec209460_47, v0x5b61ec209460_48, v0x5b61ec209460_49;
v0x5b61ec209460_50 .array/port v0x5b61ec209460, 50;
v0x5b61ec209460_51 .array/port v0x5b61ec209460, 51;
v0x5b61ec209460_52 .array/port v0x5b61ec209460, 52;
v0x5b61ec209460_53 .array/port v0x5b61ec209460, 53;
E_0x5b61ec1e92f0/13 .event anyedge, v0x5b61ec209460_50, v0x5b61ec209460_51, v0x5b61ec209460_52, v0x5b61ec209460_53;
v0x5b61ec209460_54 .array/port v0x5b61ec209460, 54;
v0x5b61ec209460_55 .array/port v0x5b61ec209460, 55;
v0x5b61ec209460_56 .array/port v0x5b61ec209460, 56;
v0x5b61ec209460_57 .array/port v0x5b61ec209460, 57;
E_0x5b61ec1e92f0/14 .event anyedge, v0x5b61ec209460_54, v0x5b61ec209460_55, v0x5b61ec209460_56, v0x5b61ec209460_57;
v0x5b61ec209460_58 .array/port v0x5b61ec209460, 58;
v0x5b61ec209460_59 .array/port v0x5b61ec209460, 59;
v0x5b61ec209460_60 .array/port v0x5b61ec209460, 60;
v0x5b61ec209460_61 .array/port v0x5b61ec209460, 61;
E_0x5b61ec1e92f0/15 .event anyedge, v0x5b61ec209460_58, v0x5b61ec209460_59, v0x5b61ec209460_60, v0x5b61ec209460_61;
v0x5b61ec209460_62 .array/port v0x5b61ec209460, 62;
v0x5b61ec209460_63 .array/port v0x5b61ec209460, 63;
v0x5b61ec209460_64 .array/port v0x5b61ec209460, 64;
v0x5b61ec209460_65 .array/port v0x5b61ec209460, 65;
E_0x5b61ec1e92f0/16 .event anyedge, v0x5b61ec209460_62, v0x5b61ec209460_63, v0x5b61ec209460_64, v0x5b61ec209460_65;
v0x5b61ec209460_66 .array/port v0x5b61ec209460, 66;
v0x5b61ec209460_67 .array/port v0x5b61ec209460, 67;
v0x5b61ec209460_68 .array/port v0x5b61ec209460, 68;
v0x5b61ec209460_69 .array/port v0x5b61ec209460, 69;
E_0x5b61ec1e92f0/17 .event anyedge, v0x5b61ec209460_66, v0x5b61ec209460_67, v0x5b61ec209460_68, v0x5b61ec209460_69;
v0x5b61ec209460_70 .array/port v0x5b61ec209460, 70;
v0x5b61ec209460_71 .array/port v0x5b61ec209460, 71;
v0x5b61ec209460_72 .array/port v0x5b61ec209460, 72;
v0x5b61ec209460_73 .array/port v0x5b61ec209460, 73;
E_0x5b61ec1e92f0/18 .event anyedge, v0x5b61ec209460_70, v0x5b61ec209460_71, v0x5b61ec209460_72, v0x5b61ec209460_73;
v0x5b61ec209460_74 .array/port v0x5b61ec209460, 74;
v0x5b61ec209460_75 .array/port v0x5b61ec209460, 75;
v0x5b61ec209460_76 .array/port v0x5b61ec209460, 76;
v0x5b61ec209460_77 .array/port v0x5b61ec209460, 77;
E_0x5b61ec1e92f0/19 .event anyedge, v0x5b61ec209460_74, v0x5b61ec209460_75, v0x5b61ec209460_76, v0x5b61ec209460_77;
v0x5b61ec209460_78 .array/port v0x5b61ec209460, 78;
v0x5b61ec209460_79 .array/port v0x5b61ec209460, 79;
v0x5b61ec209460_80 .array/port v0x5b61ec209460, 80;
v0x5b61ec209460_81 .array/port v0x5b61ec209460, 81;
E_0x5b61ec1e92f0/20 .event anyedge, v0x5b61ec209460_78, v0x5b61ec209460_79, v0x5b61ec209460_80, v0x5b61ec209460_81;
v0x5b61ec209460_82 .array/port v0x5b61ec209460, 82;
v0x5b61ec209460_83 .array/port v0x5b61ec209460, 83;
v0x5b61ec209460_84 .array/port v0x5b61ec209460, 84;
v0x5b61ec209460_85 .array/port v0x5b61ec209460, 85;
E_0x5b61ec1e92f0/21 .event anyedge, v0x5b61ec209460_82, v0x5b61ec209460_83, v0x5b61ec209460_84, v0x5b61ec209460_85;
v0x5b61ec209460_86 .array/port v0x5b61ec209460, 86;
v0x5b61ec209460_87 .array/port v0x5b61ec209460, 87;
v0x5b61ec209460_88 .array/port v0x5b61ec209460, 88;
v0x5b61ec209460_89 .array/port v0x5b61ec209460, 89;
E_0x5b61ec1e92f0/22 .event anyedge, v0x5b61ec209460_86, v0x5b61ec209460_87, v0x5b61ec209460_88, v0x5b61ec209460_89;
v0x5b61ec209460_90 .array/port v0x5b61ec209460, 90;
v0x5b61ec209460_91 .array/port v0x5b61ec209460, 91;
v0x5b61ec209460_92 .array/port v0x5b61ec209460, 92;
v0x5b61ec209460_93 .array/port v0x5b61ec209460, 93;
E_0x5b61ec1e92f0/23 .event anyedge, v0x5b61ec209460_90, v0x5b61ec209460_91, v0x5b61ec209460_92, v0x5b61ec209460_93;
v0x5b61ec209460_94 .array/port v0x5b61ec209460, 94;
v0x5b61ec209460_95 .array/port v0x5b61ec209460, 95;
v0x5b61ec209460_96 .array/port v0x5b61ec209460, 96;
v0x5b61ec209460_97 .array/port v0x5b61ec209460, 97;
E_0x5b61ec1e92f0/24 .event anyedge, v0x5b61ec209460_94, v0x5b61ec209460_95, v0x5b61ec209460_96, v0x5b61ec209460_97;
v0x5b61ec209460_98 .array/port v0x5b61ec209460, 98;
v0x5b61ec209460_99 .array/port v0x5b61ec209460, 99;
v0x5b61ec209460_100 .array/port v0x5b61ec209460, 100;
v0x5b61ec209460_101 .array/port v0x5b61ec209460, 101;
E_0x5b61ec1e92f0/25 .event anyedge, v0x5b61ec209460_98, v0x5b61ec209460_99, v0x5b61ec209460_100, v0x5b61ec209460_101;
v0x5b61ec209460_102 .array/port v0x5b61ec209460, 102;
v0x5b61ec209460_103 .array/port v0x5b61ec209460, 103;
v0x5b61ec209460_104 .array/port v0x5b61ec209460, 104;
v0x5b61ec209460_105 .array/port v0x5b61ec209460, 105;
E_0x5b61ec1e92f0/26 .event anyedge, v0x5b61ec209460_102, v0x5b61ec209460_103, v0x5b61ec209460_104, v0x5b61ec209460_105;
v0x5b61ec209460_106 .array/port v0x5b61ec209460, 106;
v0x5b61ec209460_107 .array/port v0x5b61ec209460, 107;
v0x5b61ec209460_108 .array/port v0x5b61ec209460, 108;
v0x5b61ec209460_109 .array/port v0x5b61ec209460, 109;
E_0x5b61ec1e92f0/27 .event anyedge, v0x5b61ec209460_106, v0x5b61ec209460_107, v0x5b61ec209460_108, v0x5b61ec209460_109;
v0x5b61ec209460_110 .array/port v0x5b61ec209460, 110;
v0x5b61ec209460_111 .array/port v0x5b61ec209460, 111;
v0x5b61ec209460_112 .array/port v0x5b61ec209460, 112;
v0x5b61ec209460_113 .array/port v0x5b61ec209460, 113;
E_0x5b61ec1e92f0/28 .event anyedge, v0x5b61ec209460_110, v0x5b61ec209460_111, v0x5b61ec209460_112, v0x5b61ec209460_113;
v0x5b61ec209460_114 .array/port v0x5b61ec209460, 114;
v0x5b61ec209460_115 .array/port v0x5b61ec209460, 115;
v0x5b61ec209460_116 .array/port v0x5b61ec209460, 116;
v0x5b61ec209460_117 .array/port v0x5b61ec209460, 117;
E_0x5b61ec1e92f0/29 .event anyedge, v0x5b61ec209460_114, v0x5b61ec209460_115, v0x5b61ec209460_116, v0x5b61ec209460_117;
v0x5b61ec209460_118 .array/port v0x5b61ec209460, 118;
v0x5b61ec209460_119 .array/port v0x5b61ec209460, 119;
v0x5b61ec209460_120 .array/port v0x5b61ec209460, 120;
v0x5b61ec209460_121 .array/port v0x5b61ec209460, 121;
E_0x5b61ec1e92f0/30 .event anyedge, v0x5b61ec209460_118, v0x5b61ec209460_119, v0x5b61ec209460_120, v0x5b61ec209460_121;
v0x5b61ec209460_122 .array/port v0x5b61ec209460, 122;
v0x5b61ec209460_123 .array/port v0x5b61ec209460, 123;
v0x5b61ec209460_124 .array/port v0x5b61ec209460, 124;
v0x5b61ec209460_125 .array/port v0x5b61ec209460, 125;
E_0x5b61ec1e92f0/31 .event anyedge, v0x5b61ec209460_122, v0x5b61ec209460_123, v0x5b61ec209460_124, v0x5b61ec209460_125;
v0x5b61ec209460_126 .array/port v0x5b61ec209460, 126;
v0x5b61ec209460_127 .array/port v0x5b61ec209460, 127;
v0x5b61ec209460_128 .array/port v0x5b61ec209460, 128;
v0x5b61ec209460_129 .array/port v0x5b61ec209460, 129;
E_0x5b61ec1e92f0/32 .event anyedge, v0x5b61ec209460_126, v0x5b61ec209460_127, v0x5b61ec209460_128, v0x5b61ec209460_129;
v0x5b61ec209460_130 .array/port v0x5b61ec209460, 130;
v0x5b61ec209460_131 .array/port v0x5b61ec209460, 131;
v0x5b61ec209460_132 .array/port v0x5b61ec209460, 132;
v0x5b61ec209460_133 .array/port v0x5b61ec209460, 133;
E_0x5b61ec1e92f0/33 .event anyedge, v0x5b61ec209460_130, v0x5b61ec209460_131, v0x5b61ec209460_132, v0x5b61ec209460_133;
v0x5b61ec209460_134 .array/port v0x5b61ec209460, 134;
v0x5b61ec209460_135 .array/port v0x5b61ec209460, 135;
v0x5b61ec209460_136 .array/port v0x5b61ec209460, 136;
v0x5b61ec209460_137 .array/port v0x5b61ec209460, 137;
E_0x5b61ec1e92f0/34 .event anyedge, v0x5b61ec209460_134, v0x5b61ec209460_135, v0x5b61ec209460_136, v0x5b61ec209460_137;
v0x5b61ec209460_138 .array/port v0x5b61ec209460, 138;
v0x5b61ec209460_139 .array/port v0x5b61ec209460, 139;
v0x5b61ec209460_140 .array/port v0x5b61ec209460, 140;
v0x5b61ec209460_141 .array/port v0x5b61ec209460, 141;
E_0x5b61ec1e92f0/35 .event anyedge, v0x5b61ec209460_138, v0x5b61ec209460_139, v0x5b61ec209460_140, v0x5b61ec209460_141;
v0x5b61ec209460_142 .array/port v0x5b61ec209460, 142;
v0x5b61ec209460_143 .array/port v0x5b61ec209460, 143;
v0x5b61ec209460_144 .array/port v0x5b61ec209460, 144;
v0x5b61ec209460_145 .array/port v0x5b61ec209460, 145;
E_0x5b61ec1e92f0/36 .event anyedge, v0x5b61ec209460_142, v0x5b61ec209460_143, v0x5b61ec209460_144, v0x5b61ec209460_145;
v0x5b61ec209460_146 .array/port v0x5b61ec209460, 146;
v0x5b61ec209460_147 .array/port v0x5b61ec209460, 147;
v0x5b61ec209460_148 .array/port v0x5b61ec209460, 148;
v0x5b61ec209460_149 .array/port v0x5b61ec209460, 149;
E_0x5b61ec1e92f0/37 .event anyedge, v0x5b61ec209460_146, v0x5b61ec209460_147, v0x5b61ec209460_148, v0x5b61ec209460_149;
v0x5b61ec209460_150 .array/port v0x5b61ec209460, 150;
v0x5b61ec209460_151 .array/port v0x5b61ec209460, 151;
v0x5b61ec209460_152 .array/port v0x5b61ec209460, 152;
v0x5b61ec209460_153 .array/port v0x5b61ec209460, 153;
E_0x5b61ec1e92f0/38 .event anyedge, v0x5b61ec209460_150, v0x5b61ec209460_151, v0x5b61ec209460_152, v0x5b61ec209460_153;
v0x5b61ec209460_154 .array/port v0x5b61ec209460, 154;
v0x5b61ec209460_155 .array/port v0x5b61ec209460, 155;
v0x5b61ec209460_156 .array/port v0x5b61ec209460, 156;
v0x5b61ec209460_157 .array/port v0x5b61ec209460, 157;
E_0x5b61ec1e92f0/39 .event anyedge, v0x5b61ec209460_154, v0x5b61ec209460_155, v0x5b61ec209460_156, v0x5b61ec209460_157;
v0x5b61ec209460_158 .array/port v0x5b61ec209460, 158;
v0x5b61ec209460_159 .array/port v0x5b61ec209460, 159;
v0x5b61ec209460_160 .array/port v0x5b61ec209460, 160;
v0x5b61ec209460_161 .array/port v0x5b61ec209460, 161;
E_0x5b61ec1e92f0/40 .event anyedge, v0x5b61ec209460_158, v0x5b61ec209460_159, v0x5b61ec209460_160, v0x5b61ec209460_161;
v0x5b61ec209460_162 .array/port v0x5b61ec209460, 162;
v0x5b61ec209460_163 .array/port v0x5b61ec209460, 163;
v0x5b61ec209460_164 .array/port v0x5b61ec209460, 164;
v0x5b61ec209460_165 .array/port v0x5b61ec209460, 165;
E_0x5b61ec1e92f0/41 .event anyedge, v0x5b61ec209460_162, v0x5b61ec209460_163, v0x5b61ec209460_164, v0x5b61ec209460_165;
v0x5b61ec209460_166 .array/port v0x5b61ec209460, 166;
v0x5b61ec209460_167 .array/port v0x5b61ec209460, 167;
v0x5b61ec209460_168 .array/port v0x5b61ec209460, 168;
v0x5b61ec209460_169 .array/port v0x5b61ec209460, 169;
E_0x5b61ec1e92f0/42 .event anyedge, v0x5b61ec209460_166, v0x5b61ec209460_167, v0x5b61ec209460_168, v0x5b61ec209460_169;
v0x5b61ec209460_170 .array/port v0x5b61ec209460, 170;
v0x5b61ec209460_171 .array/port v0x5b61ec209460, 171;
v0x5b61ec209460_172 .array/port v0x5b61ec209460, 172;
v0x5b61ec209460_173 .array/port v0x5b61ec209460, 173;
E_0x5b61ec1e92f0/43 .event anyedge, v0x5b61ec209460_170, v0x5b61ec209460_171, v0x5b61ec209460_172, v0x5b61ec209460_173;
v0x5b61ec209460_174 .array/port v0x5b61ec209460, 174;
v0x5b61ec209460_175 .array/port v0x5b61ec209460, 175;
v0x5b61ec209460_176 .array/port v0x5b61ec209460, 176;
v0x5b61ec209460_177 .array/port v0x5b61ec209460, 177;
E_0x5b61ec1e92f0/44 .event anyedge, v0x5b61ec209460_174, v0x5b61ec209460_175, v0x5b61ec209460_176, v0x5b61ec209460_177;
v0x5b61ec209460_178 .array/port v0x5b61ec209460, 178;
v0x5b61ec209460_179 .array/port v0x5b61ec209460, 179;
v0x5b61ec209460_180 .array/port v0x5b61ec209460, 180;
v0x5b61ec209460_181 .array/port v0x5b61ec209460, 181;
E_0x5b61ec1e92f0/45 .event anyedge, v0x5b61ec209460_178, v0x5b61ec209460_179, v0x5b61ec209460_180, v0x5b61ec209460_181;
v0x5b61ec209460_182 .array/port v0x5b61ec209460, 182;
v0x5b61ec209460_183 .array/port v0x5b61ec209460, 183;
v0x5b61ec209460_184 .array/port v0x5b61ec209460, 184;
v0x5b61ec209460_185 .array/port v0x5b61ec209460, 185;
E_0x5b61ec1e92f0/46 .event anyedge, v0x5b61ec209460_182, v0x5b61ec209460_183, v0x5b61ec209460_184, v0x5b61ec209460_185;
v0x5b61ec209460_186 .array/port v0x5b61ec209460, 186;
v0x5b61ec209460_187 .array/port v0x5b61ec209460, 187;
v0x5b61ec209460_188 .array/port v0x5b61ec209460, 188;
v0x5b61ec209460_189 .array/port v0x5b61ec209460, 189;
E_0x5b61ec1e92f0/47 .event anyedge, v0x5b61ec209460_186, v0x5b61ec209460_187, v0x5b61ec209460_188, v0x5b61ec209460_189;
v0x5b61ec209460_190 .array/port v0x5b61ec209460, 190;
v0x5b61ec209460_191 .array/port v0x5b61ec209460, 191;
v0x5b61ec209460_192 .array/port v0x5b61ec209460, 192;
v0x5b61ec209460_193 .array/port v0x5b61ec209460, 193;
E_0x5b61ec1e92f0/48 .event anyedge, v0x5b61ec209460_190, v0x5b61ec209460_191, v0x5b61ec209460_192, v0x5b61ec209460_193;
v0x5b61ec209460_194 .array/port v0x5b61ec209460, 194;
v0x5b61ec209460_195 .array/port v0x5b61ec209460, 195;
v0x5b61ec209460_196 .array/port v0x5b61ec209460, 196;
v0x5b61ec209460_197 .array/port v0x5b61ec209460, 197;
E_0x5b61ec1e92f0/49 .event anyedge, v0x5b61ec209460_194, v0x5b61ec209460_195, v0x5b61ec209460_196, v0x5b61ec209460_197;
v0x5b61ec209460_198 .array/port v0x5b61ec209460, 198;
v0x5b61ec209460_199 .array/port v0x5b61ec209460, 199;
v0x5b61ec209460_200 .array/port v0x5b61ec209460, 200;
v0x5b61ec209460_201 .array/port v0x5b61ec209460, 201;
E_0x5b61ec1e92f0/50 .event anyedge, v0x5b61ec209460_198, v0x5b61ec209460_199, v0x5b61ec209460_200, v0x5b61ec209460_201;
v0x5b61ec209460_202 .array/port v0x5b61ec209460, 202;
v0x5b61ec209460_203 .array/port v0x5b61ec209460, 203;
v0x5b61ec209460_204 .array/port v0x5b61ec209460, 204;
v0x5b61ec209460_205 .array/port v0x5b61ec209460, 205;
E_0x5b61ec1e92f0/51 .event anyedge, v0x5b61ec209460_202, v0x5b61ec209460_203, v0x5b61ec209460_204, v0x5b61ec209460_205;
v0x5b61ec209460_206 .array/port v0x5b61ec209460, 206;
v0x5b61ec209460_207 .array/port v0x5b61ec209460, 207;
v0x5b61ec209460_208 .array/port v0x5b61ec209460, 208;
v0x5b61ec209460_209 .array/port v0x5b61ec209460, 209;
E_0x5b61ec1e92f0/52 .event anyedge, v0x5b61ec209460_206, v0x5b61ec209460_207, v0x5b61ec209460_208, v0x5b61ec209460_209;
v0x5b61ec209460_210 .array/port v0x5b61ec209460, 210;
v0x5b61ec209460_211 .array/port v0x5b61ec209460, 211;
v0x5b61ec209460_212 .array/port v0x5b61ec209460, 212;
v0x5b61ec209460_213 .array/port v0x5b61ec209460, 213;
E_0x5b61ec1e92f0/53 .event anyedge, v0x5b61ec209460_210, v0x5b61ec209460_211, v0x5b61ec209460_212, v0x5b61ec209460_213;
v0x5b61ec209460_214 .array/port v0x5b61ec209460, 214;
v0x5b61ec209460_215 .array/port v0x5b61ec209460, 215;
v0x5b61ec209460_216 .array/port v0x5b61ec209460, 216;
v0x5b61ec209460_217 .array/port v0x5b61ec209460, 217;
E_0x5b61ec1e92f0/54 .event anyedge, v0x5b61ec209460_214, v0x5b61ec209460_215, v0x5b61ec209460_216, v0x5b61ec209460_217;
v0x5b61ec209460_218 .array/port v0x5b61ec209460, 218;
v0x5b61ec209460_219 .array/port v0x5b61ec209460, 219;
v0x5b61ec209460_220 .array/port v0x5b61ec209460, 220;
v0x5b61ec209460_221 .array/port v0x5b61ec209460, 221;
E_0x5b61ec1e92f0/55 .event anyedge, v0x5b61ec209460_218, v0x5b61ec209460_219, v0x5b61ec209460_220, v0x5b61ec209460_221;
v0x5b61ec209460_222 .array/port v0x5b61ec209460, 222;
v0x5b61ec209460_223 .array/port v0x5b61ec209460, 223;
v0x5b61ec209460_224 .array/port v0x5b61ec209460, 224;
v0x5b61ec209460_225 .array/port v0x5b61ec209460, 225;
E_0x5b61ec1e92f0/56 .event anyedge, v0x5b61ec209460_222, v0x5b61ec209460_223, v0x5b61ec209460_224, v0x5b61ec209460_225;
v0x5b61ec209460_226 .array/port v0x5b61ec209460, 226;
v0x5b61ec209460_227 .array/port v0x5b61ec209460, 227;
v0x5b61ec209460_228 .array/port v0x5b61ec209460, 228;
v0x5b61ec209460_229 .array/port v0x5b61ec209460, 229;
E_0x5b61ec1e92f0/57 .event anyedge, v0x5b61ec209460_226, v0x5b61ec209460_227, v0x5b61ec209460_228, v0x5b61ec209460_229;
v0x5b61ec209460_230 .array/port v0x5b61ec209460, 230;
v0x5b61ec209460_231 .array/port v0x5b61ec209460, 231;
v0x5b61ec209460_232 .array/port v0x5b61ec209460, 232;
v0x5b61ec209460_233 .array/port v0x5b61ec209460, 233;
E_0x5b61ec1e92f0/58 .event anyedge, v0x5b61ec209460_230, v0x5b61ec209460_231, v0x5b61ec209460_232, v0x5b61ec209460_233;
v0x5b61ec209460_234 .array/port v0x5b61ec209460, 234;
v0x5b61ec209460_235 .array/port v0x5b61ec209460, 235;
v0x5b61ec209460_236 .array/port v0x5b61ec209460, 236;
v0x5b61ec209460_237 .array/port v0x5b61ec209460, 237;
E_0x5b61ec1e92f0/59 .event anyedge, v0x5b61ec209460_234, v0x5b61ec209460_235, v0x5b61ec209460_236, v0x5b61ec209460_237;
v0x5b61ec209460_238 .array/port v0x5b61ec209460, 238;
v0x5b61ec209460_239 .array/port v0x5b61ec209460, 239;
v0x5b61ec209460_240 .array/port v0x5b61ec209460, 240;
v0x5b61ec209460_241 .array/port v0x5b61ec209460, 241;
E_0x5b61ec1e92f0/60 .event anyedge, v0x5b61ec209460_238, v0x5b61ec209460_239, v0x5b61ec209460_240, v0x5b61ec209460_241;
v0x5b61ec209460_242 .array/port v0x5b61ec209460, 242;
v0x5b61ec209460_243 .array/port v0x5b61ec209460, 243;
v0x5b61ec209460_244 .array/port v0x5b61ec209460, 244;
v0x5b61ec209460_245 .array/port v0x5b61ec209460, 245;
E_0x5b61ec1e92f0/61 .event anyedge, v0x5b61ec209460_242, v0x5b61ec209460_243, v0x5b61ec209460_244, v0x5b61ec209460_245;
v0x5b61ec209460_246 .array/port v0x5b61ec209460, 246;
v0x5b61ec209460_247 .array/port v0x5b61ec209460, 247;
E_0x5b61ec1e92f0/62 .event anyedge, v0x5b61ec209460_246, v0x5b61ec209460_247;
E_0x5b61ec1e92f0 .event/or E_0x5b61ec1e92f0/0, E_0x5b61ec1e92f0/1, E_0x5b61ec1e92f0/2, E_0x5b61ec1e92f0/3, E_0x5b61ec1e92f0/4, E_0x5b61ec1e92f0/5, E_0x5b61ec1e92f0/6, E_0x5b61ec1e92f0/7, E_0x5b61ec1e92f0/8, E_0x5b61ec1e92f0/9, E_0x5b61ec1e92f0/10, E_0x5b61ec1e92f0/11, E_0x5b61ec1e92f0/12, E_0x5b61ec1e92f0/13, E_0x5b61ec1e92f0/14, E_0x5b61ec1e92f0/15, E_0x5b61ec1e92f0/16, E_0x5b61ec1e92f0/17, E_0x5b61ec1e92f0/18, E_0x5b61ec1e92f0/19, E_0x5b61ec1e92f0/20, E_0x5b61ec1e92f0/21, E_0x5b61ec1e92f0/22, E_0x5b61ec1e92f0/23, E_0x5b61ec1e92f0/24, E_0x5b61ec1e92f0/25, E_0x5b61ec1e92f0/26, E_0x5b61ec1e92f0/27, E_0x5b61ec1e92f0/28, E_0x5b61ec1e92f0/29, E_0x5b61ec1e92f0/30, E_0x5b61ec1e92f0/31, E_0x5b61ec1e92f0/32, E_0x5b61ec1e92f0/33, E_0x5b61ec1e92f0/34, E_0x5b61ec1e92f0/35, E_0x5b61ec1e92f0/36, E_0x5b61ec1e92f0/37, E_0x5b61ec1e92f0/38, E_0x5b61ec1e92f0/39, E_0x5b61ec1e92f0/40, E_0x5b61ec1e92f0/41, E_0x5b61ec1e92f0/42, E_0x5b61ec1e92f0/43, E_0x5b61ec1e92f0/44, E_0x5b61ec1e92f0/45, E_0x5b61ec1e92f0/46, E_0x5b61ec1e92f0/47, E_0x5b61ec1e92f0/48, E_0x5b61ec1e92f0/49, E_0x5b61ec1e92f0/50, E_0x5b61ec1e92f0/51, E_0x5b61ec1e92f0/52, E_0x5b61ec1e92f0/53, E_0x5b61ec1e92f0/54, E_0x5b61ec1e92f0/55, E_0x5b61ec1e92f0/56, E_0x5b61ec1e92f0/57, E_0x5b61ec1e92f0/58, E_0x5b61ec1e92f0/59, E_0x5b61ec1e92f0/60, E_0x5b61ec1e92f0/61, E_0x5b61ec1e92f0/62;
S_0x5b61ec20d4e0 .scope function.vec4.s7, "expected_segments" "expected_segments" 2 54, 2 54 0, S_0x5b61ec191290;
 .timescale -9 -12;
v0x5b61ec20d690_0 .var "digit", 3 0;
; Variable expected_segments is vec4 return value of scope S_0x5b61ec20d4e0
TD_stack_processor_top_tb.expected_segments ;
    %load/vec4 v0x5b61ec20d690_0;
    %dup/vec4;
    %pushi/vec4 0, 0, 4;
    %cmp/u;
    %jmp/1 T_0.0, 6;
    %dup/vec4;
    %pushi/vec4 1, 0, 4;
    %cmp/u;
    %jmp/1 T_0.1, 6;
    %dup/vec4;
    %pushi/vec4 2, 0, 4;
    %cmp/u;
    %jmp/1 T_0.2, 6;
    %dup/vec4;
    %pushi/vec4 3, 0, 4;
    %cmp/u;
    %jmp/1 T_0.3, 6;
    %dup/vec4;
    %pushi/vec4 4, 0, 4;
    %cmp/u;
    %jmp/1 T_0.4, 6;
    %dup/vec4;
    %pushi/vec4 5, 0, 4;
    %cmp/u;
    %jmp/1 T_0.5, 6;
    %dup/vec4;
    %pushi/vec4 6, 0, 4;
    %cmp/u;
    %jmp/1 T_0.6, 6;
    %dup/vec4;
    %pushi/vec4 7, 0, 4;
    %cmp/u;
    %jmp/1 T_0.7, 6;
    %dup/vec4;
    %pushi/vec4 8, 0, 4;
    %cmp/u;
    %jmp/1 T_0.8, 6;
    %dup/vec4;
    %pushi/vec4 9, 0, 4;
    %cmp/u;
    %jmp/1 T_0.9, 6;
    %dup/vec4;
    %pushi/vec4 10, 0, 4;
    %cmp/u;
    %jmp/1 T_0.10, 6;
    %dup/vec4;
    %pushi/vec4 11, 0, 4;
    %cmp/u;
    %jmp/1 T_0.11, 6;
    %dup/vec4;
    %pushi/vec4 12, 0, 4;
    %cmp/u;
    %jmp/1 T_0.12, 6;
    %dup/vec4;
    %pushi/vec4 13, 0, 4;
    %cmp/u;
    %jmp/1 T_0.13, 6;
    %dup/vec4;
    %pushi/vec4 14, 0, 4;
    %cmp/u;
    %jmp/1 T_0.14, 6;
    %dup/vec4;
    %pushi/vec4 15, 0, 4;
    %cmp/u;
    %jmp/1 T_0.15, 6;
    %pushi/vec4 127, 0, 7;
    %ret/vec4 0, 0, 7;  Assign to expected_segments (store_vec4_to_lval)
    %jmp T_0.17;
T_0.0 ;
    %pushi/vec4 64, 0, 7;
    %ret/vec4 0, 0, 7;  Assign to expected_segments (store_vec4_to_lval)
    %jmp T_0.17;
T_0.1 ;
    %pushi/vec4 121, 0, 7;
    %ret/vec4 0, 0, 7;  Assign to expected_segments (store_vec4_to_lval)
    %jmp T_0.17;
T_0.2 ;
    %pushi/vec4 36, 0, 7;
    %ret/vec4 0, 0, 7;  Assign to expected_segments (store_vec4_to_lval)
    %jmp T_0.17;
T_0.3 ;
    %pushi/vec4 48, 0, 7;
    %ret/vec4 0, 0, 7;  Assign to expected_segments (store_vec4_to_lval)
    %jmp T_0.17;
T_0.4 ;
    %pushi/vec4 25, 0, 7;
    %ret/vec4 0, 0, 7;  Assign to expected_segments (store_vec4_to_lval)
    %jmp T_0.17;
T_0.5 ;
    %pushi/vec4 18, 0, 7;
    %ret/vec4 0, 0, 7;  Assign to expected_segments (store_vec4_to_lval)
    %jmp T_0.17;
T_0.6 ;
    %pushi/vec4 2, 0, 7;
    %ret/vec4 0, 0, 7;  Assign to expected_segments (store_vec4_to_lval)
    %jmp T_0.17;
T_0.7 ;
    %pushi/vec4 120, 0, 7;
    %ret/vec4 0, 0, 7;  Assign to expected_segments (store_vec4_to_lval)
    %jmp T_0.17;
T_0.8 ;
    %pushi/vec4 0, 0, 7;
    %ret/vec4 0, 0, 7;  Assign to expected_segments (store_vec4_to_lval)
    %jmp T_0.17;
T_0.9 ;
    %pushi/vec4 16, 0, 7;
    %ret/vec4 0, 0, 7;  Assign to expected_segments (store_vec4_to_lval)
    %jmp T_0.17;
T_0.10 ;
    %pushi/vec4 8, 0, 7;
    %ret/vec4 0, 0, 7;  Assign to expected_segments (store_vec4_to_lval)
    %jmp T_0.17;
T_0.11 ;
    %pushi/vec4 3, 0, 7;
    %ret/vec4 0, 0, 7;  Assign to expected_segments (store_vec4_to_lval)
    %jmp T_0.17;
T_0.12 ;
    %pushi/vec4 70, 0, 7;
    %ret/vec4 0, 0, 7;  Assign to expected_segments (store_vec4_to_lval)
    %jmp T_0.17;
T_0.13 ;
    %pushi/vec4 33, 0, 7;
    %ret/vec4 0, 0, 7;  Assign to expected_segments (store_vec4_to_lval)
    %jmp T_0.17;
T_0.14 ;
    %pushi/vec4 6, 0, 7;
    %ret/vec4 0, 0, 7;  Assign to expected_segments (store_vec4_to_lval)
    %jmp T_0.17;
T_0.15 ;
    %pushi/vec4 14, 0, 7;
    %ret/vec4 0, 0, 7;  Assign to expected_segments (store_vec4_to_lval)
    %jmp T_0.17;
T_0.17 ;
    %pop/vec4 1;
    %end;
S_0x5b61ec20d850 .scope task, "run_test" "run_test" 2 94, 2 94 0, S_0x5b61ec191290;
 .timescale -9 -12;
v0x5b61ec20dab0_0 .var "expected_error", 0 0;
v0x5b61ec20db90_0 .var "expected_high", 3 0;
v0x5b61ec20dc70_0 .var "expected_low", 3 0;
v0x5b61ec20dd30_0 .var/i "expected_y", 31 0;
v0x5b61ec20de10_0 .var/i "timeout", 31 0;
v0x5b61ec20df40_0 .var "verbose", 0 0;
v0x5b61ec20e000_0 .var "x_value", 7 0;
E_0x5b61ec1955f0 .event posedge, v0x5b61ec207080_0;
E_0x5b61ec20da50 .event negedge, v0x5b61ec207080_0;
TD_stack_processor_top_tb.run_test ;
    %pushi/vec4 0, 0, 32;
    %store/vec4 v0x5b61ec20dd30_0, 0, 32;
    %pushi/vec4 0, 0, 1;
    %store/vec4 v0x5b61ec20dab0_0, 0, 1;
    %load/vec4 v0x5b61ec20e000_0;
    %parti/s 1, 7, 4;
    %cmpi/e 1, 0, 1;
    %jmp/0xz  T_1.18, 4;
    %pushi/vec4 1, 0, 1;
    %store/vec4 v0x5b61ec20dab0_0, 0, 1;
    %pushi/vec4 0, 0, 32;
    %store/vec4 v0x5b61ec20dd30_0, 0, 32;
    %jmp T_1.19;
T_1.18 ;
    %load/vec4 v0x5b61ec20e000_0;
    %cmpi/u 32, 0, 8;
    %jmp/0xz  T_1.20, 5;
    %load/vec4 v0x5b61ec20e000_0;
    %pad/u 32;
    %load/vec4 v0x5b61ec20e000_0;
    %pad/u 32;
    %add;
    %load/vec4 v0x5b61ec20e000_0;
    %pad/u 32;
    %add;
    %addi 5, 0, 32;
    %store/vec4 v0x5b61ec20dd30_0, 0, 32;
    %jmp T_1.21;
T_1.20 ;
    %load/vec4 v0x5b61ec20e000_0;
    %cmpi/u 64, 0, 8;
    %jmp/0xz  T_1.22, 5;
    %load/vec4 v0x5b61ec20e000_0;
    %pad/u 32;
    %load/vec4 v0x5b61ec20e000_0;
    %pad/u 32;
    %add;
    %addi 20, 0, 32;
    %store/vec4 v0x5b61ec20dd30_0, 0, 32;
    %load/vec4 v0x5b61ec20dd30_0;
    %cmpi/s 127, 0, 32;
    %flag_or 5, 4; GT is !LE
    %flag_inv 5;
    %jmp/0xz  T_1.24, 5;
    %pushi/vec4 1, 0, 1;
    %store/vec4 v0x5b61ec20dab0_0, 0, 1;
    %pushi/vec4 0, 0, 32;
    %store/vec4 v0x5b61ec20dd30_0, 0, 32;
T_1.24 ;
    %jmp T_1.23;
T_1.22 ;
    %load/vec4 v0x5b61ec20e000_0;
    %pad/u 32;
    %subi 40, 0, 32;
    %store/vec4 v0x5b61ec20dd30_0, 0, 32;
T_1.23 ;
T_1.21 ;
T_1.19 ;
    %load/vec4 v0x5b61ec20dd30_0;
    %parti/s 4, 0, 2;
    %store/vec4 v0x5b61ec20dc70_0, 0, 4;
    %load/vec4 v0x5b61ec20dd30_0;
    %parti/s 4, 4, 4;
    %store/vec4 v0x5b61ec20db90_0, 0, 4;
    %load/vec4 v0x5b61ec20e000_0;
    %store/vec4 v0x5b61ec20e430_0, 0, 8;
    %pushi/vec4 1, 0, 1;
    %store/vec4 v0x5b61ec20e5d0_0, 0, 1;
    %pushi/vec4 2, 0, 32;
T_1.26 %dup/vec4;
    %cmpi/s 0, 0, 32;
    %jmp/1xz T_1.27, 5;
    %jmp/1 T_1.27, 4;
    %subi 1, 0, 32;
    %wait E_0x5b61ec1955f0;
    %jmp T_1.26;
T_1.27 ;
    %pop/vec4 1;
    %wait E_0x5b61ec20da50;
    %pushi/vec4 0, 0, 1;
    %store/vec4 v0x5b61ec20e5d0_0, 0, 1;
    %pushi/vec4 0, 0, 32;
    %store/vec4 v0x5b61ec20de10_0, 0, 32;
T_1.28 ;
    %load/vec4 v0x5b61ec20e230_0;
    %cmpi/ne 1, 0, 1;
    %flag_get/vec4 6;
    %jmp/0 T_1.30, 6;
    %load/vec4 v0x5b61ec20de10_0;
    %cmpi/s 2000, 0, 32;
    %flag_get/vec4 5;
    %and;
T_1.30;
    %flag_set/vec4 8;
    %jmp/0xz T_1.29, 8;
    %wait E_0x5b61ec1955f0;
    %delay 1000, 0;
    %load/vec4 v0x5b61ec20de10_0;
    %addi 1, 0, 32;
    %store/vec4 v0x5b61ec20de10_0, 0, 32;
    %jmp T_1.28;
T_1.29 ;
    %load/vec4 v0x5b61ec20de10_0;
    %cmpi/s 2000, 0, 32;
    %flag_inv 5; GE is !LT
    %jmp/0xz  T_1.31, 5;
    %vpi_call 2 202 "$display", "FAIL: X=%0d -> timeout", v0x5b61ec20e000_0 {0 0 0};
    %load/vec4 v0x5b61ec20e390_0;
    %addi 1, 0, 32;
    %store/vec4 v0x5b61ec20e390_0, 0, 32;
    %jmp T_1.32;
T_1.31 ;
    %load/vec4 v0x5b61ec20e2f0_0;
    %load/vec4 v0x5b61ec20dab0_0;
    %cmp/e;
    %flag_get/vec4 4;
    %jmp/0 T_1.38, 4;
    %load/vec4 v0x5b61ec20cf90_0;
    %load/vec4 v0x5b61ec20dc70_0;
    %cmp/e;
    %flag_get/vec4 4;
    %and;
T_1.38;
    %flag_set/vec4 11;
    %flag_get/vec4 11;
    %jmp/0 T_1.37, 11;
    %load/vec4 v0x5b61ec20cef0_0;
    %load/vec4 v0x5b61ec20db90_0;
    %cmp/e;
    %flag_get/vec4 4;
    %and;
T_1.37;
    %flag_set/vec4 10;
    %flag_get/vec4 10;
    %jmp/0 T_1.36, 10;
    %load/vec4 v0x5b61ec20e7c0_0;
    %load/vec4 v0x5b61ec20dc70_0;
    %store/vec4 v0x5b61ec20d690_0, 0, 4;
    %callf/vec4 TD_stack_processor_top_tb.expected_segments, S_0x5b61ec20d4e0;
    %cmp/e;
    %flag_get/vec4 4;
    %and;
T_1.36;
    %flag_set/vec4 9;
    %flag_get/vec4 9;
    %jmp/0 T_1.35, 9;
    %load/vec4 v0x5b61ec20e700_0;
    %load/vec4 v0x5b61ec20db90_0;
    %store/vec4 v0x5b61ec20d690_0, 0, 4;
    %callf/vec4 TD_stack_processor_top_tb.expected_segments, S_0x5b61ec20d4e0;
    %cmp/e;
    %flag_get/vec4 4;
    %and;
T_1.35;
    %flag_set/vec4 8;
    %jmp/0xz  T_1.33, 8;
    %load/vec4 v0x5b61ec20e4f0_0;
    %addi 1, 0, 32;
    %store/vec4 v0x5b61ec20e4f0_0, 0, 32;
    %load/vec4 v0x5b61ec20df40_0;
    %flag_set/vec4 8;
    %jmp/0xz  T_1.39, 8;
    %vpi_call 2 234 "$display", "PASS: X=%0d | HEX=%1h%1h | error=%b", v0x5b61ec20e000_0, v0x5b61ec20cef0_0, v0x5b61ec20cf90_0, v0x5b61ec20e2f0_0 {0 0 0};
T_1.39 ;
    %jmp T_1.34;
T_1.33 ;
    %load/vec4 v0x5b61ec20e390_0;
    %addi 1, 0, 32;
    %store/vec4 v0x5b61ec20e390_0, 0, 32;
    %vpi_call 2 250 "$display", "FAIL: X=%0d | expected HEX=%1h%1h error=%b | actual HEX=%1h%1h error=%b", v0x5b61ec20e000_0, v0x5b61ec20db90_0, v0x5b61ec20dc70_0, v0x5b61ec20dab0_0, v0x5b61ec20cef0_0, v0x5b61ec20cf90_0, v0x5b61ec20e2f0_0 {0 0 0};
T_1.34 ;
T_1.32 ;
    %end;
    .scope S_0x5b61ec204990;
T_2 ;
    %wait E_0x5b61ec205da0;
    %load/vec4 v0x5b61ec207820_0;
    %store/vec4 v0x5b61ec207300_0, 0, 8;
    %pushi/vec4 0, 0, 8;
    %store/vec4 v0x5b61ec2074c0_0, 0, 8;
    %pushi/vec4 0, 0, 1;
    %store/vec4 v0x5b61ec2075a0_0, 0, 1;
    %load/vec4 v0x5b61ec207de0_0;
    %dup/vec4;
    %pushi/vec4 4, 0, 4;
    %cmp/u;
    %jmp/1 T_2.0, 6;
    %dup/vec4;
    %pushi/vec4 5, 0, 4;
    %cmp/u;
    %jmp/1 T_2.1, 6;
    %load/vec4 v0x5b61ec207820_0;
    %store/vec4 v0x5b61ec207300_0, 0, 8;
    %jmp T_2.3;
T_2.0 ;
    %load/vec4 v0x5b61ec207740_0;
    %store/vec4 v0x5b61ec207300_0, 0, 8;
    %jmp T_2.3;
T_2.1 ;
    %load/vec4 v0x5b61ec207740_0;
    %store/vec4 v0x5b61ec207300_0, 0, 8;
    %load/vec4 v0x5b61ec207d00_0;
    %store/vec4 v0x5b61ec2074c0_0, 0, 8;
    %pushi/vec4 1, 0, 1;
    %store/vec4 v0x5b61ec2075a0_0, 0, 1;
    %jmp T_2.3;
T_2.3 ;
    %pop/vec4 1;
    %jmp T_2;
    .thread T_2, $push;
    .scope S_0x5b61ec204990;
T_3 ;
    %wait E_0x5b61ec1e9330;
    %load/vec4 v0x5b61ec207900_0;
    %flag_set/vec4 8;
    %jmp/0xz  T_3.0, 8;
    %pushi/vec4 0, 0, 8;
    %assign/vec4 v0x5b61ec207820_0, 0;
    %pushi/vec4 0, 0, 8;
    %assign/vec4 v0x5b61ec207220_0, 0;
    %pushi/vec4 0, 0, 8;
    %assign/vec4 v0x5b61ec207740_0, 0;
    %pushi/vec4 0, 0, 4;
    %assign/vec4 v0x5b61ec207b40_0, 0;
    %pushi/vec4 0, 0, 1;
    %assign/vec4 v0x5b61ec207fa0_0, 0;
    %pushi/vec4 0, 0, 1;
    %assign/vec4 v0x5b61ec2079c0_0, 0;
    %pushi/vec4 0, 0, 4;
    %assign/vec4 v0x5b61ec207de0_0, 0;
    %pushi/vec4 0, 0, 32;
    %store/vec4 v0x5b61ec207140_0, 0, 32;
T_3.2 ; Top of for-loop
    %load/vec4 v0x5b61ec207140_0;
    %cmpi/s 8, 0, 32;
	  %jmp/0xz T_3.3, 5;
    %pushi/vec4 0, 0, 8;
    %ix/getv/s 3, v0x5b61ec207140_0;
    %ix/load 4, 0, 0; Constant delay
    %assign/vec4/a/d v0x5b61ec207a80, 0, 4;
T_3.4 ; for-loop step statement
    %load/vec4 v0x5b61ec207140_0;
    %addi 1, 0, 32;
    %store/vec4 v0x5b61ec207140_0, 0, 32;
    %jmp T_3.2;
T_3.3 ; for-loop exit label
    %jmp T_3.1;
T_3.0 ;
    %load/vec4 v0x5b61ec207de0_0;
    %dup/vec4;
    %pushi/vec4 0, 0, 4;
    %cmp/u;
    %jmp/1 T_3.5, 6;
    %dup/vec4;
    %pushi/vec4 1, 0, 4;
    %cmp/u;
    %jmp/1 T_3.6, 6;
    %dup/vec4;
    %pushi/vec4 2, 0, 4;
    %cmp/u;
    %jmp/1 T_3.7, 6;
    %dup/vec4;
    %pushi/vec4 3, 0, 4;
    %cmp/u;
    %jmp/1 T_3.8, 6;
    %dup/vec4;
    %pushi/vec4 4, 0, 4;
    %cmp/u;
    %jmp/1 T_3.9, 6;
    %dup/vec4;
    %pushi/vec4 5, 0, 4;
    %cmp/u;
    %jmp/1 T_3.10, 6;
    %dup/vec4;
    %pushi/vec4 6, 0, 4;
    %cmp/u;
    %jmp/1 T_3.11, 6;
    %dup/vec4;
    %pushi/vec4 7, 0, 4;
    %cmp/u;
    %jmp/1 T_3.12, 6;
    %dup/vec4;
    %pushi/vec4 8, 0, 4;
    %cmp/u;
    %jmp/1 T_3.13, 6;
    %dup/vec4;
    %pushi/vec4 9, 0, 4;
    %cmp/u;
    %jmp/1 T_3.14, 6;
    %dup/vec4;
    %pushi/vec4 10, 0, 4;
    %cmp/u;
    %jmp/1 T_3.15, 6;
    %dup/vec4;
    %pushi/vec4 11, 0, 4;
    %cmp/u;
    %jmp/1 T_3.16, 6;
    %dup/vec4;
    %pushi/vec4 12, 0, 4;
    %cmp/u;
    %jmp/1 T_3.17, 6;
    %dup/vec4;
    %pushi/vec4 13, 0, 4;
    %cmp/u;
    %jmp/1 T_3.18, 6;
    %pushi/vec4 0, 0, 4;
    %assign/vec4 v0x5b61ec207de0_0, 0;
    %jmp T_3.20;
T_3.5 ;
    %load/vec4 v0x5b61ec2073e0_0;
    %assign/vec4 v0x5b61ec207220_0, 0;
    %load/vec4 v0x5b61ec207820_0;
    %addi 1, 0, 8;
    %assign/vec4 v0x5b61ec207820_0, 0;
    %pushi/vec4 1, 0, 4;
    %assign/vec4 v0x5b61ec207de0_0, 0;
    %jmp T_3.20;
T_3.6 ;
    %load/vec4 v0x5b61ec207660_0;
    %dup/vec4;
    %pushi/vec4 0, 0, 4;
    %cmp/u;
    %jmp/1 T_3.21, 6;
    %dup/vec4;
    %pushi/vec4 1, 0, 4;
    %cmp/u;
    %jmp/1 T_3.22, 6;
    %dup/vec4;
    %pushi/vec4 2, 0, 4;
    %cmp/u;
    %jmp/1 T_3.23, 6;
    %dup/vec4;
    %pushi/vec4 3, 0, 4;
    %cmp/u;
    %jmp/1 T_3.24, 6;
    %dup/vec4;
    %pushi/vec4 4, 0, 4;
    %cmp/u;
    %jmp/1 T_3.25, 6;
    %dup/vec4;
    %pushi/vec4 5, 0, 4;
    %cmp/u;
    %jmp/1 T_3.26, 6;
    %dup/vec4;
    %pushi/vec4 6, 0, 4;
    %cmp/u;
    %jmp/1 T_3.27, 6;
    %dup/vec4;
    %pushi/vec4 7, 0, 4;
    %cmp/u;
    %jmp/1 T_3.28, 6;
    %dup/vec4;
    %pushi/vec4 8, 0, 4;
    %cmp/u;
    %jmp/1 T_3.29, 6;
    %dup/vec4;
    %pushi/vec4 9, 0, 4;
    %cmp/u;
    %jmp/1 T_3.30, 6;
    %dup/vec4;
    %pushi/vec4 10, 0, 4;
    %cmp/u;
    %jmp/1 T_3.31, 6;
    %pushi/vec4 0, 0, 4;
    %assign/vec4 v0x5b61ec207de0_0, 0;
    %jmp T_3.33;
T_3.21 ;
    %pushi/vec4 2, 0, 4;
    %assign/vec4 v0x5b61ec207de0_0, 0;
    %jmp T_3.33;
T_3.22 ;
    %pushi/vec4 2, 0, 4;
    %assign/vec4 v0x5b61ec207de0_0, 0;
    %jmp T_3.33;
T_3.23 ;
    %pushi/vec4 2, 0, 4;
    %assign/vec4 v0x5b61ec207de0_0, 0;
    %jmp T_3.33;
T_3.24 ;
    %pushi/vec4 6, 0, 4;
    %assign/vec4 v0x5b61ec207de0_0, 0;
    %jmp T_3.33;
T_3.25 ;
    %pushi/vec4 7, 0, 4;
    %assign/vec4 v0x5b61ec207de0_0, 0;
    %jmp T_3.33;
T_3.26 ;
    %pushi/vec4 8, 0, 4;
    %assign/vec4 v0x5b61ec207de0_0, 0;
    %jmp T_3.33;
T_3.27 ;
    %pushi/vec4 9, 0, 4;
    %assign/vec4 v0x5b61ec207de0_0, 0;
    %jmp T_3.33;
T_3.28 ;
    %pushi/vec4 10, 0, 4;
    %assign/vec4 v0x5b61ec207de0_0, 0;
    %jmp T_3.33;
T_3.29 ;
    %pushi/vec4 11, 0, 4;
    %assign/vec4 v0x5b61ec207de0_0, 0;
    %jmp T_3.33;
T_3.30 ;
    %pushi/vec4 12, 0, 4;
    %assign/vec4 v0x5b61ec207de0_0, 0;
    %jmp T_3.33;
T_3.31 ;
    %pushi/vec4 13, 0, 4;
    %assign/vec4 v0x5b61ec207de0_0, 0;
    %jmp T_3.33;
T_3.33 ;
    %pop/vec4 1;
    %jmp T_3.20;
T_3.7 ;
    %load/vec4 v0x5b61ec2073e0_0;
    %assign/vec4 v0x5b61ec207740_0, 0;
    %load/vec4 v0x5b61ec207820_0;
    %addi 1, 0, 8;
    %assign/vec4 v0x5b61ec207820_0, 0;
    %load/vec4 v0x5b61ec207660_0;
    %dup/vec4;
    %pushi/vec4 0, 0, 4;
    %cmp/u;
    %jmp/1 T_3.34, 6;
    %dup/vec4;
    %pushi/vec4 1, 0, 4;
    %cmp/u;
    %jmp/1 T_3.35, 6;
    %dup/vec4;
    %pushi/vec4 2, 0, 4;
    %cmp/u;
    %jmp/1 T_3.36, 6;
    %pushi/vec4 0, 0, 4;
    %assign/vec4 v0x5b61ec207de0_0, 0;
    %jmp T_3.38;
T_3.34 ;
    %pushi/vec4 3, 0, 4;
    %assign/vec4 v0x5b61ec207de0_0, 0;
    %jmp T_3.38;
T_3.35 ;
    %pushi/vec4 4, 0, 4;
    %assign/vec4 v0x5b61ec207de0_0, 0;
    %jmp T_3.38;
T_3.36 ;
    %pushi/vec4 5, 0, 4;
    %assign/vec4 v0x5b61ec207de0_0, 0;
    %jmp T_3.38;
T_3.38 ;
    %pop/vec4 1;
    %jmp T_3.20;
T_3.8 ;
    %load/vec4 v0x5b61ec207740_0;
    %load/vec4 v0x5b61ec207b40_0;
    %pad/u 5;
    %ix/vec4 3;
    %ix/load 4, 0, 0; Constant delay
    %assign/vec4/a/d v0x5b61ec207a80, 0, 4;
    %load/vec4 v0x5b61ec207b40_0;
    %addi 1, 0, 4;
    %assign/vec4 v0x5b61ec207b40_0, 0;
    %pushi/vec4 0, 0, 4;
    %assign/vec4 v0x5b61ec207de0_0, 0;
    %jmp T_3.20;
T_3.9 ;
    %load/vec4 v0x5b61ec2073e0_0;
    %load/vec4 v0x5b61ec207b40_0;
    %pad/u 5;
    %ix/vec4 3;
    %ix/load 4, 0, 0; Constant delay
    %assign/vec4/a/d v0x5b61ec207a80, 0, 4;
    %load/vec4 v0x5b61ec207b40_0;
    %addi 1, 0, 4;
    %assign/vec4 v0x5b61ec207b40_0, 0;
    %pushi/vec4 0, 0, 4;
    %assign/vec4 v0x5b61ec207de0_0, 0;
    %jmp T_3.20;
T_3.10 ;
    %load/vec4 v0x5b61ec207b40_0;
    %subi 1, 0, 4;
    %assign/vec4 v0x5b61ec207b40_0, 0;
    %pushi/vec4 0, 0, 4;
    %assign/vec4 v0x5b61ec207de0_0, 0;
    %jmp T_3.20;
T_3.11 ;
    %load/vec4 v0x5b61ec207d00_0;
    %assign/vec4 v0x5b61ec207820_0, 0;
    %load/vec4 v0x5b61ec207b40_0;
    %subi 1, 0, 4;
    %assign/vec4 v0x5b61ec207b40_0, 0;
    %pushi/vec4 0, 0, 4;
    %assign/vec4 v0x5b61ec207de0_0, 0;
    %jmp T_3.20;
T_3.12 ;
    %load/vec4 v0x5b61ec207fa0_0;
    %flag_set/vec4 8;
    %jmp/0xz  T_3.39, 8;
    %load/vec4 v0x5b61ec207d00_0;
    %assign/vec4 v0x5b61ec207820_0, 0;
T_3.39 ;
    %load/vec4 v0x5b61ec207b40_0;
    %subi 1, 0, 4;
    %assign/vec4 v0x5b61ec207b40_0, 0;
    %pushi/vec4 0, 0, 4;
    %assign/vec4 v0x5b61ec207de0_0, 0;
    %jmp T_3.20;
T_3.13 ;
    %load/vec4 v0x5b61ec2079c0_0;
    %flag_set/vec4 8;
    %jmp/0xz  T_3.41, 8;
    %load/vec4 v0x5b61ec207d00_0;
    %assign/vec4 v0x5b61ec207820_0, 0;
T_3.41 ;
    %load/vec4 v0x5b61ec207b40_0;
    %subi 1, 0, 4;
    %assign/vec4 v0x5b61ec207b40_0, 0;
    %pushi/vec4 0, 0, 4;
    %assign/vec4 v0x5b61ec207de0_0, 0;
    %jmp T_3.20;
T_3.14 ;
    %load/vec4 v0x5b61ec206fa0_0;
    %load/vec4 v0x5b61ec207b40_0;
    %subi 2, 0, 4;
    %pad/u 5;
    %ix/vec4 3;
    %ix/load 4, 0, 0; Constant delay
    %assign/vec4/a/d v0x5b61ec207a80, 0, 4;
    %load/vec4 v0x5b61ec207b40_0;
    %subi 1, 0, 4;
    %assign/vec4 v0x5b61ec207b40_0, 0;
    %load/vec4 v0x5b61ec206fa0_0;
    %pushi/vec4 0, 0, 8;
    %cmp/e;
    %flag_get/vec4 4;
    %assign/vec4 v0x5b61ec207fa0_0, 0;
    %load/vec4 v0x5b61ec206fa0_0;
    %parti/s 1, 7, 4;
    %assign/vec4 v0x5b61ec2079c0_0, 0;
    %pushi/vec4 0, 0, 4;
    %assign/vec4 v0x5b61ec207de0_0, 0;
    %jmp T_3.20;
T_3.15 ;
    %load/vec4 v0x5b61ec207ec0_0;
    %load/vec4 v0x5b61ec207b40_0;
    %subi 2, 0, 4;
    %pad/u 5;
    %ix/vec4 3;
    %ix/load 4, 0, 0; Constant delay
    %assign/vec4/a/d v0x5b61ec207a80, 0, 4;
    %load/vec4 v0x5b61ec207b40_0;
    %subi 1, 0, 4;
    %assign/vec4 v0x5b61ec207b40_0, 0;
    %load/vec4 v0x5b61ec207ec0_0;
    %pushi/vec4 0, 0, 8;
    %cmp/e;
    %flag_get/vec4 4;
    %assign/vec4 v0x5b61ec207fa0_0, 0;
    %load/vec4 v0x5b61ec207ec0_0;
    %parti/s 1, 7, 4;
    %assign/vec4 v0x5b61ec2079c0_0, 0;
    %pushi/vec4 0, 0, 4;
    %assign/vec4 v0x5b61ec207de0_0, 0;
    %jmp T_3.20;
T_3.16 ;
    %load/vec4 v0x5b61ec207b40_0;
    %subi 2, 0, 4;
    %pad/u 5;
    %ix/vec4 4;
    %load/vec4a v0x5b61ec207a80, 4;
    %load/vec4 v0x5b61ec207b40_0;
    %subi 1, 0, 4;
    %pad/u 5;
    %ix/vec4 3;
    %ix/load 4, 0, 0; Constant delay
    %assign/vec4/a/d v0x5b61ec207a80, 0, 4;
    %load/vec4 v0x5b61ec207b40_0;
    %subi 1, 0, 4;
    %pad/u 5;
    %ix/vec4 4;
    %load/vec4a v0x5b61ec207a80, 4;
    %load/vec4 v0x5b61ec207b40_0;
    %subi 2, 0, 4;
    %pad/u 5;
    %ix/vec4 3;
    %ix/load 4, 0, 0; Constant delay
    %assign/vec4/a/d v0x5b61ec207a80, 0, 4;
    %pushi/vec4 0, 0, 4;
    %assign/vec4 v0x5b61ec207de0_0, 0;
    %jmp T_3.20;
T_3.17 ;
    %load/vec4 v0x5b61ec207d00_0;
    %ix/load 4, 1, 0;
    %flag_set/imm 4, 0;
    %shiftl 4;
    %load/vec4 v0x5b61ec207b40_0;
    %subi 1, 0, 4;
    %pad/u 5;
    %ix/vec4 3;
    %ix/load 4, 0, 0; Constant delay
    %assign/vec4/a/d v0x5b61ec207a80, 0, 4;
    %pushi/vec4 0, 0, 4;
    %assign/vec4 v0x5b61ec207de0_0, 0;
    %jmp T_3.20;
T_3.18 ;
    %load/vec4 v0x5b61ec207ec0_0;
    %pushi/vec4 0, 0, 8;
    %cmp/e;
    %flag_get/vec4 4;
    %assign/vec4 v0x5b61ec207fa0_0, 0;
    %load/vec4 v0x5b61ec207ec0_0;
    %parti/s 1, 7, 4;
    %assign/vec4 v0x5b61ec2079c0_0, 0;
    %pushi/vec4 0, 0, 4;
    %assign/vec4 v0x5b61ec207de0_0, 0;
    %jmp T_3.20;
T_3.20 ;
    %pop/vec4 1;
T_3.1 ;
    %jmp T_3;
    .thread T_3;
    .scope S_0x5b61ec208160;
T_4 ;
    %pushi/vec4 0, 0, 32;
    %store/vec4 v0x5b61ec2092c0_0, 0, 32;
T_4.0 ; Top of for-loop
    %load/vec4 v0x5b61ec2092c0_0;
    %cmpi/s 248, 0, 32;
	  %jmp/0xz T_4.1, 5;
    %pushi/vec4 0, 0, 8;
    %ix/getv/s 4, v0x5b61ec2092c0_0;
    %store/vec4a v0x5b61ec209460, 4, 0;
T_4.2 ; for-loop step statement
    %load/vec4 v0x5b61ec2092c0_0;
    %addi 1, 0, 32;
    %store/vec4 v0x5b61ec2092c0_0, 0, 32;
    %jmp T_4.0;
T_4.1 ; for-loop exit label
    %vpi_call 7 49 "$readmemh", "program.hex", v0x5b61ec209460 {0 0 0};
    %pushi/vec4 0, 0, 4;
    %store/vec4 v0x5b61ec209220_0, 0, 4;
    %pushi/vec4 0, 0, 4;
    %store/vec4 v0x5b61ec209130_0, 0, 4;
    %pushi/vec4 0, 0, 1;
    %store/vec4 v0x5b61ec209090_0, 0, 1;
    %pushi/vec4 0, 0, 1;
    %store/vec4 v0x5b61ec208ff0_0, 0, 1;
    %end;
    .thread T_4;
    .scope S_0x5b61ec208160;
T_5 ;
    %wait E_0x5b61ec1e92f0;
    %load/vec4 v0x5b61ec208e70_0;
    %dup/vec4;
    %pushi/vec4 248, 0, 8;
    %cmp/u;
    %jmp/1 T_5.0, 6;
    %dup/vec4;
    %pushi/vec4 249, 0, 8;
    %cmp/u;
    %jmp/1 T_5.1, 6;
    %dup/vec4;
    %pushi/vec4 250, 0, 8;
    %cmp/u;
    %jmp/1 T_5.2, 6;
    %dup/vec4;
    %pushi/vec4 251, 0, 8;
    %cmp/u;
    %jmp/1 T_5.3, 6;
    %dup/vec4;
    %pushi/vec4 252, 0, 8;
    %cmp/u;
    %jmp/1 T_5.4, 6;
    %dup/vec4;
    %pushi/vec4 253, 0, 8;
    %cmp/u;
    %jmp/1 T_5.5, 6;
    %dup/vec4;
    %pushi/vec4 254, 0, 8;
    %cmp/u;
    %jmp/1 T_5.6, 6;
    %dup/vec4;
    %pushi/vec4 255, 0, 8;
    %cmp/u;
    %jmp/1 T_5.7, 6;
    %load/vec4 v0x5b61ec208e70_0;
    %cmpi/u 248, 0, 8;
    %jmp/0xz  T_5.10, 5;
    %load/vec4 v0x5b61ec208e70_0;
    %pad/u 9;
    %ix/vec4 4;
    %load/vec4a v0x5b61ec209460, 4;
    %store/vec4 v0x5b61ec20bbf0_0, 0, 8;
    %jmp T_5.11;
T_5.10 ;
    %pushi/vec4 0, 0, 8;
    %store/vec4 v0x5b61ec20bbf0_0, 0, 8;
T_5.11 ;
    %jmp T_5.9;
T_5.0 ;
    %load/vec4 v0x5b61ec209380_0;
    %store/vec4 v0x5b61ec20bbf0_0, 0, 8;
    %jmp T_5.9;
T_5.1 ;
    %pushi/vec4 0, 0, 8;
    %store/vec4 v0x5b61ec20bbf0_0, 0, 8;
    %jmp T_5.9;
T_5.2 ;
    %pushi/vec4 0, 0, 8;
    %store/vec4 v0x5b61ec20bbf0_0, 0, 8;
    %jmp T_5.9;
T_5.3 ;
    %pushi/vec4 0, 0, 8;
    %store/vec4 v0x5b61ec20bbf0_0, 0, 8;
    %jmp T_5.9;
T_5.4 ;
    %pushi/vec4 0, 0, 8;
    %store/vec4 v0x5b61ec20bbf0_0, 0, 8;
    %jmp T_5.9;
T_5.5 ;
    %pushi/vec4 0, 0, 8;
    %store/vec4 v0x5b61ec20bbf0_0, 0, 8;
    %jmp T_5.9;
T_5.6 ;
    %pushi/vec4 0, 0, 8;
    %store/vec4 v0x5b61ec20bbf0_0, 0, 8;
    %jmp T_5.9;
T_5.7 ;
    %pushi/vec4 0, 0, 8;
    %store/vec4 v0x5b61ec20bbf0_0, 0, 8;
    %jmp T_5.9;
T_5.9 ;
    %pop/vec4 1;
    %jmp T_5;
    .thread T_5, $push;
    .scope S_0x5b61ec208160;
T_6 ;
    %wait E_0x5b61ec1e9330;
    %load/vec4 v0x5b61ec20bce0_0;
    %flag_set/vec4 8;
    %jmp/0xz  T_6.0, 8;
    %pushi/vec4 0, 0, 4;
    %assign/vec4 v0x5b61ec209220_0, 0;
    %pushi/vec4 0, 0, 4;
    %assign/vec4 v0x5b61ec209130_0, 0;
    %pushi/vec4 0, 0, 1;
    %assign/vec4 v0x5b61ec209090_0, 0;
    %pushi/vec4 0, 0, 1;
    %assign/vec4 v0x5b61ec208ff0_0, 0;
    %jmp T_6.1;
T_6.0 ;
    %load/vec4 v0x5b61ec20be80_0;
    %flag_set/vec4 8;
    %jmp/0xz  T_6.2, 8;
    %load/vec4 v0x5b61ec208e70_0;
    %dup/vec4;
    %pushi/vec4 249, 0, 8;
    %cmp/u;
    %jmp/1 T_6.4, 6;
    %dup/vec4;
    %pushi/vec4 250, 0, 8;
    %cmp/u;
    %jmp/1 T_6.5, 6;
    %dup/vec4;
    %pushi/vec4 251, 0, 8;
    %cmp/u;
    %jmp/1 T_6.6, 6;
    %dup/vec4;
    %pushi/vec4 252, 0, 8;
    %cmp/u;
    %jmp/1 T_6.7, 6;
    %dup/vec4;
    %pushi/vec4 248, 0, 8;
    %cmp/u;
    %jmp/1 T_6.8, 6;
    %dup/vec4;
    %pushi/vec4 253, 0, 8;
    %cmp/u;
    %jmp/1 T_6.9, 6;
    %dup/vec4;
    %pushi/vec4 254, 0, 8;
    %cmp/u;
    %jmp/1 T_6.10, 6;
    %dup/vec4;
    %pushi/vec4 255, 0, 8;
    %cmp/u;
    %jmp/1 T_6.11, 6;
    %load/vec4 v0x5b61ec208e70_0;
    %cmpi/u 248, 0, 8;
    %jmp/0xz  T_6.14, 5;
    %load/vec4 v0x5b61ec20bdb0_0;
    %load/vec4 v0x5b61ec208e70_0;
    %pad/u 9;
    %ix/vec4 3;
    %ix/load 4, 0, 0; Constant delay
    %assign/vec4/a/d v0x5b61ec209460, 0, 4;
T_6.14 ;
    %jmp T_6.13;
T_6.4 ;
    %load/vec4 v0x5b61ec20bdb0_0;
    %parti/s 4, 0, 2;
    %assign/vec4 v0x5b61ec209220_0, 0;
    %jmp T_6.13;
T_6.5 ;
    %load/vec4 v0x5b61ec20bdb0_0;
    %parti/s 4, 0, 2;
    %assign/vec4 v0x5b61ec209130_0, 0;
    %jmp T_6.13;
T_6.6 ;
    %load/vec4 v0x5b61ec20bdb0_0;
    %parti/s 1, 0, 2;
    %assign/vec4 v0x5b61ec209090_0, 0;
    %jmp T_6.13;
T_6.7 ;
    %load/vec4 v0x5b61ec20bdb0_0;
    %parti/s 1, 0, 2;
    %assign/vec4 v0x5b61ec208ff0_0, 0;
    %jmp T_6.13;
T_6.8 ;
    %jmp T_6.13;
T_6.9 ;
    %jmp T_6.13;
T_6.10 ;
    %jmp T_6.13;
T_6.11 ;
    %jmp T_6.13;
T_6.13 ;
    %pop/vec4 1;
T_6.2 ;
T_6.1 ;
    %jmp T_6;
    .thread T_6;
    .scope S_0x5b61ec2042b0;
T_7 ;
    %wait E_0x5b61ec196130;
    %load/vec4 v0x5b61ec1e1c00_0;
    %dup/vec4;
    %pushi/vec4 0, 0, 4;
    %cmp/u;
    %jmp/1 T_7.0, 6;
    %dup/vec4;
    %pushi/vec4 1, 0, 4;
    %cmp/u;
    %jmp/1 T_7.1, 6;
    %dup/vec4;
    %pushi/vec4 2, 0, 4;
    %cmp/u;
    %jmp/1 T_7.2, 6;
    %dup/vec4;
    %pushi/vec4 3, 0, 4;
    %cmp/u;
    %jmp/1 T_7.3, 6;
    %dup/vec4;
    %pushi/vec4 4, 0, 4;
    %cmp/u;
    %jmp/1 T_7.4, 6;
    %dup/vec4;
    %pushi/vec4 5, 0, 4;
    %cmp/u;
    %jmp/1 T_7.5, 6;
    %dup/vec4;
    %pushi/vec4 6, 0, 4;
    %cmp/u;
    %jmp/1 T_7.6, 6;
    %dup/vec4;
    %pushi/vec4 7, 0, 4;
    %cmp/u;
    %jmp/1 T_7.7, 6;
    %dup/vec4;
    %pushi/vec4 8, 0, 4;
    %cmp/u;
    %jmp/1 T_7.8, 6;
    %dup/vec4;
    %pushi/vec4 9, 0, 4;
    %cmp/u;
    %jmp/1 T_7.9, 6;
    %dup/vec4;
    %pushi/vec4 10, 0, 4;
    %cmp/u;
    %jmp/1 T_7.10, 6;
    %dup/vec4;
    %pushi/vec4 11, 0, 4;
    %cmp/u;
    %jmp/1 T_7.11, 6;
    %dup/vec4;
    %pushi/vec4 12, 0, 4;
    %cmp/u;
    %jmp/1 T_7.12, 6;
    %dup/vec4;
    %pushi/vec4 13, 0, 4;
    %cmp/u;
    %jmp/1 T_7.13, 6;
    %dup/vec4;
    %pushi/vec4 14, 0, 4;
    %cmp/u;
    %jmp/1 T_7.14, 6;
    %dup/vec4;
    %pushi/vec4 15, 0, 4;
    %cmp/u;
    %jmp/1 T_7.15, 6;
    %pushi/vec4 127, 0, 7;
    %store/vec4 v0x5b61ec204580_0, 0, 7;
    %jmp T_7.17;
T_7.0 ;
    %pushi/vec4 64, 0, 7;
    %store/vec4 v0x5b61ec204580_0, 0, 7;
    %jmp T_7.17;
T_7.1 ;
    %pushi/vec4 121, 0, 7;
    %store/vec4 v0x5b61ec204580_0, 0, 7;
    %jmp T_7.17;
T_7.2 ;
    %pushi/vec4 36, 0, 7;
    %store/vec4 v0x5b61ec204580_0, 0, 7;
    %jmp T_7.17;
T_7.3 ;
    %pushi/vec4 48, 0, 7;
    %store/vec4 v0x5b61ec204580_0, 0, 7;
    %jmp T_7.17;
T_7.4 ;
    %pushi/vec4 25, 0, 7;
    %store/vec4 v0x5b61ec204580_0, 0, 7;
    %jmp T_7.17;
T_7.5 ;
    %pushi/vec4 18, 0, 7;
    %store/vec4 v0x5b61ec204580_0, 0, 7;
    %jmp T_7.17;
T_7.6 ;
    %pushi/vec4 2, 0, 7;
    %store/vec4 v0x5b61ec204580_0, 0, 7;
    %jmp T_7.17;
T_7.7 ;
    %pushi/vec4 120, 0, 7;
    %store/vec4 v0x5b61ec204580_0, 0, 7;
    %jmp T_7.17;
T_7.8 ;
    %pushi/vec4 0, 0, 7;
    %store/vec4 v0x5b61ec204580_0, 0, 7;
    %jmp T_7.17;
T_7.9 ;
    %pushi/vec4 16, 0, 7;
    %store/vec4 v0x5b61ec204580_0, 0, 7;
    %jmp T_7.17;
T_7.10 ;
    %pushi/vec4 8, 0, 7;
    %store/vec4 v0x5b61ec204580_0, 0, 7;
    %jmp T_7.17;
T_7.11 ;
    %pushi/vec4 3, 0, 7;
    %store/vec4 v0x5b61ec204580_0, 0, 7;
    %jmp T_7.17;
T_7.12 ;
    %pushi/vec4 70, 0, 7;
    %store/vec4 v0x5b61ec204580_0, 0, 7;
    %jmp T_7.17;
T_7.13 ;
    %pushi/vec4 33, 0, 7;
    %store/vec4 v0x5b61ec204580_0, 0, 7;
    %jmp T_7.17;
T_7.14 ;
    %pushi/vec4 6, 0, 7;
    %store/vec4 v0x5b61ec204580_0, 0, 7;
    %jmp T_7.17;
T_7.15 ;
    %pushi/vec4 14, 0, 7;
    %store/vec4 v0x5b61ec204580_0, 0, 7;
    %jmp T_7.17;
T_7.17 ;
    %pop/vec4 1;
    %jmp T_7;
    .thread T_7, $push;
    .scope S_0x5b61ec1bbad0;
T_8 ;
    %wait E_0x5b61ec195e80;
    %load/vec4 v0x5b61ec177aa0_0;
    %dup/vec4;
    %pushi/vec4 0, 0, 4;
    %cmp/u;
    %jmp/1 T_8.0, 6;
    %dup/vec4;
    %pushi/vec4 1, 0, 4;
    %cmp/u;
    %jmp/1 T_8.1, 6;
    %dup/vec4;
    %pushi/vec4 2, 0, 4;
    %cmp/u;
    %jmp/1 T_8.2, 6;
    %dup/vec4;
    %pushi/vec4 3, 0, 4;
    %cmp/u;
    %jmp/1 T_8.3, 6;
    %dup/vec4;
    %pushi/vec4 4, 0, 4;
    %cmp/u;
    %jmp/1 T_8.4, 6;
    %dup/vec4;
    %pushi/vec4 5, 0, 4;
    %cmp/u;
    %jmp/1 T_8.5, 6;
    %dup/vec4;
    %pushi/vec4 6, 0, 4;
    %cmp/u;
    %jmp/1 T_8.6, 6;
    %dup/vec4;
    %pushi/vec4 7, 0, 4;
    %cmp/u;
    %jmp/1 T_8.7, 6;
    %dup/vec4;
    %pushi/vec4 8, 0, 4;
    %cmp/u;
    %jmp/1 T_8.8, 6;
    %dup/vec4;
    %pushi/vec4 9, 0, 4;
    %cmp/u;
    %jmp/1 T_8.9, 6;
    %dup/vec4;
    %pushi/vec4 10, 0, 4;
    %cmp/u;
    %jmp/1 T_8.10, 6;
    %dup/vec4;
    %pushi/vec4 11, 0, 4;
    %cmp/u;
    %jmp/1 T_8.11, 6;
    %dup/vec4;
    %pushi/vec4 12, 0, 4;
    %cmp/u;
    %jmp/1 T_8.12, 6;
    %dup/vec4;
    %pushi/vec4 13, 0, 4;
    %cmp/u;
    %jmp/1 T_8.13, 6;
    %dup/vec4;
    %pushi/vec4 14, 0, 4;
    %cmp/u;
    %jmp/1 T_8.14, 6;
    %dup/vec4;
    %pushi/vec4 15, 0, 4;
    %cmp/u;
    %jmp/1 T_8.15, 6;
    %pushi/vec4 127, 0, 7;
    %store/vec4 v0x5b61ec1e1b60_0, 0, 7;
    %jmp T_8.17;
T_8.0 ;
    %pushi/vec4 64, 0, 7;
    %store/vec4 v0x5b61ec1e1b60_0, 0, 7;
    %jmp T_8.17;
T_8.1 ;
    %pushi/vec4 121, 0, 7;
    %store/vec4 v0x5b61ec1e1b60_0, 0, 7;
    %jmp T_8.17;
T_8.2 ;
    %pushi/vec4 36, 0, 7;
    %store/vec4 v0x5b61ec1e1b60_0, 0, 7;
    %jmp T_8.17;
T_8.3 ;
    %pushi/vec4 48, 0, 7;
    %store/vec4 v0x5b61ec1e1b60_0, 0, 7;
    %jmp T_8.17;
T_8.4 ;
    %pushi/vec4 25, 0, 7;
    %store/vec4 v0x5b61ec1e1b60_0, 0, 7;
    %jmp T_8.17;
T_8.5 ;
    %pushi/vec4 18, 0, 7;
    %store/vec4 v0x5b61ec1e1b60_0, 0, 7;
    %jmp T_8.17;
T_8.6 ;
    %pushi/vec4 2, 0, 7;
    %store/vec4 v0x5b61ec1e1b60_0, 0, 7;
    %jmp T_8.17;
T_8.7 ;
    %pushi/vec4 120, 0, 7;
    %store/vec4 v0x5b61ec1e1b60_0, 0, 7;
    %jmp T_8.17;
T_8.8 ;
    %pushi/vec4 0, 0, 7;
    %store/vec4 v0x5b61ec1e1b60_0, 0, 7;
    %jmp T_8.17;
T_8.9 ;
    %pushi/vec4 16, 0, 7;
    %store/vec4 v0x5b61ec1e1b60_0, 0, 7;
    %jmp T_8.17;
T_8.10 ;
    %pushi/vec4 8, 0, 7;
    %store/vec4 v0x5b61ec1e1b60_0, 0, 7;
    %jmp T_8.17;
T_8.11 ;
    %pushi/vec4 3, 0, 7;
    %store/vec4 v0x5b61ec1e1b60_0, 0, 7;
    %jmp T_8.17;
T_8.12 ;
    %pushi/vec4 70, 0, 7;
    %store/vec4 v0x5b61ec1e1b60_0, 0, 7;
    %jmp T_8.17;
T_8.13 ;
    %pushi/vec4 33, 0, 7;
    %store/vec4 v0x5b61ec1e1b60_0, 0, 7;
    %jmp T_8.17;
T_8.14 ;
    %pushi/vec4 6, 0, 7;
    %store/vec4 v0x5b61ec1e1b60_0, 0, 7;
    %jmp T_8.17;
T_8.15 ;
    %pushi/vec4 14, 0, 7;
    %store/vec4 v0x5b61ec1e1b60_0, 0, 7;
    %jmp T_8.17;
T_8.17 ;
    %pop/vec4 1;
    %jmp T_8;
    .thread T_8, $push;
    .scope S_0x5b61ec191290;
T_9 ;
    %pushi/vec4 0, 0, 1;
    %store/vec4 v0x5b61ec20e0e0_0, 0, 1;
T_9.0 ;
    %delay 5000, 0;
    %load/vec4 v0x5b61ec20e0e0_0;
    %inv;
    %store/vec4 v0x5b61ec20e0e0_0, 0, 1;
    %jmp T_9.0;
T_9.1 ;
    %end;
    .thread T_9;
    .scope S_0x5b61ec191290;
T_10 ;
    %pushi/vec4 1, 0, 1;
    %store/vec4 v0x5b61ec20e5d0_0, 0, 1;
    %pushi/vec4 0, 0, 8;
    %store/vec4 v0x5b61ec20e430_0, 0, 8;
    %pushi/vec4 0, 0, 32;
    %store/vec4 v0x5b61ec20e4f0_0, 0, 32;
    %pushi/vec4 0, 0, 32;
    %store/vec4 v0x5b61ec20e390_0, 0, 32;
    %vpi_call 2 287 "$display", "\012================================" {0 0 0};
    %vpi_call 2 288 "$display", "MANDATORY PROGRAM TESTS" {0 0 0};
    %vpi_call 2 289 "$display", "================================" {0 0 0};
    %pushi/vec4 0, 0, 8;
    %store/vec4 v0x5b61ec20e000_0, 0, 8;
    %pushi/vec4 1, 0, 1;
    %store/vec4 v0x5b61ec20df40_0, 0, 1;
    %fork TD_stack_processor_top_tb.run_test, S_0x5b61ec20d850;
    %join;
    %pushi/vec4 31, 0, 8;
    %store/vec4 v0x5b61ec20e000_0, 0, 8;
    %pushi/vec4 1, 0, 1;
    %store/vec4 v0x5b61ec20df40_0, 0, 1;
    %fork TD_stack_processor_top_tb.run_test, S_0x5b61ec20d850;
    %join;
    %pushi/vec4 32, 0, 8;
    %store/vec4 v0x5b61ec20e000_0, 0, 8;
    %pushi/vec4 1, 0, 1;
    %store/vec4 v0x5b61ec20df40_0, 0, 1;
    %fork TD_stack_processor_top_tb.run_test, S_0x5b61ec20d850;
    %join;
    %pushi/vec4 53, 0, 8;
    %store/vec4 v0x5b61ec20e000_0, 0, 8;
    %pushi/vec4 1, 0, 1;
    %store/vec4 v0x5b61ec20df40_0, 0, 1;
    %fork TD_stack_processor_top_tb.run_test, S_0x5b61ec20d850;
    %join;
    %pushi/vec4 54, 0, 8;
    %store/vec4 v0x5b61ec20e000_0, 0, 8;
    %pushi/vec4 1, 0, 1;
    %store/vec4 v0x5b61ec20df40_0, 0, 1;
    %fork TD_stack_processor_top_tb.run_test, S_0x5b61ec20d850;
    %join;
    %pushi/vec4 63, 0, 8;
    %store/vec4 v0x5b61ec20e000_0, 0, 8;
    %pushi/vec4 1, 0, 1;
    %store/vec4 v0x5b61ec20df40_0, 0, 1;
    %fork TD_stack_processor_top_tb.run_test, S_0x5b61ec20d850;
    %join;
    %pushi/vec4 64, 0, 8;
    %store/vec4 v0x5b61ec20e000_0, 0, 8;
    %pushi/vec4 1, 0, 1;
    %store/vec4 v0x5b61ec20df40_0, 0, 1;
    %fork TD_stack_processor_top_tb.run_test, S_0x5b61ec20d850;
    %join;
    %pushi/vec4 127, 0, 8;
    %store/vec4 v0x5b61ec20e000_0, 0, 8;
    %pushi/vec4 1, 0, 1;
    %store/vec4 v0x5b61ec20df40_0, 0, 1;
    %fork TD_stack_processor_top_tb.run_test, S_0x5b61ec20d850;
    %join;
    %pushi/vec4 128, 0, 8;
    %store/vec4 v0x5b61ec20e000_0, 0, 8;
    %pushi/vec4 1, 0, 1;
    %store/vec4 v0x5b61ec20df40_0, 0, 1;
    %fork TD_stack_processor_top_tb.run_test, S_0x5b61ec20d850;
    %join;
    %pushi/vec4 255, 0, 8;
    %store/vec4 v0x5b61ec20e000_0, 0, 8;
    %pushi/vec4 1, 0, 1;
    %store/vec4 v0x5b61ec20df40_0, 0, 1;
    %fork TD_stack_processor_top_tb.run_test, S_0x5b61ec20d850;
    %join;
    %vpi_call 2 307 "$display", "\012================================" {0 0 0};
    %vpi_call 2 308 "$display", "EXHAUSTIVE TEST: X = 0..255" {0 0 0};
    %vpi_call 2 309 "$display", "================================" {0 0 0};
    %pushi/vec4 0, 0, 32;
    %store/vec4 v0x5b61ec20e910_0, 0, 32;
T_10.0 ; Top of for-loop
    %load/vec4 v0x5b61ec20e910_0;
    %cmpi/s 256, 0, 32;
	  %jmp/0xz T_10.1, 5;
    %load/vec4 v0x5b61ec20e910_0;
    %parti/s 8, 0, 2;
    %store/vec4 v0x5b61ec20e000_0, 0, 8;
    %pushi/vec4 0, 0, 1;
    %store/vec4 v0x5b61ec20df40_0, 0, 1;
    %fork TD_stack_processor_top_tb.run_test, S_0x5b61ec20d850;
    %join;
T_10.2 ; for-loop step statement
    %load/vec4 v0x5b61ec20e910_0;
    %addi 1, 0, 32;
    %store/vec4 v0x5b61ec20e910_0, 0, 32;
    %jmp T_10.0;
T_10.1 ; for-loop exit label
    %vpi_call 2 319 "$display", "\012================================" {0 0 0};
    %vpi_call 2 320 "$display", "SYSTEM TEST SUMMARY" {0 0 0};
    %vpi_call 2 321 "$display", "Passed: %0d", v0x5b61ec20e4f0_0 {0 0 0};
    %vpi_call 2 322 "$display", "Failed: %0d", v0x5b61ec20e390_0 {0 0 0};
    %vpi_call 2 323 "$display", "================================" {0 0 0};
    %load/vec4 v0x5b61ec20e390_0;
    %cmpi/e 0, 0, 32;
    %jmp/0xz  T_10.3, 4;
    %vpi_call 2 326 "$display", "ALL SYSTEM TESTS PASSED" {0 0 0};
    %jmp T_10.4;
T_10.3 ;
    %vpi_call 2 328 "$display", "SYSTEM TESTS FAILED" {0 0 0};
T_10.4 ;
    %delay 20000, 0;
    %vpi_call 2 332 "$finish" {0 0 0};
    %end;
    .thread T_10;
    .scope S_0x5b61ec191290;
T_11 ;
    %vpi_call 2 342 "$dumpfile", "stack_processor_top_tb.vcd" {0 0 0};
    %vpi_call 2 343 "$dumpvars", 32'sb00000000000000000000000000000000, S_0x5b61ec191290 {0 0 0};
    %end;
    .thread T_11;
# The file index is used to find the file name in the following table.
:file_names 8;
    "N/A";
    "<interactive>";
    "stack_processor_top_tb.v";
    "stack_processor_top.v";
    "seven_segment_decoder.v";
    "processor_system.v";
    "stack_cpu.v";
    "memory_io.v";
