Analysis & Synthesis report for stack_processor_top
Sat Sep 12 12:55:52 2026
Quartus Prime Version 25.1std.0 Build 1129 10/21/2025 SC Lite Edition


---------------------
; Table of Contents ;
---------------------
  1. Legal Notice
  2. Analysis & Synthesis Summary
  3. Analysis & Synthesis Settings
  4. Parallel Compilation
  5. Analysis & Synthesis Source Files Read
  6. Analysis & Synthesis Resource Usage Summary
  7. Analysis & Synthesis Resource Utilization by Entity
  8. State Machine - |stack_processor_top|processor_system:processor|stack_cpu:cpu|state
  9. Registers Removed During Synthesis
 10. General Register Statistics
 11. Multiplexer Restructuring Statistics (Restructuring Performed)
 12. Post-Synthesis Netlist Statistics for Top Partition
 13. Elapsed Time Per Partition
 14. Analysis & Synthesis Messages



----------------
; Legal Notice ;
----------------
Copyright (C) 2025  Altera Corporation. All rights reserved.
Your use of Altera Corporation's design tools, logic functions 
and other software and tools, and any partner logic 
functions, and any output files from any of the foregoing 
(including device programming or simulation files), and any 
associated documentation or information are expressly subject 
to the terms and conditions of the Altera Program License 
Subscription Agreement, the Altera Quartus Prime License Agreement,
the Altera IP License Agreement, or other applicable license
agreement, including, without limitation, that your use is for
the sole purpose of programming logic devices manufactured by
Altera and sold by Altera or its authorized distributors.  Please
refer to the Altera Software License Subscription Agreements 
on the Quartus Prime software download page.



+--------------------------------------------------------------------------------------+
; Analysis & Synthesis Summary                                                         ;
+------------------------------------+-------------------------------------------------+
; Analysis & Synthesis Status        ; Successful - Sat Sep 12 12:55:52 2026           ;
; Quartus Prime Version              ; 25.1std.0 Build 1129 10/21/2025 SC Lite Edition ;
; Revision Name                      ; stack_processor_top                             ;
; Top-level Entity Name              ; stack_processor_top                             ;
; Family                             ; Cyclone IV GX                                   ;
; Total logic elements               ; 4,069                                           ;
;     Total combinational functions  ; 2,420                                           ;
;     Dedicated logic registers      ; 2,098                                           ;
; Total registers                    ; 2098                                            ;
; Total pins                         ; 26                                              ;
; Total virtual pins                 ; 0                                               ;
; Total memory bits                  ; 0                                               ;
; Embedded Multiplier 9-bit elements ; 0                                               ;
; Total GXB Receiver Channel PCS     ; 0                                               ;
; Total GXB Receiver Channel PMA     ; 0                                               ;
; Total GXB Transmitter Channel PCS  ; 0                                               ;
; Total GXB Transmitter Channel PMA  ; 0                                               ;
; Total PLLs                         ; 0                                               ;
+------------------------------------+-------------------------------------------------+


+--------------------------------------------------------------------------------------------------------------+
; Analysis & Synthesis Settings                                                                                ;
+------------------------------------------------------------------+---------------------+---------------------+
; Option                                                           ; Setting             ; Default Value       ;
+------------------------------------------------------------------+---------------------+---------------------+
; Top-level entity name                                            ; stack_processor_top ; stack_processor_top ;
; Family name                                                      ; Cyclone IV GX       ; Cyclone V           ;
; Use smart compilation                                            ; Off                 ; Off                 ;
; Enable parallel Assembler and Timing Analyzer during compilation ; On                  ; On                  ;
; Enable compact report table                                      ; Off                 ; Off                 ;
; Restructure Multiplexers                                         ; Auto                ; Auto                ;
; Create Debugging Nodes for IP Cores                              ; Off                 ; Off                 ;
; Preserve fewer node names                                        ; On                  ; On                  ;
; Intel FPGA IP Evaluation Mode                                    ; Enable              ; Enable              ;
; Verilog Version                                                  ; Verilog_2001        ; Verilog_2001        ;
; VHDL Version                                                     ; VHDL_1993           ; VHDL_1993           ;
; State Machine Processing                                         ; Auto                ; Auto                ;
; Safe State Machine                                               ; Off                 ; Off                 ;
; Extract Verilog State Machines                                   ; On                  ; On                  ;
; Extract VHDL State Machines                                      ; On                  ; On                  ;
; Ignore Verilog initial constructs                                ; Off                 ; Off                 ;
; Iteration limit for constant Verilog loops                       ; 5000                ; 5000                ;
; Iteration limit for non-constant Verilog loops                   ; 250                 ; 250                 ;
; Add Pass-Through Logic to Inferred RAMs                          ; On                  ; On                  ;
; Infer RAMs from Raw Logic                                        ; On                  ; On                  ;
; Parallel Synthesis                                               ; On                  ; On                  ;
; DSP Block Balancing                                              ; Auto                ; Auto                ;
; NOT Gate Push-Back                                               ; On                  ; On                  ;
; Power-Up Don't Care                                              ; On                  ; On                  ;
; Remove Redundant Logic Cells                                     ; Off                 ; Off                 ;
; Remove Duplicate Registers                                       ; On                  ; On                  ;
; Ignore CARRY Buffers                                             ; Off                 ; Off                 ;
; Ignore CASCADE Buffers                                           ; Off                 ; Off                 ;
; Ignore GLOBAL Buffers                                            ; Off                 ; Off                 ;
; Ignore ROW GLOBAL Buffers                                        ; Off                 ; Off                 ;
; Ignore LCELL Buffers                                             ; Off                 ; Off                 ;
; Ignore SOFT Buffers                                              ; On                  ; On                  ;
; Limit AHDL Integers to 32 Bits                                   ; Off                 ; Off                 ;
; Optimization Technique                                           ; Balanced            ; Balanced            ;
; Carry Chain Length                                               ; 70                  ; 70                  ;
; Auto Carry Chains                                                ; On                  ; On                  ;
; Auto Open-Drain Pins                                             ; On                  ; On                  ;
; Perform WYSIWYG Primitive Resynthesis                            ; Off                 ; Off                 ;
; Auto ROM Replacement                                             ; On                  ; On                  ;
; Auto RAM Replacement                                             ; On                  ; On                  ;
; Auto DSP Block Replacement                                       ; On                  ; On                  ;
; Auto Shift Register Replacement                                  ; Auto                ; Auto                ;
; Allow Shift Register Merging across Hierarchies                  ; Auto                ; Auto                ;
; Auto Clock Enable Replacement                                    ; On                  ; On                  ;
; Strict RAM Replacement                                           ; Off                 ; Off                 ;
; Allow Synchronous Control Signals                                ; On                  ; On                  ;
; Force Use of Synchronous Clear Signals                           ; Off                 ; Off                 ;
; Auto RAM Block Balancing                                         ; On                  ; On                  ;
; Auto RAM to Logic Cell Conversion                                ; Off                 ; Off                 ;
; Auto Resource Sharing                                            ; Off                 ; Off                 ;
; Allow Any RAM Size For Recognition                               ; Off                 ; Off                 ;
; Allow Any ROM Size For Recognition                               ; Off                 ; Off                 ;
; Allow Any Shift Register Size For Recognition                    ; Off                 ; Off                 ;
; Use LogicLock Constraints during Resource Balancing              ; On                  ; On                  ;
; Ignore translate_off and synthesis_off directives                ; Off                 ; Off                 ;
; Timing-Driven Synthesis                                          ; On                  ; On                  ;
; Report Parameter Settings                                        ; On                  ; On                  ;
; Report Source Assignments                                        ; On                  ; On                  ;
; Report Connectivity Checks                                       ; On                  ; On                  ;
; Ignore Maximum Fan-Out Assignments                               ; Off                 ; Off                 ;
; Synchronization Register Chain Length                            ; 2                   ; 2                   ;
; Power Optimization During Synthesis                              ; Normal compilation  ; Normal compilation  ;
; HDL message level                                                ; Level2              ; Level2              ;
; Suppress Register Optimization Related Messages                  ; Off                 ; Off                 ;
; Number of Removed Registers Reported in Synthesis Report         ; 5000                ; 5000                ;
; Number of Swept Nodes Reported in Synthesis Report               ; 5000                ; 5000                ;
; Number of Inverted Registers Reported in Synthesis Report        ; 100                 ; 100                 ;
; Clock MUX Protection                                             ; On                  ; On                  ;
; Auto Gated Clock Conversion                                      ; Off                 ; Off                 ;
; Block Design Naming                                              ; Auto                ; Auto                ;
; SDC constraint protection                                        ; Off                 ; Off                 ;
; Synthesis Effort                                                 ; Auto                ; Auto                ;
; Shift Register Replacement - Allow Asynchronous Clear Signal     ; On                  ; On                  ;
; Pre-Mapping Resynthesis Optimization                             ; Off                 ; Off                 ;
; Analysis & Synthesis Message Level                               ; Medium              ; Medium              ;
; Disable Register Merging Across Hierarchies                      ; Auto                ; Auto                ;
; Resource Aware Inference For Block RAM                           ; On                  ; On                  ;
+------------------------------------------------------------------+---------------------+---------------------+


+------------------------------------------+
; Parallel Compilation                     ;
+----------------------------+-------------+
; Processors                 ; Number      ;
+----------------------------+-------------+
; Number detected on machine ; 22          ;
; Maximum allowed            ; 16          ;
;                            ;             ;
; Average used               ; 1.01        ;
; Maximum used               ; 16          ;
;                            ;             ;
; Usage by Processor         ; % Time Used ;
;     Processor 1            ; 100.0%      ;
;     Processor 2            ;   0.1%      ;
;     Processor 3            ;   0.1%      ;
;     Processor 4            ;   0.1%      ;
;     Processor 5            ;   0.1%      ;
;     Processor 6            ;   0.1%      ;
;     Processor 7            ;   0.1%      ;
;     Processor 8            ;   0.1%      ;
;     Processors 9-16        ;   0.0%      ;
+----------------------------+-------------+


+-----------------------------------------------------------------------------------------------------------------------------------------------------------------------------------------------------------------------------------------------------------------------+
; Analysis & Synthesis Source Files Read                                                                                                                                                                                                                                ;
+----------------------------------+-----------------+---------------------------------------+----------------------------------------------------------------------------------------------------------------------------------------------------------------+---------+
; File Name with User-Entered Path ; Used in Netlist ; File Type                             ; File Name with Absolute Path                                                                                                                                   ; Library ;
+----------------------------------+-----------------+---------------------------------------+----------------------------------------------------------------------------------------------------------------------------------------------------------------+---------+
; program.hex                      ; yes             ; User Hexadecimal (Intel-Format) File  ; /home/mahdi/Documents/DSDL/experiment 10/HW10_403106092_ali_soltani_403106527_yeganeh_karbalaei_403106681_mohammadmahdi_moradi/quartus/program.hex             ;         ;
; stack_processor_top.v            ; yes             ; User Verilog HDL File                 ; /home/mahdi/Documents/DSDL/experiment 10/HW10_403106092_ali_soltani_403106527_yeganeh_karbalaei_403106681_mohammadmahdi_moradi/quartus/stack_processor_top.v   ;         ;
; stack_cpu.v                      ; yes             ; User Verilog HDL File                 ; /home/mahdi/Documents/DSDL/experiment 10/HW10_403106092_ali_soltani_403106527_yeganeh_karbalaei_403106681_mohammadmahdi_moradi/quartus/stack_cpu.v             ;         ;
; seven_segment_decoder.v          ; yes             ; User Verilog HDL File                 ; /home/mahdi/Documents/DSDL/experiment 10/HW10_403106092_ali_soltani_403106527_yeganeh_karbalaei_403106681_mohammadmahdi_moradi/quartus/seven_segment_decoder.v ;         ;
; processor_system.v               ; yes             ; User Verilog HDL File                 ; /home/mahdi/Documents/DSDL/experiment 10/HW10_403106092_ali_soltani_403106527_yeganeh_karbalaei_403106681_mohammadmahdi_moradi/quartus/processor_system.v      ;         ;
; memory_io.v                      ; yes             ; User Verilog HDL File                 ; /home/mahdi/Documents/DSDL/experiment 10/HW10_403106092_ali_soltani_403106527_yeganeh_karbalaei_403106681_mohammadmahdi_moradi/quartus/memory_io.v             ;         ;
+----------------------------------+-----------------+---------------------------------------+----------------------------------------------------------------------------------------------------------------------------------------------------------------+---------+


+---------------------------------------------+
; Analysis & Synthesis Resource Usage Summary ;
+--------------------------+------------------+
; Resource                 ; Usage            ;
+--------------------------+------------------+
; I/O pins                 ; 26               ;
;                          ;                  ;
; DSP block 9-bit elements ; 0                ;
;                          ;                  ;
; Maximum fan-out node     ; clk~input        ;
; Maximum fan-out          ; 2098             ;
; Total fan-out            ; 14708            ;
; Average fan-out          ; 3.22             ;
+--------------------------+------------------+


+-----------------------------------------------------------------------------------------------------------------------------------------------------------------------------------------------------------------------------------------------------------------------------------------------+
; Analysis & Synthesis Resource Utilization by Entity                                                                                                                                                                                                                                           ;
+-----------------------------------------+---------------------+---------------------------+-------------+--------------+---------+-----------+-----------+------+--------------+-----------------------------------------------------------------------+-----------------------+--------------+
; Compilation Hierarchy Node              ; Combinational ALUTs ; Dedicated Logic Registers ; Memory Bits ; DSP Elements ; DSP 9x9 ; DSP 18x18 ; DSP 36x36 ; Pins ; Virtual Pins ; Full Hierarchy Name                                                   ; Entity Name           ; Library Name ;
+-----------------------------------------+---------------------+---------------------------+-------------+--------------+---------+-----------+-----------+------+--------------+-----------------------------------------------------------------------+-----------------------+--------------+
; |stack_processor_top                    ; 2420 (0)            ; 2098 (0)                  ; 0           ; 0            ; 0       ; 0         ; 0         ; 26   ; 0            ; |stack_processor_top                                                  ; stack_processor_top   ; work         ;
;    |processor_system:processor|         ; 2406 (0)            ; 2098 (0)                  ; 0           ; 0            ; 0       ; 0         ; 0         ; 0    ; 0            ; |stack_processor_top|processor_system:processor                       ; processor_system      ; work         ;
;       |memory_io:memory_unit|           ; 1960 (1960)         ; 1994 (1994)               ; 0           ; 0            ; 0       ; 0         ; 0         ; 0    ; 0            ; |stack_processor_top|processor_system:processor|memory_io:memory_unit ; memory_io             ; work         ;
;       |stack_cpu:cpu|                   ; 446 (446)           ; 104 (104)                 ; 0           ; 0            ; 0       ; 0         ; 0         ; 0    ; 0            ; |stack_processor_top|processor_system:processor|stack_cpu:cpu         ; stack_cpu             ; work         ;
;    |seven_segment_decoder:high_decoder| ; 7 (7)               ; 0 (0)                     ; 0           ; 0            ; 0       ; 0         ; 0         ; 0    ; 0            ; |stack_processor_top|seven_segment_decoder:high_decoder               ; seven_segment_decoder ; work         ;
;    |seven_segment_decoder:low_decoder|  ; 7 (7)               ; 0 (0)                     ; 0           ; 0            ; 0       ; 0         ; 0         ; 0    ; 0            ; |stack_processor_top|seven_segment_decoder:low_decoder                ; seven_segment_decoder ; work         ;
+-----------------------------------------+---------------------+---------------------------+-------------+--------------+---------+-----------+-----------+------+--------------+-----------------------------------------------------------------------+-----------------------+--------------+
Note: For table entries with two numbers listed, the numbers in parentheses indicate the number of resources of the given type used by the specific entity alone. The numbers listed outside of parentheses indicate the total resources of the given type used by the specific entity and all of its sub-entities in the hierarchy.


Encoding Type:  One-Hot
+---------------------------------------------------------------------------------------------------------------------------------------------------------------------------------------------------------------------------------------------------------------------------------------------------------+
; State Machine - |stack_processor_top|processor_system:processor|stack_cpu:cpu|state                                                                                                                                                                                                                     ;
+---------------------------+-----------------+-----------------+------------------+-----------------+-----------------+----------------+----------------+------------------+-----------------+------------------+-------------------+---------------------------+--------------------+-------------------+
; Name                      ; state.STATE_CMP ; state.STATE_SHL ; state.STATE_SWAP ; state.STATE_SUB ; state.STATE_ADD ; state.STATE_JS ; state.STATE_JZ ; state.STATE_JUMP ; state.STATE_POP ; state.STATE_PUSH ; state.STATE_PUSHC ; state.STATE_FETCH_OPERAND ; state.STATE_DECODE ; state.STATE_FETCH ;
+---------------------------+-----------------+-----------------+------------------+-----------------+-----------------+----------------+----------------+------------------+-----------------+------------------+-------------------+---------------------------+--------------------+-------------------+
; state.STATE_FETCH         ; 0               ; 0               ; 0                ; 0               ; 0               ; 0              ; 0              ; 0                ; 0               ; 0                ; 0                 ; 0                         ; 0                  ; 0                 ;
; state.STATE_DECODE        ; 0               ; 0               ; 0                ; 0               ; 0               ; 0              ; 0              ; 0                ; 0               ; 0                ; 0                 ; 0                         ; 1                  ; 1                 ;
; state.STATE_FETCH_OPERAND ; 0               ; 0               ; 0                ; 0               ; 0               ; 0              ; 0              ; 0                ; 0               ; 0                ; 0                 ; 1                         ; 0                  ; 1                 ;
; state.STATE_PUSHC         ; 0               ; 0               ; 0                ; 0               ; 0               ; 0              ; 0              ; 0                ; 0               ; 0                ; 1                 ; 0                         ; 0                  ; 1                 ;
; state.STATE_PUSH          ; 0               ; 0               ; 0                ; 0               ; 0               ; 0              ; 0              ; 0                ; 0               ; 1                ; 0                 ; 0                         ; 0                  ; 1                 ;
; state.STATE_POP           ; 0               ; 0               ; 0                ; 0               ; 0               ; 0              ; 0              ; 0                ; 1               ; 0                ; 0                 ; 0                         ; 0                  ; 1                 ;
; state.STATE_JUMP          ; 0               ; 0               ; 0                ; 0               ; 0               ; 0              ; 0              ; 1                ; 0               ; 0                ; 0                 ; 0                         ; 0                  ; 1                 ;
; state.STATE_JZ            ; 0               ; 0               ; 0                ; 0               ; 0               ; 0              ; 1              ; 0                ; 0               ; 0                ; 0                 ; 0                         ; 0                  ; 1                 ;
; state.STATE_JS            ; 0               ; 0               ; 0                ; 0               ; 0               ; 1              ; 0              ; 0                ; 0               ; 0                ; 0                 ; 0                         ; 0                  ; 1                 ;
; state.STATE_ADD           ; 0               ; 0               ; 0                ; 0               ; 1               ; 0              ; 0              ; 0                ; 0               ; 0                ; 0                 ; 0                         ; 0                  ; 1                 ;
; state.STATE_SUB           ; 0               ; 0               ; 0                ; 1               ; 0               ; 0              ; 0              ; 0                ; 0               ; 0                ; 0                 ; 0                         ; 0                  ; 1                 ;
; state.STATE_SWAP          ; 0               ; 0               ; 1                ; 0               ; 0               ; 0              ; 0              ; 0                ; 0               ; 0                ; 0                 ; 0                         ; 0                  ; 1                 ;
; state.STATE_SHL           ; 0               ; 1               ; 0                ; 0               ; 0               ; 0              ; 0              ; 0                ; 0               ; 0                ; 0                 ; 0                         ; 0                  ; 1                 ;
; state.STATE_CMP           ; 1               ; 0               ; 0                ; 0               ; 0               ; 0              ; 0              ; 0                ; 0               ; 0                ; 0                 ; 0                         ; 0                  ; 1                 ;
+---------------------------+-----------------+-----------------+------------------+-----------------+-----------------+----------------+----------------+------------------+-----------------+------------------+-------------------+---------------------------+--------------------+-------------------+


+-----------------------------------------------------------------------+
; Registers Removed During Synthesis                                    ;
+--------------------------------------------------+--------------------+
; Register name                                    ; Reason for Removal ;
+--------------------------------------------------+--------------------+
; processor_system:processor|stack_cpu:cpu|state~4 ; Lost fanout        ;
; processor_system:processor|stack_cpu:cpu|state~5 ; Lost fanout        ;
; processor_system:processor|stack_cpu:cpu|state~6 ; Lost fanout        ;
; processor_system:processor|stack_cpu:cpu|state~7 ; Lost fanout        ;
; Total Number of Removed Registers = 4            ;                    ;
+--------------------------------------------------+--------------------+


+------------------------------------------------------+
; General Register Statistics                          ;
+----------------------------------------------+-------+
; Statistic                                    ; Value ;
+----------------------------------------------+-------+
; Total registers                              ; 2098  ;
; Number of registers using Synchronous Clear  ; 0     ;
; Number of registers using Synchronous Load   ; 8     ;
; Number of registers using Asynchronous Clear ; 114   ;
; Number of registers using Asynchronous Load  ; 0     ;
; Number of registers using Clock Enable       ; 2070  ;
; Number of registers using Preset             ; 0     ;
+----------------------------------------------+-------+


+------------------------------------------------------------------------------------------------------------------------------------------------------------------------------------------------+
; Multiplexer Restructuring Statistics (Restructuring Performed)                                                                                                                                 ;
+--------------------+-----------+---------------+----------------------+------------------------+------------+----------------------------------------------------------------------------------+
; Multiplexer Inputs ; Bus Width ; Baseline Area ; Area if Restructured ; Saving if Restructured ; Registered ; Example Multiplexer Output                                                       ;
+--------------------+-----------+---------------+----------------------+------------------------+------------+----------------------------------------------------------------------------------+
; 8:1                ; 8 bits    ; 40 LEs        ; 8 LEs                ; 32 LEs                 ; Yes        ; |stack_processor_top|processor_system:processor|stack_cpu:cpu|program_counter[5] ;
; 9:1                ; 3 bits    ; 18 LEs        ; 3 LEs                ; 15 LEs                 ; Yes        ; |stack_processor_top|processor_system:processor|stack_cpu:cpu|stack_pointer[3]   ;
; 14:1               ; 7 bits    ; 63 LEs        ; 35 LEs               ; 28 LEs                 ; Yes        ; |stack_processor_top|processor_system:processor|stack_cpu:cpu|stack[6][7]        ;
; 14:1               ; 7 bits    ; 63 LEs        ; 35 LEs               ; 28 LEs                 ; Yes        ; |stack_processor_top|processor_system:processor|stack_cpu:cpu|stack[5][2]        ;
; 14:1               ; 7 bits    ; 63 LEs        ; 35 LEs               ; 28 LEs                 ; Yes        ; |stack_processor_top|processor_system:processor|stack_cpu:cpu|stack[4][2]        ;
; 14:1               ; 7 bits    ; 63 LEs        ; 35 LEs               ; 28 LEs                 ; Yes        ; |stack_processor_top|processor_system:processor|stack_cpu:cpu|stack[3][4]        ;
; 14:1               ; 7 bits    ; 63 LEs        ; 35 LEs               ; 28 LEs                 ; Yes        ; |stack_processor_top|processor_system:processor|stack_cpu:cpu|stack[2][6]        ;
; 14:1               ; 7 bits    ; 63 LEs        ; 35 LEs               ; 28 LEs                 ; Yes        ; |stack_processor_top|processor_system:processor|stack_cpu:cpu|stack[1][7]        ;
; 14:1               ; 7 bits    ; 63 LEs        ; 35 LEs               ; 28 LEs                 ; Yes        ; |stack_processor_top|processor_system:processor|stack_cpu:cpu|stack[0][2]        ;
; 14:1               ; 7 bits    ; 63 LEs        ; 35 LEs               ; 28 LEs                 ; Yes        ; |stack_processor_top|processor_system:processor|stack_cpu:cpu|stack[7][3]        ;
; 8:1                ; 8 bits    ; 40 LEs        ; 40 LEs               ; 0 LEs                  ; No         ; |stack_processor_top|processor_system:processor|stack_cpu:cpu|Mux13              ;
; 8:1                ; 8 bits    ; 40 LEs        ; 40 LEs               ; 0 LEs                  ; No         ; |stack_processor_top|processor_system:processor|stack_cpu:cpu|Mux3               ;
; 10:1               ; 8 bits    ; 48 LEs        ; 16 LEs               ; 32 LEs                 ; No         ; |stack_processor_top|processor_system:processor|memory_io:memory_unit|Selector3  ;
+--------------------+-----------+---------------+----------------------+------------------------+------------+----------------------------------------------------------------------------------+


+-----------------------------------------------------+
; Post-Synthesis Netlist Statistics for Top Partition ;
+-----------------------+-----------------------------+
; Type                  ; Count                       ;
+-----------------------+-----------------------------+
; boundary_port         ; 26                          ;
; cycloneiii_ff         ; 2098                        ;
;     CLR               ; 28                          ;
;     ENA               ; 1984                        ;
;     ENA CLR           ; 78                          ;
;     ENA CLR SLD       ; 8                           ;
; cycloneiii_lcell_comb ; 2422                        ;
;     arith             ; 21                          ;
;         2 data inputs ; 7                           ;
;         3 data inputs ; 14                          ;
;     normal            ; 2401                        ;
;         1 data inputs ; 344                         ;
;         2 data inputs ; 29                          ;
;         3 data inputs ; 298                         ;
;         4 data inputs ; 1730                        ;
;                       ;                             ;
; Max LUT depth         ; 11.00                       ;
; Average LUT depth     ; 7.71                        ;
+-----------------------+-----------------------------+


+-------------------------------+
; Elapsed Time Per Partition    ;
+----------------+--------------+
; Partition Name ; Elapsed Time ;
+----------------+--------------+
; Top            ; 00:00:03     ;
+----------------+--------------+


+-------------------------------+
; Analysis & Synthesis Messages ;
+-------------------------------+
Info: *******************************************************************
Info: Running Quartus Prime Analysis & Synthesis
    Info: Version 25.1std.0 Build 1129 10/21/2025 SC Lite Edition
    Info: Processing started: Sat Sep 12 12:55:41 2026
Info: Command: quartus_map --read_settings_files=on --write_settings_files=off stack_processor -c stack_processor_top
Warning (18236): Number of processors has not been specified which may cause overloading on shared machines.  Set the global assignment NUM_PARALLEL_PROCESSORS in your QSF to an appropriate value for best performance.
Info (20030): Parallel compilation is enabled and will use 16 of the 16 processors detected
Info (12021): Found 1 design units, including 1 entities, in source file stack_processor_top.v
    Info (12023): Found entity 1: stack_processor_top File: /home/mahdi/Documents/DSDL/experiment 10/HW10_403106092_ali_soltani_403106527_yeganeh_karbalaei_403106681_mohammadmahdi_moradi/quartus/stack_processor_top.v Line: 1
Info (12021): Found 1 design units, including 1 entities, in source file stack_cpu.v
    Info (12023): Found entity 1: stack_cpu File: /home/mahdi/Documents/DSDL/experiment 10/HW10_403106092_ali_soltani_403106527_yeganeh_karbalaei_403106681_mohammadmahdi_moradi/quartus/stack_cpu.v Line: 1
Info (12021): Found 1 design units, including 1 entities, in source file seven_segment_decoder.v
    Info (12023): Found entity 1: seven_segment_decoder File: /home/mahdi/Documents/DSDL/experiment 10/HW10_403106092_ali_soltani_403106527_yeganeh_karbalaei_403106681_mohammadmahdi_moradi/quartus/seven_segment_decoder.v Line: 1
Info (12021): Found 1 design units, including 1 entities, in source file processor_system.v
    Info (12023): Found entity 1: processor_system File: /home/mahdi/Documents/DSDL/experiment 10/HW10_403106092_ali_soltani_403106527_yeganeh_karbalaei_403106681_mohammadmahdi_moradi/quartus/processor_system.v Line: 1
Info (12021): Found 1 design units, including 1 entities, in source file memory_io.v
    Info (12023): Found entity 1: memory_io File: /home/mahdi/Documents/DSDL/experiment 10/HW10_403106092_ali_soltani_403106527_yeganeh_karbalaei_403106681_mohammadmahdi_moradi/quartus/memory_io.v Line: 1
Info (12127): Elaborating entity "stack_processor_top" for the top level hierarchy
Info (12128): Elaborating entity "processor_system" for hierarchy "processor_system:processor" File: /home/mahdi/Documents/DSDL/experiment 10/HW10_403106092_ali_soltani_403106527_yeganeh_karbalaei_403106681_mohammadmahdi_moradi/quartus/stack_processor_top.v Line: 36
Info (12128): Elaborating entity "stack_cpu" for hierarchy "processor_system:processor|stack_cpu:cpu" File: /home/mahdi/Documents/DSDL/experiment 10/HW10_403106092_ali_soltani_403106527_yeganeh_karbalaei_403106681_mohammadmahdi_moradi/quartus/processor_system.v Line: 35
Info (10264): Verilog HDL Case Statement information at stack_cpu.v(110): all case item expressions in this case statement are onehot File: /home/mahdi/Documents/DSDL/experiment 10/HW10_403106092_ali_soltani_403106527_yeganeh_karbalaei_403106681_mohammadmahdi_moradi/quartus/stack_cpu.v Line: 110
Warning (10240): Verilog HDL Always Construct warning at stack_cpu.v(136): inferring latch(es) for variable "i", which holds its previous value in one or more paths through the always construct File: /home/mahdi/Documents/DSDL/experiment 10/HW10_403106092_ali_soltani_403106527_yeganeh_karbalaei_403106681_mohammadmahdi_moradi/quartus/stack_cpu.v Line: 136
Info (12128): Elaborating entity "memory_io" for hierarchy "processor_system:processor|memory_io:memory_unit" File: /home/mahdi/Documents/DSDL/experiment 10/HW10_403106092_ali_soltani_403106527_yeganeh_karbalaei_403106681_mohammadmahdi_moradi/quartus/processor_system.v Line: 57
Info (12128): Elaborating entity "seven_segment_decoder" for hierarchy "seven_segment_decoder:low_decoder" File: /home/mahdi/Documents/DSDL/experiment 10/HW10_403106092_ali_soltani_403106527_yeganeh_karbalaei_403106681_mohammadmahdi_moradi/quartus/stack_processor_top.v Line: 46
Info (276014): Found 1 instances of uninferred RAM logic
    Info (276007): RAM logic "processor_system:processor|memory_io:memory_unit|memory" is uninferred due to asynchronous read logic File: /home/mahdi/Documents/DSDL/experiment 10/HW10_403106092_ali_soltani_403106527_yeganeh_karbalaei_403106681_mohammadmahdi_moradi/quartus/memory_io.v Line: 33
Critical Warning (127005): Memory depth (256) in the design file differs from memory depth (248) in the Memory Initialization File "/home/mahdi/Documents/DSDL/experiment 10/HW10_403106092_ali_soltani_403106527_yeganeh_karbalaei_403106681_mohammadmahdi_moradi/quartus/db/stack_processor_top.ram0_memory_io_e2bd8809.hdl.mif" -- setting initial value for remaining addresses to 0
Info (286030): Timing-Driven Synthesis is running
Info (17049): 4 registers lost all their fanouts during netlist optimizations.
Info (16010): Generating hard_block partition "hard_block:auto_generated_inst"
    Info (16011): Adding 0 node(s), including 0 DDIO, 0 PLL, 0 transceiver and 0 LCELL
Info (21057): Implemented 4111 device resources after synthesis - the final resource count might be different
    Info (21058): Implemented 10 input pins
    Info (21059): Implemented 16 output pins
    Info (21061): Implemented 4085 logic cells
Info: Quartus Prime Analysis & Synthesis was successful. 0 errors, 3 warnings
    Info: Peak virtual memory: 563 megabytes
    Info: Processing ended: Sat Sep 12 12:55:52 2026
    Info: Elapsed time: 00:00:11
    Info: Total CPU time (on all processors): 00:00:28


