\BOOKMARK [1][-]{section.1}{\376\377\006\107\006\057\006\101\000\040\006\042\006\062\006\105\006\047\006\314\006\064}{}% 1
\BOOKMARK [1][-]{section.2}{\376\377\006\105\006\064\006\056\006\121\006\065\006\047\006\052\000\040\006\105\006\071\006\105\006\047\006\061\006\314\000\040\006\110\000\040\006\102\006\061\006\047\006\061\006\057\006\047\006\057\000\040\006\176\006\064\006\052\006\107}{}% 2
\BOOKMARK [2][-]{subsection.2.1}{\376\377\006\063\006\047\006\056\006\052\006\047\006\061\000\040\006\251\006\104\006\121\006\314\000\040\006\176\006\061\006\057\006\047\006\062\006\106\006\057\006\107}{section.2}% 3
\BOOKMARK [2][-]{subsection.2.2}{\376\377\006\105\006\054\006\105\006\110\006\071\006\300\000\040\006\057\006\063\006\052\006\110\006\061\006\107\006\047}{section.2}% 4
\BOOKMARK [2][-]{subsection.2.3}{\376\377\006\106\006\105\006\110\006\057\006\047\006\061\000\040\006\050\006\104\006\110\006\251\006\314\000\040\006\176\006\061\006\057\006\047\006\062\006\106\006\057\006\107\006\124\000\040\006\052\006\110\006\063\006\071\006\107\040\014\006\314\006\047\006\101\006\052\006\107}{section.2}% 5
\BOOKMARK [1][-]{section.3}{\376\377\006\052\006\110\006\063\006\071\006\107\006\124\000\040\006\105\006\063\006\314\006\061\000\040\006\057\006\047\006\057\006\107\000\040\006\050\006\061\006\047\006\314\000\040\006\063\006\107\000\040\006\057\006\063\006\052\006\110\006\061\000\040\006\054\006\057\006\314\006\057}{}% 6
\BOOKMARK [2][-]{subsection.3.1}{\376\377\006\057\006\063\006\052\006\110\006\061\000\040\000S\000W\000A\000P}{section.3}% 7
\BOOKMARK [2][-]{subsection.3.2}{\376\377\006\057\006\063\006\052\006\110\006\061\000\040\000S\000H\000L}{section.3}% 8
\BOOKMARK [2][-]{subsection.3.3}{\376\377\006\057\006\063\006\052\006\110\006\061\000\040\000C\000M\000P}{section.3}% 9
\BOOKMARK [2][-]{subsection.3.4}{\376\377\006\054\006\057\006\110\006\104\000\040\006\061\006\314\006\062\006\071\006\105\006\104\006\314\006\047\006\052\000\040\006\057\006\063\006\052\006\110\006\061\006\107\006\047\006\314\000\040\006\054\006\057\006\314\006\057}{section.3}% 10
\BOOKMARK [1][-]{section.4}{\376\377\006\052\006\110\006\063\006\071\006\107\006\124\000\040\006\110\006\047\006\055\006\057\000\040\006\251\006\106\006\052\006\061\006\104}{}% 11
\BOOKMARK [1][-]{section.5}{\376\377\006\106\006\257\006\047\006\064\006\052\000\040\006\055\006\047\006\101\006\070\006\107\000\040\006\110\000\040\006\110\006\061\006\110\006\057\006\314\000\040\006\110\000\040\006\056\006\061\006\110\006\054\006\314}{}% 12
\BOOKMARK [1][-]{section.6}{\376\377\006\063\006\047\006\056\006\052\006\047\006\061\000\040\006\101\006\047\006\314\006\104\040\014\006\107\006\047\006\314\000\040\006\047\006\065\006\104\006\314\000\040\006\110\000\040\006\251\006\057\006\107\006\047\006\314\000\040\006\102\006\047\006\050\006\104\000\040\006\063\006\106\006\052\006\062}{}% 13
\BOOKMARK [2][-]{subsection.6.1}{\376\377\006\107\006\063\006\052\006\300\000\040\006\176\006\061\006\057\006\047\006\062\006\106\006\057\006\107\000:\000\040\000s\000t\000a\000c\000k\000\137\000c\000p\000u\000.\000v}{section.6}% 14
\BOOKMARK [2][-]{subsection.6.2}{\376\377\006\055\006\047\006\101\006\070\006\107\000\040\006\110\000\040\006\057\006\061\006\257\006\047\006\107\040\014\006\107\006\047\000:\000\040\000m\000e\000m\000o\000r\000y\000\137\000i\000o\000.\000v}{section.6}% 15
\BOOKMARK [2][-]{subsection.6.3}{\376\377\006\063\006\047\006\105\006\047\006\106\006\300\000\040\006\176\006\061\006\057\006\047\006\062\006\106\006\057\006\107\000:\000\040\000p\000r\000o\000c\000e\000s\000s\000o\000r\000\137\000s\000y\000s\000t\000e\000m\000.\000v}{section.6}% 16
\BOOKMARK [2][-]{subsection.6.4}{\376\377\006\061\006\105\006\062\006\257\006\064\006\047\006\314\000\040\006\106\006\105\006\047\006\314\006\064\006\257\006\061\000\040\006\107\006\101\006\052\040\014\006\102\006\063\006\105\006\052\006\314\000:\000\040\000s\000e\000v\000e\000n\000\137\000s\000e\000g\000m\000e\000n\000t\000\137\000d\000e\000c\000o\000d\000e\000r\000.\000v}{section.6}% 17
\BOOKMARK [2][-]{subsection.6.5}{\376\377\006\176\006\314\006\105\006\047\006\106\006\300\000\040\006\063\006\067\006\055\000\040\006\050\006\047\006\104\006\047\000:\000\040\000s\000t\000a\000c\000k\000\137\000p\000r\000o\000c\000e\000s\000s\000o\000r\000\137\000t\000o\000p\000.\000v}{section.6}% 18
\BOOKMARK [1][-]{section.7}{\376\377\006\050\006\061\006\106\006\047\006\105\006\300\000\040\006\062\006\050\006\047\006\106\000\040\006\105\006\047\006\064\006\314\006\106}{}% 19
\BOOKMARK [2][-]{subsection.7.1}{\376\377\006\056\006\047\006\106\006\107\040\014\006\107\006\047\006\314\000\040\006\105\006\110\006\102\006\121\006\052\000\040\006\055\006\047\006\101\006\070\006\107}{section.7}% 20
\BOOKMARK [2][-]{subsection.7.2}{\376\377\006\105\006\106\006\067\006\102\000\040\006\105\006\055\006\047\006\063\006\050\006\300\000\040\006\052\006\047\006\050\006\071}{section.7}% 21
\BOOKMARK [2][-]{subsection.7.3}{\376\377\006\052\006\050\006\057\006\314\006\104\000\040\006\056\006\061\006\110\006\054\006\314\000\040\006\050\006\107\000\040\006\057\006\110\000\040\006\061\006\102\006\105\000\040\006\105\006\050\006\106\006\047\006\314\000\040\006\064\006\047\006\106\006\062\006\057\006\107}{section.7}% 22
\BOOKMARK [2][-]{subsection.7.4}{\376\377\006\055\006\057\006\121\006\047\006\251\006\053\006\061\000\040\006\071\006\105\006\102\000\040\006\176\006\064\006\052\006\107}{section.7}% 23
\BOOKMARK [2][-]{subsection.7.5}{\376\377\006\106\006\105\006\110\006\057\006\047\006\061\000\040\006\061\006\110\006\106\006\057\000\040\006\050\006\061\006\106\006\047\006\105\006\107}{section.7}% 24
\BOOKMARK [2][-]{subsection.7.6}{\376\377\006\054\006\057\006\110\006\104\000\040\006\251\006\047\006\105\006\104\000\040\006\251\006\057\000\040\006\105\006\047\006\064\006\314\006\106}{section.7}% 25
\BOOKMARK [1][-]{section.8}{\376\377\006\063\006\106\006\052\006\062\000\040\006\110\000\040\006\105\006\064\006\047\006\107\006\057\006\300\000\040\006\063\006\047\006\056\006\052\006\047\006\061\000\040\006\057\006\061\000\040\000Q\000u\000a\000r\000t\000u\000s}{}% 26
\BOOKMARK [2][-]{subsection.8.1}{\376\377\006\061\006\110\006\106\006\057\000\040\006\047\006\106\006\054\006\047\006\105\000\040\006\251\006\047\006\061\000\040\006\057\006\061\000\040\000Q\000u\000a\000r\000t\000u\000s}{section.8}% 27
\BOOKMARK [2][-]{subsection.8.2}{\376\377\006\106\006\105\006\047\006\314\000\040\006\063\006\067\006\055\000\040\006\050\006\047\006\104\006\047\006\314\000\040\006\063\006\047\006\105\006\047\006\106\006\107}{section.8}% 28
\BOOKMARK [2][-]{subsection.8.3}{\376\377\006\106\006\105\006\047\006\314\000\040\006\052\006\101\006\065\006\314\006\104\006\314\000\040\006\176\006\061\006\057\006\047\006\062\006\106\006\057\006\107}{section.8}% 29
\BOOKMARK [2][-]{subsection.8.4}{\376\377\006\106\006\052\006\314\006\054\006\300\000\040\006\251\006\047\006\105\006\176\006\047\006\314\006\104}{section.8}% 30
\BOOKMARK [1][-]{section.9}{\376\377\006\067\006\061\006\047\006\055\006\314\000\040\006\110\000\040\006\061\006\110\006\064\000\040\006\251\006\047\006\061\000\040\006\101\006\047\006\314\006\104\040\014\006\107\006\047\006\314\000\040\006\042\006\062\006\105\006\110\006\106}{}% 31
\BOOKMARK [2][-]{subsection.9.1}{\376\377\006\042\006\062\006\105\006\110\006\106\000\040\006\105\006\063\006\052\006\102\006\104\000\040\006\057\006\063\006\052\006\110\006\061\006\107\006\047\006\314\000\040\006\054\006\057\006\314\006\057\000\040\006\057\006\061\000\040\000s\000t\000a\000c\000k\000\137\000c\000p\000u\000\137\000t\000b\000.\000v}{section.9}% 32
\BOOKMARK [3][-]{subsubsection.9.1.1}{\376\377\006\042\006\062\006\105\006\110\006\106\000\040\000S\000W\000A\000P}{subsection.9.1}% 33
\BOOKMARK [3][-]{subsubsection.9.1.2}{\376\377\006\042\006\062\006\105\006\110\006\106\040\014\006\107\006\047\006\314\000\040\000S\000H\000L}{subsection.9.1}% 34
\BOOKMARK [3][-]{subsubsection.9.1.3}{\376\377\006\042\006\062\006\105\006\110\006\106\040\014\006\107\006\047\006\314\000\040\000C\000M\000P}{subsection.9.1}% 35
\BOOKMARK [2][-]{subsection.9.2}{\376\377\006\042\006\062\006\105\006\110\006\106\000\040\006\050\006\061\006\106\006\047\006\105\006\300\000\040\006\251\006\047\006\105\006\104\000\040\006\057\006\061\000\040\000s\000t\000a\000c\000k\000\137\000p\000r\000o\000c\000e\000s\000s\000o\000r\000\137\000t\000o\000p\000\137\000t\000b\000.\000v}{section.9}% 36
\BOOKMARK [1][-]{section.10}{\376\377\006\052\006\110\006\066\006\314\006\055\000\040\006\251\006\047\006\105\006\104\000\040\006\042\006\062\006\105\006\110\006\106\040\014\006\107\006\047\006\314\000\040\006\047\006\104\006\062\006\047\006\105\006\314\000\040\006\050\006\061\006\106\006\047\006\105\006\300\000\040\006\106\006\107\006\047\006\314\006\314}{}% 37
\BOOKMARK [2][-]{subsection.10.1}{\376\377\006\110\006\061\006\110\006\057\006\314\000\040\000X\000=\0000}{section.10}% 38
\BOOKMARK [2][-]{subsection.10.2}{\376\377\006\110\006\061\006\110\006\057\006\314\000\040\000X\000=\0003\0001}{section.10}% 39
\BOOKMARK [2][-]{subsection.10.3}{\376\377\006\110\006\061\006\110\006\057\006\314\000\040\000X\000=\0003\0002}{section.10}% 40
\BOOKMARK [2][-]{subsection.10.4}{\376\377\006\110\006\061\006\110\006\057\006\314\000\040\000X\000=\0005\0003}{section.10}% 41
\BOOKMARK [2][-]{subsection.10.5}{\376\377\006\110\006\061\006\110\006\057\006\314\000\040\000X\000=\0005\0004}{section.10}% 42
\BOOKMARK [2][-]{subsection.10.6}{\376\377\006\110\006\061\006\110\006\057\006\314\000\040\000X\000=\0006\0003}{section.10}% 43
\BOOKMARK [2][-]{subsection.10.7}{\376\377\006\110\006\061\006\110\006\057\006\314\000\040\000X\000=\0006\0004}{section.10}% 44
\BOOKMARK [2][-]{subsection.10.8}{\376\377\006\110\006\061\006\110\006\057\006\314\000\040\000X\000=\0001\0002\0007}{section.10}% 45
\BOOKMARK [2][-]{subsection.10.9}{\376\377\006\110\006\061\006\110\006\057\006\314\000\040\000X\000=\0001\0002\0008}{section.10}% 46
\BOOKMARK [2][-]{subsection.10.10}{\376\377\006\110\006\061\006\110\006\057\006\314\000\040\000X\000=\0002\0005\0005}{section.10}% 47
\BOOKMARK [1][-]{section.11}{\376\377\006\064\006\251\006\104\000\040\006\105\006\110\006\054\040\014\006\107\006\047\006\314\000\040\006\105\006\106\006\052\006\056\006\050\000\040\006\110\000\040\006\052\006\055\006\104\006\314\006\104\000\040\006\042\006\106\040\014\006\107\006\047}{}% 48
\BOOKMARK [2][-]{subsection.11.1}{\376\377\006\064\006\251\006\104\000\040\006\105\006\110\006\054\000\040\000X\000=\0003\0001}{section.11}% 49
\BOOKMARK [2][-]{subsection.11.2}{\376\377\006\064\006\251\006\104\000\040\006\105\006\110\006\054\000\040\000X\000=\0003\0002}{section.11}% 50
\BOOKMARK [2][-]{subsection.11.3}{\376\377\006\064\006\251\006\104\000\040\006\105\006\110\006\054\000\040\000X\000=\0005\0004}{section.11}% 51
\BOOKMARK [2][-]{subsection.11.4}{\376\377\006\064\006\251\006\104\000\040\006\105\006\110\006\054\000\040\000X\000=\0006\0004}{section.11}% 52
\BOOKMARK [2][-]{subsection.11.5}{\376\377\006\064\006\251\006\104\000\040\006\105\006\110\006\054\000\040\000X\000=\0001\0002\0008}{section.11}% 53
\BOOKMARK [1][-]{section.12}{\376\377\006\047\006\106\006\067\006\050\006\047\006\102\000\040\006\050\006\047\000\040\006\047\006\104\006\062\006\047\006\105\006\047\006\052\000\040\006\065\006\110\006\061\006\052\000\040\006\042\006\062\006\105\006\047\006\314\006\064}{}% 54
\BOOKMARK [1][-]{section.13}{\376\377\006\101\006\047\006\314\006\104\040\014\006\107\006\047\006\314\000\040\006\052\006\055\006\110\006\314\006\104\006\314}{}% 55
\BOOKMARK [1][-]{section.14}{\376\377\006\054\006\105\006\071\040\014\006\050\006\106\006\057\006\314}{}% 56
