Analysis & Synthesis report for az8
Fri Aug 21 15:13:48 2026
Quartus II 64-Bit Version 13.0.1 Build 232 06/12/2013 Service Pack 1 SJ Web Edition


---------------------
; Table of Contents ;
---------------------
  1. Legal Notice
  2. Analysis & Synthesis Summary
  3. Analysis & Synthesis Settings
  4. Parallel Compilation
  5. Analysis & Synthesis Source Files Read
  6. Analysis & Synthesis Resource Usage Summary
  7. Analysis & Synthesis Resource Utilization by Entity
  8. State Machine - |Top|pipe_state
  9. State Machine - |Top|ControlUnit:cu|state
 10. Registers Removed During Synthesis
 11. Removed Registers Triggering Further Register Optimizations
 12. General Register Statistics
 13. Multiplexer Restructuring Statistics (Restructuring Performed)
 14. Parameter Settings for User Entity Instance: Top-level Entity: |Top
 15. Parameter Settings for User Entity Instance: Datapath:dp
 16. Parameter Settings for User Entity Instance: Datapath:dp|Mul:mult_unit
 17. Parameter Settings for User Entity Instance: Datapath:dp|AddSub:addsub_unit
 18. Parameter Settings for User Entity Instance: Datapath:dp|Conj:conj_unit
 19. Parameter Settings for User Entity Instance: Datapath:dp|Mag2:mag2_unit
 20. Parameter Settings for Inferred Entity Instance: Datapath:dp|Mul:mult_unit|lpm_mult:Mult0
 21. Parameter Settings for Inferred Entity Instance: Datapath:dp|Mul:mult_unit|lpm_mult:Mult0|mult_17t:auto_generated|alt_mac_mult:mac_mult1
 22. Parameter Settings for Inferred Entity Instance: Datapath:dp|Mul:mult_unit|lpm_mult:Mult0|mult_17t:auto_generated|alt_mac_out:mac_out2
 23. lpm_mult Parameter Settings by Entity Instance
 24. Elapsed Time Per Partition
 25. Analysis & Synthesis Messages



----------------
; Legal Notice ;
----------------
Copyright (C) 1991-2013 Altera Corporation
Your use of Altera Corporation's design tools, logic functions 
and other software and tools, and its AMPP partner logic 
functions, and any output files from any of the foregoing 
(including device programming or simulation files), and any 
associated documentation or information are expressly subject 
to the terms and conditions of the Altera Program License 
Subscription Agreement, Altera MegaCore Function License 
Agreement, or other applicable license agreement, including, 
without limitation, that your use is for the sole purpose of 
programming logic devices manufactured by Altera and sold by 
Altera or its authorized distributors.  Please refer to the 
applicable agreement for further details.



+--------------------------------------------------------------------------------------+
; Analysis & Synthesis Summary                                                         ;
+------------------------------------+-------------------------------------------------+
; Analysis & Synthesis Status        ; Successful - Fri Aug 21 15:13:48 2026           ;
; Quartus II 64-Bit Version          ; 13.0.1 Build 232 06/12/2013 SP 1 SJ Web Edition ;
; Revision Name                      ; az8                                             ;
; Top-level Entity Name              ; Top                                             ;
; Family                             ; Cyclone IV GX                                   ;
; Total logic elements               ; 470                                             ;
;     Total combinational functions  ; 356                                             ;
;     Dedicated logic registers      ; 202                                             ;
; Total registers                    ; 202                                             ;
; Total pins                         ; 39                                              ;
; Total virtual pins                 ; 0                                               ;
; Total memory bits                  ; 0                                               ;
; Embedded Multiplier 9-bit elements ; 0                                               ;
; Total GXB Receiver Channel PCS     ; 0                                               ;
; Total GXB Receiver Channel PMA     ; 0                                               ;
; Total GXB Transmitter Channel PCS  ; 0                                               ;
; Total GXB Transmitter Channel PMA  ; 0                                               ;
; Total PLLs                         ; 0                                               ;
+------------------------------------+-------------------------------------------------+


+----------------------------------------------------------------------------------------------------------------------+
; Analysis & Synthesis Settings                                                                                        ;
+----------------------------------------------------------------------------+--------------------+--------------------+
; Option                                                                     ; Setting            ; Default Value      ;
+----------------------------------------------------------------------------+--------------------+--------------------+
; Top-level entity name                                                      ; Top                ; az8                ;
; Family name                                                                ; Cyclone IV GX      ; Cyclone IV GX      ;
; Use smart compilation                                                      ; Off                ; Off                ;
; Enable parallel Assembler and TimeQuest Timing Analyzer during compilation ; On                 ; On                 ;
; Enable compact report table                                                ; Off                ; Off                ;
; Restructure Multiplexers                                                   ; Auto               ; Auto               ;
; Create Debugging Nodes for IP Cores                                        ; Off                ; Off                ;
; Preserve fewer node names                                                  ; On                 ; On                 ;
; Disable OpenCore Plus hardware evaluation                                  ; Off                ; Off                ;
; Verilog Version                                                            ; Verilog_2001       ; Verilog_2001       ;
; VHDL Version                                                               ; VHDL_1993          ; VHDL_1993          ;
; State Machine Processing                                                   ; Auto               ; Auto               ;
; Safe State Machine                                                         ; Off                ; Off                ;
; Extract Verilog State Machines                                             ; On                 ; On                 ;
; Extract VHDL State Machines                                                ; On                 ; On                 ;
; Ignore Verilog initial constructs                                          ; Off                ; Off                ;
; Iteration limit for constant Verilog loops                                 ; 5000               ; 5000               ;
; Iteration limit for non-constant Verilog loops                             ; 250                ; 250                ;
; Add Pass-Through Logic to Inferred RAMs                                    ; On                 ; On                 ;
; Infer RAMs from Raw Logic                                                  ; On                 ; On                 ;
; Parallel Synthesis                                                         ; On                 ; On                 ;
; DSP Block Balancing                                                        ; Auto               ; Auto               ;
; NOT Gate Push-Back                                                         ; On                 ; On                 ;
; Power-Up Don't Care                                                        ; On                 ; On                 ;
; Remove Redundant Logic Cells                                               ; Off                ; Off                ;
; Remove Duplicate Registers                                                 ; On                 ; On                 ;
; Ignore CARRY Buffers                                                       ; Off                ; Off                ;
; Ignore CASCADE Buffers                                                     ; Off                ; Off                ;
; Ignore GLOBAL Buffers                                                      ; Off                ; Off                ;
; Ignore ROW GLOBAL Buffers                                                  ; Off                ; Off                ;
; Ignore LCELL Buffers                                                       ; Off                ; Off                ;
; Ignore SOFT Buffers                                                        ; On                 ; On                 ;
; Limit AHDL Integers to 32 Bits                                             ; Off                ; Off                ;
; Optimization Technique                                                     ; Balanced           ; Balanced           ;
; Carry Chain Length                                                         ; 70                 ; 70                 ;
; Auto Carry Chains                                                          ; On                 ; On                 ;
; Auto Open-Drain Pins                                                       ; On                 ; On                 ;
; Perform WYSIWYG Primitive Resynthesis                                      ; Off                ; Off                ;
; Auto ROM Replacement                                                       ; On                 ; On                 ;
; Auto RAM Replacement                                                       ; On                 ; On                 ;
; Auto DSP Block Replacement                                                 ; On                 ; On                 ;
; Auto Shift Register Replacement                                            ; Auto               ; Auto               ;
; Allow Shift Register Merging across Hierarchies                            ; Auto               ; Auto               ;
; Auto Clock Enable Replacement                                              ; On                 ; On                 ;
; Strict RAM Replacement                                                     ; Off                ; Off                ;
; Allow Synchronous Control Signals                                          ; On                 ; On                 ;
; Force Use of Synchronous Clear Signals                                     ; Off                ; Off                ;
; Auto RAM Block Balancing                                                   ; On                 ; On                 ;
; Auto RAM to Logic Cell Conversion                                          ; Off                ; Off                ;
; Auto Resource Sharing                                                      ; Off                ; Off                ;
; Allow Any RAM Size For Recognition                                         ; Off                ; Off                ;
; Allow Any ROM Size For Recognition                                         ; Off                ; Off                ;
; Allow Any Shift Register Size For Recognition                              ; Off                ; Off                ;
; Use LogicLock Constraints during Resource Balancing                        ; On                 ; On                 ;
; Ignore translate_off and synthesis_off directives                          ; Off                ; Off                ;
; Timing-Driven Synthesis                                                    ; On                 ; On                 ;
; Report Parameter Settings                                                  ; On                 ; On                 ;
; Report Source Assignments                                                  ; On                 ; On                 ;
; Report Connectivity Checks                                                 ; On                 ; On                 ;
; Ignore Maximum Fan-Out Assignments                                         ; Off                ; Off                ;
; Synchronization Register Chain Length                                      ; 2                  ; 2                  ;
; PowerPlay Power Optimization                                               ; Normal compilation ; Normal compilation ;
; HDL message level                                                          ; Level2             ; Level2             ;
; Suppress Register Optimization Related Messages                            ; Off                ; Off                ;
; Number of Removed Registers Reported in Synthesis Report                   ; 5000               ; 5000               ;
; Number of Swept Nodes Reported in Synthesis Report                         ; 5000               ; 5000               ;
; Number of Inverted Registers Reported in Synthesis Report                  ; 100                ; 100                ;
; Clock MUX Protection                                                       ; On                 ; On                 ;
; Auto Gated Clock Conversion                                                ; Off                ; Off                ;
; Block Design Naming                                                        ; Auto               ; Auto               ;
; SDC constraint protection                                                  ; Off                ; Off                ;
; Synthesis Effort                                                           ; Auto               ; Auto               ;
; Shift Register Replacement - Allow Asynchronous Clear Signal               ; On                 ; On                 ;
; Pre-Mapping Resynthesis Optimization                                       ; Off                ; Off                ;
; Analysis & Synthesis Message Level                                         ; Medium             ; Medium             ;
; Disable Register Merging Across Hierarchies                                ; Auto               ; Auto               ;
; Resource Aware Inference For Block RAM                                     ; On                 ; On                 ;
; Synthesis Seed                                                             ; 1                  ; 1                  ;
+----------------------------------------------------------------------------+--------------------+--------------------+


Parallel compilation was disabled, but you have multiple processors available. Enable parallel compilation to reduce compilation time.
+-------------------------------------+
; Parallel Compilation                ;
+----------------------------+--------+
; Processors                 ; Number ;
+----------------------------+--------+
; Number detected on machine ; 16     ;
; Maximum allowed            ; 1      ;
+----------------------------+--------+


+------------------------------------------------------------------------------------------------------------------------------------------------------------------+
; Analysis & Synthesis Source Files Read                                                                                                                           ;
+----------------------------------+-----------------+------------------------------+--------------------------------------------------------------------+---------+
; File Name with User-Entered Path ; Used in Netlist ; File Type                    ; File Name with Absolute Path                                       ; Library ;
+----------------------------------+-----------------+------------------------------+--------------------------------------------------------------------+---------+
; E:/az8/verilog/Top.v             ; yes             ; User Verilog HDL File        ; E:/az8/verilog/Top.v                                               ;         ;
; E:/az8/verilog/Mul.v             ; yes             ; User Verilog HDL File        ; E:/az8/verilog/Mul.v                                               ;         ;
; E:/az8/verilog/Mag2.v            ; yes             ; User Verilog HDL File        ; E:/az8/verilog/Mag2.v                                              ;         ;
; E:/az8/verilog/Datapath.v        ; yes             ; User Verilog HDL File        ; E:/az8/verilog/Datapath.v                                          ;         ;
; E:/az8/verilog/ControlUnit.v     ; yes             ; User Verilog HDL File        ; E:/az8/verilog/ControlUnit.v                                       ;         ;
; E:/az8/verilog/Conj.v            ; yes             ; User Verilog HDL File        ; E:/az8/verilog/Conj.v                                              ;         ;
; E:/az8/verilog/AddSub.v          ; yes             ; User Verilog HDL File        ; E:/az8/verilog/AddSub.v                                            ;         ;
; e:/az8/verilog/memory.txt        ; yes             ; Auto-Found File              ; e:/az8/verilog/memory.txt                                          ;         ;
; lpm_mult.tdf                     ; yes             ; Megafunction                 ; c:/altera/13.0sp1/quartus/libraries/megafunctions/lpm_mult.tdf     ;         ;
; aglobal130.inc                   ; yes             ; Megafunction                 ; c:/altera/13.0sp1/quartus/libraries/megafunctions/aglobal130.inc   ;         ;
; lpm_add_sub.inc                  ; yes             ; Megafunction                 ; c:/altera/13.0sp1/quartus/libraries/megafunctions/lpm_add_sub.inc  ;         ;
; multcore.inc                     ; yes             ; Megafunction                 ; c:/altera/13.0sp1/quartus/libraries/megafunctions/multcore.inc     ;         ;
; bypassff.inc                     ; yes             ; Megafunction                 ; c:/altera/13.0sp1/quartus/libraries/megafunctions/bypassff.inc     ;         ;
; altshift.inc                     ; yes             ; Megafunction                 ; c:/altera/13.0sp1/quartus/libraries/megafunctions/altshift.inc     ;         ;
; db/mult_17t.tdf                  ; yes             ; Auto-Generated Megafunction  ; C:/altera/13.0sp1/az8/db/mult_17t.tdf                              ;         ;
; alt_mac_mult.tdf                 ; yes             ; Megafunction                 ; c:/altera/13.0sp1/quartus/libraries/megafunctions/alt_mac_mult.tdf ;         ;
; lpm_mult.inc                     ; yes             ; Megafunction                 ; c:/altera/13.0sp1/quartus/libraries/megafunctions/lpm_mult.inc     ;         ;
; db/mac_mult_jah1.tdf             ; yes             ; Auto-Generated Megafunction  ; C:/altera/13.0sp1/az8/db/mac_mult_jah1.tdf                         ;         ;
; db/mult_dho.tdf                  ; yes             ; Auto-Generated Megafunction  ; C:/altera/13.0sp1/az8/db/mult_dho.tdf                              ;         ;
; alt_mac_out.tdf                  ; yes             ; Megafunction                 ; c:/altera/13.0sp1/quartus/libraries/megafunctions/alt_mac_out.tdf  ;         ;
; alt_zaccum.inc                   ; yes             ; Megafunction                 ; c:/altera/13.0sp1/quartus/libraries/megafunctions/alt_zaccum.inc   ;         ;
; db/mac_out_ov82.tdf              ; yes             ; Auto-Generated Megafunction  ; C:/altera/13.0sp1/az8/db/mac_out_ov82.tdf                          ;         ;
+----------------------------------+-----------------+------------------------------+--------------------------------------------------------------------+---------+


+---------------------------------------------+
; Analysis & Synthesis Resource Usage Summary ;
+--------------------------+------------------+
; Resource                 ; Usage            ;
+--------------------------+------------------+
; I/O pins                 ; 39               ;
; DSP block 9-bit elements ; 0                ;
; Maximum fan-out node     ; clk~input        ;
; Maximum fan-out          ; 202              ;
; Total fan-out            ; 2048             ;
; Average fan-out          ; 3.22             ;
+--------------------------+------------------+


+------------------------------------------------------------------------------------------------------------------------------------------------------------------------------------------------------------------------------------------------------------------------------------------------------------------------------------+
; Analysis & Synthesis Resource Utilization by Entity                                                                                                                                                                                                                                                                                ;
+--------------------------------------------------+-------------------+--------------+-------------+--------------+---------+-----------+-----------+------+--------------+------------------------------------------------------------------------------------------------------------------------------------------+--------------+
; Compilation Hierarchy Node                       ; LC Combinationals ; LC Registers ; Memory Bits ; DSP Elements ; DSP 9x9 ; DSP 18x18 ; DSP 36x36 ; Pins ; Virtual Pins ; Full Hierarchy Name                                                                                                                      ; Library Name ;
+--------------------------------------------------+-------------------+--------------+-------------+--------------+---------+-----------+-----------+------+--------------+------------------------------------------------------------------------------------------------------------------------------------------+--------------+
; |Top                                             ; 356 (44)          ; 202 (88)     ; 0           ; 0            ; 0       ; 0         ; 0         ; 39   ; 0            ; |Top                                                                                                                                     ; work         ;
;    |ControlUnit:cu|                              ; 24 (24)           ; 18 (18)      ; 0           ; 0            ; 0       ; 0         ; 0         ; 0    ; 0            ; |Top|ControlUnit:cu                                                                                                                      ; work         ;
;    |Datapath:dp|                                 ; 288 (118)         ; 96 (96)      ; 0           ; 0            ; 0       ; 0         ; 0         ; 0    ; 0            ; |Top|Datapath:dp                                                                                                                         ; work         ;
;       |AddSub:addsub_unit|                       ; 70 (70)           ; 0 (0)        ; 0           ; 0            ; 0       ; 0         ; 0         ; 0    ; 0            ; |Top|Datapath:dp|AddSub:addsub_unit                                                                                                      ; work         ;
;       |Conj:conj_unit|                           ; 1 (1)             ; 0 (0)        ; 0           ; 0            ; 0       ; 0         ; 0         ; 0    ; 0            ; |Top|Datapath:dp|Conj:conj_unit                                                                                                          ; work         ;
;       |Mag2:mag2_unit|                           ; 1 (1)             ; 0 (0)        ; 0           ; 0            ; 0       ; 0         ; 0         ; 0    ; 0            ; |Top|Datapath:dp|Mag2:mag2_unit                                                                                                          ; work         ;
;       |Mul:mult_unit|                            ; 98 (0)            ; 0 (0)        ; 0           ; 0            ; 0       ; 0         ; 0         ; 0    ; 0            ; |Top|Datapath:dp|Mul:mult_unit                                                                                                           ; work         ;
;          |lpm_mult:Mult0|                        ; 98 (0)            ; 0 (0)        ; 0           ; 0            ; 0       ; 0         ; 0         ; 0    ; 0            ; |Top|Datapath:dp|Mul:mult_unit|lpm_mult:Mult0                                                                                            ; work         ;
;             |mult_17t:auto_generated|            ; 98 (0)            ; 0 (0)        ; 0           ; 0            ; 0       ; 0         ; 0         ; 0    ; 0            ; |Top|Datapath:dp|Mul:mult_unit|lpm_mult:Mult0|mult_17t:auto_generated                                                                    ; work         ;
;                |alt_mac_mult:mac_mult1|          ; 98 (0)            ; 0 (0)        ; 0           ; 0            ; 0       ; 0         ; 0         ; 0    ; 0            ; |Top|Datapath:dp|Mul:mult_unit|lpm_mult:Mult0|mult_17t:auto_generated|alt_mac_mult:mac_mult1                                             ; work         ;
;                   |mac_mult_jah1:auto_generated| ; 98 (0)            ; 0 (0)        ; 0           ; 0            ; 0       ; 0         ; 0         ; 0    ; 0            ; |Top|Datapath:dp|Mul:mult_unit|lpm_mult:Mult0|mult_17t:auto_generated|alt_mac_mult:mac_mult1|mac_mult_jah1:auto_generated                ; work         ;
;                      |mult_dho:mult1|            ; 98 (98)           ; 0 (0)        ; 0           ; 0            ; 0       ; 0         ; 0         ; 0    ; 0            ; |Top|Datapath:dp|Mul:mult_unit|lpm_mult:Mult0|mult_17t:auto_generated|alt_mac_mult:mac_mult1|mac_mult_jah1:auto_generated|mult_dho:mult1 ; work         ;
+--------------------------------------------------+-------------------+--------------+-------------+--------------+---------+-----------+-----------+------+--------------+------------------------------------------------------------------------------------------------------------------------------------------+--------------+
Note: For table entries with two numbers listed, the numbers in parentheses indicate the number of resources of the given type used by the specific entity alone. The numbers listed outside of parentheses indicate the total resources of the given type used by the specific entity and all of its sub-entities in the hierarchy.


Encoding Type:  One-Hot
+-----------------------------------------------------------------------------------------------------------------------+
; State Machine - |Top|pipe_state                                                                                       ;
+--------------------+-------------------+--------------------+-------------------+------------------+------------------+
; Name               ; pipe_state.UPDATE ; pipe_state.EXECUTE ; pipe_state.DECODE ; pipe_state.FETCH ; pipe_state.STALL ;
+--------------------+-------------------+--------------------+-------------------+------------------+------------------+
; pipe_state.FETCH   ; 0                 ; 0                  ; 0                 ; 0                ; 0                ;
; pipe_state.DECODE  ; 0                 ; 0                  ; 1                 ; 1                ; 0                ;
; pipe_state.EXECUTE ; 0                 ; 1                  ; 0                 ; 1                ; 0                ;
; pipe_state.UPDATE  ; 1                 ; 0                  ; 0                 ; 1                ; 0                ;
; pipe_state.STALL   ; 0                 ; 0                  ; 0                 ; 1                ; 1                ;
+--------------------+-------------------+--------------------+-------------------+------------------+------------------+


Encoding Type:  One-Hot
+----------------------------------------------------------------------------------------------------------------------------------------------------------------------------------------------------------------------------------------------------------------------------------+
; State Machine - |Top|ControlUnit:cu|state                                                                                                                                                                                                                                        ;
+---------------+---------------+---------------+---------------+---------------+-------------+-------------+-------------+-------------+-------------+-------------+-------------+-------------+-------------+-------------+-------------+-------------+-------------+------------+
; Name          ; state.CMAG2_4 ; state.CMAG2_3 ; state.CMAG2_2 ; state.CMAG2_1 ; state.CMUL7 ; state.CMUL6 ; state.CMUL5 ; state.CMUL4 ; state.CMUL3 ; state.CMUL2 ; state.CMUL1 ; state.CONJ2 ; state.CONJ1 ; state.CSUB2 ; state.CSUB1 ; state.CADD2 ; state.CADD1 ; state.IDLE ;
+---------------+---------------+---------------+---------------+---------------+-------------+-------------+-------------+-------------+-------------+-------------+-------------+-------------+-------------+-------------+-------------+-------------+-------------+------------+
; state.IDLE    ; 0             ; 0             ; 0             ; 0             ; 0           ; 0           ; 0           ; 0           ; 0           ; 0           ; 0           ; 0           ; 0           ; 0           ; 0           ; 0           ; 0           ; 0          ;
; state.CADD1   ; 0             ; 0             ; 0             ; 0             ; 0           ; 0           ; 0           ; 0           ; 0           ; 0           ; 0           ; 0           ; 0           ; 0           ; 0           ; 0           ; 1           ; 1          ;
; state.CADD2   ; 0             ; 0             ; 0             ; 0             ; 0           ; 0           ; 0           ; 0           ; 0           ; 0           ; 0           ; 0           ; 0           ; 0           ; 0           ; 1           ; 0           ; 1          ;
; state.CSUB1   ; 0             ; 0             ; 0             ; 0             ; 0           ; 0           ; 0           ; 0           ; 0           ; 0           ; 0           ; 0           ; 0           ; 0           ; 1           ; 0           ; 0           ; 1          ;
; state.CSUB2   ; 0             ; 0             ; 0             ; 0             ; 0           ; 0           ; 0           ; 0           ; 0           ; 0           ; 0           ; 0           ; 0           ; 1           ; 0           ; 0           ; 0           ; 1          ;
; state.CONJ1   ; 0             ; 0             ; 0             ; 0             ; 0           ; 0           ; 0           ; 0           ; 0           ; 0           ; 0           ; 0           ; 1           ; 0           ; 0           ; 0           ; 0           ; 1          ;
; state.CONJ2   ; 0             ; 0             ; 0             ; 0             ; 0           ; 0           ; 0           ; 0           ; 0           ; 0           ; 0           ; 1           ; 0           ; 0           ; 0           ; 0           ; 0           ; 1          ;
; state.CMUL1   ; 0             ; 0             ; 0             ; 0             ; 0           ; 0           ; 0           ; 0           ; 0           ; 0           ; 1           ; 0           ; 0           ; 0           ; 0           ; 0           ; 0           ; 1          ;
; state.CMUL2   ; 0             ; 0             ; 0             ; 0             ; 0           ; 0           ; 0           ; 0           ; 0           ; 1           ; 0           ; 0           ; 0           ; 0           ; 0           ; 0           ; 0           ; 1          ;
; state.CMUL3   ; 0             ; 0             ; 0             ; 0             ; 0           ; 0           ; 0           ; 0           ; 1           ; 0           ; 0           ; 0           ; 0           ; 0           ; 0           ; 0           ; 0           ; 1          ;
; state.CMUL4   ; 0             ; 0             ; 0             ; 0             ; 0           ; 0           ; 0           ; 1           ; 0           ; 0           ; 0           ; 0           ; 0           ; 0           ; 0           ; 0           ; 0           ; 1          ;
; state.CMUL5   ; 0             ; 0             ; 0             ; 0             ; 0           ; 0           ; 1           ; 0           ; 0           ; 0           ; 0           ; 0           ; 0           ; 0           ; 0           ; 0           ; 0           ; 1          ;
; state.CMUL6   ; 0             ; 0             ; 0             ; 0             ; 0           ; 1           ; 0           ; 0           ; 0           ; 0           ; 0           ; 0           ; 0           ; 0           ; 0           ; 0           ; 0           ; 1          ;
; state.CMUL7   ; 0             ; 0             ; 0             ; 0             ; 1           ; 0           ; 0           ; 0           ; 0           ; 0           ; 0           ; 0           ; 0           ; 0           ; 0           ; 0           ; 0           ; 1          ;
; state.CMAG2_1 ; 0             ; 0             ; 0             ; 1             ; 0           ; 0           ; 0           ; 0           ; 0           ; 0           ; 0           ; 0           ; 0           ; 0           ; 0           ; 0           ; 0           ; 1          ;
; state.CMAG2_2 ; 0             ; 0             ; 1             ; 0             ; 0           ; 0           ; 0           ; 0           ; 0           ; 0           ; 0           ; 0           ; 0           ; 0           ; 0           ; 0           ; 0           ; 1          ;
; state.CMAG2_3 ; 0             ; 1             ; 0             ; 0             ; 0           ; 0           ; 0           ; 0           ; 0           ; 0           ; 0           ; 0           ; 0           ; 0           ; 0           ; 0           ; 0           ; 1          ;
; state.CMAG2_4 ; 1             ; 0             ; 0             ; 0             ; 0           ; 0           ; 0           ; 0           ; 0           ; 0           ; 0           ; 0           ; 0           ; 0           ; 0           ; 0           ; 0           ; 1          ;
+---------------+---------------+---------------+---------------+---------------+-------------+-------------+-------------+-------------+-------------+-------------+-------------+-------------+-------------+-------------+-------------+-------------+-------------+------------+


+---------------------------------------------------------------------------------+
; Registers Removed During Synthesis                                              ;
+----------------------------------------+----------------------------------------+
; Register name                          ; Reason for Removal                     ;
+----------------------------------------+----------------------------------------+
; ir[1]                                  ; Stuck at GND due to stuck port data_in ;
; B_imag_reg[1]                          ; Stuck at GND due to stuck port data_in ;
; pipe_state~9                           ; Lost fanout                            ;
; pipe_state~10                          ; Lost fanout                            ;
; ControlUnit:cu|state~4                 ; Lost fanout                            ;
; ControlUnit:cu|state~5                 ; Lost fanout                            ;
; ControlUnit:cu|state~6                 ; Lost fanout                            ;
; ControlUnit:cu|state~7                 ; Lost fanout                            ;
; ControlUnit:cu|state~8                 ; Lost fanout                            ;
; A_imag_reg[4,7]                        ; Merged with A_imag_reg[3]              ;
; A_real_reg[4,7]                        ; Merged with A_real_reg[3]              ;
; B_imag_reg[3,4,7]                      ; Merged with A_real_reg[3]              ;
; A_real_reg[6]                          ; Merged with A_real_reg[5]              ;
; B_imag_reg[5,6]                        ; Merged with A_real_reg[5]              ;
; A_imag_reg[6]                          ; Merged with A_imag_reg[5]              ;
; B_real_reg[4,7]                        ; Merged with B_real_reg[1]              ;
; B_real_reg[6]                          ; Merged with B_real_reg[5]              ;
; ir[20,23]                              ; Merged with ir[19]                     ;
; ir[3,4,7,28,31]                        ; Merged with ir[27]                     ;
; ir[5,6,30]                             ; Merged with ir[29]                     ;
; ir[22]                                 ; Merged with ir[21]                     ;
; ir[9,15]                               ; Merged with ir[12]                     ;
; ir[14]                                 ; Merged with ir[13]                     ;
; Total Number of Removed Registers = 37 ;                                        ;
+----------------------------------------+----------------------------------------+


+------------------------------------------------------------------------------------+
; Removed Registers Triggering Further Register Optimizations                        ;
+---------------+---------------------------+----------------------------------------+
; Register name ; Reason for Removal        ; Registers Removed due to This Register ;
+---------------+---------------------------+----------------------------------------+
; ir[1]         ; Stuck at GND              ; B_imag_reg[1]                          ;
;               ; due to stuck port data_in ;                                        ;
+---------------+---------------------------+----------------------------------------+


+------------------------------------------------------+
; General Register Statistics                          ;
+----------------------------------------------+-------+
; Statistic                                    ; Value ;
+----------------------------------------------+-------+
; Total registers                              ; 202   ;
; Number of registers using Synchronous Clear  ; 10    ;
; Number of registers using Synchronous Load   ; 1     ;
; Number of registers using Asynchronous Clear ; 162   ;
; Number of registers using Asynchronous Load  ; 0     ;
; Number of registers using Clock Enable       ; 177   ;
; Number of registers using Preset             ; 0     ;
+----------------------------------------------+-------+


+--------------------------------------------------------------------------------------------------------------------------------------------------------+
; Multiplexer Restructuring Statistics (Restructuring Performed)                                                                                         ;
+--------------------+-----------+---------------+----------------------+------------------------+------------+------------------------------------------+
; Multiplexer Inputs ; Bus Width ; Baseline Area ; Area if Restructured ; Saving if Restructured ; Registered ; Example Multiplexer Output               ;
+--------------------+-----------+---------------+----------------------+------------------------+------------+------------------------------------------+
; 3:1                ; 16 bits   ; 32 LEs        ; 16 LEs               ; 16 LEs                 ; Yes        ; |Top|Datapath:dp|out_imag[0]             ;
; 3:1                ; 5 bits    ; 10 LEs        ; 5 LEs                ; 5 LEs                  ; No         ; |Top|ControlUnit:cu|next_state.CSUB1     ;
; 8:1                ; 7 bits    ; 35 LEs        ; 28 LEs               ; 7 LEs                  ; No         ; |Top|Datapath:dp|Mux28                   ;
; 8:1                ; 7 bits    ; 35 LEs        ; 28 LEs               ; 7 LEs                  ; No         ; |Top|Datapath:dp|Mux10                   ;
; 5:1                ; 9 bits    ; 27 LEs        ; 27 LEs               ; 0 LEs                  ; No         ; |Top|Datapath:dp|Mux24                   ;
; 16:1               ; 6 bits    ; 60 LEs        ; 60 LEs               ; 0 LEs                  ; No         ; |Top|Datapath:dp|AddSub:addsub_unit|Add0 ;
; 10:1               ; 8 bits    ; 48 LEs        ; 48 LEs               ; 0 LEs                  ; No         ; |Top|Datapath:dp|AddSub:addsub_unit|Add0 ;
+--------------------+-----------+---------------+----------------------+------------------------+------------+------------------------------------------+


+---------------------------------------------------------------------+
; Parameter Settings for User Entity Instance: Top-level Entity: |Top ;
+----------------+-------+--------------------------------------------+
; Parameter Name ; Value ; Type                                       ;
+----------------+-------+--------------------------------------------+
; WIDTH          ; 8     ; Signed Integer                             ;
+----------------+-------+--------------------------------------------+
Note: In order to hide this table in the UI and the text report file, please set the "Show Parameter Settings in Synthesis Report" option in "Analysis and Synthesis Settings -> More Settings" to "Off".


+----------------------------------------------------------+
; Parameter Settings for User Entity Instance: Datapath:dp ;
+----------------+-------+---------------------------------+
; Parameter Name ; Value ; Type                            ;
+----------------+-------+---------------------------------+
; WIDTH          ; 8     ; Signed Integer                  ;
+----------------+-------+---------------------------------+
Note: In order to hide this table in the UI and the text report file, please set the "Show Parameter Settings in Synthesis Report" option in "Analysis and Synthesis Settings -> More Settings" to "Off".


+------------------------------------------------------------------------+
; Parameter Settings for User Entity Instance: Datapath:dp|Mul:mult_unit ;
+----------------+-------+-----------------------------------------------+
; Parameter Name ; Value ; Type                                          ;
+----------------+-------+-----------------------------------------------+
; WIDTH          ; 8     ; Signed Integer                                ;
+----------------+-------+-----------------------------------------------+
Note: In order to hide this table in the UI and the text report file, please set the "Show Parameter Settings in Synthesis Report" option in "Analysis and Synthesis Settings -> More Settings" to "Off".


+-----------------------------------------------------------------------------+
; Parameter Settings for User Entity Instance: Datapath:dp|AddSub:addsub_unit ;
+----------------+-------+----------------------------------------------------+
; Parameter Name ; Value ; Type                                               ;
+----------------+-------+----------------------------------------------------+
; WIDTH          ; 16    ; Signed Integer                                     ;
+----------------+-------+----------------------------------------------------+
Note: In order to hide this table in the UI and the text report file, please set the "Show Parameter Settings in Synthesis Report" option in "Analysis and Synthesis Settings -> More Settings" to "Off".


+-------------------------------------------------------------------------+
; Parameter Settings for User Entity Instance: Datapath:dp|Conj:conj_unit ;
+----------------+-------+------------------------------------------------+
; Parameter Name ; Value ; Type                                           ;
+----------------+-------+------------------------------------------------+
; WIDTH          ; 8     ; Signed Integer                                 ;
+----------------+-------+------------------------------------------------+
Note: In order to hide this table in the UI and the text report file, please set the "Show Parameter Settings in Synthesis Report" option in "Analysis and Synthesis Settings -> More Settings" to "Off".


+-------------------------------------------------------------------------+
; Parameter Settings for User Entity Instance: Datapath:dp|Mag2:mag2_unit ;
+----------------+-------+------------------------------------------------+
; Parameter Name ; Value ; Type                                           ;
+----------------+-------+------------------------------------------------+
; WIDTH          ; 8     ; Signed Integer                                 ;
+----------------+-------+------------------------------------------------+
Note: In order to hide this table in the UI and the text report file, please set the "Show Parameter Settings in Synthesis Report" option in "Analysis and Synthesis Settings -> More Settings" to "Off".


+-------------------------------------------------------------------------------------------+
; Parameter Settings for Inferred Entity Instance: Datapath:dp|Mul:mult_unit|lpm_mult:Mult0 ;
+------------------------------------------------+---------------+--------------------------+
; Parameter Name                                 ; Value         ; Type                     ;
+------------------------------------------------+---------------+--------------------------+
; AUTO_CARRY_CHAINS                              ; ON            ; AUTO_CARRY               ;
; IGNORE_CARRY_BUFFERS                           ; OFF           ; IGNORE_CARRY             ;
; AUTO_CASCADE_CHAINS                            ; ON            ; AUTO_CASCADE             ;
; IGNORE_CASCADE_BUFFERS                         ; OFF           ; IGNORE_CASCADE           ;
; LPM_WIDTHA                                     ; 8             ; Untyped                  ;
; LPM_WIDTHB                                     ; 8             ; Untyped                  ;
; LPM_WIDTHP                                     ; 16            ; Untyped                  ;
; LPM_WIDTHR                                     ; 16            ; Untyped                  ;
; LPM_WIDTHS                                     ; 1             ; Untyped                  ;
; LPM_REPRESENTATION                             ; SIGNED        ; Untyped                  ;
; LPM_PIPELINE                                   ; 0             ; Untyped                  ;
; LATENCY                                        ; 0             ; Untyped                  ;
; INPUT_A_IS_CONSTANT                            ; NO            ; Untyped                  ;
; INPUT_B_IS_CONSTANT                            ; NO            ; Untyped                  ;
; USE_EAB                                        ; OFF           ; Untyped                  ;
; MAXIMIZE_SPEED                                 ; 5             ; Untyped                  ;
; DEVICE_FAMILY                                  ; Cyclone IV GX ; Untyped                  ;
; CARRY_CHAIN                                    ; MANUAL        ; Untyped                  ;
; APEX20K_TECHNOLOGY_MAPPER                      ; LUT           ; TECH_MAPPER_APEX20K      ;
; DEDICATED_MULTIPLIER_CIRCUITRY                 ; AUTO          ; Untyped                  ;
; DEDICATED_MULTIPLIER_MIN_INPUT_WIDTH_FOR_AUTO  ; 0             ; Untyped                  ;
; DEDICATED_MULTIPLIER_MIN_OUTPUT_WIDTH_FOR_AUTO ; 0             ; Untyped                  ;
; CBXI_PARAMETER                                 ; mult_17t      ; Untyped                  ;
; INPUT_A_FIXED_VALUE                            ; Bx            ; Untyped                  ;
; INPUT_B_FIXED_VALUE                            ; Bx            ; Untyped                  ;
; USE_AHDL_IMPLEMENTATION                        ; OFF           ; Untyped                  ;
+------------------------------------------------+---------------+--------------------------+
Note: In order to hide this table in the UI and the text report file, please set the "Show Parameter Settings in Synthesis Report" option in "Analysis and Synthesis Settings -> More Settings" to "Off".


+------------------------------------------------------------------------------------------------------------------------------------------+
; Parameter Settings for Inferred Entity Instance: Datapath:dp|Mul:mult_unit|lpm_mult:Mult0|mult_17t:auto_generated|alt_mac_mult:mac_mult1 ;
+------------------------------+---------------+-------------------------------------------------------------------------------------------+
; Parameter Name               ; Value         ; Type                                                                                      ;
+------------------------------+---------------+-------------------------------------------------------------------------------------------+
; LPM_WIDTHS                   ; 1             ; Untyped                                                                                   ;
; DATAA_WIDTH                  ; 8             ; Untyped                                                                                   ;
; DATAB_WIDTH                  ; 8             ; Untyped                                                                                   ;
; DATAA_CLOCK                  ; NONE          ; Untyped                                                                                   ;
; DATAB_CLOCK                  ; NONE          ; Untyped                                                                                   ;
; SIGNA_CLOCK                  ; NONE          ; Untyped                                                                                   ;
; SIGNB_CLOCK                  ; NONE          ; Untyped                                                                                   ;
; OUTPUT_CLOCK                 ; NONE          ; Untyped                                                                                   ;
; DATAA_CLEAR                  ; NONE          ; Untyped                                                                                   ;
; DATAB_CLEAR                  ; NONE          ; Untyped                                                                                   ;
; SIGNA_CLEAR                  ; NONE          ; Untyped                                                                                   ;
; SIGNB_CLEAR                  ; NONE          ; Untyped                                                                                   ;
; OUTPUT_CLEAR                 ; NONE          ; Untyped                                                                                   ;
; ROUND_CLOCK                  ; none          ; Untyped                                                                                   ;
; ROUND_CLEAR                  ; none          ; Untyped                                                                                   ;
; SATURATE_CLOCK               ; none          ; Untyped                                                                                   ;
; SATURATE_CLEAR               ; none          ; Untyped                                                                                   ;
; BYPASS_MULTIPLIER            ; NO            ; Untyped                                                                                   ;
; DYNAMIC_SCAN_CHAIN_SUPPORTED ; NO            ; Untyped                                                                                   ;
; USING_ROUNDING               ; NO            ; Untyped                                                                                   ;
; USING_SATURATION             ; NO            ; Untyped                                                                                   ;
; EXTRA_OUTPUT_CLOCK           ; none          ; Untyped                                                                                   ;
; EXTRA_SIGNA_CLOCK            ; none          ; Untyped                                                                                   ;
; EXTRA_SIGNB_CLOCK            ; none          ; Untyped                                                                                   ;
; EXTRA_OUTPUT_CLEAR           ; none          ; Untyped                                                                                   ;
; EXTRA_SIGNA_CLEAR            ; none          ; Untyped                                                                                   ;
; EXTRA_SIGNB_CLEAR            ; none          ; Untyped                                                                                   ;
; MULT_PIPELINE                ; 0             ; Untyped                                                                                   ;
; MULT_CLOCK                   ; NONE          ; Untyped                                                                                   ;
; MULT_CLEAR                   ; NONE          ; Untyped                                                                                   ;
; MULT_REPRESENTATION_A        ; SIGNED        ; Untyped                                                                                   ;
; MULT_REPRESENTATION_B        ; SIGNED        ; Untyped                                                                                   ;
; MULT_INPUT_A_IS_CONSTANT     ; NO            ; Untyped                                                                                   ;
; MULT_INPUT_B_IS_CONSTANT     ; NO            ; Untyped                                                                                   ;
; MULT_INPUT_A_FIXED_VALUE     ; Bx            ; Untyped                                                                                   ;
; MULT_INPUT_B_FIXED_VALUE     ; Bx            ; Untyped                                                                                   ;
; MULT_MAXIMIZE_SPEED          ; 5             ; Untyped                                                                                   ;
; CBXI_PARAMETER               ; mac_mult_jah1 ; Untyped                                                                                   ;
+------------------------------+---------------+-------------------------------------------------------------------------------------------+
Note: In order to hide this table in the UI and the text report file, please set the "Show Parameter Settings in Synthesis Report" option in "Analysis and Synthesis Settings -> More Settings" to "Off".


+----------------------------------------------------------------------------------------------------------------------------------------+
; Parameter Settings for Inferred Entity Instance: Datapath:dp|Mul:mult_unit|lpm_mult:Mult0|mult_17t:auto_generated|alt_mac_out:mac_out2 ;
+-------------------------------+--------------+-----------------------------------------------------------------------------------------+
; Parameter Name                ; Value        ; Type                                                                                    ;
+-------------------------------+--------------+-----------------------------------------------------------------------------------------+
; OPERATION_MODE                ; OUTPUT_ONLY  ; Untyped                                                                                 ;
; DATAA_WIDTH                   ; 16           ; Untyped                                                                                 ;
; DATAB_WIDTH                   ; 0            ; Untyped                                                                                 ;
; DATAC_WIDTH                   ; 0            ; Untyped                                                                                 ;
; DATAD_WIDTH                   ; 0            ; Untyped                                                                                 ;
; ADDNSUB0_CLOCK                ; NONE         ; Untyped                                                                                 ;
; ADDNSUB1_CLOCK                ; NONE         ; Untyped                                                                                 ;
; ROUND0_CLOCK                  ; none         ; Untyped                                                                                 ;
; ROUND1_CLOCK                  ; none         ; Untyped                                                                                 ;
; SATURATE_CLOCK                ; none         ; Untyped                                                                                 ;
; MULTABSATURATE_CLOCK          ; none         ; Untyped                                                                                 ;
; MULTCDSATURATE_CLOCK          ; none         ; Untyped                                                                                 ;
; ZEROACC_CLOCK                 ; NONE         ; Untyped                                                                                 ;
; SIGNA_CLOCK                   ; NONE         ; Untyped                                                                                 ;
; SIGNB_CLOCK                   ; NONE         ; Untyped                                                                                 ;
; OUTPUT_CLOCK                  ; NONE         ; Untyped                                                                                 ;
; ADDNSUB0_CLEAR                ; NONE         ; Untyped                                                                                 ;
; ADDNSUB1_CLEAR                ; NONE         ; Untyped                                                                                 ;
; ROUND0_CLEAR                  ; none         ; Untyped                                                                                 ;
; ROUND1_CLEAR                  ; none         ; Untyped                                                                                 ;
; SATURATE_CLEAR                ; none         ; Untyped                                                                                 ;
; MULTABSATURATE_CLEAR          ; none         ; Untyped                                                                                 ;
; MULTCDSATURATE_CLEAR          ; none         ; Untyped                                                                                 ;
; ZEROACC_CLEAR                 ; NONE         ; Untyped                                                                                 ;
; SIGNA_CLEAR                   ; NONE         ; Untyped                                                                                 ;
; SIGNB_CLEAR                   ; NONE         ; Untyped                                                                                 ;
; OUTPUT_CLEAR                  ; NONE         ; Untyped                                                                                 ;
; ADDNSUB0_PIPELINE_CLOCK       ; NONE         ; Untyped                                                                                 ;
; ADDNSUB1_PIPELINE_CLOCK       ; NONE         ; Untyped                                                                                 ;
; ROUND0_PIPELINE_CLOCK         ; none         ; Untyped                                                                                 ;
; ROUND1_PIPELINE_CLOCK         ; none         ; Untyped                                                                                 ;
; SATURATE_PIPELINE_CLOCK       ; none         ; Untyped                                                                                 ;
; MULTABSATURATE_PIPELINE_CLOCK ; none         ; Untyped                                                                                 ;
; MULTCDSATURATE_PIPELINE_CLOCK ; none         ; Untyped                                                                                 ;
; ZEROACC_PIPELINE_CLOCK        ; NONE         ; Untyped                                                                                 ;
; SIGNA_PIPELINE_CLOCK          ; NONE         ; Untyped                                                                                 ;
; SIGNB_PIPELINE_CLOCK          ; NONE         ; Untyped                                                                                 ;
; ADDNSUB0_PIPELINE_CLEAR       ; NONE         ; Untyped                                                                                 ;
; ADDNSUB1_PIPELINE_CLEAR       ; NONE         ; Untyped                                                                                 ;
; ROUND0_PIPELINE_CLEAR         ; none         ; Untyped                                                                                 ;
; ROUND1_PIPELINE_CLEAR         ; none         ; Untyped                                                                                 ;
; SATURATE_PIPELINE_CLEAR       ; none         ; Untyped                                                                                 ;
; MULTABSATURATE_PIPELINE_CLEAR ; none         ; Untyped                                                                                 ;
; MULTCDSATURATE_PIPELINE_CLEAR ; none         ; Untyped                                                                                 ;
; ZEROACC_PIPELINE_CLEAR        ; NONE         ; Untyped                                                                                 ;
; SIGNA_PIPELINE_CLEAR          ; NONE         ; Untyped                                                                                 ;
; SIGNB_PIPELINE_CLEAR          ; NONE         ; Untyped                                                                                 ;
; MODE0_CLOCK                   ; none         ; Untyped                                                                                 ;
; MODE1_CLOCK                   ; none         ; Untyped                                                                                 ;
; ZEROACC1_CLOCK                ; none         ; Untyped                                                                                 ;
; SATURATE1_CLOCK               ; none         ; Untyped                                                                                 ;
; OUTPUT1_CLOCK                 ; none         ; Untyped                                                                                 ;
; OUTPUT2_CLOCK                 ; none         ; Untyped                                                                                 ;
; OUTPUT3_CLOCK                 ; none         ; Untyped                                                                                 ;
; OUTPUT4_CLOCK                 ; none         ; Untyped                                                                                 ;
; OUTPUT5_CLOCK                 ; none         ; Untyped                                                                                 ;
; OUTPUT6_CLOCK                 ; none         ; Untyped                                                                                 ;
; OUTPUT7_CLOCK                 ; none         ; Untyped                                                                                 ;
; MODE0_CLEAR                   ; none         ; Untyped                                                                                 ;
; MODE1_CLEAR                   ; none         ; Untyped                                                                                 ;
; ZEROACC1_CLEAR                ; none         ; Untyped                                                                                 ;
; SATURATE1_CLEAR               ; none         ; Untyped                                                                                 ;
; OUTPUT1_CLEAR                 ; none         ; Untyped                                                                                 ;
; OUTPUT2_CLEAR                 ; none         ; Untyped                                                                                 ;
; OUTPUT3_CLEAR                 ; none         ; Untyped                                                                                 ;
; OUTPUT4_CLEAR                 ; none         ; Untyped                                                                                 ;
; OUTPUT5_CLEAR                 ; none         ; Untyped                                                                                 ;
; OUTPUT6_CLEAR                 ; none         ; Untyped                                                                                 ;
; OUTPUT7_CLEAR                 ; none         ; Untyped                                                                                 ;
; MODE0_PIPELINE_CLOCK          ; none         ; Untyped                                                                                 ;
; MODE1_PIPELINE_CLOCK          ; none         ; Untyped                                                                                 ;
; ZEROACC1_PIPELINE_CLOCK       ; none         ; Untyped                                                                                 ;
; SATURATE1_PIPELINE_CLOCK      ; none         ; Untyped                                                                                 ;
; MODE0_PIPELINE_CLEAR          ; none         ; Untyped                                                                                 ;
; MODE1_PIPELINE_CLEAR          ; none         ; Untyped                                                                                 ;
; ZEROACC1_PIPELINE_CLEAR       ; none         ; Untyped                                                                                 ;
; SATURATE1_PIPELINE_CLEAR      ; none         ; Untyped                                                                                 ;
; FIRST_ADDER0_CLOCK            ; NONE         ; Untyped                                                                                 ;
; FIRST_ADDER1_CLOCK            ; NONE         ; Untyped                                                                                 ;
; FIRST_ADDER0_CLEAR            ; NONE         ; Untyped                                                                                 ;
; FIRST_ADDER1_CLEAR            ; NONE         ; Untyped                                                                                 ;
; DATAA_FORCED_TO_ZERO          ; NO           ; Untyped                                                                                 ;
; DATAC_FORCED_TO_ZERO          ; NO           ; Untyped                                                                                 ;
; USING_ROUNDING                ; NO           ; Untyped                                                                                 ;
; USING_SATURATION              ; NO           ; Untyped                                                                                 ;
; USING_MULT_SATURATION         ; NO           ; Untyped                                                                                 ;
; USING_LOADABLE_ACCUM          ; NO           ; Untyped                                                                                 ;
; LOADABLE_ACCUM_SUPPORTED      ; NO           ; Untyped                                                                                 ;
; USING_CHAINOUT                ; NO           ; Untyped                                                                                 ;
; CHAININ_WIDTH                 ; 0            ; Untyped                                                                                 ;
; CHAINOUT_PIPELINE_CLOCK       ; none         ; Untyped                                                                                 ;
; CHAINOUT_PIPELINE_CLEAR       ; none         ; Untyped                                                                                 ;
; CBXI_PARAMETER                ; mac_out_ov82 ; Untyped                                                                                 ;
+-------------------------------+--------------+-----------------------------------------------------------------------------------------+
Note: In order to hide this table in the UI and the text report file, please set the "Show Parameter Settings in Synthesis Report" option in "Analysis and Synthesis Settings -> More Settings" to "Off".


+----------------------------------------------------------------------------------+
; lpm_mult Parameter Settings by Entity Instance                                   ;
+---------------------------------------+------------------------------------------+
; Name                                  ; Value                                    ;
+---------------------------------------+------------------------------------------+
; Number of entity instances            ; 1                                        ;
; Entity Instance                       ; Datapath:dp|Mul:mult_unit|lpm_mult:Mult0 ;
;     -- LPM_WIDTHA                     ; 8                                        ;
;     -- LPM_WIDTHB                     ; 8                                        ;
;     -- LPM_WIDTHP                     ; 16                                       ;
;     -- LPM_REPRESENTATION             ; SIGNED                                   ;
;     -- INPUT_A_IS_CONSTANT            ; NO                                       ;
;     -- INPUT_B_IS_CONSTANT            ; NO                                       ;
;     -- USE_EAB                        ; OFF                                      ;
;     -- DEDICATED_MULTIPLIER_CIRCUITRY ; AUTO                                     ;
;     -- INPUT_A_FIXED_VALUE            ; Bx                                       ;
;     -- INPUT_B_FIXED_VALUE            ; Bx                                       ;
+---------------------------------------+------------------------------------------+


+-------------------------------+
; Elapsed Time Per Partition    ;
+----------------+--------------+
; Partition Name ; Elapsed Time ;
+----------------+--------------+
; Top            ; 00:00:00     ;
+----------------+--------------+


+-------------------------------+
; Analysis & Synthesis Messages ;
+-------------------------------+
Info: *******************************************************************
Info: Running Quartus II 64-Bit Analysis & Synthesis
    Info: Version 13.0.1 Build 232 06/12/2013 Service Pack 1 SJ Web Edition
    Info: Processing started: Fri Aug 21 15:13:45 2026
Info: Command: quartus_map --read_settings_files=on --write_settings_files=off az8 -c az8
Warning (20028): Parallel compilation is not licensed and has been disabled
Info (12021): Found 1 design units, including 1 entities, in source file e:/az8/verilog/top.v
    Info (12023): Found entity 1: Top
Info (12021): Found 1 design units, including 1 entities, in source file e:/az8/verilog/tb_mul.v
    Info (12023): Found entity 1: tb_Mul
Info (12021): Found 1 design units, including 1 entities, in source file e:/az8/verilog/tb_mag2.v
    Info (12023): Found entity 1: tb_Mag2
Info (12021): Found 1 design units, including 1 entities, in source file e:/az8/verilog/tb_conj.v
    Info (12023): Found entity 1: tb_Conj
Info (12021): Found 1 design units, including 1 entities, in source file e:/az8/verilog/tb_addsub.v
    Info (12023): Found entity 1: tb_AddSub
Info (12021): Found 1 design units, including 1 entities, in source file e:/az8/verilog/tb.v
    Info (12023): Found entity 1: tb
Info (12021): Found 1 design units, including 1 entities, in source file e:/az8/verilog/mul.v
    Info (12023): Found entity 1: Mul
Info (12021): Found 1 design units, including 1 entities, in source file e:/az8/verilog/mag2.v
    Info (12023): Found entity 1: Mag2
Info (12021): Found 1 design units, including 1 entities, in source file e:/az8/verilog/datapath.v
    Info (12023): Found entity 1: Datapath
Info (12021): Found 1 design units, including 1 entities, in source file e:/az8/verilog/controlunit.v
    Info (12023): Found entity 1: ControlUnit
Info (12021): Found 1 design units, including 1 entities, in source file e:/az8/verilog/conj.v
    Info (12023): Found entity 1: Conj
Info (12021): Found 1 design units, including 1 entities, in source file e:/az8/verilog/addsub.v
    Info (12023): Found entity 1: AddSub
Info (12127): Elaborating entity "Top" for the top level hierarchy
Warning (10850): Verilog HDL warning at Top.v(95): number of words (9) in memory file does not match the number of elements in the address range [0:31]
Warning (10230): Verilog HDL assignment warning at memory.txt(5): truncated value with size 36 to match size of target (35)
Warning (10230): Verilog HDL assignment warning at memory.txt(10): truncated value with size 36 to match size of target (35)
Warning (10230): Verilog HDL assignment warning at memory.txt(14): truncated value with size 36 to match size of target (35)
Warning (10230): Verilog HDL assignment warning at memory.txt(18): truncated value with size 36 to match size of target (35)
Warning (10230): Verilog HDL assignment warning at memory.txt(22): truncated value with size 36 to match size of target (35)
Warning (10230): Verilog HDL assignment warning at memory.txt(26): truncated value with size 36 to match size of target (35)
Warning (10230): Verilog HDL assignment warning at memory.txt(30): truncated value with size 36 to match size of target (35)
Warning (10230): Verilog HDL assignment warning at memory.txt(35): truncated value with size 36 to match size of target (35)
Warning (10230): Verilog HDL assignment warning at memory.txt(39): truncated value with size 36 to match size of target (35)
Warning (10230): Verilog HDL assignment warning at Top.v(149): truncated value with size 32 to match size of target (5)
Warning (10030): Net "memory.data_a" at Top.v(17) has no driver or initial value, using a default initial value '0'
Warning (10030): Net "memory.waddr_a" at Top.v(17) has no driver or initial value, using a default initial value '0'
Warning (10030): Net "memory.we_a" at Top.v(17) has no driver or initial value, using a default initial value '0'
Info (12128): Elaborating entity "ControlUnit" for hierarchy "ControlUnit:cu"
Warning (10270): Verilog HDL Case Statement warning at ControlUnit.v(106): incomplete case statement has no default case item
Info (10264): Verilog HDL Case Statement information at ControlUnit.v(106): all case item expressions in this case statement are onehot
Info (12128): Elaborating entity "Datapath" for hierarchy "Datapath:dp"
Info (12128): Elaborating entity "Mul" for hierarchy "Datapath:dp|Mul:mult_unit"
Info (12128): Elaborating entity "AddSub" for hierarchy "Datapath:dp|AddSub:addsub_unit"
Info (12128): Elaborating entity "Conj" for hierarchy "Datapath:dp|Conj:conj_unit"
Info (12128): Elaborating entity "Mag2" for hierarchy "Datapath:dp|Mag2:mag2_unit"
Warning (127007): Memory Initialization File or Hexadecimal (Intel-Format) File "C:/altera/13.0sp1/az8/db/az8.ram0_Top_16614.hdl.mif" contains "don't care" values -- overwriting them with 0s
Info (278001): Inferred 1 megafunctions from design logic
    Info (278003): Inferred multiplier megafunction ("lpm_mult") from the following logic: "Datapath:dp|Mul:mult_unit|Mult0"
Info (12130): Elaborated megafunction instantiation "Datapath:dp|Mul:mult_unit|lpm_mult:Mult0"
Info (12133): Instantiated megafunction "Datapath:dp|Mul:mult_unit|lpm_mult:Mult0" with the following parameter:
    Info (12134): Parameter "LPM_WIDTHA" = "8"
    Info (12134): Parameter "LPM_WIDTHB" = "8"
    Info (12134): Parameter "LPM_WIDTHP" = "16"
    Info (12134): Parameter "LPM_WIDTHR" = "16"
    Info (12134): Parameter "LPM_WIDTHS" = "1"
    Info (12134): Parameter "LPM_REPRESENTATION" = "SIGNED"
    Info (12134): Parameter "INPUT_A_IS_CONSTANT" = "NO"
    Info (12134): Parameter "INPUT_B_IS_CONSTANT" = "NO"
    Info (12134): Parameter "MAXIMIZE_SPEED" = "5"
Info (12021): Found 1 design units, including 1 entities, in source file db/mult_17t.tdf
    Info (12023): Found entity 1: mult_17t
Info (270001): Converted 1 DSP block slices
    Info (270002): Used 1 DSP blocks before DSP block balancing
        Info (270003): Used 1 DSP block slices in "Simple Multiplier (9-bit)" mode implemented in approximately 1 DSP blocks
    Info (270013): Converted the following 1 DSP block slices to logic elements
        Info (270006): DSP block slice in "Simple Multiplier (9-bit)" mode with output node "Datapath:dp|Mul:mult_unit|lpm_mult:Mult0|mult_17t:auto_generated|mac_out2"
            Info (270004): DSP block output node "Datapath:dp|Mul:mult_unit|lpm_mult:Mult0|mult_17t:auto_generated|mac_out2"
            Info (270005): DSP block multiplier node "Datapath:dp|Mul:mult_unit|lpm_mult:Mult0|mult_17t:auto_generated|mac_mult1"
    Info (270002): Used 0 DSP blocks after DSP block balancing
Info (12130): Elaborated megafunction instantiation "Datapath:dp|Mul:mult_unit|lpm_mult:Mult0|mult_17t:auto_generated|alt_mac_mult:mac_mult1"
Info (12133): Instantiated megafunction "Datapath:dp|Mul:mult_unit|lpm_mult:Mult0|mult_17t:auto_generated|alt_mac_mult:mac_mult1" with the following parameter:
    Info (12134): Parameter "MULT_REPRESENTATION_A" = "SIGNED"
    Info (12134): Parameter "MULT_REPRESENTATION_B" = "SIGNED"
    Info (12134): Parameter "MULT_PIPELINE" = "0"
    Info (12134): Parameter "MULT_CLOCK" = "NONE"
    Info (12134): Parameter "MULT_CLEAR" = "NONE"
    Info (12134): Parameter "MULT_INPUT_A_IS_CONSTANT" = "NO"
    Info (12134): Parameter "MULT_INPUT_B_IS_CONSTANT" = "NO"
    Info (12134): Parameter "dataa_width" = "8"
    Info (12134): Parameter "datab_width" = "8"
    Info (12134): Parameter "output_width" = "16"
    Info (12134): Parameter "dataa_clock" = "NONE"
    Info (12134): Parameter "datab_clock" = "NONE"
    Info (12134): Parameter "signa_clock" = "NONE"
    Info (12134): Parameter "signb_clock" = "NONE"
    Info (12134): Parameter "output_clock" = "NONE"
    Info (12134): Parameter "dataa_clear" = "NONE"
    Info (12134): Parameter "datab_clear" = "NONE"
    Info (12134): Parameter "signa_clear" = "NONE"
    Info (12134): Parameter "signb_clear" = "NONE"
    Info (12134): Parameter "output_clear" = "NONE"
Info (12021): Found 1 design units, including 1 entities, in source file db/mac_mult_jah1.tdf
    Info (12023): Found entity 1: mac_mult_jah1
Info (12021): Found 1 design units, including 1 entities, in source file db/mult_dho.tdf
    Info (12023): Found entity 1: mult_dho
Info (12130): Elaborated megafunction instantiation "Datapath:dp|Mul:mult_unit|lpm_mult:Mult0|mult_17t:auto_generated|alt_mac_out:mac_out2"
Info (12133): Instantiated megafunction "Datapath:dp|Mul:mult_unit|lpm_mult:Mult0|mult_17t:auto_generated|alt_mac_out:mac_out2" with the following parameter:
    Info (12134): Parameter "OPERATION_MODE" = "OUTPUT_ONLY"
    Info (12134): Parameter "dataa_width" = "16"
    Info (12134): Parameter "datab_width" = "0"
    Info (12134): Parameter "datac_width" = "0"
    Info (12134): Parameter "datad_width" = "0"
    Info (12134): Parameter "output_width" = "16"
    Info (12134): Parameter "signa_clock" = "NONE"
    Info (12134): Parameter "signb_clock" = "NONE"
    Info (12134): Parameter "addnsub0_clock" = "NONE"
    Info (12134): Parameter "addnsub1_clock" = "NONE"
    Info (12134): Parameter "zeroacc_clock" = "NONE"
    Info (12134): Parameter "first_adder0_clock" = "NONE"
    Info (12134): Parameter "first_adder1_clock" = "NONE"
    Info (12134): Parameter "output_clock" = "NONE"
    Info (12134): Parameter "signa_clear" = "NONE"
    Info (12134): Parameter "signb_clear" = "NONE"
    Info (12134): Parameter "addnsub0_clear" = "NONE"
    Info (12134): Parameter "addnsub1_clear" = "NONE"
    Info (12134): Parameter "zeroacc_clear" = "NONE"
    Info (12134): Parameter "first_adder0_clear" = "NONE"
    Info (12134): Parameter "first_adder1_clear" = "NONE"
    Info (12134): Parameter "output_clear" = "NONE"
    Info (12134): Parameter "signa_pipeline_clock" = "NONE"
    Info (12134): Parameter "signb_pipeline_clock" = "NONE"
    Info (12134): Parameter "addnsub0_pipeline_clock" = "NONE"
    Info (12134): Parameter "addnsub1_pipeline_clock" = "NONE"
    Info (12134): Parameter "zeroacc_pipeline_clock" = "NONE"
    Info (12134): Parameter "signa_pipeline_clear" = "NONE"
    Info (12134): Parameter "signb_pipeline_clear" = "NONE"
    Info (12134): Parameter "addnsub0_pipeline_clear" = "NONE"
    Info (12134): Parameter "addnsub1_pipeline_clear" = "NONE"
    Info (12134): Parameter "zeroacc_pipeline_clear" = "NONE"
Info (12021): Found 1 design units, including 1 entities, in source file db/mac_out_ov82.tdf
    Info (12023): Found entity 1: mac_out_ov82
Info (13014): Ignored 116 buffer(s)
    Info (13016): Ignored 6 CARRY_SUM buffer(s)
    Info (13019): Ignored 110 SOFT buffer(s)
Info (286030): Timing-Driven Synthesis is running
Info (17049): 7 registers lost all their fanouts during netlist optimizations.
Info (16010): Generating hard_block partition "hard_block:auto_generated_inst"
    Info (16011): Adding 0 node(s), including 0 DDIO, 0 PLL, 0 transceiver and 0 LCELL
Info (21057): Implemented 526 device resources after synthesis - the final resource count might be different
    Info (21058): Implemented 2 input pins
    Info (21059): Implemented 37 output pins
    Info (21061): Implemented 487 logic cells
Info: Quartus II 64-Bit Analysis & Synthesis was successful. 0 errors, 17 warnings
    Info: Peak virtual memory: 4651 megabytes
    Info: Processing ended: Fri Aug 21 15:13:48 2026
    Info: Elapsed time: 00:00:03
    Info: Total CPU time (on all processors): 00:00:02


