TimeQuest Timing Analyzer report for Incubator_Control
Thu Aug 13 11:00:19 2026
Quartus II 64-Bit Version 13.0.1 Build 232 06/12/2013 Service Pack 1 SJ Web Edition


---------------------
; Table of Contents ;
---------------------
  1. Legal Notice
  2. TimeQuest Timing Analyzer Summary
  3. Parallel Compilation
  4. SDC File List
  5. Clocks
  6. Slow 1200mV 85C Model Fmax Summary
  7. Timing Closure Recommendations
  8. Slow 1200mV 85C Model Setup Summary
  9. Slow 1200mV 85C Model Hold Summary
 10. Slow 1200mV 85C Model Recovery Summary
 11. Slow 1200mV 85C Model Removal Summary
 12. Slow 1200mV 85C Model Minimum Pulse Width Summary
 13. Slow 1200mV 85C Model Setup: 'clk'
 14. Slow 1200mV 85C Model Hold: 'clk'
 15. Slow 1200mV 85C Model Minimum Pulse Width: 'clk'
 16. Setup Times
 17. Hold Times
 18. Clock to Output Times
 19. Minimum Clock to Output Times
 20. Slow 1200mV 85C Model Metastability Report
 21. Slow 1200mV 0C Model Fmax Summary
 22. Slow 1200mV 0C Model Setup Summary
 23. Slow 1200mV 0C Model Hold Summary
 24. Slow 1200mV 0C Model Recovery Summary
 25. Slow 1200mV 0C Model Removal Summary
 26. Slow 1200mV 0C Model Minimum Pulse Width Summary
 27. Slow 1200mV 0C Model Setup: 'clk'
 28. Slow 1200mV 0C Model Hold: 'clk'
 29. Slow 1200mV 0C Model Minimum Pulse Width: 'clk'
 30. Setup Times
 31. Hold Times
 32. Clock to Output Times
 33. Minimum Clock to Output Times
 34. Slow 1200mV 0C Model Metastability Report
 35. Fast 1200mV 0C Model Setup Summary
 36. Fast 1200mV 0C Model Hold Summary
 37. Fast 1200mV 0C Model Recovery Summary
 38. Fast 1200mV 0C Model Removal Summary
 39. Fast 1200mV 0C Model Minimum Pulse Width Summary
 40. Fast 1200mV 0C Model Setup: 'clk'
 41. Fast 1200mV 0C Model Hold: 'clk'
 42. Fast 1200mV 0C Model Minimum Pulse Width: 'clk'
 43. Setup Times
 44. Hold Times
 45. Clock to Output Times
 46. Minimum Clock to Output Times
 47. Fast 1200mV 0C Model Metastability Report
 48. Multicorner Timing Analysis Summary
 49. Setup Times
 50. Hold Times
 51. Clock to Output Times
 52. Minimum Clock to Output Times
 53. Board Trace Model Assignments
 54. Input Transition Times
 55. Signal Integrity Metrics (Slow 1200mv 0c Model)
 56. Signal Integrity Metrics (Slow 1200mv 85c Model)
 57. Signal Integrity Metrics (Fast 1200mv 0c Model)
 58. Setup Transfers
 59. Hold Transfers
 60. Report TCCS
 61. Report RSKM
 62. Unconstrained Paths
 63. TimeQuest Timing Analyzer Messages



----------------
; Legal Notice ;
----------------
Copyright (C) 1991-2013 Altera Corporation
Your use of Altera Corporation's design tools, logic functions 
and other software and tools, and its AMPP partner logic 
functions, and any output files from any of the foregoing 
(including device programming or simulation files), and any 
associated documentation or information are expressly subject 
to the terms and conditions of the Altera Program License 
Subscription Agreement, Altera MegaCore Function License 
Agreement, or other applicable license agreement, including, 
without limitation, that your use is for the sole purpose of 
programming logic devices manufactured by Altera and sold by 
Altera or its authorized distributors.  Please refer to the 
applicable agreement for further details.



+----------------------------------------------------------------------------------------+
; TimeQuest Timing Analyzer Summary                                                      ;
+--------------------+-------------------------------------------------------------------+
; Quartus II Version ; Version 13.0.1 Build 232 06/12/2013 Service Pack 1 SJ Web Edition ;
; Revision Name      ; Incubator_Control                                                 ;
; Device Family      ; Cyclone IV GX                                                     ;
; Device Name        ; EP4CGX15BF14C6                                                    ;
; Timing Models      ; Final                                                             ;
; Delay Model        ; Combined                                                          ;
; Rise/Fall Delays   ; Enabled                                                           ;
+--------------------+-------------------------------------------------------------------+


Parallel compilation was disabled, but you have multiple processors available. Enable parallel compilation to reduce compilation time.
+-------------------------------------+
; Parallel Compilation                ;
+----------------------------+--------+
; Processors                 ; Number ;
+----------------------------+--------+
; Number detected on machine ; 12     ;
; Maximum allowed            ; 1      ;
+----------------------------+--------+


+-----------------------------------------------------+
; SDC File List                                       ;
+-----------------+--------+--------------------------+
; SDC File Path   ; Status ; Read at                  ;
+-----------------+--------+--------------------------+
; constraints.sdc ; OK     ; Thu Aug 13 11:00:18 2026 ;
+-----------------+--------+--------------------------+


+---------------------------------------------------------------------------------------------------------------------------------------------------------------------------------+
; Clocks                                                                                                                                                                          ;
+------------+------+--------+-----------+-------+--------+------------+-----------+-------------+-------+--------+-----------+------------+----------+--------+--------+---------+
; Clock Name ; Type ; Period ; Frequency ; Rise  ; Fall   ; Duty Cycle ; Divide by ; Multiply by ; Phase ; Offset ; Edge List ; Edge Shift ; Inverted ; Master ; Source ; Targets ;
+------------+------+--------+-----------+-------+--------+------------+-----------+-------------+-------+--------+-----------+------------+----------+--------+--------+---------+
; clk        ; Base ; 20.000 ; 50.0 MHz  ; 0.000 ; 10.000 ;            ;           ;             ;       ;        ;           ;            ;          ;        ;        ; { clk } ;
+------------+------+--------+-----------+-------+--------+------------+-----------+-------------+-------+--------+-----------+------------+----------+--------+--------+---------+


+----------------------------------------------------------------------------------------------------------+
; Slow 1200mV 85C Model Fmax Summary                                                                       ;
+-----------+-----------------+------------+---------------------------------------------------------------+
; Fmax      ; Restricted Fmax ; Clock Name ; Note                                                          ;
+-----------+-----------------+------------+---------------------------------------------------------------+
; 364.3 MHz ; 250.0 MHz       ; clk        ; limit due to minimum period restriction (max I/O toggle rate) ;
+-----------+-----------------+------------+---------------------------------------------------------------+
This panel reports FMAX for every clock in the design, regardless of the user-specified clock periods.  FMAX is only computed for paths where the source and destination registers or ports are driven by the same clock.  Paths of different clocks, including generated clocks, are ignored.  For paths between a clock and its inversion, FMAX is computed as if the rising and falling edges are scaled along with FMAX, such that the duty cycle (in terms of a percentage) is maintained. Altera recommends that you always use clock constraints and other slack reports for sign-off analysis.


----------------------------------
; Timing Closure Recommendations ;
----------------------------------
HTML report is unavailable in plain text report export.


+-------------------------------------+
; Slow 1200mV 85C Model Setup Summary ;
+-------+--------+--------------------+
; Clock ; Slack  ; End Point TNS      ;
+-------+--------+--------------------+
; clk   ; 17.255 ; 0.000              ;
+-------+--------+--------------------+


+------------------------------------+
; Slow 1200mV 85C Model Hold Summary ;
+-------+-------+--------------------+
; Clock ; Slack ; End Point TNS      ;
+-------+-------+--------------------+
; clk   ; 0.356 ; 0.000              ;
+-------+-------+--------------------+


------------------------------------------
; Slow 1200mV 85C Model Recovery Summary ;
------------------------------------------
No paths to report.


-----------------------------------------
; Slow 1200mV 85C Model Removal Summary ;
-----------------------------------------
No paths to report.


+---------------------------------------------------+
; Slow 1200mV 85C Model Minimum Pulse Width Summary ;
+-------+-------+-----------------------------------+
; Clock ; Slack ; End Point TNS                     ;
+-------+-------+-----------------------------------+
; clk   ; 9.708 ; 0.000                             ;
+-------+-------+-----------------------------------+


+--------------------------------------------------------------------------------------------------------------+
; Slow 1200mV 85C Model Setup: 'clk'                                                                           ;
+--------+---------------+---------------+--------------+-------------+--------------+------------+------------+
; Slack  ; From Node     ; To Node       ; Launch Clock ; Latch Clock ; Relationship ; Clock Skew ; Data Delay ;
+--------+---------------+---------------+--------------+-------------+--------------+------------+------------+
; 17.255 ; main_state[0] ; fan_state[1]  ; clk          ; clk         ; 20.000       ; -0.064     ; 2.676      ;
; 17.292 ; main_state[0] ; fan_state[0]  ; clk          ; clk         ; 20.000       ; -0.064     ; 2.639      ;
; 17.576 ; main_state[1] ; fan_state[1]  ; clk          ; clk         ; 20.000       ; -0.064     ; 2.355      ;
; 17.658 ; main_state[1] ; fan_state[0]  ; clk          ; clk         ; 20.000       ; -0.064     ; 2.273      ;
; 17.812 ; main_state[0] ; main_state[1] ; clk          ; clk         ; 20.000       ; -0.064     ; 2.119      ;
; 17.914 ; fan_state[0]  ; fan_state[0]  ; clk          ; clk         ; 20.000       ; -0.064     ; 2.017      ;
; 18.195 ; main_state[1] ; main_state[1] ; clk          ; clk         ; 20.000       ; -0.064     ; 1.736      ;
; 18.290 ; fan_state[0]  ; fan_state[1]  ; clk          ; clk         ; 20.000       ; -0.064     ; 1.641      ;
; 18.374 ; fan_state[1]  ; fan_state[0]  ; clk          ; clk         ; 20.000       ; -0.064     ; 1.557      ;
; 18.462 ; main_state[0] ; main_state[0] ; clk          ; clk         ; 20.000       ; -0.064     ; 1.469      ;
; 18.603 ; fan_state[1]  ; fan_state[1]  ; clk          ; clk         ; 20.000       ; -0.064     ; 1.328      ;
; 18.785 ; main_state[1] ; main_state[0] ; clk          ; clk         ; 20.000       ; -0.064     ; 1.146      ;
+--------+---------------+---------------+--------------+-------------+--------------+------------+------------+


+-------------------------------------------------------------------------------------------------------------+
; Slow 1200mV 85C Model Hold: 'clk'                                                                           ;
+-------+---------------+---------------+--------------+-------------+--------------+------------+------------+
; Slack ; From Node     ; To Node       ; Launch Clock ; Latch Clock ; Relationship ; Clock Skew ; Data Delay ;
+-------+---------------+---------------+--------------+-------------+--------------+------------+------------+
; 0.356 ; main_state[0] ; main_state[0] ; clk          ; clk         ; 0.000        ; 0.064      ; 0.577      ;
; 0.797 ; main_state[1] ; main_state[0] ; clk          ; clk         ; 0.000        ; 0.064      ; 1.018      ;
; 0.924 ; main_state[0] ; main_state[1] ; clk          ; clk         ; 0.000        ; 0.064      ; 1.145      ;
; 0.929 ; fan_state[1]  ; fan_state[1]  ; clk          ; clk         ; 0.000        ; 0.064      ; 1.150      ;
; 0.949 ; main_state[1] ; main_state[1] ; clk          ; clk         ; 0.000        ; 0.064      ; 1.170      ;
; 0.961 ; main_state[0] ; fan_state[0]  ; clk          ; clk         ; 0.000        ; 0.064      ; 1.182      ;
; 1.007 ; fan_state[1]  ; fan_state[0]  ; clk          ; clk         ; 0.000        ; 0.064      ; 1.228      ;
; 1.121 ; fan_state[0]  ; fan_state[1]  ; clk          ; clk         ; 0.000        ; 0.064      ; 1.342      ;
; 1.167 ; fan_state[0]  ; fan_state[0]  ; clk          ; clk         ; 0.000        ; 0.064      ; 1.388      ;
; 1.220 ; main_state[0] ; fan_state[1]  ; clk          ; clk         ; 0.000        ; 0.064      ; 1.441      ;
; 1.430 ; main_state[1] ; fan_state[0]  ; clk          ; clk         ; 0.000        ; 0.064      ; 1.651      ;
; 1.536 ; main_state[1] ; fan_state[1]  ; clk          ; clk         ; 0.000        ; 0.064      ; 1.757      ;
+-------+---------------+---------------+--------------+-------------+--------------+------------+------------+


+------------------------------------------------------------------------------------------------------------+
; Slow 1200mV 85C Model Minimum Pulse Width: 'clk'                                                           ;
+--------+--------------+----------------+------------------+-------+------------+---------------------------+
; Slack  ; Actual Width ; Required Width ; Type             ; Clock ; Clock Edge ; Target                    ;
+--------+--------------+----------------+------------------+-------+------------+---------------------------+
; 9.708  ; 9.892        ; 0.184          ; Low Pulse Width  ; clk   ; Rise       ; fan_state[0]              ;
; 9.708  ; 9.892        ; 0.184          ; Low Pulse Width  ; clk   ; Rise       ; fan_state[1]              ;
; 9.708  ; 9.892        ; 0.184          ; Low Pulse Width  ; clk   ; Rise       ; main_state[0]             ;
; 9.708  ; 9.892        ; 0.184          ; Low Pulse Width  ; clk   ; Rise       ; main_state[1]             ;
; 9.826  ; 9.826        ; 0.000          ; Low Pulse Width  ; clk   ; Rise       ; clk~input|o               ;
; 9.837  ; 9.837        ; 0.000          ; Low Pulse Width  ; clk   ; Rise       ; clk~inputclkctrl|inclk[0] ;
; 9.837  ; 9.837        ; 0.000          ; Low Pulse Width  ; clk   ; Rise       ; clk~inputclkctrl|outclk   ;
; 9.868  ; 9.868        ; 0.000          ; Low Pulse Width  ; clk   ; Rise       ; fan_state[0]|clk          ;
; 9.868  ; 9.868        ; 0.000          ; Low Pulse Width  ; clk   ; Rise       ; fan_state[1]|clk          ;
; 9.868  ; 9.868        ; 0.000          ; Low Pulse Width  ; clk   ; Rise       ; main_state[0]|clk         ;
; 9.868  ; 9.868        ; 0.000          ; Low Pulse Width  ; clk   ; Rise       ; main_state[1]|clk         ;
; 9.892  ; 10.108       ; 0.216          ; High Pulse Width ; clk   ; Rise       ; fan_state[0]              ;
; 9.892  ; 10.108       ; 0.216          ; High Pulse Width ; clk   ; Rise       ; fan_state[1]              ;
; 9.892  ; 10.108       ; 0.216          ; High Pulse Width ; clk   ; Rise       ; main_state[0]             ;
; 9.892  ; 10.108       ; 0.216          ; High Pulse Width ; clk   ; Rise       ; main_state[1]             ;
; 10.000 ; 10.000       ; 0.000          ; High Pulse Width ; clk   ; Rise       ; clk~input|i               ;
; 10.000 ; 10.000       ; 0.000          ; Low Pulse Width  ; clk   ; Rise       ; clk~input|i               ;
; 10.130 ; 10.130       ; 0.000          ; High Pulse Width ; clk   ; Rise       ; fan_state[0]|clk          ;
; 10.130 ; 10.130       ; 0.000          ; High Pulse Width ; clk   ; Rise       ; fan_state[1]|clk          ;
; 10.130 ; 10.130       ; 0.000          ; High Pulse Width ; clk   ; Rise       ; main_state[0]|clk         ;
; 10.130 ; 10.130       ; 0.000          ; High Pulse Width ; clk   ; Rise       ; main_state[1]|clk         ;
; 10.162 ; 10.162       ; 0.000          ; High Pulse Width ; clk   ; Rise       ; clk~inputclkctrl|inclk[0] ;
; 10.162 ; 10.162       ; 0.000          ; High Pulse Width ; clk   ; Rise       ; clk~inputclkctrl|outclk   ;
; 10.174 ; 10.174       ; 0.000          ; High Pulse Width ; clk   ; Rise       ; clk~input|o               ;
; 16.000 ; 20.000       ; 4.000          ; Port Rate        ; clk   ; Rise       ; clk                       ;
; 18.000 ; 20.000       ; 2.000          ; Min Period       ; clk   ; Rise       ; fan_state[0]              ;
; 18.000 ; 20.000       ; 2.000          ; Min Period       ; clk   ; Rise       ; fan_state[1]              ;
; 18.000 ; 20.000       ; 2.000          ; Min Period       ; clk   ; Rise       ; main_state[0]             ;
; 18.000 ; 20.000       ; 2.000          ; Min Period       ; clk   ; Rise       ; main_state[1]             ;
+--------+--------------+----------------+------------------+-------+------------+---------------------------+


+-----------------------------------------------------------------------+
; Setup Times                                                           ;
+-----------+------------+-------+-------+------------+-----------------+
; Data Port ; Clock Port ; Rise  ; Fall  ; Clock Edge ; Clock Reference ;
+-----------+------------+-------+-------+------------+-----------------+
; temp[*]   ; clk        ; 5.608 ; 6.150 ; Rise       ; clk             ;
;  temp[0]  ; clk        ; 5.402 ; 5.768 ; Rise       ; clk             ;
;  temp[1]  ; clk        ; 5.220 ; 5.644 ; Rise       ; clk             ;
;  temp[2]  ; clk        ; 5.306 ; 5.794 ; Rise       ; clk             ;
;  temp[3]  ; clk        ; 4.875 ; 5.363 ; Rise       ; clk             ;
;  temp[4]  ; clk        ; 5.374 ; 5.874 ; Rise       ; clk             ;
;  temp[5]  ; clk        ; 5.165 ; 5.672 ; Rise       ; clk             ;
;  temp[6]  ; clk        ; 5.608 ; 6.150 ; Rise       ; clk             ;
;  temp[7]  ; clk        ; 5.481 ; 5.873 ; Rise       ; clk             ;
+-----------+------------+-------+-------+------------+-----------------+


+-------------------------------------------------------------------------+
; Hold Times                                                              ;
+-----------+------------+--------+--------+------------+-----------------+
; Data Port ; Clock Port ; Rise   ; Fall   ; Clock Edge ; Clock Reference ;
+-----------+------------+--------+--------+------------+-----------------+
; temp[*]   ; clk        ; -1.937 ; -2.370 ; Rise       ; clk             ;
;  temp[0]  ; clk        ; -3.290 ; -3.754 ; Rise       ; clk             ;
;  temp[1]  ; clk        ; -3.149 ; -3.561 ; Rise       ; clk             ;
;  temp[2]  ; clk        ; -2.794 ; -3.220 ; Rise       ; clk             ;
;  temp[3]  ; clk        ; -1.995 ; -2.409 ; Rise       ; clk             ;
;  temp[4]  ; clk        ; -2.499 ; -2.922 ; Rise       ; clk             ;
;  temp[5]  ; clk        ; -2.103 ; -2.534 ; Rise       ; clk             ;
;  temp[6]  ; clk        ; -1.972 ; -2.447 ; Rise       ; clk             ;
;  temp[7]  ; clk        ; -1.937 ; -2.370 ; Rise       ; clk             ;
+-----------+------------+--------+--------+------------+-----------------+


+---------------------------------------------------------------------------+
; Clock to Output Times                                                     ;
+---------------+------------+-------+-------+------------+-----------------+
; Data Port     ; Clock Port ; Rise  ; Fall  ; Clock Edge ; Clock Reference ;
+---------------+------------+-------+-------+------------+-----------------+
; cooler        ; clk        ; 7.713 ; 7.687 ; Rise       ; clk             ;
; fan_speed[*]  ; clk        ; 6.870 ; 6.879 ; Rise       ; clk             ;
;  fan_speed[0] ; clk        ; 6.870 ; 6.879 ; Rise       ; clk             ;
+---------------+------------+-------+-------+------------+-----------------+


+---------------------------------------------------------------------------+
; Minimum Clock to Output Times                                             ;
+---------------+------------+-------+-------+------------+-----------------+
; Data Port     ; Clock Port ; Rise  ; Fall  ; Clock Edge ; Clock Reference ;
+---------------+------------+-------+-------+------------+-----------------+
; cooler        ; clk        ; 7.243 ; 7.177 ; Rise       ; clk             ;
; fan_speed[*]  ; clk        ; 6.389 ; 6.381 ; Rise       ; clk             ;
;  fan_speed[0] ; clk        ; 6.389 ; 6.381 ; Rise       ; clk             ;
+---------------+------------+-------+-------+------------+-----------------+


----------------------------------------------
; Slow 1200mV 85C Model Metastability Report ;
----------------------------------------------
No synchronizer chains to report.


+-----------------------------------------------------------------------------------------------------------+
; Slow 1200mV 0C Model Fmax Summary                                                                         ;
+------------+-----------------+------------+---------------------------------------------------------------+
; Fmax       ; Restricted Fmax ; Clock Name ; Note                                                          ;
+------------+-----------------+------------+---------------------------------------------------------------+
; 406.34 MHz ; 250.0 MHz       ; clk        ; limit due to minimum period restriction (max I/O toggle rate) ;
+------------+-----------------+------------+---------------------------------------------------------------+
This panel reports FMAX for every clock in the design, regardless of the user-specified clock periods.  FMAX is only computed for paths where the source and destination registers or ports are driven by the same clock.  Paths of different clocks, including generated clocks, are ignored.  For paths between a clock and its inversion, FMAX is computed as if the rising and falling edges are scaled along with FMAX, such that the duty cycle (in terms of a percentage) is maintained. Altera recommends that you always use clock constraints and other slack reports for sign-off analysis.


+------------------------------------+
; Slow 1200mV 0C Model Setup Summary ;
+-------+--------+-------------------+
; Clock ; Slack  ; End Point TNS     ;
+-------+--------+-------------------+
; clk   ; 17.539 ; 0.000             ;
+-------+--------+-------------------+


+-----------------------------------+
; Slow 1200mV 0C Model Hold Summary ;
+-------+-------+-------------------+
; Clock ; Slack ; End Point TNS     ;
+-------+-------+-------------------+
; clk   ; 0.310 ; 0.000             ;
+-------+-------+-------------------+


-----------------------------------------
; Slow 1200mV 0C Model Recovery Summary ;
-----------------------------------------
No paths to report.


----------------------------------------
; Slow 1200mV 0C Model Removal Summary ;
----------------------------------------
No paths to report.


+--------------------------------------------------+
; Slow 1200mV 0C Model Minimum Pulse Width Summary ;
+-------+-------+----------------------------------+
; Clock ; Slack ; End Point TNS                    ;
+-------+-------+----------------------------------+
; clk   ; 9.713 ; 0.000                            ;
+-------+-------+----------------------------------+


+--------------------------------------------------------------------------------------------------------------+
; Slow 1200mV 0C Model Setup: 'clk'                                                                            ;
+--------+---------------+---------------+--------------+-------------+--------------+------------+------------+
; Slack  ; From Node     ; To Node       ; Launch Clock ; Latch Clock ; Relationship ; Clock Skew ; Data Delay ;
+--------+---------------+---------------+--------------+-------------+--------------+------------+------------+
; 17.539 ; main_state[0] ; fan_state[1]  ; clk          ; clk         ; 20.000       ; -0.057     ; 2.399      ;
; 17.569 ; main_state[0] ; fan_state[0]  ; clk          ; clk         ; 20.000       ; -0.057     ; 2.369      ;
; 17.855 ; main_state[1] ; fan_state[1]  ; clk          ; clk         ; 20.000       ; -0.057     ; 2.083      ;
; 17.927 ; main_state[1] ; fan_state[0]  ; clk          ; clk         ; 20.000       ; -0.057     ; 2.011      ;
; 18.042 ; main_state[0] ; main_state[1] ; clk          ; clk         ; 20.000       ; -0.057     ; 1.896      ;
; 18.127 ; fan_state[0]  ; fan_state[0]  ; clk          ; clk         ; 20.000       ; -0.057     ; 1.811      ;
; 18.403 ; main_state[1] ; main_state[1] ; clk          ; clk         ; 20.000       ; -0.057     ; 1.535      ;
; 18.468 ; fan_state[0]  ; fan_state[1]  ; clk          ; clk         ; 20.000       ; -0.057     ; 1.470      ;
; 18.553 ; fan_state[1]  ; fan_state[0]  ; clk          ; clk         ; 20.000       ; -0.057     ; 1.385      ;
; 18.618 ; main_state[0] ; main_state[0] ; clk          ; clk         ; 20.000       ; -0.057     ; 1.320      ;
; 18.756 ; fan_state[1]  ; fan_state[1]  ; clk          ; clk         ; 20.000       ; -0.057     ; 1.182      ;
; 18.919 ; main_state[1] ; main_state[0] ; clk          ; clk         ; 20.000       ; -0.057     ; 1.019      ;
+--------+---------------+---------------+--------------+-------------+--------------+------------+------------+


+-------------------------------------------------------------------------------------------------------------+
; Slow 1200mV 0C Model Hold: 'clk'                                                                            ;
+-------+---------------+---------------+--------------+-------------+--------------+------------+------------+
; Slack ; From Node     ; To Node       ; Launch Clock ; Latch Clock ; Relationship ; Clock Skew ; Data Delay ;
+-------+---------------+---------------+--------------+-------------+--------------+------------+------------+
; 0.310 ; main_state[0] ; main_state[0] ; clk          ; clk         ; 0.000        ; 0.057      ; 0.511      ;
; 0.725 ; main_state[1] ; main_state[0] ; clk          ; clk         ; 0.000        ; 0.057      ; 0.926      ;
; 0.836 ; main_state[0] ; main_state[1] ; clk          ; clk         ; 0.000        ; 0.057      ; 1.037      ;
; 0.842 ; fan_state[1]  ; fan_state[1]  ; clk          ; clk         ; 0.000        ; 0.057      ; 1.043      ;
; 0.847 ; main_state[0] ; fan_state[0]  ; clk          ; clk         ; 0.000        ; 0.057      ; 1.048      ;
; 0.851 ; main_state[1] ; main_state[1] ; clk          ; clk         ; 0.000        ; 0.057      ; 1.052      ;
; 0.913 ; fan_state[1]  ; fan_state[0]  ; clk          ; clk         ; 0.000        ; 0.057      ; 1.114      ;
; 1.012 ; fan_state[0]  ; fan_state[1]  ; clk          ; clk         ; 0.000        ; 0.057      ; 1.213      ;
; 1.045 ; fan_state[0]  ; fan_state[0]  ; clk          ; clk         ; 0.000        ; 0.057      ; 1.246      ;
; 1.100 ; main_state[0] ; fan_state[1]  ; clk          ; clk         ; 0.000        ; 0.057      ; 1.301      ;
; 1.285 ; main_state[1] ; fan_state[0]  ; clk          ; clk         ; 0.000        ; 0.057      ; 1.486      ;
; 1.378 ; main_state[1] ; fan_state[1]  ; clk          ; clk         ; 0.000        ; 0.057      ; 1.579      ;
+-------+---------------+---------------+--------------+-------------+--------------+------------+------------+


+------------------------------------------------------------------------------------------------------------+
; Slow 1200mV 0C Model Minimum Pulse Width: 'clk'                                                            ;
+--------+--------------+----------------+------------------+-------+------------+---------------------------+
; Slack  ; Actual Width ; Required Width ; Type             ; Clock ; Clock Edge ; Target                    ;
+--------+--------------+----------------+------------------+-------+------------+---------------------------+
; 9.713  ; 9.897        ; 0.184          ; Low Pulse Width  ; clk   ; Rise       ; fan_state[0]              ;
; 9.713  ; 9.897        ; 0.184          ; Low Pulse Width  ; clk   ; Rise       ; fan_state[1]              ;
; 9.713  ; 9.897        ; 0.184          ; Low Pulse Width  ; clk   ; Rise       ; main_state[0]             ;
; 9.713  ; 9.897        ; 0.184          ; Low Pulse Width  ; clk   ; Rise       ; main_state[1]             ;
; 9.844  ; 9.844        ; 0.000          ; Low Pulse Width  ; clk   ; Rise       ; clk~input|o               ;
; 9.846  ; 9.846        ; 0.000          ; Low Pulse Width  ; clk   ; Rise       ; clk~inputclkctrl|inclk[0] ;
; 9.846  ; 9.846        ; 0.000          ; Low Pulse Width  ; clk   ; Rise       ; clk~inputclkctrl|outclk   ;
; 9.873  ; 9.873        ; 0.000          ; Low Pulse Width  ; clk   ; Rise       ; fan_state[0]|clk          ;
; 9.873  ; 9.873        ; 0.000          ; Low Pulse Width  ; clk   ; Rise       ; fan_state[1]|clk          ;
; 9.873  ; 9.873        ; 0.000          ; Low Pulse Width  ; clk   ; Rise       ; main_state[0]|clk         ;
; 9.873  ; 9.873        ; 0.000          ; Low Pulse Width  ; clk   ; Rise       ; main_state[1]|clk         ;
; 9.885  ; 10.101       ; 0.216          ; High Pulse Width ; clk   ; Rise       ; fan_state[0]              ;
; 9.885  ; 10.101       ; 0.216          ; High Pulse Width ; clk   ; Rise       ; fan_state[1]              ;
; 9.885  ; 10.101       ; 0.216          ; High Pulse Width ; clk   ; Rise       ; main_state[0]             ;
; 9.885  ; 10.101       ; 0.216          ; High Pulse Width ; clk   ; Rise       ; main_state[1]             ;
; 10.000 ; 10.000       ; 0.000          ; High Pulse Width ; clk   ; Rise       ; clk~input|i               ;
; 10.000 ; 10.000       ; 0.000          ; Low Pulse Width  ; clk   ; Rise       ; clk~input|i               ;
; 10.125 ; 10.125       ; 0.000          ; High Pulse Width ; clk   ; Rise       ; fan_state[0]|clk          ;
; 10.125 ; 10.125       ; 0.000          ; High Pulse Width ; clk   ; Rise       ; fan_state[1]|clk          ;
; 10.125 ; 10.125       ; 0.000          ; High Pulse Width ; clk   ; Rise       ; main_state[0]|clk         ;
; 10.125 ; 10.125       ; 0.000          ; High Pulse Width ; clk   ; Rise       ; main_state[1]|clk         ;
; 10.154 ; 10.154       ; 0.000          ; High Pulse Width ; clk   ; Rise       ; clk~inputclkctrl|inclk[0] ;
; 10.154 ; 10.154       ; 0.000          ; High Pulse Width ; clk   ; Rise       ; clk~inputclkctrl|outclk   ;
; 10.156 ; 10.156       ; 0.000          ; High Pulse Width ; clk   ; Rise       ; clk~input|o               ;
; 16.000 ; 20.000       ; 4.000          ; Port Rate        ; clk   ; Rise       ; clk                       ;
; 18.000 ; 20.000       ; 2.000          ; Min Period       ; clk   ; Rise       ; fan_state[0]              ;
; 18.000 ; 20.000       ; 2.000          ; Min Period       ; clk   ; Rise       ; fan_state[1]              ;
; 18.000 ; 20.000       ; 2.000          ; Min Period       ; clk   ; Rise       ; main_state[0]             ;
; 18.000 ; 20.000       ; 2.000          ; Min Period       ; clk   ; Rise       ; main_state[1]             ;
+--------+--------------+----------------+------------------+-------+------------+---------------------------+


+-----------------------------------------------------------------------+
; Setup Times                                                           ;
+-----------+------------+-------+-------+------------+-----------------+
; Data Port ; Clock Port ; Rise  ; Fall  ; Clock Edge ; Clock Reference ;
+-----------+------------+-------+-------+------------+-----------------+
; temp[*]   ; clk        ; 4.972 ; 5.394 ; Rise       ; clk             ;
;  temp[0]  ; clk        ; 4.755 ; 5.092 ; Rise       ; clk             ;
;  temp[1]  ; clk        ; 4.610 ; 4.903 ; Rise       ; clk             ;
;  temp[2]  ; clk        ; 4.701 ; 5.081 ; Rise       ; clk             ;
;  temp[3]  ; clk        ; 4.312 ; 4.703 ; Rise       ; clk             ;
;  temp[4]  ; clk        ; 4.765 ; 5.149 ; Rise       ; clk             ;
;  temp[5]  ; clk        ; 4.571 ; 4.976 ; Rise       ; clk             ;
;  temp[6]  ; clk        ; 4.972 ; 5.394 ; Rise       ; clk             ;
;  temp[7]  ; clk        ; 4.822 ; 5.137 ; Rise       ; clk             ;
+-----------+------------+-------+-------+------------+-----------------+


+-------------------------------------------------------------------------+
; Hold Times                                                              ;
+-----------+------------+--------+--------+------------+-----------------+
; Data Port ; Clock Port ; Rise   ; Fall   ; Clock Edge ; Clock Reference ;
+-----------+------------+--------+--------+------------+-----------------+
; temp[*]   ; clk        ; -1.662 ; -2.015 ; Rise       ; clk             ;
;  temp[0]  ; clk        ; -2.909 ; -3.269 ; Rise       ; clk             ;
;  temp[1]  ; clk        ; -2.777 ; -3.088 ; Rise       ; clk             ;
;  temp[2]  ; clk        ; -2.474 ; -2.763 ; Rise       ; clk             ;
;  temp[3]  ; clk        ; -1.717 ; -2.041 ; Rise       ; clk             ;
;  temp[4]  ; clk        ; -2.179 ; -2.507 ; Rise       ; clk             ;
;  temp[5]  ; clk        ; -1.816 ; -2.154 ; Rise       ; clk             ;
;  temp[6]  ; clk        ; -1.702 ; -2.065 ; Rise       ; clk             ;
;  temp[7]  ; clk        ; -1.662 ; -2.015 ; Rise       ; clk             ;
+-----------+------------+--------+--------+------------+-----------------+


+---------------------------------------------------------------------------+
; Clock to Output Times                                                     ;
+---------------+------------+-------+-------+------------+-----------------+
; Data Port     ; Clock Port ; Rise  ; Fall  ; Clock Edge ; Clock Reference ;
+---------------+------------+-------+-------+------------+-----------------+
; cooler        ; clk        ; 6.960 ; 6.870 ; Rise       ; clk             ;
; fan_speed[*]  ; clk        ; 6.186 ; 6.117 ; Rise       ; clk             ;
;  fan_speed[0] ; clk        ; 6.186 ; 6.117 ; Rise       ; clk             ;
+---------------+------------+-------+-------+------------+-----------------+


+---------------------------------------------------------------------------+
; Minimum Clock to Output Times                                             ;
+---------------+------------+-------+-------+------------+-----------------+
; Data Port     ; Clock Port ; Rise  ; Fall  ; Clock Edge ; Clock Reference ;
+---------------+------------+-------+-------+------------+-----------------+
; cooler        ; clk        ; 6.539 ; 6.403 ; Rise       ; clk             ;
; fan_speed[*]  ; clk        ; 5.751 ; 5.673 ; Rise       ; clk             ;
;  fan_speed[0] ; clk        ; 5.751 ; 5.673 ; Rise       ; clk             ;
+---------------+------------+-------+-------+------------+-----------------+


---------------------------------------------
; Slow 1200mV 0C Model Metastability Report ;
---------------------------------------------
No synchronizer chains to report.


+------------------------------------+
; Fast 1200mV 0C Model Setup Summary ;
+-------+--------+-------------------+
; Clock ; Slack  ; End Point TNS     ;
+-------+--------+-------------------+
; clk   ; 18.480 ; 0.000             ;
+-------+--------+-------------------+


+-----------------------------------+
; Fast 1200mV 0C Model Hold Summary ;
+-------+-------+-------------------+
; Clock ; Slack ; End Point TNS     ;
+-------+-------+-------------------+
; clk   ; 0.186 ; 0.000             ;
+-------+-------+-------------------+


-----------------------------------------
; Fast 1200mV 0C Model Recovery Summary ;
-----------------------------------------
No paths to report.


----------------------------------------
; Fast 1200mV 0C Model Removal Summary ;
----------------------------------------
No paths to report.


+--------------------------------------------------+
; Fast 1200mV 0C Model Minimum Pulse Width Summary ;
+-------+-------+----------------------------------+
; Clock ; Slack ; End Point TNS                    ;
+-------+-------+----------------------------------+
; clk   ; 9.469 ; 0.000                            ;
+-------+-------+----------------------------------+


+--------------------------------------------------------------------------------------------------------------+
; Fast 1200mV 0C Model Setup: 'clk'                                                                            ;
+--------+---------------+---------------+--------------+-------------+--------------+------------+------------+
; Slack  ; From Node     ; To Node       ; Launch Clock ; Latch Clock ; Relationship ; Clock Skew ; Data Delay ;
+--------+---------------+---------------+--------------+-------------+--------------+------------+------------+
; 18.480 ; main_state[0] ; fan_state[1]  ; clk          ; clk         ; 20.000       ; -0.037     ; 1.470      ;
; 18.506 ; main_state[0] ; fan_state[0]  ; clk          ; clk         ; 20.000       ; -0.037     ; 1.444      ;
; 18.632 ; main_state[1] ; fan_state[1]  ; clk          ; clk         ; 20.000       ; -0.037     ; 1.318      ;
; 18.680 ; main_state[1] ; fan_state[0]  ; clk          ; clk         ; 20.000       ; -0.037     ; 1.270      ;
; 18.787 ; main_state[0] ; main_state[1] ; clk          ; clk         ; 20.000       ; -0.037     ; 1.163      ;
; 18.846 ; fan_state[0]  ; fan_state[0]  ; clk          ; clk         ; 20.000       ; -0.037     ; 1.104      ;
; 18.981 ; main_state[1] ; main_state[1] ; clk          ; clk         ; 20.000       ; -0.037     ; 0.969      ;
; 19.043 ; fan_state[0]  ; fan_state[1]  ; clk          ; clk         ; 20.000       ; -0.037     ; 0.907      ;
; 19.089 ; fan_state[1]  ; fan_state[0]  ; clk          ; clk         ; 20.000       ; -0.037     ; 0.861      ;
; 19.145 ; main_state[0] ; main_state[0] ; clk          ; clk         ; 20.000       ; -0.037     ; 0.805      ;
; 19.217 ; fan_state[1]  ; fan_state[1]  ; clk          ; clk         ; 20.000       ; -0.037     ; 0.733      ;
; 19.314 ; main_state[1] ; main_state[0] ; clk          ; clk         ; 20.000       ; -0.037     ; 0.636      ;
+--------+---------------+---------------+--------------+-------------+--------------+------------+------------+


+-------------------------------------------------------------------------------------------------------------+
; Fast 1200mV 0C Model Hold: 'clk'                                                                            ;
+-------+---------------+---------------+--------------+-------------+--------------+------------+------------+
; Slack ; From Node     ; To Node       ; Launch Clock ; Latch Clock ; Relationship ; Clock Skew ; Data Delay ;
+-------+---------------+---------------+--------------+-------------+--------------+------------+------------+
; 0.186 ; main_state[0] ; main_state[0] ; clk          ; clk         ; 0.000        ; 0.037      ; 0.307      ;
; 0.422 ; main_state[1] ; main_state[0] ; clk          ; clk         ; 0.000        ; 0.037      ; 0.543      ;
; 0.489 ; fan_state[1]  ; fan_state[1]  ; clk          ; clk         ; 0.000        ; 0.037      ; 0.610      ;
; 0.497 ; main_state[0] ; main_state[1] ; clk          ; clk         ; 0.000        ; 0.037      ; 0.618      ;
; 0.507 ; main_state[1] ; main_state[1] ; clk          ; clk         ; 0.000        ; 0.037      ; 0.628      ;
; 0.510 ; main_state[0] ; fan_state[0]  ; clk          ; clk         ; 0.000        ; 0.037      ; 0.631      ;
; 0.544 ; fan_state[1]  ; fan_state[0]  ; clk          ; clk         ; 0.000        ; 0.037      ; 0.665      ;
; 0.611 ; fan_state[0]  ; fan_state[1]  ; clk          ; clk         ; 0.000        ; 0.037      ; 0.732      ;
; 0.641 ; main_state[0] ; fan_state[1]  ; clk          ; clk         ; 0.000        ; 0.037      ; 0.762      ;
; 0.650 ; fan_state[0]  ; fan_state[0]  ; clk          ; clk         ; 0.000        ; 0.037      ; 0.771      ;
; 0.746 ; main_state[1] ; fan_state[0]  ; clk          ; clk         ; 0.000        ; 0.037      ; 0.867      ;
; 0.833 ; main_state[1] ; fan_state[1]  ; clk          ; clk         ; 0.000        ; 0.037      ; 0.954      ;
+-------+---------------+---------------+--------------+-------------+--------------+------------+------------+


+------------------------------------------------------------------------------------------------------------+
; Fast 1200mV 0C Model Minimum Pulse Width: 'clk'                                                            ;
+--------+--------------+----------------+------------------+-------+------------+---------------------------+
; Slack  ; Actual Width ; Required Width ; Type             ; Clock ; Clock Edge ; Target                    ;
+--------+--------------+----------------+------------------+-------+------------+---------------------------+
; 9.469  ; 9.653        ; 0.184          ; Low Pulse Width  ; clk   ; Rise       ; fan_state[0]              ;
; 9.469  ; 9.653        ; 0.184          ; Low Pulse Width  ; clk   ; Rise       ; fan_state[1]              ;
; 9.469  ; 9.653        ; 0.184          ; Low Pulse Width  ; clk   ; Rise       ; main_state[0]             ;
; 9.469  ; 9.653        ; 0.184          ; Low Pulse Width  ; clk   ; Rise       ; main_state[1]             ;
; 9.625  ; 9.625        ; 0.000          ; Low Pulse Width  ; clk   ; Rise       ; clk~input|o               ;
; 9.639  ; 9.639        ; 0.000          ; Low Pulse Width  ; clk   ; Rise       ; clk~inputclkctrl|inclk[0] ;
; 9.639  ; 9.639        ; 0.000          ; Low Pulse Width  ; clk   ; Rise       ; clk~inputclkctrl|outclk   ;
; 9.648  ; 9.648        ; 0.000          ; Low Pulse Width  ; clk   ; Rise       ; fan_state[0]|clk          ;
; 9.648  ; 9.648        ; 0.000          ; Low Pulse Width  ; clk   ; Rise       ; fan_state[1]|clk          ;
; 9.648  ; 9.648        ; 0.000          ; Low Pulse Width  ; clk   ; Rise       ; main_state[0]|clk         ;
; 9.648  ; 9.648        ; 0.000          ; Low Pulse Width  ; clk   ; Rise       ; main_state[1]|clk         ;
; 10.000 ; 10.000       ; 0.000          ; High Pulse Width ; clk   ; Rise       ; clk~input|i               ;
; 10.000 ; 10.000       ; 0.000          ; Low Pulse Width  ; clk   ; Rise       ; clk~input|i               ;
; 10.130 ; 10.346       ; 0.216          ; High Pulse Width ; clk   ; Rise       ; fan_state[0]              ;
; 10.130 ; 10.346       ; 0.216          ; High Pulse Width ; clk   ; Rise       ; fan_state[1]              ;
; 10.130 ; 10.346       ; 0.216          ; High Pulse Width ; clk   ; Rise       ; main_state[0]             ;
; 10.130 ; 10.346       ; 0.216          ; High Pulse Width ; clk   ; Rise       ; main_state[1]             ;
; 10.351 ; 10.351       ; 0.000          ; High Pulse Width ; clk   ; Rise       ; fan_state[0]|clk          ;
; 10.351 ; 10.351       ; 0.000          ; High Pulse Width ; clk   ; Rise       ; fan_state[1]|clk          ;
; 10.351 ; 10.351       ; 0.000          ; High Pulse Width ; clk   ; Rise       ; main_state[0]|clk         ;
; 10.351 ; 10.351       ; 0.000          ; High Pulse Width ; clk   ; Rise       ; main_state[1]|clk         ;
; 10.361 ; 10.361       ; 0.000          ; High Pulse Width ; clk   ; Rise       ; clk~inputclkctrl|inclk[0] ;
; 10.361 ; 10.361       ; 0.000          ; High Pulse Width ; clk   ; Rise       ; clk~inputclkctrl|outclk   ;
; 10.375 ; 10.375       ; 0.000          ; High Pulse Width ; clk   ; Rise       ; clk~input|o               ;
; 16.000 ; 20.000       ; 4.000          ; Port Rate        ; clk   ; Rise       ; clk                       ;
; 18.000 ; 20.000       ; 2.000          ; Min Period       ; clk   ; Rise       ; fan_state[0]              ;
; 18.000 ; 20.000       ; 2.000          ; Min Period       ; clk   ; Rise       ; fan_state[1]              ;
; 18.000 ; 20.000       ; 2.000          ; Min Period       ; clk   ; Rise       ; main_state[0]             ;
; 18.000 ; 20.000       ; 2.000          ; Min Period       ; clk   ; Rise       ; main_state[1]             ;
+--------+--------------+----------------+------------------+-------+------------+---------------------------+


+-----------------------------------------------------------------------+
; Setup Times                                                           ;
+-----------+------------+-------+-------+------------+-----------------+
; Data Port ; Clock Port ; Rise  ; Fall  ; Clock Edge ; Clock Reference ;
+-----------+------------+-------+-------+------------+-----------------+
; temp[*]   ; clk        ; 3.116 ; 3.748 ; Rise       ; clk             ;
;  temp[0]  ; clk        ; 3.034 ; 3.535 ; Rise       ; clk             ;
;  temp[1]  ; clk        ; 2.919 ; 3.520 ; Rise       ; clk             ;
;  temp[2]  ; clk        ; 2.951 ; 3.543 ; Rise       ; clk             ;
;  temp[3]  ; clk        ; 2.708 ; 3.315 ; Rise       ; clk             ;
;  temp[4]  ; clk        ; 2.966 ; 3.596 ; Rise       ; clk             ;
;  temp[5]  ; clk        ; 2.856 ; 3.465 ; Rise       ; clk             ;
;  temp[6]  ; clk        ; 3.096 ; 3.748 ; Rise       ; clk             ;
;  temp[7]  ; clk        ; 3.116 ; 3.673 ; Rise       ; clk             ;
+-----------+------------+-------+-------+------------+-----------------+


+-------------------------------------------------------------------------+
; Hold Times                                                              ;
+-----------+------------+--------+--------+------------+-----------------+
; Data Port ; Clock Port ; Rise   ; Fall   ; Clock Edge ; Clock Reference ;
+-----------+------------+--------+--------+------------+-----------------+
; temp[*]   ; clk        ; -1.080 ; -1.660 ; Rise       ; clk             ;
;  temp[0]  ; clk        ; -1.810 ; -2.429 ; Rise       ; clk             ;
;  temp[1]  ; clk        ; -1.746 ; -2.297 ; Rise       ; clk             ;
;  temp[2]  ; clk        ; -1.525 ; -2.143 ; Rise       ; clk             ;
;  temp[3]  ; clk        ; -1.095 ; -1.667 ; Rise       ; clk             ;
;  temp[4]  ; clk        ; -1.369 ; -1.952 ; Rise       ; clk             ;
;  temp[5]  ; clk        ; -1.167 ; -1.739 ; Rise       ; clk             ;
;  temp[6]  ; clk        ; -1.080 ; -1.687 ; Rise       ; clk             ;
;  temp[7]  ; clk        ; -1.084 ; -1.660 ; Rise       ; clk             ;
+-----------+------------+--------+--------+------------+-----------------+


+---------------------------------------------------------------------------+
; Clock to Output Times                                                     ;
+---------------+------------+-------+-------+------------+-----------------+
; Data Port     ; Clock Port ; Rise  ; Fall  ; Clock Edge ; Clock Reference ;
+---------------+------------+-------+-------+------------+-----------------+
; cooler        ; clk        ; 4.471 ; 4.643 ; Rise       ; clk             ;
; fan_speed[*]  ; clk        ; 4.019 ; 4.089 ; Rise       ; clk             ;
;  fan_speed[0] ; clk        ; 4.019 ; 4.089 ; Rise       ; clk             ;
+---------------+------------+-------+-------+------------+-----------------+


+---------------------------------------------------------------------------+
; Minimum Clock to Output Times                                             ;
+---------------+------------+-------+-------+------------+-----------------+
; Data Port     ; Clock Port ; Rise  ; Fall  ; Clock Edge ; Clock Reference ;
+---------------+------------+-------+-------+------------+-----------------+
; cooler        ; clk        ; 4.192 ; 4.329 ; Rise       ; clk             ;
; fan_speed[*]  ; clk        ; 3.758 ; 3.801 ; Rise       ; clk             ;
;  fan_speed[0] ; clk        ; 3.758 ; 3.801 ; Rise       ; clk             ;
+---------------+------------+-------+-------+------------+-----------------+


---------------------------------------------
; Fast 1200mV 0C Model Metastability Report ;
---------------------------------------------
No synchronizer chains to report.


+------------------------------------------------------------------------------+
; Multicorner Timing Analysis Summary                                          ;
+------------------+--------+-------+----------+---------+---------------------+
; Clock            ; Setup  ; Hold  ; Recovery ; Removal ; Minimum Pulse Width ;
+------------------+--------+-------+----------+---------+---------------------+
; Worst-case Slack ; 17.255 ; 0.186 ; N/A      ; N/A     ; 9.469               ;
;  clk             ; 17.255 ; 0.186 ; N/A      ; N/A     ; 9.469               ;
; Design-wide TNS  ; 0.0    ; 0.0   ; 0.0      ; 0.0     ; 0.0                 ;
;  clk             ; 0.000  ; 0.000 ; N/A      ; N/A     ; 0.000               ;
+------------------+--------+-------+----------+---------+---------------------+


+-----------------------------------------------------------------------+
; Setup Times                                                           ;
+-----------+------------+-------+-------+------------+-----------------+
; Data Port ; Clock Port ; Rise  ; Fall  ; Clock Edge ; Clock Reference ;
+-----------+------------+-------+-------+------------+-----------------+
; temp[*]   ; clk        ; 5.608 ; 6.150 ; Rise       ; clk             ;
;  temp[0]  ; clk        ; 5.402 ; 5.768 ; Rise       ; clk             ;
;  temp[1]  ; clk        ; 5.220 ; 5.644 ; Rise       ; clk             ;
;  temp[2]  ; clk        ; 5.306 ; 5.794 ; Rise       ; clk             ;
;  temp[3]  ; clk        ; 4.875 ; 5.363 ; Rise       ; clk             ;
;  temp[4]  ; clk        ; 5.374 ; 5.874 ; Rise       ; clk             ;
;  temp[5]  ; clk        ; 5.165 ; 5.672 ; Rise       ; clk             ;
;  temp[6]  ; clk        ; 5.608 ; 6.150 ; Rise       ; clk             ;
;  temp[7]  ; clk        ; 5.481 ; 5.873 ; Rise       ; clk             ;
+-----------+------------+-------+-------+------------+-----------------+


+-------------------------------------------------------------------------+
; Hold Times                                                              ;
+-----------+------------+--------+--------+------------+-----------------+
; Data Port ; Clock Port ; Rise   ; Fall   ; Clock Edge ; Clock Reference ;
+-----------+------------+--------+--------+------------+-----------------+
; temp[*]   ; clk        ; -1.080 ; -1.660 ; Rise       ; clk             ;
;  temp[0]  ; clk        ; -1.810 ; -2.429 ; Rise       ; clk             ;
;  temp[1]  ; clk        ; -1.746 ; -2.297 ; Rise       ; clk             ;
;  temp[2]  ; clk        ; -1.525 ; -2.143 ; Rise       ; clk             ;
;  temp[3]  ; clk        ; -1.095 ; -1.667 ; Rise       ; clk             ;
;  temp[4]  ; clk        ; -1.369 ; -1.952 ; Rise       ; clk             ;
;  temp[5]  ; clk        ; -1.167 ; -1.739 ; Rise       ; clk             ;
;  temp[6]  ; clk        ; -1.080 ; -1.687 ; Rise       ; clk             ;
;  temp[7]  ; clk        ; -1.084 ; -1.660 ; Rise       ; clk             ;
+-----------+------------+--------+--------+------------+-----------------+


+---------------------------------------------------------------------------+
; Clock to Output Times                                                     ;
+---------------+------------+-------+-------+------------+-----------------+
; Data Port     ; Clock Port ; Rise  ; Fall  ; Clock Edge ; Clock Reference ;
+---------------+------------+-------+-------+------------+-----------------+
; cooler        ; clk        ; 7.713 ; 7.687 ; Rise       ; clk             ;
; fan_speed[*]  ; clk        ; 6.870 ; 6.879 ; Rise       ; clk             ;
;  fan_speed[0] ; clk        ; 6.870 ; 6.879 ; Rise       ; clk             ;
+---------------+------------+-------+-------+------------+-----------------+


+---------------------------------------------------------------------------+
; Minimum Clock to Output Times                                             ;
+---------------+------------+-------+-------+------------+-----------------+
; Data Port     ; Clock Port ; Rise  ; Fall  ; Clock Edge ; Clock Reference ;
+---------------+------------+-------+-------+------------+-----------------+
; cooler        ; clk        ; 4.192 ; 4.329 ; Rise       ; clk             ;
; fan_speed[*]  ; clk        ; 3.758 ; 3.801 ; Rise       ; clk             ;
;  fan_speed[0] ; clk        ; 3.758 ; 3.801 ; Rise       ; clk             ;
+---------------+------------+-------+-------+------------+-----------------+


+------------------------------------------------------------------------------------------------------------------------------------------------------------------------------------------------------------------------------------------------------------------------------------------------------------------------------------------------------------------------------------------------------------------+
; Board Trace Model Assignments                                                                                                                                                                                                                                                                                                                                                                                    ;
+---------------+--------------+-------------------+-------------------------+-------------------------+---------------+---------------------+----------------+------------------+--------+------------------+------------------------+------------------------+--------------+---------------+-----------------+-------+---------------------+--------------------+---------------+-----------------+-------------+
; Pin           ; I/O Standard ; Near Tline Length ; Near Tline L per Length ; Near Tline C per Length ; Near Series R ; Near Differential R ; Near Pull-up R ; Near Pull-down R ; Near C ; Far Tline Length ; Far Tline L per Length ; Far Tline C per Length ; Far Series R ; Far Pull-up R ; Far Pull-down R ; Far C ; Termination Voltage ; Far Differential R ; EBD File Name ; EBD Signal Name ; EBD Far-end ;
+---------------+--------------+-------------------+-------------------------+-------------------------+---------------+---------------------+----------------+------------------+--------+------------------+------------------------+------------------------+--------------+---------------+-----------------+-------+---------------------+--------------------+---------------+-----------------+-------------+
; heater        ; 2.5 V        ; 0 in              ; 0 H/in                  ; 0 F/in                  ; short         ; -                   ; open           ; open             ; open   ; 0 in             ; 0 H/in                 ; 0 F/in                 ; short        ; open          ; open            ; open  ; 0 V                 ; -                  ; n/a           ; n/a             ; n/a         ;
; cooler        ; 2.5 V        ; 0 in              ; 0 H/in                  ; 0 F/in                  ; short         ; -                   ; open           ; open             ; open   ; 0 in             ; 0 H/in                 ; 0 F/in                 ; short        ; open          ; open            ; open  ; 0 V                 ; -                  ; n/a           ; n/a             ; n/a         ;
; fan_speed[0]  ; 2.5 V        ; 0 in              ; 0 H/in                  ; 0 F/in                  ; short         ; -                   ; open           ; open             ; open   ; 0 in             ; 0 H/in                 ; 0 F/in                 ; short        ; open          ; open            ; open  ; 0 V                 ; -                  ; n/a           ; n/a             ; n/a         ;
; fan_speed[1]  ; 2.5 V        ; 0 in              ; 0 H/in                  ; 0 F/in                  ; short         ; -                   ; open           ; open             ; open   ; 0 in             ; 0 H/in                 ; 0 F/in                 ; short        ; open          ; open            ; open  ; 0 V                 ; -                  ; n/a           ; n/a             ; n/a         ;
; error_sensor  ; 2.5 V        ; 0 in              ; 0 H/in                  ; 0 F/in                  ; short         ; -                   ; open           ; open             ; open   ; 0 in             ; 0 H/in                 ; 0 F/in                 ; short        ; open          ; open            ; open  ; 0 V                 ; -                  ; n/a           ; n/a             ; n/a         ;
; ~ALTERA_NCEO~ ; 2.5 V        ; 0 in              ; 0 H/in                  ; 0 F/in                  ; short         ; -                   ; open           ; open             ; open   ; 0 in             ; 0 H/in                 ; 0 F/in                 ; short        ; open          ; open            ; open  ; 0 V                 ; -                  ; n/a           ; n/a             ; n/a         ;
; ~ALTERA_DCLK~ ; 2.5 V        ; 0 in              ; 0 H/in                  ; 0 F/in                  ; short         ; -                   ; open           ; open             ; open   ; 0 in             ; 0 H/in                 ; 0 F/in                 ; short        ; open          ; open            ; open  ; 0 V                 ; -                  ; n/a           ; n/a             ; n/a         ;
+---------------+--------------+-------------------+-------------------------+-------------------------+---------------+---------------------+----------------+------------------+--------+------------------+------------------------+------------------------+--------------+---------------+-----------------+-------+---------------------+--------------------+---------------+-----------------+-------------+


+-------------------------------------------------------------------+
; Input Transition Times                                            ;
+----------------+--------------+-----------------+-----------------+
; Pin            ; I/O Standard ; 10-90 Rise Time ; 90-10 Fall Time ;
+----------------+--------------+-----------------+-----------------+
; temp[7]        ; 2.5 V        ; 2000 ps         ; 2000 ps         ;
; temp[6]        ; 2.5 V        ; 2000 ps         ; 2000 ps         ;
; temp[0]        ; 2.5 V        ; 2000 ps         ; 2000 ps         ;
; temp[1]        ; 2.5 V        ; 2000 ps         ; 2000 ps         ;
; temp[2]        ; 2.5 V        ; 2000 ps         ; 2000 ps         ;
; temp[3]        ; 2.5 V        ; 2000 ps         ; 2000 ps         ;
; temp[4]        ; 2.5 V        ; 2000 ps         ; 2000 ps         ;
; temp[5]        ; 2.5 V        ; 2000 ps         ; 2000 ps         ;
; clk            ; 2.5 V        ; 2000 ps         ; 2000 ps         ;
; rst            ; 2.5 V        ; 2000 ps         ; 2000 ps         ;
; ~ALTERA_DATA0~ ; 2.5 V        ; 2000 ps         ; 2000 ps         ;
; ~ALTERA_ASDO~  ; 2.5 V        ; 2000 ps         ; 2000 ps         ;
; ~ALTERA_NCSO~  ; 2.5 V        ; 2000 ps         ; 2000 ps         ;
+----------------+--------------+-----------------+-----------------+


+--------------------------------------------------------------------------------------------------------------------------------------------------------------------------------------------------------------------------------------------------------------------------------------------------------------------------------------------------------------------------------------------------------------------------------------------------------------------------------------------------------------------------------------------------------------------------------------------------------------------------------------------------------------------------------------------+
; Signal Integrity Metrics (Slow 1200mv 0c Model)                                                                                                                                                                                                                                                                                                                                                                                                                                                                                                                                                                                                                                            ;
+---------------+--------------+---------------------+---------------------+------------------------------+------------------------------+---------------------+---------------------+--------------------------------------+--------------------------------------+-----------------------------+-----------------------------+----------------------------+----------------------------+-----------------------------+-----------------------------+--------------------+--------------------+-------------------------------------+-------------------------------------+----------------------------+----------------------------+---------------------------+---------------------------+
; Pin           ; I/O Standard ; Board Delay on Rise ; Board Delay on Fall ; Steady State Voh at FPGA Pin ; Steady State Vol at FPGA Pin ; Voh Max at FPGA Pin ; Vol Min at FPGA Pin ; Ringback Voltage on Rise at FPGA Pin ; Ringback Voltage on Fall at FPGA Pin ; 10-90 Rise Time at FPGA Pin ; 90-10 Fall Time at FPGA Pin ; Monotonic Rise at FPGA Pin ; Monotonic Fall at FPGA Pin ; Steady State Voh at Far-end ; Steady State Vol at Far-end ; Voh Max at Far-end ; Vol Min at Far-end ; Ringback Voltage on Rise at Far-end ; Ringback Voltage on Fall at Far-end ; 10-90 Rise Time at Far-end ; 90-10 Fall Time at Far-end ; Monotonic Rise at Far-end ; Monotonic Fall at Far-end ;
+---------------+--------------+---------------------+---------------------+------------------------------+------------------------------+---------------------+---------------------+--------------------------------------+--------------------------------------+-----------------------------+-----------------------------+----------------------------+----------------------------+-----------------------------+-----------------------------+--------------------+--------------------+-------------------------------------+-------------------------------------+----------------------------+----------------------------+---------------------------+---------------------------+
; heater        ; 2.5 V        ; 0 s                 ; 0 s                 ; 2.32 V                       ; 7.29e-09 V                   ; 2.39 V              ; -0.00317 V          ; 0.179 V                              ; 0.007 V                              ; 4.7e-10 s                   ; 4.72e-10 s                  ; No                         ; Yes                        ; 2.32 V                      ; 7.29e-09 V                  ; 2.39 V             ; -0.00317 V         ; 0.179 V                             ; 0.007 V                             ; 4.7e-10 s                  ; 4.72e-10 s                 ; No                        ; Yes                       ;
; cooler        ; 2.5 V        ; 0 s                 ; 0 s                 ; 2.32 V                       ; 7.29e-09 V                   ; 2.39 V              ; -0.00317 V          ; 0.179 V                              ; 0.007 V                              ; 4.7e-10 s                   ; 4.72e-10 s                  ; No                         ; Yes                        ; 2.32 V                      ; 7.29e-09 V                  ; 2.39 V             ; -0.00317 V         ; 0.179 V                             ; 0.007 V                             ; 4.7e-10 s                  ; 4.72e-10 s                 ; No                        ; Yes                       ;
; fan_speed[0]  ; 2.5 V        ; 0 s                 ; 0 s                 ; 2.32 V                       ; 5.16e-09 V                   ; 2.37 V              ; -0.00861 V          ; 0.168 V                              ; 0.038 V                              ; 6.79e-10 s                  ; 6.49e-10 s                  ; No                         ; Yes                        ; 2.32 V                      ; 5.16e-09 V                  ; 2.37 V             ; -0.00861 V         ; 0.168 V                             ; 0.038 V                             ; 6.79e-10 s                 ; 6.49e-10 s                 ; No                        ; Yes                       ;
; fan_speed[1]  ; 2.5 V        ; 0 s                 ; 0 s                 ; 2.32 V                       ; 7.29e-09 V                   ; 2.39 V              ; -0.00339 V          ; 0.206 V                              ; 0.007 V                              ; 2.77e-10 s                  ; 3.24e-10 s                  ; Yes                        ; Yes                        ; 2.32 V                      ; 7.29e-09 V                  ; 2.39 V             ; -0.00339 V         ; 0.206 V                             ; 0.007 V                             ; 2.77e-10 s                 ; 3.24e-10 s                 ; Yes                       ; Yes                       ;
; error_sensor  ; 2.5 V        ; 0 s                 ; 0 s                 ; 2.32 V                       ; 5.16e-09 V                   ; 2.37 V              ; -0.00861 V          ; 0.168 V                              ; 0.038 V                              ; 6.79e-10 s                  ; 6.49e-10 s                  ; No                         ; Yes                        ; 2.32 V                      ; 5.16e-09 V                  ; 2.37 V             ; -0.00861 V         ; 0.168 V                             ; 0.038 V                             ; 6.79e-10 s                 ; 6.49e-10 s                 ; No                        ; Yes                       ;
; ~ALTERA_NCEO~ ; 2.5 V        ; 0 s                 ; 0 s                 ; 2.32 V                       ; 4.76e-09 V                   ; 2.4 V               ; -0.034 V            ; 0.102 V                              ; 0.065 V                              ; 2.49e-10 s                  ; 3.49e-10 s                  ; Yes                        ; Yes                        ; 2.32 V                      ; 4.76e-09 V                  ; 2.4 V              ; -0.034 V           ; 0.102 V                             ; 0.065 V                             ; 2.49e-10 s                 ; 3.49e-10 s                 ; Yes                       ; Yes                       ;
; ~ALTERA_DCLK~ ; 2.5 V        ; 0 s                 ; 0 s                 ; 2.32 V                       ; 5.94e-09 V                   ; 2.39 V              ; -0.0344 V           ; 0.156 V                              ; 0.089 V                              ; 2.68e-10 s                  ; 2.6e-10 s                   ; Yes                        ; Yes                        ; 2.32 V                      ; 5.94e-09 V                  ; 2.39 V             ; -0.0344 V          ; 0.156 V                             ; 0.089 V                             ; 2.68e-10 s                 ; 2.6e-10 s                  ; Yes                       ; Yes                       ;
+---------------+--------------+---------------------+---------------------+------------------------------+------------------------------+---------------------+---------------------+--------------------------------------+--------------------------------------+-----------------------------+-----------------------------+----------------------------+----------------------------+-----------------------------+-----------------------------+--------------------+--------------------+-------------------------------------+-------------------------------------+----------------------------+----------------------------+---------------------------+---------------------------+


+--------------------------------------------------------------------------------------------------------------------------------------------------------------------------------------------------------------------------------------------------------------------------------------------------------------------------------------------------------------------------------------------------------------------------------------------------------------------------------------------------------------------------------------------------------------------------------------------------------------------------------------------------------------------------------------------+
; Signal Integrity Metrics (Slow 1200mv 85c Model)                                                                                                                                                                                                                                                                                                                                                                                                                                                                                                                                                                                                                                           ;
+---------------+--------------+---------------------+---------------------+------------------------------+------------------------------+---------------------+---------------------+--------------------------------------+--------------------------------------+-----------------------------+-----------------------------+----------------------------+----------------------------+-----------------------------+-----------------------------+--------------------+--------------------+-------------------------------------+-------------------------------------+----------------------------+----------------------------+---------------------------+---------------------------+
; Pin           ; I/O Standard ; Board Delay on Rise ; Board Delay on Fall ; Steady State Voh at FPGA Pin ; Steady State Vol at FPGA Pin ; Voh Max at FPGA Pin ; Vol Min at FPGA Pin ; Ringback Voltage on Rise at FPGA Pin ; Ringback Voltage on Fall at FPGA Pin ; 10-90 Rise Time at FPGA Pin ; 90-10 Fall Time at FPGA Pin ; Monotonic Rise at FPGA Pin ; Monotonic Fall at FPGA Pin ; Steady State Voh at Far-end ; Steady State Vol at Far-end ; Voh Max at Far-end ; Vol Min at Far-end ; Ringback Voltage on Rise at Far-end ; Ringback Voltage on Fall at Far-end ; 10-90 Rise Time at Far-end ; 90-10 Fall Time at Far-end ; Monotonic Rise at Far-end ; Monotonic Fall at Far-end ;
+---------------+--------------+---------------------+---------------------+------------------------------+------------------------------+---------------------+---------------------+--------------------------------------+--------------------------------------+-----------------------------+-----------------------------+----------------------------+----------------------------+-----------------------------+-----------------------------+--------------------+--------------------+-------------------------------------+-------------------------------------+----------------------------+----------------------------+---------------------------+---------------------------+
; heater        ; 2.5 V        ; 0 s                 ; 0 s                 ; 2.32 V                       ; 1.21e-06 V                   ; 2.36 V              ; -0.00833 V          ; 0.113 V                              ; 0.035 V                              ; 6.32e-10 s                  ; 5.89e-10 s                  ; No                         ; Yes                        ; 2.32 V                      ; 1.21e-06 V                  ; 2.36 V             ; -0.00833 V         ; 0.113 V                             ; 0.035 V                             ; 6.32e-10 s                 ; 5.89e-10 s                 ; No                        ; Yes                       ;
; cooler        ; 2.5 V        ; 0 s                 ; 0 s                 ; 2.32 V                       ; 1.21e-06 V                   ; 2.36 V              ; -0.00833 V          ; 0.113 V                              ; 0.035 V                              ; 6.32e-10 s                  ; 5.89e-10 s                  ; No                         ; Yes                        ; 2.32 V                      ; 1.21e-06 V                  ; 2.36 V             ; -0.00833 V         ; 0.113 V                             ; 0.035 V                             ; 6.32e-10 s                 ; 5.89e-10 s                 ; No                        ; Yes                       ;
; fan_speed[0]  ; 2.5 V        ; 0 s                 ; 0 s                 ; 2.32 V                       ; 8.13e-07 V                   ; 2.35 V              ; -0.00662 V          ; 0.129 V                              ; 0.049 V                              ; 8.55e-10 s                  ; 8.01e-10 s                  ; No                         ; Yes                        ; 2.32 V                      ; 8.13e-07 V                  ; 2.35 V             ; -0.00662 V         ; 0.129 V                             ; 0.049 V                             ; 8.55e-10 s                 ; 8.01e-10 s                 ; No                        ; Yes                       ;
; fan_speed[1]  ; 2.5 V        ; 0 s                 ; 0 s                 ; 2.32 V                       ; 1.21e-06 V                   ; 2.37 V              ; -0.00606 V          ; 0.107 V                              ; 0.021 V                              ; 4.26e-10 s                  ; 4.03e-10 s                  ; Yes                        ; Yes                        ; 2.32 V                      ; 1.21e-06 V                  ; 2.37 V             ; -0.00606 V         ; 0.107 V                             ; 0.021 V                             ; 4.26e-10 s                 ; 4.03e-10 s                 ; Yes                       ; Yes                       ;
; error_sensor  ; 2.5 V        ; 0 s                 ; 0 s                 ; 2.32 V                       ; 8.13e-07 V                   ; 2.35 V              ; -0.00662 V          ; 0.129 V                              ; 0.049 V                              ; 8.55e-10 s                  ; 8.01e-10 s                  ; No                         ; Yes                        ; 2.32 V                      ; 8.13e-07 V                  ; 2.35 V             ; -0.00662 V         ; 0.129 V                             ; 0.049 V                             ; 8.55e-10 s                 ; 8.01e-10 s                 ; No                        ; Yes                       ;
; ~ALTERA_NCEO~ ; 2.5 V        ; 0 s                 ; 0 s                 ; 2.32 V                       ; 7.93e-07 V                   ; 2.37 V              ; -0.0278 V           ; 0.106 V                              ; 0.115 V                              ; 2.69e-10 s                  ; 4.05e-10 s                  ; Yes                        ; Yes                        ; 2.32 V                      ; 7.93e-07 V                  ; 2.37 V             ; -0.0278 V          ; 0.106 V                             ; 0.115 V                             ; 2.69e-10 s                 ; 4.05e-10 s                 ; Yes                       ; Yes                       ;
; ~ALTERA_DCLK~ ; 2.5 V        ; 0 s                 ; 0 s                 ; 2.32 V                       ; 9.76e-07 V                   ; 2.36 V              ; -0.00439 V          ; 0.088 V                              ; 0.007 V                              ; 4.05e-10 s                  ; 3.35e-10 s                  ; Yes                        ; Yes                        ; 2.32 V                      ; 9.76e-07 V                  ; 2.36 V             ; -0.00439 V         ; 0.088 V                             ; 0.007 V                             ; 4.05e-10 s                 ; 3.35e-10 s                 ; Yes                       ; Yes                       ;
+---------------+--------------+---------------------+---------------------+------------------------------+------------------------------+---------------------+---------------------+--------------------------------------+--------------------------------------+-----------------------------+-----------------------------+----------------------------+----------------------------+-----------------------------+-----------------------------+--------------------+--------------------+-------------------------------------+-------------------------------------+----------------------------+----------------------------+---------------------------+---------------------------+


+--------------------------------------------------------------------------------------------------------------------------------------------------------------------------------------------------------------------------------------------------------------------------------------------------------------------------------------------------------------------------------------------------------------------------------------------------------------------------------------------------------------------------------------------------------------------------------------------------------------------------------------------------------------------------------------------+
; Signal Integrity Metrics (Fast 1200mv 0c Model)                                                                                                                                                                                                                                                                                                                                                                                                                                                                                                                                                                                                                                            ;
+---------------+--------------+---------------------+---------------------+------------------------------+------------------------------+---------------------+---------------------+--------------------------------------+--------------------------------------+-----------------------------+-----------------------------+----------------------------+----------------------------+-----------------------------+-----------------------------+--------------------+--------------------+-------------------------------------+-------------------------------------+----------------------------+----------------------------+---------------------------+---------------------------+
; Pin           ; I/O Standard ; Board Delay on Rise ; Board Delay on Fall ; Steady State Voh at FPGA Pin ; Steady State Vol at FPGA Pin ; Voh Max at FPGA Pin ; Vol Min at FPGA Pin ; Ringback Voltage on Rise at FPGA Pin ; Ringback Voltage on Fall at FPGA Pin ; 10-90 Rise Time at FPGA Pin ; 90-10 Fall Time at FPGA Pin ; Monotonic Rise at FPGA Pin ; Monotonic Fall at FPGA Pin ; Steady State Voh at Far-end ; Steady State Vol at Far-end ; Voh Max at Far-end ; Vol Min at Far-end ; Ringback Voltage on Rise at Far-end ; Ringback Voltage on Fall at Far-end ; 10-90 Rise Time at Far-end ; 90-10 Fall Time at Far-end ; Monotonic Rise at Far-end ; Monotonic Fall at Far-end ;
+---------------+--------------+---------------------+---------------------+------------------------------+------------------------------+---------------------+---------------------+--------------------------------------+--------------------------------------+-----------------------------+-----------------------------+----------------------------+----------------------------+-----------------------------+-----------------------------+--------------------+--------------------+-------------------------------------+-------------------------------------+----------------------------+----------------------------+---------------------------+---------------------------+
; heater        ; 2.5 V        ; 0 s                 ; 0 s                 ; 2.62 V                       ; 4.66e-08 V                   ; 2.72 V              ; -0.0215 V           ; 0.161 V                              ; 0.061 V                              ; 4.44e-10 s                  ; 4.06e-10 s                  ; No                         ; Yes                        ; 2.62 V                      ; 4.66e-08 V                  ; 2.72 V             ; -0.0215 V          ; 0.161 V                             ; 0.061 V                             ; 4.44e-10 s                 ; 4.06e-10 s                 ; No                        ; Yes                       ;
; cooler        ; 2.5 V        ; 0 s                 ; 0 s                 ; 2.62 V                       ; 4.66e-08 V                   ; 2.72 V              ; -0.0215 V           ; 0.161 V                              ; 0.061 V                              ; 4.44e-10 s                  ; 4.06e-10 s                  ; No                         ; Yes                        ; 2.62 V                      ; 4.66e-08 V                  ; 2.72 V             ; -0.0215 V          ; 0.161 V                             ; 0.061 V                             ; 4.44e-10 s                 ; 4.06e-10 s                 ; No                        ; Yes                       ;
; fan_speed[0]  ; 2.5 V        ; 0 s                 ; 0 s                 ; 2.62 V                       ; 3.16e-08 V                   ; 2.71 V              ; -0.0171 V           ; 0.273 V                              ; 0.065 V                              ; 4.95e-10 s                  ; 5.37e-10 s                  ; No                         ; Yes                        ; 2.62 V                      ; 3.16e-08 V                  ; 2.71 V             ; -0.0171 V          ; 0.273 V                             ; 0.065 V                             ; 4.95e-10 s                 ; 5.37e-10 s                 ; No                        ; Yes                       ;
; fan_speed[1]  ; 2.5 V        ; 0 s                 ; 0 s                 ; 2.62 V                       ; 4.66e-08 V                   ; 2.73 V              ; -0.0205 V           ; 0.17 V                               ; 0.027 V                              ; 2.58e-10 s                  ; 2.57e-10 s                  ; Yes                        ; Yes                        ; 2.62 V                      ; 4.66e-08 V                  ; 2.73 V             ; -0.0205 V          ; 0.17 V                              ; 0.027 V                             ; 2.58e-10 s                 ; 2.57e-10 s                 ; Yes                       ; Yes                       ;
; error_sensor  ; 2.5 V        ; 0 s                 ; 0 s                 ; 2.62 V                       ; 3.16e-08 V                   ; 2.71 V              ; -0.0171 V           ; 0.273 V                              ; 0.065 V                              ; 4.95e-10 s                  ; 5.37e-10 s                  ; No                         ; Yes                        ; 2.62 V                      ; 3.16e-08 V                  ; 2.71 V             ; -0.0171 V          ; 0.273 V                             ; 0.065 V                             ; 4.95e-10 s                 ; 5.37e-10 s                 ; No                        ; Yes                       ;
; ~ALTERA_NCEO~ ; 2.5 V        ; 0 s                 ; 0 s                 ; 2.62 V                       ; 3.06e-08 V                   ; 2.86 V              ; -0.0341 V           ; 0.364 V                              ; 0.046 V                              ; 1.17e-10 s                  ; 2.6e-10 s                   ; No                         ; Yes                        ; 2.62 V                      ; 3.06e-08 V                  ; 2.86 V             ; -0.0341 V          ; 0.364 V                             ; 0.046 V                             ; 1.17e-10 s                 ; 2.6e-10 s                  ; No                        ; Yes                       ;
; ~ALTERA_DCLK~ ; 2.5 V        ; 0 s                 ; 0 s                 ; 2.62 V                       ; 3.81e-08 V                   ; 2.72 V              ; -0.0542 V           ; 0.144 V                              ; 0.087 V                              ; 2.55e-10 s                  ; 2.14e-10 s                  ; Yes                        ; Yes                        ; 2.62 V                      ; 3.81e-08 V                  ; 2.72 V             ; -0.0542 V          ; 0.144 V                             ; 0.087 V                             ; 2.55e-10 s                 ; 2.14e-10 s                 ; Yes                       ; Yes                       ;
+---------------+--------------+---------------------+---------------------+------------------------------+------------------------------+---------------------+---------------------+--------------------------------------+--------------------------------------+-----------------------------+-----------------------------+----------------------------+----------------------------+-----------------------------+-----------------------------+--------------------+--------------------+-------------------------------------+-------------------------------------+----------------------------+----------------------------+---------------------------+---------------------------+


+-------------------------------------------------------------------+
; Setup Transfers                                                   ;
+------------+----------+----------+----------+----------+----------+
; From Clock ; To Clock ; RR Paths ; FR Paths ; RF Paths ; FF Paths ;
+------------+----------+----------+----------+----------+----------+
; clk        ; clk      ; 29       ; 0        ; 0        ; 0        ;
+------------+----------+----------+----------+----------+----------+
Entries labeled "false path" only account for clock-to-clock false paths and not path-based false paths. As a result, actual path counts may be lower than reported.


+-------------------------------------------------------------------+
; Hold Transfers                                                    ;
+------------+----------+----------+----------+----------+----------+
; From Clock ; To Clock ; RR Paths ; FR Paths ; RF Paths ; FF Paths ;
+------------+----------+----------+----------+----------+----------+
; clk        ; clk      ; 29       ; 0        ; 0        ; 0        ;
+------------+----------+----------+----------+----------+----------+
Entries labeled "false path" only account for clock-to-clock false paths and not path-based false paths. As a result, actual path counts may be lower than reported.


---------------
; Report TCCS ;
---------------
No dedicated SERDES Transmitter circuitry present in device or used in design


---------------
; Report RSKM ;
---------------
No dedicated SERDES Receiver circuitry present in device or used in design


+------------------------------------------------+
; Unconstrained Paths                            ;
+---------------------------------+-------+------+
; Property                        ; Setup ; Hold ;
+---------------------------------+-------+------+
; Illegal Clocks                  ; 0     ; 0    ;
; Unconstrained Clocks            ; 0     ; 0    ;
; Unconstrained Input Ports       ; 9     ; 9    ;
; Unconstrained Input Port Paths  ; 36    ; 36   ;
; Unconstrained Output Ports      ; 2     ; 2    ;
; Unconstrained Output Port Paths ; 6     ; 6    ;
+---------------------------------+-------+------+


+------------------------------------+
; TimeQuest Timing Analyzer Messages ;
+------------------------------------+
Info: *******************************************************************
Info: Running Quartus II 64-Bit TimeQuest Timing Analyzer
    Info: Version 13.0.1 Build 232 06/12/2013 Service Pack 1 SJ Web Edition
    Info: Processing started: Thu Aug 13 11:00:16 2026
Info: Command: quartus_sta Incubator_Control -c Incubator_Control
Info: qsta_default_script.tcl version: #1
Warning (20028): Parallel compilation is not licensed and has been disabled
Info (21076): High junction temperature operating condition is not set. Assuming a default value of '85'.
Info (21076): Low junction temperature operating condition is not set. Assuming a default value of '0'.
Info (332104): Reading SDC File: 'constraints.sdc'
Info (332143): No user constrained clock uncertainty found in the design. Calling "derive_clock_uncertainty"
Info (332123): Deriving Clock Uncertainty. Please refer to report_sdc in TimeQuest to see clock uncertainties.
Info: Found TIMEQUEST_REPORT_SCRIPT_INCLUDE_DEFAULT_ANALYSIS = ON
Info: Analyzing Slow 1200mV 85C Model
Info (332146): Worst-case setup slack is 17.255
    Info (332119):     Slack End Point TNS Clock 
    Info (332119): ========= ============= =====================
    Info (332119):    17.255         0.000 clk 
Info (332146): Worst-case hold slack is 0.356
    Info (332119):     Slack End Point TNS Clock 
    Info (332119): ========= ============= =====================
    Info (332119):     0.356         0.000 clk 
Info (332140): No Recovery paths to report
Info (332140): No Removal paths to report
Info (332146): Worst-case minimum pulse width slack is 9.708
    Info (332119):     Slack End Point TNS Clock 
    Info (332119): ========= ============= =====================
    Info (332119):     9.708         0.000 clk 
Info: Analyzing Slow 1200mV 0C Model
Info (334003): Started post-fitting delay annotation
Info (334004): Delay annotation completed successfully
Info (332123): Deriving Clock Uncertainty. Please refer to report_sdc in TimeQuest to see clock uncertainties.
Info (332146): Worst-case setup slack is 17.539
    Info (332119):     Slack End Point TNS Clock 
    Info (332119): ========= ============= =====================
    Info (332119):    17.539         0.000 clk 
Info (332146): Worst-case hold slack is 0.310
    Info (332119):     Slack End Point TNS Clock 
    Info (332119): ========= ============= =====================
    Info (332119):     0.310         0.000 clk 
Info (332140): No Recovery paths to report
Info (332140): No Removal paths to report
Info (332146): Worst-case minimum pulse width slack is 9.713
    Info (332119):     Slack End Point TNS Clock 
    Info (332119): ========= ============= =====================
    Info (332119):     9.713         0.000 clk 
Info: Analyzing Fast 1200mV 0C Model
Info (332123): Deriving Clock Uncertainty. Please refer to report_sdc in TimeQuest to see clock uncertainties.
Info (332146): Worst-case setup slack is 18.480
    Info (332119):     Slack End Point TNS Clock 
    Info (332119): ========= ============= =====================
    Info (332119):    18.480         0.000 clk 
Info (332146): Worst-case hold slack is 0.186
    Info (332119):     Slack End Point TNS Clock 
    Info (332119): ========= ============= =====================
    Info (332119):     0.186         0.000 clk 
Info (332140): No Recovery paths to report
Info (332140): No Removal paths to report
Info (332146): Worst-case minimum pulse width slack is 9.469
    Info (332119):     Slack End Point TNS Clock 
    Info (332119): ========= ============= =====================
    Info (332119):     9.469         0.000 clk 
Info (332102): Design is not fully constrained for setup requirements
Info (332102): Design is not fully constrained for hold requirements
Info: Quartus II 64-Bit TimeQuest Timing Analyzer was successful. 0 errors, 1 warning
    Info: Peak virtual memory: 4612 megabytes
    Info: Processing ended: Thu Aug 13 11:00:19 2026
    Info: Elapsed time: 00:00:03
    Info: Total CPU time (on all processors): 00:00:03


